******************************************************************************
                  TI ARM Linker PC v5.1.5                      
******************************************************************************
>> Linked Thu Jul 17 15:24:06 2014

OUTPUT FILE NAME:   <BLDC.out>
ENTRY POINT SYMBOL: "_c_int00"  address: 00001f41


MEMORY CONFIGURATION

         name            origin    length      used     unused   attr    fill
----------------------  --------  ---------  --------  --------  ----  --------
  FLASH                 00000000   00040000  000026ba  0003d946  R  X
  SRAM                  20000000   00008000  00000aa4  0000755c  RW X


SEGMENT ALLOCATION MAP

run origin  load origin   length   init length attrs members
----------  ----------- ---------- ----------- ----- -------
00000000    00000000    000026c0   000026c0    r-x
  00000000    00000000    0000026c   0000026c    r-- .intvecs
  0000026c    0000026c    000020a6   000020a6    r-x .text
  00002314    00002314    00000358   00000358    r-- .const
  00002670    00002670    00000050   00000050    r-- .cinit
20000000    20000000    00000aa8   00000000    rw-
  20000000    20000000    0000026c   00000000    rw- .vtable
  2000026c    2000026c    00000800   00000000    rw- .stack
  20000a6c    20000a6c    00000020   00000000    rw- .data
  20000a8c    20000a8c    00000010   00000000    rw- .bss
  20000aa0    20000aa0    00000008   00000000    rw- .sysmem


SECTION ALLOCATION MAP

 output                                  attributes/
section   page    origin      length       input sections
--------  ----  ----------  ----------   ----------------
.intvecs   0    00000000    0000026c     
                  00000000    0000026c     tm4c123ah6pm_startup_ccs.obj (.intvecs)

.init_array 
*          0    00000000    00000000     UNINITIALIZED

.text      0    0000026c    000020a6     
                  0000026c    000003ea     main.obj (.text)
                  00000656    000003e8     CommutationController.obj (.text)
                  00000a3e    000003e2     Commutator.obj (.text)
                  00000e20    0000034e     ADC.obj (.text)
                  0000116e    00000330     PWM.obj (.text)
                  0000149e    00000002     rtsv7M4_T_le_v4SPD16_eabi.lib : _lock.obj (.text)
                  000014a0    000002ac                                   : memory.obj (.text)
                  0000174c    0000015a     motor.obj (.text)
                  000018a6    00000130     driverlib.lib : gpio.obj (.text:GPIOPadConfigSet)
                  000019d6    00000002     --HOLE-- [fill = 0]
                  000019d8    000000f0                   : sysctl.obj (.text:SysCtlClockSet)
                  00001ac8    0000009c     rtsv7M4_T_le_v4SPD16_eabi.lib : memcpy_t2.obj (.text)
                  00001b64    00000094                                   : auto_init.obj (.text)
                  00001bf8    0000007a     driverlib.lib : adc.obj (.text:ADCSequenceStepConfigure)
                  00001c72    0000006e     rtsv7M4_T_le_v4SPD16_eabi.lib : typeinfo_.obj (.text)
                  00001ce0    00000068     driverlib.lib : interrupt.obj (.text:IntEnable)
                  00001d48    00000060                   : timer.obj (.text:TimerConfigure)
                  00001da8    0000005e     rtsv7M4_T_le_v4SPD16_eabi.lib : copy_decompress_rle.obj (.text)
                  00001e06    00000054     driverlib.lib : adc.obj (.text:ADCSequenceConfigure)
                  00001e5a    00000002     --HOLE-- [fill = 0]
                  00001e5c    00000050                   : adc.obj (.text:_ADCIntNumberGet)
                  00001eac    0000004c                   : timer.obj (.text:_TimerIntNumberGet)
                  00001ef8    00000048                   : gpio.obj (.text:GPIOPinConfigure)
                  00001f40    00000048     rtsv7M4_T_le_v4SPD16_eabi.lib : boot.obj (.text)
                  00001f88    00000044                                   : cpy_tbl.obj (.text)
                  00001fcc    00000044                                   : exit.obj (.text)
                  00002010    00000034     driverlib.lib : interrupt.obj (.text:IntRegister)
                  00002044    00000034                   : sysctl.obj (.text:SysCtlPeripheralEnable)
                  00002078    0000002a                   : gpio.obj (.text:GPIODirModeSet)
                  000020a2    00000022                   : pwm.obj (.text:PWMGenConfigure)
                  000020c4    00000020     LED.obj (.text)
                  000020e4    0000001e     driverlib.lib : adc.obj (.text:ADCSequenceDataGet)
                  00002102    0000001e                   : pwm.obj (.text:PWMPulseWidthSet)
                  00002120    0000001c     ADC.obj (.text:retain)
                  0000213c    0000001c     CommutationController.obj (.text:retain)
                  00002158    00000018     driverlib.lib : adc.obj (.text:ADCIntRegister)
                  00002170    00000018                   : gpio.obj (.text:GPIOPinTypeGPIOOutput)
                  00002188    00000018                   : timer.obj (.text:TimerIntRegister)
                  000021a0    00000018     rtsv7M4_T_le_v4SPD16_eabi.lib : args_main.obj (.text)
                  000021b8    00000014     driverlib.lib : sysctl.obj (.text:SysCtlPWMClockSet)
                  000021cc    00000012                   : gpio.obj (.text:GPIOPinTypeADC)
                  000021de    00000012                   : gpio.obj (.text:GPIOPinTypePWM)
                  000021f0    00000012                   : pwm.obj (.text:PWMOutputInvert)
                  00002202    00000012                   : pwm.obj (.text:PWMOutputState)
                  00002214    00000012                   : timer.obj (.text:TimerLoadSet)
                  00002226    00000012     rtsv7M4_T_le_v4SPD16_eabi.lib : copy_zero_init.obj (.text:decompress:ZI)
                  00002238    00000010     driverlib.lib : adc.obj (.text:ADCIntEnable)
                  00002248    00000010                   : pwm.obj (.text:PWMGenPeriodSet)
                  00002258    0000000e                   : adc.obj (.text:ADCIntDisable)
                  00002266    0000000e                   : adc.obj (.text:ADCSequenceEnable)
                  00002274    0000000e                   : timer.obj (.text:TimerEnable)
                  00002282    0000000e     rtsv7M4_T_le_v4SPD16_eabi.lib : copy_decompress_none.obj (.text:decompress:none)
                  00002290    0000000c     driverlib.lib : pwm.obj (.text:PWMGenEnable)
                  0000229c    0000000c     tm4c123ah6pm_startup_ccs.obj (.text)
                  000022a8    0000000a     driverlib.lib : adc.obj (.text:ADCIntClear)
                  000022b2    0000000a                   : pwm.obj (.text:PWMGenIntTrigEnable)
                  000022bc    0000000a                   : timer.obj (.text:TimerIntDisable)
                  000022c6    0000000a                   : timer.obj (.text:TimerLoadGet)
                  000022d0    0000000a                   : timer.obj (.text:TimerValueGet)
                  000022da    0000000a     ZCDetector.obj (.text)
                  000022e4    00000008     driverlib.lib : timer.obj (.text:TimerIntEnable)
                  000022ec    00000008     rtsv7M4_T_le_v4SPD16_eabi.lib : delete.obj (.text)
                  000022f4    00000006     driverlib.lib : gpio.obj (.text:GPIOPinWrite)
                  000022fa    00000006                   : sysctl.obj (.text:SysCtlDelay)
                  00002300    00000006     rtsv7M4_T_le_v4SPD16_eabi.lib : copy_decompress_rle.obj (.text:decompress:rle24)
                  00002306    00000004     driverlib.lib : pwm.obj (.text:PWMSyncTimeBase)
                  0000230a    00000004                   : pwm.obj (.text:PWMSyncUpdate)
                  0000230e    00000004                   : timer.obj (.text:TimerIntClear)

.const     0    00002314    00000358     
                  00002314    00000090     driverlib.lib : gpio.obj (.const:g_pui32GPIOBaseAddrs)
                  000023a4    00000070                   : interrupt.obj (.const)
                  00002414    00000060                   : timer.obj (.const:g_ppui32TimerIntMap)
                  00002474    00000040                   : timer.obj (.const:g_ppui32TimerIntMapSnowflake)
                  000024b4    00000025     rtsv7M4_T_le_v4SPD16_eabi.lib : typeinfo_.obj (.const:.typeinfo:_ZTSN10__cxxabiv120__si_class_type_infoE)
                  000024d9    00000022                                   : typeinfo_.obj (.const:.typeinfo:_ZTSN10__cxxabiv117__class_type_infoE)
                  000024fb    0000001d     CommutationController.obj (.const:.typeinfo:_ZTS26CommutationControllerClass)
                  00002518    00000012     Commutator.obj (.const:.typeinfo:_ZTS15CommutatorClass)
                  0000252a    00000012     ZCDetector.obj (.const:.typeinfo:_ZTS15ZCDetectorClass)
                  0000253c    00000010     motor.obj (.const:_ZTV10motorClass)
                  0000254c    00000010     Commutator.obj (.const:_ZTV15CommutatorClass)
                  0000255c    00000010     ZCDetector.obj (.const:_ZTV15ZCDetectorClass)
                  0000256c    00000010     CommutationController.obj (.const:_ZTV26CommutationControllerClass)
                  0000257c    00000010     ADC.obj (.const:_ZTV8ADCClass)
                  0000258c    00000010     LED.obj (.const:_ZTV8LEDClass)
                  0000259c    00000010     PWM.obj (.const:_ZTV8PWMClass)
                  000025ac    00000010     rtsv7M4_T_le_v4SPD16_eabi.lib : typeinfo_.obj (.const:_ZTVN10__cxxabiv117__class_type_infoE)
                  000025bc    00000010                                   : typeinfo_.obj (.const:_ZTVN10__cxxabiv120__si_class_type_infoE)
                  000025cc    0000000d     motor.obj (.const:.typeinfo:_ZTS10motorClass)
                  000025d9    0000000d     rtsv7M4_T_le_v4SPD16_eabi.lib : typeinfo_.obj (.const:.typeinfo:_ZTSSt9type_info)
                  000025e6    00000002     --HOLE-- [fill = 0]
                  000025e8    0000000c     Commutator.obj (.const:.typeinfo:_ZTI15CommutatorClass)
                  000025f4    0000000c     CommutationController.obj (.const:.typeinfo:_ZTI26CommutationControllerClass)
                  00002600    0000000c     ADC.obj (.const:.typeinfo:_ZTI8ADCClass)
                  0000260c    0000000c     rtsv7M4_T_le_v4SPD16_eabi.lib : typeinfo_.obj (.const:.typeinfo:_ZTIN10__cxxabiv117__class_type_infoE)
                  00002618    0000000c                                   : typeinfo_.obj (.const:.typeinfo:_ZTIN10__cxxabiv120__si_class_type_infoE)
                  00002624    0000000a     ADC.obj (.const:.typeinfo:_ZTS8ADCClass)
                  0000262e    0000000a     LED.obj (.const:.typeinfo:_ZTS8LEDClass)
                  00002638    0000000a     PWM.obj (.const:.typeinfo:_ZTS8PWMClass)
                  00002642    00000002     --HOLE-- [fill = 0]
                  00002644    00000008     motor.obj (.const:.typeinfo:_ZTI10motorClass)
                  0000264c    00000008     ZCDetector.obj (.const:.typeinfo:_ZTI15ZCDetectorClass)
                  00002654    00000008     LED.obj (.const:.typeinfo:_ZTI8LEDClass)
                  0000265c    00000008     PWM.obj (.const:.typeinfo:_ZTI8PWMClass)
                  00002664    00000008     rtsv7M4_T_le_v4SPD16_eabi.lib : typeinfo_.obj (.const:.typeinfo:_ZTISt9type_info)

.cinit     0    00002670    00000050     
                  00002670    0000001b     (.cinit..data.load) [load image, compression = rle]
                  0000268b    00000001     --HOLE-- [fill = 0]
                  0000268c    0000000c     (__TI_handler_table)
                  00002698    00000008     (.cinit..bss.load) [load image, compression = zero_init]
                  000026a0    00000008     (.cinit..vtable.load) [load image, compression = zero_init]
                  000026a8    00000018     (__TI_cinit_table)

.vtable    0    20000000    0000026c     UNINITIALIZED
                  20000000    0000026c     driverlib.lib : interrupt.obj (.vtable)

.stack     0    2000026c    00000800     UNINITIALIZED
                  2000026c    00000800     --HOLE--

.data      0    20000a6c    00000020     UNINITIALIZED
                  20000a6c    0000000c     rtsv7M4_T_le_v4SPD16_eabi.lib : memory.obj (.data)
                  20000a78    00000008                                   : _lock.obj (.data)
                  20000a80    00000008                                   : exit.obj (.data)
                  20000a88    00000004                                   : stkdepth_vars.obj (.data)

.bss       0    20000a8c    00000010     UNINITIALIZED
                  20000a8c    00000008     ADC.obj (.bss)
                  20000a94    00000008     CommutationController.obj (.bss)

.sysmem    0    20000aa0    00000008     UNINITIALIZED
                  20000aa0    00000008     rtsv7M4_T_le_v4SPD16_eabi.lib : memory.obj (.sysmem)


LINKER GENERATED COPY TABLES

__TI_cinit_table @ 000026a8 records: 3, size/record: 8, table size: 24
	.data: load addr=00002670, load size=0000001b bytes, run addr=20000a6c, run size=00000020 bytes, compression=rle
	.bss: load addr=00002698, load size=00000008 bytes, run addr=20000a8c, run size=00000010 bytes, compression=zero_init
	.vtable: load addr=000026a0, load size=00000008 bytes, run addr=20000000, run size=0000026c bytes, compression=zero_init


LINKER GENERATED HANDLER TABLE

__TI_handler_table @ 0000268c records: 3, size/record: 4, table size: 12
	index: 0, handler: __TI_zero_init
	index: 1, handler: __TI_decompress_rle24
	index: 2, handler: __TI_decompress_none


GLOBAL SYMBOLS: SORTED ALPHABETICALLY BY Name 

address    name
--------   ----
20000a8c   ADC0
20000a90   ADC1
000022a9   ADCIntClear
00002259   ADCIntDisable
00002239   ADCIntEnable
00002159   ADCIntRegister
00001e07   ADCSequenceConfigure
000020e5   ADCSequenceDataGet
00002267   ADCSequenceEnable
00001bf9   ADCSequenceStepConfigure
00001fcd   C$$EXIT
20000a94   CommTimer0
20000a98   CommTimer1
00002079   GPIODirModeSet
000018a7   GPIOPadConfigSet
00001ef9   GPIOPinConfigure
000021cd   GPIOPinTypeADC
00002171   GPIOPinTypeGPIOOutput
000021df   GPIOPinTypePWM
000022f5   GPIOPinWrite
00001ce1   IntEnable
00002011   IntRegister
000020a3   PWMGenConfigure
00002291   PWMGenEnable
000022b3   PWMGenIntTrigEnable
00002249   PWMGenPeriodSet
000021f1   PWMOutputInvert
00002203   PWMOutputState
00002103   PWMPulseWidthSet
00002307   PWMSyncTimeBase
0000230b   PWMSyncUpdate
0000229d   ResetISR
UNDEFED    SHT$$INIT_ARRAY$$Base
UNDEFED    SHT$$INIT_ARRAY$$Limit
000019d9   SysCtlClockSet
000022fb   SysCtlDelay
000021b9   SysCtlPWMClockSet
00002045   SysCtlPeripheralEnable
00001d49   TimerConfigure
00002275   TimerEnable
0000230f   TimerIntClear
000022bd   TimerIntDisable
000022e5   TimerIntEnable
00002189   TimerIntRegister
000022c7   TimerLoadGet
00002215   TimerLoadSet
000022d1   TimerValueGet
00001c93   _ZN10__cxxabiv116__enum_type_infoD0Ev
00001c9b   _ZN10__cxxabiv116__enum_type_infoD1Ev
00001ca7   _ZN10__cxxabiv117__array_type_infoD0Ev
00001caf   _ZN10__cxxabiv117__array_type_infoD1Ev
00001ccf   _ZN10__cxxabiv117__class_type_infoD0Ev
00001cd7   _ZN10__cxxabiv117__class_type_infoD1Ev
00001c7f   _ZN10__cxxabiv117__pbase_type_infoD0Ev
00001c87   _ZN10__cxxabiv117__pbase_type_infoD1Ev
00001cb1   _ZN10__cxxabiv119__pointer_type_infoD0Ev
00001cb9   _ZN10__cxxabiv119__pointer_type_infoD1Ev
00001c9d   _ZN10__cxxabiv120__function_type_infoD0Ev
00001ca5   _ZN10__cxxabiv120__function_type_infoD1Ev
00001cc5   _ZN10__cxxabiv120__si_class_type_infoD0Ev
00001ccd   _ZN10__cxxabiv120__si_class_type_infoD1Ev
00001c89   _ZN10__cxxabiv121__vmi_class_type_infoD0Ev
00001c91   _ZN10__cxxabiv121__vmi_class_type_infoD1Ev
00001cbb   _ZN10__cxxabiv123__fundamental_type_infoD0Ev
00001cc3   _ZN10__cxxabiv123__fundamental_type_infoD1Ev
00001c75   _ZN10__cxxabiv129__pointer_to_member_type_infoD0Ev
00001c7d   _ZN10__cxxabiv129__pointer_to_member_type_infoD1Ev
0000174d   _ZN10motorClassC1Ev
0000189f   _ZN10motorClassD0Ev
0000189d   _ZN10motorClassD1Ev
00000a49   _ZN15CommutatorClass9commutateEv
00000a3f   _ZN15CommutatorClassD0Ev
00000a47   _ZN15CommutatorClassD1Ev
000022db   _ZN15ZCDetectorClassD0Ev
000022e3   _ZN15ZCDetectorClassD1Ev
0000214b   _ZN26CommutationControllerClass10ISR0StaticEv
0000213d   _ZN26CommutationControllerClass10ISR1StaticEv
000007a7   _ZN26CommutationControllerClass3ISREv
000006fd   _ZN26CommutationControllerClass4initEjP8ADCClassP10motorClass
00000657   _ZN26CommutationControllerClassC1Ev
0000079d   _ZN26CommutationControllerClassD0Ev
000007a5   _ZN26CommutationControllerClassD1Ev
0000212f   _ZN8ADCClass10ISR0StaticEv
00002121   _ZN8ADCClass10ISR1StaticEv
0000100b   _ZN8ADCClass3ISREv
00000e7d   _ZN8ADCClass4initEjP26CommutationControllerClassP10motorClass
00000e21   _ZN8ADCClassC1Ev
00001001   _ZN8ADCClassD0Ev
00001009   _ZN8ADCClassD1Ev
000020c5   _ZN8LEDClassC1Ev
000020db   _ZN8LEDClassD0Ev
000020e3   _ZN8LEDClassD1Ev
0000116f   _ZN8PWMClass4initEj
00001495   _ZN8PWMClassD0Ev
0000149d   _ZN8PWMClassD1Ev
00001cd9   _ZNSt9type_infoD0Ev
00001c73   _ZNSt9type_infoD1Ev
00002644   _ZTI10motorClass
000025e8   _ZTI15CommutatorClass
0000264c   _ZTI15ZCDetectorClass
000025f4   _ZTI26CommutationControllerClass
00002600   _ZTI8ADCClass
00002654   _ZTI8LEDClass
0000265c   _ZTI8PWMClass
0000260c   _ZTIN10__cxxabiv117__class_type_infoE
00002618   _ZTIN10__cxxabiv120__si_class_type_infoE
00002664   _ZTISt9type_info
000025cc   _ZTS10motorClass
00002518   _ZTS15CommutatorClass
0000252a   _ZTS15ZCDetectorClass
000024fb   _ZTS26CommutationControllerClass
00002624   _ZTS8ADCClass
0000262e   _ZTS8LEDClass
00002638   _ZTS8PWMClass
000024d9   _ZTSN10__cxxabiv117__class_type_infoE
000024b4   _ZTSN10__cxxabiv120__si_class_type_infoE
000025d9   _ZTSSt9type_info
0000253c   _ZTV10motorClass
0000254c   _ZTV15CommutatorClass
0000255c   _ZTV15ZCDetectorClass
0000256c   _ZTV26CommutationControllerClass
0000257c   _ZTV8ADCClass
0000258c   _ZTV8LEDClass
0000259c   _ZTV8PWMClass
000025ac   _ZTVN10__cxxabiv117__class_type_infoE
000025bc   _ZTVN10__cxxabiv120__si_class_type_infoE
000022ed   _ZdlPv
20000a6c   __STACK_END
00000800   __STACK_SIZE
2000046c   __STACK_TOP
00000008   __SYSMEM_SIZE
000026a8   __TI_CINIT_Base
000026c0   __TI_CINIT_Limit
0000268c   __TI_Handler_Table_Base
00002698   __TI_Handler_Table_Limit
00000001   __TI_args_main
00001b65   __TI_auto_init
20000a80   __TI_cleanup_ptr
00002283   __TI_decompress_none
00002301   __TI_decompress_rle24
20000a84   __TI_dtors_ptr
00000000   __TI_static_base__
00002227   __TI_zero_init
00001ac9   __aeabi_memcpy
00001ac9   __aeabi_memcpy4
00001ac9   __aeabi_memcpy8
ffffffff   __binit__
ffffffff   __c_args__
2000026c   __stack
000021a1   _args_main
00001f41   _c_int00
20000a78   _lock
0000149f   _nop
20000aa0   _sys_memory
20000a7c   _unlock
00001fd1   abort
ffffffff   binit
00001f89   copy_in
00001fd9   exit
0000152b   free
20000000   g_pfnRAMVectors
00000000   g_pfnVectors
0000026d   main
20000a88   main_func_sp
00001ac9   memcpy
000014a1   minit


GLOBAL SYMBOLS: SORTED BY Symbol Address 

address    name
--------   ----
00000000   __TI_static_base__
00000000   g_pfnVectors
00000001   __TI_args_main
00000008   __SYSMEM_SIZE
0000026d   main
00000657   _ZN26CommutationControllerClassC1Ev
000006fd   _ZN26CommutationControllerClass4initEjP8ADCClassP10motorClass
0000079d   _ZN26CommutationControllerClassD0Ev
000007a5   _ZN26CommutationControllerClassD1Ev
000007a7   _ZN26CommutationControllerClass3ISREv
00000800   __STACK_SIZE
00000a3f   _ZN15CommutatorClassD0Ev
00000a47   _ZN15CommutatorClassD1Ev
00000a49   _ZN15CommutatorClass9commutateEv
00000e21   _ZN8ADCClassC1Ev
00000e7d   _ZN8ADCClass4initEjP26CommutationControllerClassP10motorClass
00001001   _ZN8ADCClassD0Ev
00001009   _ZN8ADCClassD1Ev
0000100b   _ZN8ADCClass3ISREv
0000116f   _ZN8PWMClass4initEj
00001495   _ZN8PWMClassD0Ev
0000149d   _ZN8PWMClassD1Ev
0000149f   _nop
000014a1   minit
0000152b   free
0000174d   _ZN10motorClassC1Ev
0000189d   _ZN10motorClassD1Ev
0000189f   _ZN10motorClassD0Ev
000018a7   GPIOPadConfigSet
000019d9   SysCtlClockSet
00001ac9   __aeabi_memcpy
00001ac9   __aeabi_memcpy4
00001ac9   __aeabi_memcpy8
00001ac9   memcpy
00001b65   __TI_auto_init
00001bf9   ADCSequenceStepConfigure
00001c73   _ZNSt9type_infoD1Ev
00001c75   _ZN10__cxxabiv129__pointer_to_member_type_infoD0Ev
00001c7d   _ZN10__cxxabiv129__pointer_to_member_type_infoD1Ev
00001c7f   _ZN10__cxxabiv117__pbase_type_infoD0Ev
00001c87   _ZN10__cxxabiv117__pbase_type_infoD1Ev
00001c89   _ZN10__cxxabiv121__vmi_class_type_infoD0Ev
00001c91   _ZN10__cxxabiv121__vmi_class_type_infoD1Ev
00001c93   _ZN10__cxxabiv116__enum_type_infoD0Ev
00001c9b   _ZN10__cxxabiv116__enum_type_infoD1Ev
00001c9d   _ZN10__cxxabiv120__function_type_infoD0Ev
00001ca5   _ZN10__cxxabiv120__function_type_infoD1Ev
00001ca7   _ZN10__cxxabiv117__array_type_infoD0Ev
00001caf   _ZN10__cxxabiv117__array_type_infoD1Ev
00001cb1   _ZN10__cxxabiv119__pointer_type_infoD0Ev
00001cb9   _ZN10__cxxabiv119__pointer_type_infoD1Ev
00001cbb   _ZN10__cxxabiv123__fundamental_type_infoD0Ev
00001cc3   _ZN10__cxxabiv123__fundamental_type_infoD1Ev
00001cc5   _ZN10__cxxabiv120__si_class_type_infoD0Ev
00001ccd   _ZN10__cxxabiv120__si_class_type_infoD1Ev
00001ccf   _ZN10__cxxabiv117__class_type_infoD0Ev
00001cd7   _ZN10__cxxabiv117__class_type_infoD1Ev
00001cd9   _ZNSt9type_infoD0Ev
00001ce1   IntEnable
00001d49   TimerConfigure
00001e07   ADCSequenceConfigure
00001ef9   GPIOPinConfigure
00001f41   _c_int00
00001f89   copy_in
00001fcd   C$$EXIT
00001fd1   abort
00001fd9   exit
00002011   IntRegister
00002045   SysCtlPeripheralEnable
00002079   GPIODirModeSet
000020a3   PWMGenConfigure
000020c5   _ZN8LEDClassC1Ev
000020db   _ZN8LEDClassD0Ev
000020e3   _ZN8LEDClassD1Ev
000020e5   ADCSequenceDataGet
00002103   PWMPulseWidthSet
00002121   _ZN8ADCClass10ISR1StaticEv
0000212f   _ZN8ADCClass10ISR0StaticEv
0000213d   _ZN26CommutationControllerClass10ISR1StaticEv
0000214b   _ZN26CommutationControllerClass10ISR0StaticEv
00002159   ADCIntRegister
00002171   GPIOPinTypeGPIOOutput
00002189   TimerIntRegister
000021a1   _args_main
000021b9   SysCtlPWMClockSet
000021cd   GPIOPinTypeADC
000021df   GPIOPinTypePWM
000021f1   PWMOutputInvert
00002203   PWMOutputState
00002215   TimerLoadSet
00002227   __TI_zero_init
00002239   ADCIntEnable
00002249   PWMGenPeriodSet
00002259   ADCIntDisable
00002267   ADCSequenceEnable
00002275   TimerEnable
00002283   __TI_decompress_none
00002291   PWMGenEnable
0000229d   ResetISR
000022a9   ADCIntClear
000022b3   PWMGenIntTrigEnable
000022bd   TimerIntDisable
000022c7   TimerLoadGet
000022d1   TimerValueGet
000022db   _ZN15ZCDetectorClassD0Ev
000022e3   _ZN15ZCDetectorClassD1Ev
000022e5   TimerIntEnable
000022ed   _ZdlPv
000022f5   GPIOPinWrite
000022fb   SysCtlDelay
00002301   __TI_decompress_rle24
00002307   PWMSyncTimeBase
0000230b   PWMSyncUpdate
0000230f   TimerIntClear
000024b4   _ZTSN10__cxxabiv120__si_class_type_infoE
000024d9   _ZTSN10__cxxabiv117__class_type_infoE
000024fb   _ZTS26CommutationControllerClass
00002518   _ZTS15CommutatorClass
0000252a   _ZTS15ZCDetectorClass
0000253c   _ZTV10motorClass
0000254c   _ZTV15CommutatorClass
0000255c   _ZTV15ZCDetectorClass
0000256c   _ZTV26CommutationControllerClass
0000257c   _ZTV8ADCClass
0000258c   _ZTV8LEDClass
0000259c   _ZTV8PWMClass
000025ac   _ZTVN10__cxxabiv117__class_type_infoE
000025bc   _ZTVN10__cxxabiv120__si_class_type_infoE
000025cc   _ZTS10motorClass
000025d9   _ZTSSt9type_info
000025e8   _ZTI15CommutatorClass
000025f4   _ZTI26CommutationControllerClass
00002600   _ZTI8ADCClass
0000260c   _ZTIN10__cxxabiv117__class_type_infoE
00002618   _ZTIN10__cxxabiv120__si_class_type_infoE
00002624   _ZTS8ADCClass
0000262e   _ZTS8LEDClass
00002638   _ZTS8PWMClass
00002644   _ZTI10motorClass
0000264c   _ZTI15ZCDetectorClass
00002654   _ZTI8LEDClass
0000265c   _ZTI8PWMClass
00002664   _ZTISt9type_info
0000268c   __TI_Handler_Table_Base
00002698   __TI_Handler_Table_Limit
000026a8   __TI_CINIT_Base
000026c0   __TI_CINIT_Limit
20000000   g_pfnRAMVectors
2000026c   __stack
2000046c   __STACK_TOP
20000a6c   __STACK_END
20000a78   _lock
20000a7c   _unlock
20000a80   __TI_cleanup_ptr
20000a84   __TI_dtors_ptr
20000a88   main_func_sp
20000a8c   ADC0
20000a90   ADC1
20000a94   CommTimer0
20000a98   CommTimer1
20000aa0   _sys_memory
ffffffff   __binit__
ffffffff   __c_args__
ffffffff   binit
UNDEFED    SHT$$INIT_ARRAY$$Base
UNDEFED    SHT$$INIT_ARRAY$$Limit

[166 symbols]
