******************************************************************************
                  TI ARM Linker PC v5.1.5                      
******************************************************************************
>> Linked Thu Jul 17 15:23:33 2014

OUTPUT FILE NAME:   <BLDC.out>
ENTRY POINT SYMBOL: "_c_int00"  address: 00001779


MEMORY CONFIGURATION

         name            origin    length      used     unused   attr    fill
----------------------  --------  ---------  --------  --------  ----  --------
  FLASH                 00000000   00040000  00001ec0  0003e140  R  X
  SRAM                  20000000   00008000  00000aa4  0000755c  RW X


SEGMENT ALLOCATION MAP

run origin  load origin   length   init length attrs members
----------  ----------- ---------- ----------- ----- -------
00000000    00000000    00001ec0   00001ec0    r-x
  00000000    00000000    0000026c   0000026c    r-- .intvecs
  0000026c    0000026c    000018ac   000018ac    r-x .text
  00001b18    00001b18    00000358   00000358    r-- .const
  00001e70    00001e70    00000050   00000050    r-- .cinit
20000000    20000000    00000aa8   00000000    rw-
  20000000    20000000    0000026c   00000000    rw- .vtable
  2000026c    2000026c    00000800   00000000    rw- .stack
  20000a6c    20000a6c    00000020   00000000    rw- .data
  20000a8c    20000a8c    00000010   00000000    rw- .bss
  20000aa0    20000aa0    00000008   00000000    rw- .sysmem


SECTION ALLOCATION MAP

 output                                  attributes/
section   page    origin      length       input sections
--------  ----  ----------  ----------   ----------------
.intvecs   0    00000000    0000026c     
                  00000000    0000026c     tm4c123ah6pm_startup_ccs.obj (.intvecs)

.init_array 
*          0    00000000    00000000     UNINITIALIZED

.text      0    0000026c    000018ac     
                  0000026c    000004a0     PWM.obj (.text)
                  0000070c    0000027c     CommutationController.obj (.text)
                  00000988    00000270     ADC.obj (.text)
                  00000bf8    000001a8     Commutator.obj (.text)
                  00000da0    00000158     rtsv7M4_T_le_v4SPD16_eabi.lib : memory.obj (.text)
                  00000ef8    00000130     driverlib.lib : gpio.obj (.text:GPIOPadConfigSet)
                  00001028    000000f0                   : sysctl.obj (.text:SysCtlClockSet)
                  00001118    0000009c     rtsv7M4_T_le_v4SPD16_eabi.lib : memcpy_t2.obj (.text)
                  000011b4    00000094                                   : auto_init.obj (.text)
                  00001248    00000090     motor.obj (.text)
                  000012d8    0000008c     LED.obj (.text)
                  00001364    0000007a     driverlib.lib : adc.obj (.text:ADCSequenceStepConfigure)
                  000013de    00000002     rtsv7M4_T_le_v4SPD16_eabi.lib : _lock.obj (.text)
                  000013e0    00000070     main.obj (.text)
                  00001450    0000006e     rtsv7M4_T_le_v4SPD16_eabi.lib : typeinfo_.obj (.text)
                  000014be    00000002     --HOLE-- [fill = 0]
                  000014c0    00000068     driverlib.lib : interrupt.obj (.text:IntEnable)
                  00001528    00000060                   : timer.obj (.text:TimerConfigure)
                  00001588    0000005e     rtsv7M4_T_le_v4SPD16_eabi.lib : copy_decompress_rle.obj (.text)
                  000015e6    00000002     --HOLE-- [fill = 0]
                  000015e8    00000058     ZCDetector.obj (.text)
                  00001640    00000054     driverlib.lib : adc.obj (.text:ADCSequenceConfigure)
                  00001694    00000050                   : adc.obj (.text:_ADCIntNumberGet)
                  000016e4    0000004c                   : timer.obj (.text:_TimerIntNumberGet)
                  00001730    00000048                   : gpio.obj (.text:GPIOPinConfigure)
                  00001778    00000048     rtsv7M4_T_le_v4SPD16_eabi.lib : boot.obj (.text)
                  000017c0    00000044                                   : cpy_tbl.obj (.text)
                  00001804    00000044                                   : exit.obj (.text)
                  00001848    00000034     driverlib.lib : interrupt.obj (.text:IntRegister)
                  0000187c    00000034                   : sysctl.obj (.text:SysCtlPeripheralEnable)
                  000018b0    0000002a                   : gpio.obj (.text:GPIODirModeSet)
                  000018da    00000022                   : pwm.obj (.text:PWMGenConfigure)
                  000018fc    0000001e                   : adc.obj (.text:ADCSequenceDataGet)
                  0000191a    0000001e                   : pwm.obj (.text:PWMPulseWidthSet)
                  00001938    00000018                   : adc.obj (.text:ADCIntRegister)
                  00001950    00000018                   : gpio.obj (.text:GPIOPinTypeGPIOOutput)
                  00001968    00000018                   : timer.obj (.text:TimerIntRegister)
                  00001980    00000018     ADC.obj (.text:retain)
                  00001998    00000018     CommutationController.obj (.text:retain)
                  000019b0    00000018     rtsv7M4_T_le_v4SPD16_eabi.lib : args_main.obj (.text)
                  000019c8    00000014     driverlib.lib : sysctl.obj (.text:SysCtlPWMClockSet)
                  000019dc    00000012                   : gpio.obj (.text:GPIOPinTypeADC)
                  000019ee    00000012                   : gpio.obj (.text:GPIOPinTypePWM)
                  00001a00    00000012                   : pwm.obj (.text:PWMOutputInvert)
                  00001a12    00000012                   : pwm.obj (.text:PWMOutputState)
                  00001a24    00000012                   : timer.obj (.text:TimerLoadSet)
                  00001a36    00000012     rtsv7M4_T_le_v4SPD16_eabi.lib : copy_zero_init.obj (.text:decompress:ZI)
                  00001a48    00000010     driverlib.lib : adc.obj (.text:ADCIntEnable)
                  00001a58    00000010                   : pwm.obj (.text:PWMGenPeriodSet)
                  00001a68    0000000e                   : adc.obj (.text:ADCIntDisable)
                  00001a76    0000000e                   : adc.obj (.text:ADCSequenceEnable)
                  00001a84    0000000e                   : timer.obj (.text:TimerEnable)
                  00001a92    0000000e     rtsv7M4_T_le_v4SPD16_eabi.lib : copy_decompress_none.obj (.text:decompress:none)
                  00001aa0    0000000c     driverlib.lib : pwm.obj (.text:PWMGenEnable)
                  00001aac    0000000c     tm4c123ah6pm_startup_ccs.obj (.text)
                  00001ab8    0000000a     driverlib.lib : adc.obj (.text:ADCIntClear)
                  00001ac2    0000000a                   : pwm.obj (.text:PWMGenIntTrigEnable)
                  00001acc    0000000a                   : timer.obj (.text:TimerIntDisable)
                  00001ad6    0000000a                   : timer.obj (.text:TimerLoadGet)
                  00001ae0    0000000a                   : timer.obj (.text:TimerValueGet)
                  00001aea    00000008                   : timer.obj (.text:TimerIntEnable)
                  00001af2    00000008     rtsv7M4_T_le_v4SPD16_eabi.lib : delete.obj (.text)
                  00001afa    00000006     driverlib.lib : gpio.obj (.text:GPIOPinWrite)
                  00001b00    00000006                   : sysctl.obj (.text:SysCtlDelay)
                  00001b06    00000006     rtsv7M4_T_le_v4SPD16_eabi.lib : copy_decompress_rle.obj (.text:decompress:rle24)
                  00001b0c    00000004     driverlib.lib : pwm.obj (.text:PWMSyncTimeBase)
                  00001b10    00000004                   : pwm.obj (.text:PWMSyncUpdate)
                  00001b14    00000004                   : timer.obj (.text:TimerIntClear)

.const     0    00001b18    00000358     
                  00001b18    00000090     driverlib.lib : gpio.obj (.const:g_pui32GPIOBaseAddrs)
                  00001ba8    00000070                   : interrupt.obj (.const)
                  00001c18    00000060                   : timer.obj (.const:g_ppui32TimerIntMap)
                  00001c78    00000040                   : timer.obj (.const:g_ppui32TimerIntMapSnowflake)
                  00001cb8    00000025     rtsv7M4_T_le_v4SPD16_eabi.lib : typeinfo_.obj (.const:.typeinfo:_ZTSN10__cxxabiv120__si_class_type_infoE)
                  00001cdd    00000022                                   : typeinfo_.obj (.const:.typeinfo:_ZTSN10__cxxabiv117__class_type_infoE)
                  00001cff    0000001d     CommutationController.obj (.const:.typeinfo:_ZTS26CommutationControllerClass)
                  00001d1c    00000012     Commutator.obj (.const:.typeinfo:_ZTS15CommutatorClass)
                  00001d2e    00000012     ZCDetector.obj (.const:.typeinfo:_ZTS15ZCDetectorClass)
                  00001d40    00000010     motor.obj (.const:_ZTV10motorClass)
                  00001d50    00000010     Commutator.obj (.const:_ZTV15CommutatorClass)
                  00001d60    00000010     ZCDetector.obj (.const:_ZTV15ZCDetectorClass)
                  00001d70    00000010     CommutationController.obj (.const:_ZTV26CommutationControllerClass)
                  00001d80    00000010     ADC.obj (.const:_ZTV8ADCClass)
                  00001d90    00000010     LED.obj (.const:_ZTV8LEDClass)
                  00001da0    00000010     PWM.obj (.const:_ZTV8PWMClass)
                  00001db0    00000010     rtsv7M4_T_le_v4SPD16_eabi.lib : typeinfo_.obj (.const:_ZTVN10__cxxabiv117__class_type_infoE)
                  00001dc0    00000010                                   : typeinfo_.obj (.const:_ZTVN10__cxxabiv120__si_class_type_infoE)
                  00001dd0    0000000d     motor.obj (.const:.typeinfo:_ZTS10motorClass)
                  00001ddd    0000000d     rtsv7M4_T_le_v4SPD16_eabi.lib : typeinfo_.obj (.const:.typeinfo:_ZTSSt9type_info)
                  00001dea    00000002     --HOLE-- [fill = 0]
                  00001dec    0000000c     Commutator.obj (.const:.typeinfo:_ZTI15CommutatorClass)
                  00001df8    0000000c     CommutationController.obj (.const:.typeinfo:_ZTI26CommutationControllerClass)
                  00001e04    0000000c     ADC.obj (.const:.typeinfo:_ZTI8ADCClass)
                  00001e10    0000000c     rtsv7M4_T_le_v4SPD16_eabi.lib : typeinfo_.obj (.const:.typeinfo:_ZTIN10__cxxabiv117__class_type_infoE)
                  00001e1c    0000000c                                   : typeinfo_.obj (.const:.typeinfo:_ZTIN10__cxxabiv120__si_class_type_infoE)
                  00001e28    0000000a     ADC.obj (.const:.typeinfo:_ZTS8ADCClass)
                  00001e32    0000000a     LED.obj (.const:.typeinfo:_ZTS8LEDClass)
                  00001e3c    0000000a     PWM.obj (.const:.typeinfo:_ZTS8PWMClass)
                  00001e46    00000002     --HOLE-- [fill = 0]
                  00001e48    00000008     motor.obj (.const:.typeinfo:_ZTI10motorClass)
                  00001e50    00000008     ZCDetector.obj (.const:.typeinfo:_ZTI15ZCDetectorClass)
                  00001e58    00000008     LED.obj (.const:.typeinfo:_ZTI8LEDClass)
                  00001e60    00000008     PWM.obj (.const:.typeinfo:_ZTI8PWMClass)
                  00001e68    00000008     rtsv7M4_T_le_v4SPD16_eabi.lib : typeinfo_.obj (.const:.typeinfo:_ZTISt9type_info)

.cinit     0    00001e70    00000050     
                  00001e70    0000001b     (.cinit..data.load) [load image, compression = rle]
                  00001e8b    00000001     --HOLE-- [fill = 0]
                  00001e8c    0000000c     (__TI_handler_table)
                  00001e98    00000008     (.cinit..bss.load) [load image, compression = zero_init]
                  00001ea0    00000008     (.cinit..vtable.load) [load image, compression = zero_init]
                  00001ea8    00000018     (__TI_cinit_table)

.vtable    0    20000000    0000026c     UNINITIALIZED
                  20000000    0000026c     driverlib.lib : interrupt.obj (.vtable)

.stack     0    2000026c    00000800     UNINITIALIZED
                  2000026c    00000800     --HOLE--

.data      0    20000a6c    00000020     UNINITIALIZED
                  20000a6c    0000000c     rtsv7M4_T_le_v4SPD16_eabi.lib : memory.obj (.data)
                  20000a78    00000008                                   : _lock.obj (.data)
                  20000a80    00000008                                   : exit.obj (.data)
                  20000a88    00000004                                   : stkdepth_vars.obj (.data)

.bss       0    20000a8c    00000010     UNINITIALIZED
                  20000a8c    00000008     ADC.obj (.bss)
                  20000a94    00000008     CommutationController.obj (.bss)

.sysmem    0    20000aa0    00000008     UNINITIALIZED
                  20000aa0    00000008     rtsv7M4_T_le_v4SPD16_eabi.lib : memory.obj (.sysmem)


LINKER GENERATED COPY TABLES

__TI_cinit_table @ 00001ea8 records: 3, size/record: 8, table size: 24
	.data: load addr=00001e70, load size=0000001b bytes, run addr=20000a6c, run size=00000020 bytes, compression=rle
	.bss: load addr=00001e98, load size=00000008 bytes, run addr=20000a8c, run size=00000010 bytes, compression=zero_init
	.vtable: load addr=00001ea0, load size=00000008 bytes, run addr=20000000, run size=0000026c bytes, compression=zero_init


LINKER GENERATED HANDLER TABLE

__TI_handler_table @ 00001e8c records: 3, size/record: 4, table size: 12
	index: 0, handler: __TI_zero_init
	index: 1, handler: __TI_decompress_rle24
	index: 2, handler: __TI_decompress_none


GLOBAL SYMBOLS: SORTED ALPHABETICALLY BY Name 

address    name
--------   ----
20000a8c   ADC0
20000a90   ADC1
00001ab9   ADCIntClear
00001a69   ADCIntDisable
00001a49   ADCIntEnable
00001939   ADCIntRegister
00001641   ADCSequenceConfigure
000018fd   ADCSequenceDataGet
00001a77   ADCSequenceEnable
00001365   ADCSequenceStepConfigure
00001805   C$$EXIT
20000a94   CommTimer0
20000a98   CommTimer1
000018b1   GPIODirModeSet
00000ef9   GPIOPadConfigSet
00001731   GPIOPinConfigure
000019dd   GPIOPinTypeADC
00001951   GPIOPinTypeGPIOOutput
000019ef   GPIOPinTypePWM
00001afb   GPIOPinWrite
000014c1   IntEnable
00001849   IntRegister
000018db   PWMGenConfigure
00001aa1   PWMGenEnable
00001ac3   PWMGenIntTrigEnable
00001a59   PWMGenPeriodSet
00001a01   PWMOutputInvert
00001a13   PWMOutputState
0000191b   PWMPulseWidthSet
00001b0d   PWMSyncTimeBase
00001b11   PWMSyncUpdate
00001aad   ResetISR
UNDEFED    SHT$$INIT_ARRAY$$Base
UNDEFED    SHT$$INIT_ARRAY$$Limit
00001029   SysCtlClockSet
00001b01   SysCtlDelay
000019c9   SysCtlPWMClockSet
0000187d   SysCtlPeripheralEnable
00001529   TimerConfigure
00001a85   TimerEnable
00001b15   TimerIntClear
00001acd   TimerIntDisable
00001aeb   TimerIntEnable
00001969   TimerIntRegister
00001ad7   TimerLoadGet
00001a25   TimerLoadSet
00001ae1   TimerValueGet
00001471   _ZN10__cxxabiv116__enum_type_infoD0Ev
00001479   _ZN10__cxxabiv116__enum_type_infoD1Ev
00001485   _ZN10__cxxabiv117__array_type_infoD0Ev
0000148d   _ZN10__cxxabiv117__array_type_infoD1Ev
000014ad   _ZN10__cxxabiv117__class_type_infoD0Ev
000014b5   _ZN10__cxxabiv117__class_type_infoD1Ev
0000145d   _ZN10__cxxabiv117__pbase_type_infoD0Ev
00001465   _ZN10__cxxabiv117__pbase_type_infoD1Ev
0000148f   _ZN10__cxxabiv119__pointer_type_infoD0Ev
00001497   _ZN10__cxxabiv119__pointer_type_infoD1Ev
0000147b   _ZN10__cxxabiv120__function_type_infoD0Ev
00001483   _ZN10__cxxabiv120__function_type_infoD1Ev
000014a3   _ZN10__cxxabiv120__si_class_type_infoD0Ev
000014ab   _ZN10__cxxabiv120__si_class_type_infoD1Ev
00001467   _ZN10__cxxabiv121__vmi_class_type_infoD0Ev
0000146f   _ZN10__cxxabiv121__vmi_class_type_infoD1Ev
00001499   _ZN10__cxxabiv123__fundamental_type_infoD0Ev
000014a1   _ZN10__cxxabiv123__fundamental_type_infoD1Ev
00001453   _ZN10__cxxabiv129__pointer_to_member_type_infoD0Ev
0000145b   _ZN10__cxxabiv129__pointer_to_member_type_infoD1Ev
000012b3   _ZN10motorClass11setPWMWidthEj
00001269   _ZN10motorClass4initEj
0000128f   _ZN10motorClass5startEv
000012c9   _ZN10motorClass8getStateEv
000012cd   _ZN10motorClass8setStateE14controlState_t
00001249   _ZN10motorClassC1Ev
000012bb   _ZN10motorClassD0Ev
000012b9   _ZN10motorClassD1Ev
00000d75   _ZN15CommutatorClass15disableSwitchesEv
00000c13   _ZN15CommutatorClass4initEjP8ADCClass
00000c25   _ZN15CommutatorClass9commutateEv
00000bf9   _ZN15CommutatorClassC1Ev
00000bf9   _ZN15CommutatorClassC2Ev
00000c1b   _ZN15CommutatorClassD0Ev
00000c23   _ZN15CommutatorClassD1Ev
000015ff   _ZN15ZCDetectorClass10ZCDetectedEjj
00001639   _ZN15ZCDetectorClass14setZCDirectionE23zeroCrossingDirection_t
000015e9   _ZN15ZCDetectorClassC1Ev
000015e9   _ZN15ZCDetectorClassC2Ev
000015f5   _ZN15ZCDetectorClassD0Ev
000015fd   _ZN15ZCDetectorClassD1Ev
000019a1   _ZN26CommutationControllerClass10ISR0StaticEv
00001999   _ZN26CommutationControllerClass10ISR1StaticEv
0000073d   _ZN26CommutationControllerClass12initAsTimer0Ev
0000074f   _ZN26CommutationControllerClass12initAsTimer1Ev
000007c1   _ZN26CommutationControllerClass15enableInterruptEv
000007f3   _ZN26CommutationControllerClass15getTimeoutValueEv
000007b5   _ZN26CommutationControllerClass15setTimeoutValueEj
000007e9   _ZN26CommutationControllerClass16disableInterruptEv
000007fd   _ZN26CommutationControllerClass3ISREv
00000765   _ZN26CommutationControllerClass4initEjP8ADCClassP10motorClass
000007cb   _ZN26CommutationControllerClass6enableEv
000007df   _ZN26CommutationControllerClass8getValueEv
0000070d   _ZN26CommutationControllerClassC1Ev
000007d5   _ZN26CommutationControllerClassD0Ev
000007dd   _ZN26CommutationControllerClassD1Ev
00001989   _ZN8ADCClass10ISR0StaticEv
00001981   _ZN8ADCClass10ISR1StaticEv
000009d5   _ZN8ADCClass10initAsADC0Ev
00000a07   _ZN8ADCClass10initAsADC1Ev
00000ac9   _ZN8ADCClass15enableInterruptEv
00000a3f   _ZN8ADCClass16disableInterruptEv
00000bb5   _ZN8ADCClass17getZCDetectedFlagEv
00000bbb   _ZN8ADCClass19clearZCDetectedFlagEv
00000aed   _ZN8ADCClass3ISREv
00000a47   _ZN8ADCClass4initEjP26CommutationControllerClassP10motorClass
00000b91   _ZN8ADCClass8setPhaseE7phase_t
00000ad1   _ZN8ADCClass9IIRFilterEj
00000989   _ZN8ADCClassC1Ev
00000abf   _ZN8ADCClassD0Ev
00000ac7   _ZN8ADCClassD1Ev
000012e9   _ZN8LEDClass10initAsLED0Ev
000012f9   _ZN8LEDClass10initAsLED1Ev
00001315   _ZN8LEDClass4initEj
00001309   _ZN8LEDClass5clearEv
00001345   _ZN8LEDClass6toggleEv
000012d9   _ZN8LEDClassC1Ev
0000133b   _ZN8LEDClassD0Ev
00001343   _ZN8LEDClassD1Ev
000002cf   _ZN8PWMClass10initAsPWM0Ev
0000036d   _ZN8PWMClass10initAsPWM1Ev
0000053f   _ZN8PWMClass11setPWMWidthEj
000005a9   _ZN8PWMClass20setOutputEnableStateEbbbbbb
00000679   _ZN8PWMClass20setOutputInvertStateEbbbbbb
0000040f   _ZN8PWMClass4initEj
0000026d   _ZN8PWMClassC1Ev
0000026d   _ZN8PWMClassC2Ev
0000059b   _ZN8PWMClassD0Ev
000005a3   _ZN8PWMClassD1Ev
000014b7   _ZNSt9type_infoD0Ev
00001451   _ZNSt9type_infoD1Ev
00001e48   _ZTI10motorClass
00001dec   _ZTI15CommutatorClass
00001e50   _ZTI15ZCDetectorClass
00001df8   _ZTI26CommutationControllerClass
00001e04   _ZTI8ADCClass
00001e58   _ZTI8LEDClass
00001e60   _ZTI8PWMClass
00001e10   _ZTIN10__cxxabiv117__class_type_infoE
00001e1c   _ZTIN10__cxxabiv120__si_class_type_infoE
00001e68   _ZTISt9type_info
00001dd0   _ZTS10motorClass
00001d1c   _ZTS15CommutatorClass
00001d2e   _ZTS15ZCDetectorClass
00001cff   _ZTS26CommutationControllerClass
00001e28   _ZTS8ADCClass
00001e32   _ZTS8LEDClass
00001e3c   _ZTS8PWMClass
00001cdd   _ZTSN10__cxxabiv117__class_type_infoE
00001cb8   _ZTSN10__cxxabiv120__si_class_type_infoE
00001ddd   _ZTSSt9type_info
00001d40   _ZTV10motorClass
00001d50   _ZTV15CommutatorClass
00001d60   _ZTV15ZCDetectorClass
00001d70   _ZTV26CommutationControllerClass
00001d80   _ZTV8ADCClass
00001d90   _ZTV8LEDClass
00001da0   _ZTV8PWMClass
00001db0   _ZTVN10__cxxabiv117__class_type_infoE
00001dc0   _ZTVN10__cxxabiv120__si_class_type_infoE
00001af3   _ZdlPv
20000a6c   __STACK_END
00000800   __STACK_SIZE
2000046c   __STACK_TOP
00000008   __SYSMEM_SIZE
00001ea8   __TI_CINIT_Base
00001ec0   __TI_CINIT_Limit
00001e8c   __TI_Handler_Table_Base
00001e98   __TI_Handler_Table_Limit
00000001   __TI_args_main
000011b5   __TI_auto_init
20000a80   __TI_cleanup_ptr
00001a93   __TI_decompress_none
00001b07   __TI_decompress_rle24
20000a84   __TI_dtors_ptr
00000000   __TI_static_base__
00001a37   __TI_zero_init
00001119   __aeabi_memcpy
00001119   __aeabi_memcpy4
00001119   __aeabi_memcpy8
ffffffff   __binit__
ffffffff   __c_args__
2000026c   __stack
000019b1   _args_main
00001779   _c_int00
20000a78   _lock
000013df   _nop
20000aa0   _sys_memory
20000a7c   _unlock
00001809   abort
ffffffff   binit
000017c1   copy_in
00001811   exit
00000e2b   free
20000000   g_pfnRAMVectors
00000000   g_pfnVectors
000013e1   main
20000a88   main_func_sp
00001119   memcpy
00000da1   minit


GLOBAL SYMBOLS: SORTED BY Symbol Address 

address    name
--------   ----
00000000   __TI_static_base__
00000000   g_pfnVectors
00000001   __TI_args_main
00000008   __SYSMEM_SIZE
0000026d   _ZN8PWMClassC1Ev
0000026d   _ZN8PWMClassC2Ev
000002cf   _ZN8PWMClass10initAsPWM0Ev
0000036d   _ZN8PWMClass10initAsPWM1Ev
0000040f   _ZN8PWMClass4initEj
0000053f   _ZN8PWMClass11setPWMWidthEj
0000059b   _ZN8PWMClassD0Ev
000005a3   _ZN8PWMClassD1Ev
000005a9   _ZN8PWMClass20setOutputEnableStateEbbbbbb
00000679   _ZN8PWMClass20setOutputInvertStateEbbbbbb
0000070d   _ZN26CommutationControllerClassC1Ev
0000073d   _ZN26CommutationControllerClass12initAsTimer0Ev
0000074f   _ZN26CommutationControllerClass12initAsTimer1Ev
00000765   _ZN26CommutationControllerClass4initEjP8ADCClassP10motorClass
000007b5   _ZN26CommutationControllerClass15setTimeoutValueEj
000007c1   _ZN26CommutationControllerClass15enableInterruptEv
000007cb   _ZN26CommutationControllerClass6enableEv
000007d5   _ZN26CommutationControllerClassD0Ev
000007dd   _ZN26CommutationControllerClassD1Ev
000007df   _ZN26CommutationControllerClass8getValueEv
000007e9   _ZN26CommutationControllerClass16disableInterruptEv
000007f3   _ZN26CommutationControllerClass15getTimeoutValueEv
000007fd   _ZN26CommutationControllerClass3ISREv
00000800   __STACK_SIZE
00000989   _ZN8ADCClassC1Ev
000009d5   _ZN8ADCClass10initAsADC0Ev
00000a07   _ZN8ADCClass10initAsADC1Ev
00000a3f   _ZN8ADCClass16disableInterruptEv
00000a47   _ZN8ADCClass4initEjP26CommutationControllerClassP10motorClass
00000abf   _ZN8ADCClassD0Ev
00000ac7   _ZN8ADCClassD1Ev
00000ac9   _ZN8ADCClass15enableInterruptEv
00000ad1   _ZN8ADCClass9IIRFilterEj
00000aed   _ZN8ADCClass3ISREv
00000b91   _ZN8ADCClass8setPhaseE7phase_t
00000bb5   _ZN8ADCClass17getZCDetectedFlagEv
00000bbb   _ZN8ADCClass19clearZCDetectedFlagEv
00000bf9   _ZN15CommutatorClassC1Ev
00000bf9   _ZN15CommutatorClassC2Ev
00000c13   _ZN15CommutatorClass4initEjP8ADCClass
00000c1b   _ZN15CommutatorClassD0Ev
00000c23   _ZN15CommutatorClassD1Ev
00000c25   _ZN15CommutatorClass9commutateEv
00000d75   _ZN15CommutatorClass15disableSwitchesEv
00000da1   minit
00000e2b   free
00000ef9   GPIOPadConfigSet
00001029   SysCtlClockSet
00001119   __aeabi_memcpy
00001119   __aeabi_memcpy4
00001119   __aeabi_memcpy8
00001119   memcpy
000011b5   __TI_auto_init
00001249   _ZN10motorClassC1Ev
00001269   _ZN10motorClass4initEj
0000128f   _ZN10motorClass5startEv
000012b3   _ZN10motorClass11setPWMWidthEj
000012b9   _ZN10motorClassD1Ev
000012bb   _ZN10motorClassD0Ev
000012c9   _ZN10motorClass8getStateEv
000012cd   _ZN10motorClass8setStateE14controlState_t
000012d9   _ZN8LEDClassC1Ev
000012e9   _ZN8LEDClass10initAsLED0Ev
000012f9   _ZN8LEDClass10initAsLED1Ev
00001309   _ZN8LEDClass5clearEv
00001315   _ZN8LEDClass4initEj
0000133b   _ZN8LEDClassD0Ev
00001343   _ZN8LEDClassD1Ev
00001345   _ZN8LEDClass6toggleEv
00001365   ADCSequenceStepConfigure
000013df   _nop
000013e1   main
00001451   _ZNSt9type_infoD1Ev
00001453   _ZN10__cxxabiv129__pointer_to_member_type_infoD0Ev
0000145b   _ZN10__cxxabiv129__pointer_to_member_type_infoD1Ev
0000145d   _ZN10__cxxabiv117__pbase_type_infoD0Ev
00001465   _ZN10__cxxabiv117__pbase_type_infoD1Ev
00001467   _ZN10__cxxabiv121__vmi_class_type_infoD0Ev
0000146f   _ZN10__cxxabiv121__vmi_class_type_infoD1Ev
00001471   _ZN10__cxxabiv116__enum_type_infoD0Ev
00001479   _ZN10__cxxabiv116__enum_type_infoD1Ev
0000147b   _ZN10__cxxabiv120__function_type_infoD0Ev
00001483   _ZN10__cxxabiv120__function_type_infoD1Ev
00001485   _ZN10__cxxabiv117__array_type_infoD0Ev
0000148d   _ZN10__cxxabiv117__array_type_infoD1Ev
0000148f   _ZN10__cxxabiv119__pointer_type_infoD0Ev
00001497   _ZN10__cxxabiv119__pointer_type_infoD1Ev
00001499   _ZN10__cxxabiv123__fundamental_type_infoD0Ev
000014a1   _ZN10__cxxabiv123__fundamental_type_infoD1Ev
000014a3   _ZN10__cxxabiv120__si_class_type_infoD0Ev
000014ab   _ZN10__cxxabiv120__si_class_type_infoD1Ev
000014ad   _ZN10__cxxabiv117__class_type_infoD0Ev
000014b5   _ZN10__cxxabiv117__class_type_infoD1Ev
000014b7   _ZNSt9type_infoD0Ev
000014c1   IntEnable
00001529   TimerConfigure
000015e9   _ZN15ZCDetectorClassC1Ev
000015e9   _ZN15ZCDetectorClassC2Ev
000015f5   _ZN15ZCDetectorClassD0Ev
000015fd   _ZN15ZCDetectorClassD1Ev
000015ff   _ZN15ZCDetectorClass10ZCDetectedEjj
00001639   _ZN15ZCDetectorClass14setZCDirectionE23zeroCrossingDirection_t
00001641   ADCSequenceConfigure
00001731   GPIOPinConfigure
00001779   _c_int00
000017c1   copy_in
00001805   C$$EXIT
00001809   abort
00001811   exit
00001849   IntRegister
0000187d   SysCtlPeripheralEnable
000018b1   GPIODirModeSet
000018db   PWMGenConfigure
000018fd   ADCSequenceDataGet
0000191b   PWMPulseWidthSet
00001939   ADCIntRegister
00001951   GPIOPinTypeGPIOOutput
00001969   TimerIntRegister
00001981   _ZN8ADCClass10ISR1StaticEv
00001989   _ZN8ADCClass10ISR0StaticEv
00001999   _ZN26CommutationControllerClass10ISR1StaticEv
000019a1   _ZN26CommutationControllerClass10ISR0StaticEv
000019b1   _args_main
000019c9   SysCtlPWMClockSet
000019dd   GPIOPinTypeADC
000019ef   GPIOPinTypePWM
00001a01   PWMOutputInvert
00001a13   PWMOutputState
00001a25   TimerLoadSet
00001a37   __TI_zero_init
00001a49   ADCIntEnable
00001a59   PWMGenPeriodSet
00001a69   ADCIntDisable
00001a77   ADCSequenceEnable
00001a85   TimerEnable
00001a93   __TI_decompress_none
00001aa1   PWMGenEnable
00001aad   ResetISR
00001ab9   ADCIntClear
00001ac3   PWMGenIntTrigEnable
00001acd   TimerIntDisable
00001ad7   TimerLoadGet
00001ae1   TimerValueGet
00001aeb   TimerIntEnable
00001af3   _ZdlPv
00001afb   GPIOPinWrite
00001b01   SysCtlDelay
00001b07   __TI_decompress_rle24
00001b0d   PWMSyncTimeBase
00001b11   PWMSyncUpdate
00001b15   TimerIntClear
00001cb8   _ZTSN10__cxxabiv120__si_class_type_infoE
00001cdd   _ZTSN10__cxxabiv117__class_type_infoE
00001cff   _ZTS26CommutationControllerClass
00001d1c   _ZTS15CommutatorClass
00001d2e   _ZTS15ZCDetectorClass
00001d40   _ZTV10motorClass
00001d50   _ZTV15CommutatorClass
00001d60   _ZTV15ZCDetectorClass
00001d70   _ZTV26CommutationControllerClass
00001d80   _ZTV8ADCClass
00001d90   _ZTV8LEDClass
00001da0   _ZTV8PWMClass
00001db0   _ZTVN10__cxxabiv117__class_type_infoE
00001dc0   _ZTVN10__cxxabiv120__si_class_type_infoE
00001dd0   _ZTS10motorClass
00001ddd   _ZTSSt9type_info
00001dec   _ZTI15CommutatorClass
00001df8   _ZTI26CommutationControllerClass
00001e04   _ZTI8ADCClass
00001e10   _ZTIN10__cxxabiv117__class_type_infoE
00001e1c   _ZTIN10__cxxabiv120__si_class_type_infoE
00001e28   _ZTS8ADCClass
00001e32   _ZTS8LEDClass
00001e3c   _ZTS8PWMClass
00001e48   _ZTI10motorClass
00001e50   _ZTI15ZCDetectorClass
00001e58   _ZTI8LEDClass
00001e60   _ZTI8PWMClass
00001e68   _ZTISt9type_info
00001e8c   __TI_Handler_Table_Base
00001e98   __TI_Handler_Table_Limit
00001ea8   __TI_CINIT_Base
00001ec0   __TI_CINIT_Limit
20000000   g_pfnRAMVectors
2000026c   __stack
2000046c   __STACK_TOP
20000a6c   __STACK_END
20000a78   _lock
20000a7c   _unlock
20000a80   __TI_cleanup_ptr
20000a84   __TI_dtors_ptr
20000a88   main_func_sp
20000a8c   ADC0
20000a90   ADC1
20000a94   CommTimer0
20000a98   CommTimer1
20000aa0   _sys_memory
ffffffff   __binit__
ffffffff   __c_args__
ffffffff   binit
UNDEFED    SHT$$INIT_ARRAY$$Base
UNDEFED    SHT$$INIT_ARRAY$$Limit

[207 symbols]
