******************************************************************************
                  TI ARM Linker PC v5.1.5                      
******************************************************************************
>> Linked Thu Jul 17 15:23:48 2014

OUTPUT FILE NAME:   <BLDC.out>
ENTRY POINT SYMBOL: "_c_int00"  address: 00001989


MEMORY CONFIGURATION

         name            origin    length      used     unused   attr    fill
----------------------  --------  ---------  --------  --------  ----  --------
  FLASH                 00000000   00040000  000020ea  0003df16  R  X
  SRAM                  20000000   00008000  00000aa4  0000755c  RW X


SEGMENT ALLOCATION MAP

run origin  load origin   length   init length attrs members
----------  ----------- ---------- ----------- ----- -------
00000000    00000000    000020f0   000020f0    r-x
  00000000    00000000    0000026c   0000026c    r-- .intvecs
  0000026c    0000026c    00001ae6   00001ae6    r-x .text
  00001d54    00001d54    00000348   00000348    r-- .const
  000020a0    000020a0    00000050   00000050    r-- .cinit
20000000    20000000    00000aa8   00000000    rw-
  20000000    20000000    0000026c   00000000    rw- .vtable
  2000026c    2000026c    00000800   00000000    rw- .stack
  20000a6c    20000a6c    00000020   00000000    rw- .data
  20000a8c    20000a8c    00000010   00000000    rw- .bss
  20000aa0    20000aa0    00000008   00000000    rw- .sysmem


SECTION ALLOCATION MAP

 output                                  attributes/
section   page    origin      length       input sections
--------  ----  ----------  ----------   ----------------
.intvecs   0    00000000    0000026c     
                  00000000    0000026c     tm4c123ah6pm_startup_ccs.obj (.intvecs)

.init_array 
*          0    00000000    00000000     UNINITIALIZED

.text      0    0000026c    00001ae6     
                  0000026c    00000770     CommutationController.obj (.text)
                  000009dc    00000304     ADC.obj (.text)
                  00000ce0    00000290     rtsv7M4_T_le_v4SPD16_eabi.lib : memory.obj (.text)
                  00000f70    00000176     PWM.obj (.text)
                  000010e6    00000130     driverlib.lib : gpio.obj (.text:GPIOPadConfigSet)
                  00001216    00000002     rtsv7M4_T_le_v4SPD16_eabi.lib : _lock.obj (.text)
                  00001218    000000f0     driverlib.lib : sysctl.obj (.text:SysCtlClockSet)
                  00001308    000000e0     motor.obj (.text)
                  000013e8    0000009c     main.obj (.text)
                  00001484    0000009c     rtsv7M4_T_le_v4SPD16_eabi.lib : memcpy_t2.obj (.text)
                  00001520    00000094                                   : auto_init.obj (.text)
                  000015b4    0000008c     Commutator.obj (.text)
                  00001640    0000007a     driverlib.lib : adc.obj (.text:ADCSequenceStepConfigure)
                  000016ba    0000006e     rtsv7M4_T_le_v4SPD16_eabi.lib : typeinfo_.obj (.text)
                  00001728    00000068     driverlib.lib : interrupt.obj (.text:IntEnable)
                  00001790    00000060                   : timer.obj (.text:TimerConfigure)
                  000017f0    0000005e     rtsv7M4_T_le_v4SPD16_eabi.lib : copy_decompress_rle.obj (.text)
                  0000184e    00000054     driverlib.lib : adc.obj (.text:ADCSequenceConfigure)
                  000018a2    00000002     --HOLE-- [fill = 0]
                  000018a4    00000050                   : adc.obj (.text:_ADCIntNumberGet)
                  000018f4    0000004c                   : timer.obj (.text:_TimerIntNumberGet)
                  00001940    00000048                   : gpio.obj (.text:GPIOPinConfigure)
                  00001988    00000048     rtsv7M4_T_le_v4SPD16_eabi.lib : boot.obj (.text)
                  000019d0    00000044                                   : cpy_tbl.obj (.text)
                  00001a14    00000044                                   : exit.obj (.text)
                  00001a58    00000034     driverlib.lib : interrupt.obj (.text:IntRegister)
                  00001a8c    00000034                   : sysctl.obj (.text:SysCtlPeripheralEnable)
                  00001ac0    0000002a                   : gpio.obj (.text:GPIODirModeSet)
                  00001aea    00000022                   : pwm.obj (.text:PWMGenConfigure)
                  00001b0c    00000020     LED.obj (.text)
                  00001b2c    0000001e     driverlib.lib : adc.obj (.text:ADCSequenceDataGet)
                  00001b4a    0000001e                   : pwm.obj (.text:PWMPulseWidthSet)
                  00001b68    00000018                   : adc.obj (.text:ADCIntRegister)
                  00001b80    00000018                   : gpio.obj (.text:GPIOPinTypeGPIOOutput)
                  00001b98    00000018                   : timer.obj (.text:TimerIntRegister)
                  00001bb0    00000018     ADC.obj (.text:retain)
                  00001bc8    00000018     CommutationController.obj (.text:retain)
                  00001be0    00000018     rtsv7M4_T_le_v4SPD16_eabi.lib : args_main.obj (.text)
                  00001bf8    00000014     driverlib.lib : sysctl.obj (.text:SysCtlPWMClockSet)
                  00001c0c    00000012                   : gpio.obj (.text:GPIOPinTypeADC)
                  00001c1e    00000012                   : gpio.obj (.text:GPIOPinTypePWM)
                  00001c30    00000012                   : pwm.obj (.text:PWMOutputInvert)
                  00001c42    00000012                   : pwm.obj (.text:PWMOutputState)
                  00001c54    00000012                   : timer.obj (.text:TimerLoadSet)
                  00001c66    00000012     rtsv7M4_T_le_v4SPD16_eabi.lib : copy_zero_init.obj (.text:decompress:ZI)
                  00001c78    00000010     driverlib.lib : adc.obj (.text:ADCIntEnable)
                  00001c88    00000010                   : pwm.obj (.text:PWMGenPeriodSet)
                  00001c98    0000000e                   : adc.obj (.text:ADCIntDisable)
                  00001ca6    0000000e                   : adc.obj (.text:ADCSequenceEnable)
                  00001cb4    0000000e                   : timer.obj (.text:TimerEnable)
                  00001cc2    0000000e     rtsv7M4_T_le_v4SPD16_eabi.lib : copy_decompress_none.obj (.text:decompress:none)
                  00001cd0    0000000c     driverlib.lib : pwm.obj (.text:PWMGenEnable)
                  00001cdc    0000000c     tm4c123ah6pm_startup_ccs.obj (.text)
                  00001ce8    0000000a     driverlib.lib : adc.obj (.text:ADCIntClear)
                  00001cf2    0000000a                   : pwm.obj (.text:PWMGenIntTrigEnable)
                  00001cfc    0000000a                   : timer.obj (.text:TimerIntDisable)
                  00001d06    0000000a                   : timer.obj (.text:TimerLoadGet)
                  00001d10    0000000a                   : timer.obj (.text:TimerValueGet)
                  00001d1a    0000000a     ZCDetector.obj (.text)
                  00001d24    00000008     driverlib.lib : timer.obj (.text:TimerIntEnable)
                  00001d2c    00000008     rtsv7M4_T_le_v4SPD16_eabi.lib : delete.obj (.text)
                  00001d34    00000006     driverlib.lib : gpio.obj (.text:GPIOPinWrite)
                  00001d3a    00000006                   : sysctl.obj (.text:SysCtlDelay)
                  00001d40    00000006     rtsv7M4_T_le_v4SPD16_eabi.lib : copy_decompress_rle.obj (.text:decompress:rle24)
                  00001d46    00000004     driverlib.lib : pwm.obj (.text:PWMSyncTimeBase)
                  00001d4a    00000004                   : pwm.obj (.text:PWMSyncUpdate)
                  00001d4e    00000004                   : timer.obj (.text:TimerIntClear)

.const     0    00001d54    00000348     
                  00001d54    00000090     driverlib.lib : gpio.obj (.const:g_pui32GPIOBaseAddrs)
                  00001de4    00000070                   : interrupt.obj (.const)
                  00001e54    00000060                   : timer.obj (.const:g_ppui32TimerIntMap)
                  00001eb4    00000040                   : timer.obj (.const:g_ppui32TimerIntMapSnowflake)
                  00001ef4    00000025     rtsv7M4_T_le_v4SPD16_eabi.lib : typeinfo_.obj (.const:.typeinfo:_ZTSN10__cxxabiv120__si_class_type_infoE)
                  00001f19    00000022                                   : typeinfo_.obj (.const:.typeinfo:_ZTSN10__cxxabiv117__class_type_infoE)
                  00001f3b    0000001d     CommutationController.obj (.const:.typeinfo:_ZTS26CommutationControllerClass)
                  00001f58    00000012     Commutator.obj (.const:.typeinfo:_ZTS15CommutatorClass)
                  00001f6a    00000012     ZCDetector.obj (.const:.typeinfo:_ZTS15ZCDetectorClass)
                  00001f7c    00000010     motor.obj (.const:_ZTV10motorClass)
                  00001f8c    00000010     Commutator.obj (.const:_ZTV15CommutatorClass)
                  00001f9c    00000010     ZCDetector.obj (.const:_ZTV15ZCDetectorClass)
                  00001fac    00000010     CommutationController.obj (.const:_ZTV26CommutationControllerClass)
                  00001fbc    00000010     ADC.obj (.const:_ZTV8ADCClass)
                  00001fcc    00000010     LED.obj (.const:_ZTV8LEDClass)
                  00001fdc    00000010     rtsv7M4_T_le_v4SPD16_eabi.lib : typeinfo_.obj (.const:_ZTVN10__cxxabiv117__class_type_infoE)
                  00001fec    00000010                                   : typeinfo_.obj (.const:_ZTVN10__cxxabiv120__si_class_type_infoE)
                  00001ffc    0000000d     motor.obj (.const:.typeinfo:_ZTS10motorClass)
                  00002009    0000000d     rtsv7M4_T_le_v4SPD16_eabi.lib : typeinfo_.obj (.const:.typeinfo:_ZTSSt9type_info)
                  00002016    00000002     --HOLE-- [fill = 0]
                  00002018    0000000c     Commutator.obj (.const:.typeinfo:_ZTI15CommutatorClass)
                  00002024    0000000c     CommutationController.obj (.const:.typeinfo:_ZTI26CommutationControllerClass)
                  00002030    0000000c     ADC.obj (.const:.typeinfo:_ZTI8ADCClass)
                  0000203c    0000000c     rtsv7M4_T_le_v4SPD16_eabi.lib : typeinfo_.obj (.const:.typeinfo:_ZTIN10__cxxabiv117__class_type_infoE)
                  00002048    0000000c                                   : typeinfo_.obj (.const:.typeinfo:_ZTIN10__cxxabiv120__si_class_type_infoE)
                  00002054    0000000a     ADC.obj (.const:.typeinfo:_ZTS8ADCClass)
                  0000205e    0000000a     LED.obj (.const:.typeinfo:_ZTS8LEDClass)
                  00002068    0000000a     PWM.obj (.const:.typeinfo:_ZTS8PWMClass)
                  00002072    00000002     --HOLE-- [fill = 0]
                  00002074    00000008     motor.obj (.const:.typeinfo:_ZTI10motorClass)
                  0000207c    00000008     ZCDetector.obj (.const:.typeinfo:_ZTI15ZCDetectorClass)
                  00002084    00000008     LED.obj (.const:.typeinfo:_ZTI8LEDClass)
                  0000208c    00000008     PWM.obj (.const:.typeinfo:_ZTI8PWMClass)
                  00002094    00000008     rtsv7M4_T_le_v4SPD16_eabi.lib : typeinfo_.obj (.const:.typeinfo:_ZTISt9type_info)

.cinit     0    000020a0    00000050     
                  000020a0    0000001b     (.cinit..data.load) [load image, compression = rle]
                  000020bb    00000001     --HOLE-- [fill = 0]
                  000020bc    0000000c     (__TI_handler_table)
                  000020c8    00000008     (.cinit..bss.load) [load image, compression = zero_init]
                  000020d0    00000008     (.cinit..vtable.load) [load image, compression = zero_init]
                  000020d8    00000018     (__TI_cinit_table)

.vtable    0    20000000    0000026c     UNINITIALIZED
                  20000000    0000026c     driverlib.lib : interrupt.obj (.vtable)

.stack     0    2000026c    00000800     UNINITIALIZED
                  2000026c    00000800     --HOLE--

.data      0    20000a6c    00000020     UNINITIALIZED
                  20000a6c    0000000c     rtsv7M4_T_le_v4SPD16_eabi.lib : memory.obj (.data)
                  20000a78    00000008                                   : _lock.obj (.data)
                  20000a80    00000008                                   : exit.obj (.data)
                  20000a88    00000004                                   : stkdepth_vars.obj (.data)

.bss       0    20000a8c    00000010     UNINITIALIZED
                  20000a8c    00000008     ADC.obj (.bss)
                  20000a94    00000008     CommutationController.obj (.bss)

.sysmem    0    20000aa0    00000008     UNINITIALIZED
                  20000aa0    00000008     rtsv7M4_T_le_v4SPD16_eabi.lib : memory.obj (.sysmem)


LINKER GENERATED COPY TABLES

__TI_cinit_table @ 000020d8 records: 3, size/record: 8, table size: 24
	.data: load addr=000020a0, load size=0000001b bytes, run addr=20000a6c, run size=00000020 bytes, compression=rle
	.bss: load addr=000020c8, load size=00000008 bytes, run addr=20000a8c, run size=00000010 bytes, compression=zero_init
	.vtable: load addr=000020d0, load size=00000008 bytes, run addr=20000000, run size=0000026c bytes, compression=zero_init


LINKER GENERATED HANDLER TABLE

__TI_handler_table @ 000020bc records: 3, size/record: 4, table size: 12
	index: 0, handler: __TI_zero_init
	index: 1, handler: __TI_decompress_rle24
	index: 2, handler: __TI_decompress_none


GLOBAL SYMBOLS: SORTED ALPHABETICALLY BY Name 

address    name
--------   ----
20000a8c   ADC0
20000a90   ADC1
00001ce9   ADCIntClear
00001c99   ADCIntDisable
00001c79   ADCIntEnable
00001b69   ADCIntRegister
0000184f   ADCSequenceConfigure
00001b2d   ADCSequenceDataGet
00001ca7   ADCSequenceEnable
00001641   ADCSequenceStepConfigure
00001a15   C$$EXIT
20000a94   CommTimer0
20000a98   CommTimer1
00001ac1   GPIODirModeSet
000010e7   GPIOPadConfigSet
00001941   GPIOPinConfigure
00001c0d   GPIOPinTypeADC
00001b81   GPIOPinTypeGPIOOutput
00001c1f   GPIOPinTypePWM
00001d35   GPIOPinWrite
00001729   IntEnable
00001a59   IntRegister
00001aeb   PWMGenConfigure
00001cd1   PWMGenEnable
00001cf3   PWMGenIntTrigEnable
00001c89   PWMGenPeriodSet
00001c31   PWMOutputInvert
00001c43   PWMOutputState
00001b4b   PWMPulseWidthSet
00001d47   PWMSyncTimeBase
00001d4b   PWMSyncUpdate
00001cdd   ResetISR
UNDEFED    SHT$$INIT_ARRAY$$Base
UNDEFED    SHT$$INIT_ARRAY$$Limit
00001219   SysCtlClockSet
00001d3b   SysCtlDelay
00001bf9   SysCtlPWMClockSet
00001a8d   SysCtlPeripheralEnable
00001791   TimerConfigure
00001cb5   TimerEnable
00001d4f   TimerIntClear
00001cfd   TimerIntDisable
00001d25   TimerIntEnable
00001b99   TimerIntRegister
00001d07   TimerLoadGet
00001c55   TimerLoadSet
00001d11   TimerValueGet
000016db   _ZN10__cxxabiv116__enum_type_infoD0Ev
000016e3   _ZN10__cxxabiv116__enum_type_infoD1Ev
000016ef   _ZN10__cxxabiv117__array_type_infoD0Ev
000016f7   _ZN10__cxxabiv117__array_type_infoD1Ev
00001717   _ZN10__cxxabiv117__class_type_infoD0Ev
0000171f   _ZN10__cxxabiv117__class_type_infoD1Ev
000016c7   _ZN10__cxxabiv117__pbase_type_infoD0Ev
000016cf   _ZN10__cxxabiv117__pbase_type_infoD1Ev
000016f9   _ZN10__cxxabiv119__pointer_type_infoD0Ev
00001701   _ZN10__cxxabiv119__pointer_type_infoD1Ev
000016e5   _ZN10__cxxabiv120__function_type_infoD0Ev
000016ed   _ZN10__cxxabiv120__function_type_infoD1Ev
0000170d   _ZN10__cxxabiv120__si_class_type_infoD0Ev
00001715   _ZN10__cxxabiv120__si_class_type_infoD1Ev
000016d1   _ZN10__cxxabiv121__vmi_class_type_infoD0Ev
000016d9   _ZN10__cxxabiv121__vmi_class_type_infoD1Ev
00001703   _ZN10__cxxabiv123__fundamental_type_infoD0Ev
0000170b   _ZN10__cxxabiv123__fundamental_type_infoD1Ev
000016bd   _ZN10__cxxabiv129__pointer_to_member_type_infoD0Ev
000016c5   _ZN10__cxxabiv129__pointer_to_member_type_infoD1Ev
00001395   _ZN10motorClass5startEv
00001309   _ZN10motorClassC1Ev
000013c7   _ZN10motorClassD0Ev
000013c5   _ZN10motorClassD1Ev
000015bf   _ZN15CommutatorClass15disableSwitchesEv
000015b5   _ZN15CommutatorClassD0Ev
000015bd   _ZN15CommutatorClassD1Ev
00001d1b   _ZN15ZCDetectorClassD0Ev
00001d23   _ZN15ZCDetectorClassD1Ev
00001bd1   _ZN26CommutationControllerClass10ISR0StaticEv
00001bc9   _ZN26CommutationControllerClass10ISR1StaticEv
0000062d   _ZN26CommutationControllerClass3ISREv
00000301   _ZN26CommutationControllerClass4initEjP8ADCClassP10motorClass
0000026d   _ZN26CommutationControllerClassC1Ev
000005b3   _ZN26CommutationControllerClassD0Ev
000005bb   _ZN26CommutationControllerClassD1Ev
00001bb9   _ZN8ADCClass10ISR0StaticEv
00001bb1   _ZN8ADCClass10ISR1StaticEv
00000b49   _ZN8ADCClass3ISREv
00000a2b   _ZN8ADCClass4initEjP26CommutationControllerClassP10motorClass
000009dd   _ZN8ADCClassC1Ev
00000b3f   _ZN8ADCClassD0Ev
00000b47   _ZN8ADCClassD1Ev
00001b0d   _ZN8LEDClassC1Ev
00001b1d   _ZN8LEDClassD0Ev
00001b25   _ZN8LEDClassD1Ev
00000f71   _ZN8PWMClass11setPWMWidthEj
00000fd7   _ZN8PWMClass20setOutputEnableStateEbbbbbb
0000107b   _ZN8PWMClass20setOutputInvertStateEbbbbbb
00000fcd   _ZN8PWMClassD0Ev
00000fd5   _ZN8PWMClassD1Ev
00001721   _ZNSt9type_infoD0Ev
000016bb   _ZNSt9type_infoD1Ev
00002074   _ZTI10motorClass
00002018   _ZTI15CommutatorClass
0000207c   _ZTI15ZCDetectorClass
00002024   _ZTI26CommutationControllerClass
00002030   _ZTI8ADCClass
00002084   _ZTI8LEDClass
0000208c   _ZTI8PWMClass
0000203c   _ZTIN10__cxxabiv117__class_type_infoE
00002048   _ZTIN10__cxxabiv120__si_class_type_infoE
00002094   _ZTISt9type_info
00001ffc   _ZTS10motorClass
00001f58   _ZTS15CommutatorClass
00001f6a   _ZTS15ZCDetectorClass
00001f3b   _ZTS26CommutationControllerClass
00002054   _ZTS8ADCClass
0000205e   _ZTS8LEDClass
00002068   _ZTS8PWMClass
00001f19   _ZTSN10__cxxabiv117__class_type_infoE
00001ef4   _ZTSN10__cxxabiv120__si_class_type_infoE
00002009   _ZTSSt9type_info
00001f7c   _ZTV10motorClass
00001f8c   _ZTV15CommutatorClass
00001f9c   _ZTV15ZCDetectorClass
00001fac   _ZTV26CommutationControllerClass
00001fbc   _ZTV8ADCClass
00001fcc   _ZTV8LEDClass
00001fdc   _ZTVN10__cxxabiv117__class_type_infoE
00001fec   _ZTVN10__cxxabiv120__si_class_type_infoE
00001d2d   _ZdlPv
20000a6c   __STACK_END
00000800   __STACK_SIZE
2000046c   __STACK_TOP
00000008   __SYSMEM_SIZE
000020d8   __TI_CINIT_Base
000020f0   __TI_CINIT_Limit
000020bc   __TI_Handler_Table_Base
000020c8   __TI_Handler_Table_Limit
00000001   __TI_args_main
00001521   __TI_auto_init
20000a80   __TI_cleanup_ptr
00001cc3   __TI_decompress_none
00001d41   __TI_decompress_rle24
20000a84   __TI_dtors_ptr
00000000   __TI_static_base__
00001c67   __TI_zero_init
00001485   __aeabi_memcpy
00001485   __aeabi_memcpy4
00001485   __aeabi_memcpy8
ffffffff   __binit__
ffffffff   __c_args__
2000026c   __stack
00001be1   _args_main
00001989   _c_int00
20000a78   _lock
00001217   _nop
20000aa0   _sys_memory
20000a7c   _unlock
00001a19   abort
ffffffff   binit
000019d1   copy_in
00001a21   exit
00000d6b   free
20000000   g_pfnRAMVectors
00000000   g_pfnVectors
000013e9   main
20000a88   main_func_sp
00001485   memcpy
00000ce1   minit


GLOBAL SYMBOLS: SORTED BY Symbol Address 

address    name
--------   ----
00000000   __TI_static_base__
00000000   g_pfnVectors
00000001   __TI_args_main
00000008   __SYSMEM_SIZE
0000026d   _ZN26CommutationControllerClassC1Ev
00000301   _ZN26CommutationControllerClass4initEjP8ADCClassP10motorClass
000005b3   _ZN26CommutationControllerClassD0Ev
000005bb   _ZN26CommutationControllerClassD1Ev
0000062d   _ZN26CommutationControllerClass3ISREv
00000800   __STACK_SIZE
000009dd   _ZN8ADCClassC1Ev
00000a2b   _ZN8ADCClass4initEjP26CommutationControllerClassP10motorClass
00000b3f   _ZN8ADCClassD0Ev
00000b47   _ZN8ADCClassD1Ev
00000b49   _ZN8ADCClass3ISREv
00000ce1   minit
00000d6b   free
00000f71   _ZN8PWMClass11setPWMWidthEj
00000fcd   _ZN8PWMClassD0Ev
00000fd5   _ZN8PWMClassD1Ev
00000fd7   _ZN8PWMClass20setOutputEnableStateEbbbbbb
0000107b   _ZN8PWMClass20setOutputInvertStateEbbbbbb
000010e7   GPIOPadConfigSet
00001217   _nop
00001219   SysCtlClockSet
00001309   _ZN10motorClassC1Ev
00001395   _ZN10motorClass5startEv
000013c5   _ZN10motorClassD1Ev
000013c7   _ZN10motorClassD0Ev
000013e9   main
00001485   __aeabi_memcpy
00001485   __aeabi_memcpy4
00001485   __aeabi_memcpy8
00001485   memcpy
00001521   __TI_auto_init
000015b5   _ZN15CommutatorClassD0Ev
000015bd   _ZN15CommutatorClassD1Ev
000015bf   _ZN15CommutatorClass15disableSwitchesEv
00001641   ADCSequenceStepConfigure
000016bb   _ZNSt9type_infoD1Ev
000016bd   _ZN10__cxxabiv129__pointer_to_member_type_infoD0Ev
000016c5   _ZN10__cxxabiv129__pointer_to_member_type_infoD1Ev
000016c7   _ZN10__cxxabiv117__pbase_type_infoD0Ev
000016cf   _ZN10__cxxabiv117__pbase_type_infoD1Ev
000016d1   _ZN10__cxxabiv121__vmi_class_type_infoD0Ev
000016d9   _ZN10__cxxabiv121__vmi_class_type_infoD1Ev
000016db   _ZN10__cxxabiv116__enum_type_infoD0Ev
000016e3   _ZN10__cxxabiv116__enum_type_infoD1Ev
000016e5   _ZN10__cxxabiv120__function_type_infoD0Ev
000016ed   _ZN10__cxxabiv120__function_type_infoD1Ev
000016ef   _ZN10__cxxabiv117__array_type_infoD0Ev
000016f7   _ZN10__cxxabiv117__array_type_infoD1Ev
000016f9   _ZN10__cxxabiv119__pointer_type_infoD0Ev
00001701   _ZN10__cxxabiv119__pointer_type_infoD1Ev
00001703   _ZN10__cxxabiv123__fundamental_type_infoD0Ev
0000170b   _ZN10__cxxabiv123__fundamental_type_infoD1Ev
0000170d   _ZN10__cxxabiv120__si_class_type_infoD0Ev
00001715   _ZN10__cxxabiv120__si_class_type_infoD1Ev
00001717   _ZN10__cxxabiv117__class_type_infoD0Ev
0000171f   _ZN10__cxxabiv117__class_type_infoD1Ev
00001721   _ZNSt9type_infoD0Ev
00001729   IntEnable
00001791   TimerConfigure
0000184f   ADCSequenceConfigure
00001941   GPIOPinConfigure
00001989   _c_int00
000019d1   copy_in
00001a15   C$$EXIT
00001a19   abort
00001a21   exit
00001a59   IntRegister
00001a8d   SysCtlPeripheralEnable
00001ac1   GPIODirModeSet
00001aeb   PWMGenConfigure
00001b0d   _ZN8LEDClassC1Ev
00001b1d   _ZN8LEDClassD0Ev
00001b25   _ZN8LEDClassD1Ev
00001b2d   ADCSequenceDataGet
00001b4b   PWMPulseWidthSet
00001b69   ADCIntRegister
00001b81   GPIOPinTypeGPIOOutput
00001b99   TimerIntRegister
00001bb1   _ZN8ADCClass10ISR1StaticEv
00001bb9   _ZN8ADCClass10ISR0StaticEv
00001bc9   _ZN26CommutationControllerClass10ISR1StaticEv
00001bd1   _ZN26CommutationControllerClass10ISR0StaticEv
00001be1   _args_main
00001bf9   SysCtlPWMClockSet
00001c0d   GPIOPinTypeADC
00001c1f   GPIOPinTypePWM
00001c31   PWMOutputInvert
00001c43   PWMOutputState
00001c55   TimerLoadSet
00001c67   __TI_zero_init
00001c79   ADCIntEnable
00001c89   PWMGenPeriodSet
00001c99   ADCIntDisable
00001ca7   ADCSequenceEnable
00001cb5   TimerEnable
00001cc3   __TI_decompress_none
00001cd1   PWMGenEnable
00001cdd   ResetISR
00001ce9   ADCIntClear
00001cf3   PWMGenIntTrigEnable
00001cfd   TimerIntDisable
00001d07   TimerLoadGet
00001d11   TimerValueGet
00001d1b   _ZN15ZCDetectorClassD0Ev
00001d23   _ZN15ZCDetectorClassD1Ev
00001d25   TimerIntEnable
00001d2d   _ZdlPv
00001d35   GPIOPinWrite
00001d3b   SysCtlDelay
00001d41   __TI_decompress_rle24
00001d47   PWMSyncTimeBase
00001d4b   PWMSyncUpdate
00001d4f   TimerIntClear
00001ef4   _ZTSN10__cxxabiv120__si_class_type_infoE
00001f19   _ZTSN10__cxxabiv117__class_type_infoE
00001f3b   _ZTS26CommutationControllerClass
00001f58   _ZTS15CommutatorClass
00001f6a   _ZTS15ZCDetectorClass
00001f7c   _ZTV10motorClass
00001f8c   _ZTV15CommutatorClass
00001f9c   _ZTV15ZCDetectorClass
00001fac   _ZTV26CommutationControllerClass
00001fbc   _ZTV8ADCClass
00001fcc   _ZTV8LEDClass
00001fdc   _ZTVN10__cxxabiv117__class_type_infoE
00001fec   _ZTVN10__cxxabiv120__si_class_type_infoE
00001ffc   _ZTS10motorClass
00002009   _ZTSSt9type_info
00002018   _ZTI15CommutatorClass
00002024   _ZTI26CommutationControllerClass
00002030   _ZTI8ADCClass
0000203c   _ZTIN10__cxxabiv117__class_type_infoE
00002048   _ZTIN10__cxxabiv120__si_class_type_infoE
00002054   _ZTS8ADCClass
0000205e   _ZTS8LEDClass
00002068   _ZTS8PWMClass
00002074   _ZTI10motorClass
0000207c   _ZTI15ZCDetectorClass
00002084   _ZTI8LEDClass
0000208c   _ZTI8PWMClass
00002094   _ZTISt9type_info
000020bc   __TI_Handler_Table_Base
000020c8   __TI_Handler_Table_Limit
000020d8   __TI_CINIT_Base
000020f0   __TI_CINIT_Limit
20000000   g_pfnRAMVectors
2000026c   __stack
2000046c   __STACK_TOP
20000a6c   __STACK_END
20000a78   _lock
20000a7c   _unlock
20000a80   __TI_cleanup_ptr
20000a84   __TI_dtors_ptr
20000a88   main_func_sp
20000a8c   ADC0
20000a90   ADC1
20000a94   CommTimer0
20000a98   CommTimer1
20000aa0   _sys_memory
ffffffff   __binit__
ffffffff   __c_args__
ffffffff   binit
UNDEFED    SHT$$INIT_ARRAY$$Base
UNDEFED    SHT$$INIT_ARRAY$$Limit

[168 symbols]
