<?xml version="1.0"?>
<link_info>
   <banner>TI ARM Linker PC v5.1.5</banner>
   <copyright>Copyright (c) 1996-2014 Texas Instruments Incorporated</copyright>
   <link_time>0x53c7e096</link_time>
   <link_errors>0x0</link_errors>
   <output_file>BLDC.out</output_file>
   <entry_point>
      <name>_c_int00</name>
      <address>0x2595</address>
   </entry_point>
   <input_file_list>
      <input_file id="fl-2">
         <path>.\src\</path>
         <kind>object</kind>
         <file>motor.obj</file>
         <name>motor.obj</name>
      </input_file>
      <input_file id="fl-3">
         <path>.\src\</path>
         <kind>object</kind>
         <file>main.obj</file>
         <name>main.obj</name>
      </input_file>
      <input_file id="fl-4">
         <path>.\src\</path>
         <kind>object</kind>
         <file>ZCDetector.obj</file>
         <name>ZCDetector.obj</name>
      </input_file>
      <input_file id="fl-5">
         <path>.\src\</path>
         <kind>object</kind>
         <file>PWM.obj</file>
         <name>PWM.obj</name>
      </input_file>
      <input_file id="fl-6">
         <path>.\src\</path>
         <kind>object</kind>
         <file>LED.obj</file>
         <name>LED.obj</name>
      </input_file>
      <input_file id="fl-7">
         <path>.\src\</path>
         <kind>object</kind>
         <file>Commutator.obj</file>
         <name>Commutator.obj</name>
      </input_file>
      <input_file id="fl-8">
         <path>.\src\</path>
         <kind>object</kind>
         <file>CommutationController.obj</file>
         <name>CommutationController.obj</name>
      </input_file>
      <input_file id="fl-9">
         <path>.\src\</path>
         <kind>object</kind>
         <file>ADC.obj</file>
         <name>ADC.obj</name>
      </input_file>
      <input_file id="fl-a">
         <path>.\</path>
         <kind>object</kind>
         <file>tm4c123ah6pm_startup_ccs.obj</file>
         <name>tm4c123ah6pm_startup_ccs.obj</name>
      </input_file>
      <input_file id="fl-138">
         <path>c:\ti\ccsv6\tools\compiler\arm_5.1.5\lib\</path>
         <kind>archive</kind>
         <file>rtsv7M4_T_le_v4SPD16_eabi.lib</file>
         <name>boot.obj</name>
      </input_file>
      <input_file id="fl-139">
         <path>c:\ti\ccsv6\tools\compiler\arm_5.1.5\lib\</path>
         <kind>archive</kind>
         <file>rtsv7M4_T_le_v4SPD16_eabi.lib</file>
         <name>copy_decompress_none.obj</name>
      </input_file>
      <input_file id="fl-13a">
         <path>c:\ti\ccsv6\tools\compiler\arm_5.1.5\lib\</path>
         <kind>archive</kind>
         <file>rtsv7M4_T_le_v4SPD16_eabi.lib</file>
         <name>copy_decompress_rle.obj</name>
      </input_file>
      <input_file id="fl-13b">
         <path>c:\ti\ccsv6\tools\compiler\arm_5.1.5\lib\</path>
         <kind>archive</kind>
         <file>rtsv7M4_T_le_v4SPD16_eabi.lib</file>
         <name>copy_zero_init.obj</name>
      </input_file>
      <input_file id="fl-13c">
         <path>c:\ti\ccsv6\tools\compiler\arm_5.1.5\lib\</path>
         <kind>archive</kind>
         <file>rtsv7M4_T_le_v4SPD16_eabi.lib</file>
         <name>delete.obj</name>
      </input_file>
      <input_file id="fl-13d">
         <path>c:\ti\ccsv6\tools\compiler\arm_5.1.5\lib\</path>
         <kind>archive</kind>
         <file>rtsv7M4_T_le_v4SPD16_eabi.lib</file>
         <name>exit.obj</name>
      </input_file>
      <input_file id="fl-13e">
         <path>c:\ti\ccsv6\tools\compiler\arm_5.1.5\lib\</path>
         <kind>archive</kind>
         <file>rtsv7M4_T_le_v4SPD16_eabi.lib</file>
         <name>memcpy_t2.obj</name>
      </input_file>
      <input_file id="fl-13f">
         <path>c:\ti\ccsv6\tools\compiler\arm_5.1.5\lib\</path>
         <kind>archive</kind>
         <file>rtsv7M4_T_le_v4SPD16_eabi.lib</file>
         <name>memory.obj</name>
      </input_file>
      <input_file id="fl-140">
         <path>c:\ti\ccsv6\tools\compiler\arm_5.1.5\lib\</path>
         <kind>archive</kind>
         <file>rtsv7M4_T_le_v4SPD16_eabi.lib</file>
         <name>stkdepth_vars.obj</name>
      </input_file>
      <input_file id="fl-141">
         <path>c:\ti\ccsv6\tools\compiler\arm_5.1.5\lib\</path>
         <kind>archive</kind>
         <file>rtsv7M4_T_le_v4SPD16_eabi.lib</file>
         <name>typeinfo_.obj</name>
      </input_file>
      <input_file id="fl-142">
         <path>c:\ti\ccsv6\tools\compiler\arm_5.1.5\lib\</path>
         <kind>archive</kind>
         <file>rtsv7M4_T_le_v4SPD16_eabi.lib</file>
         <name>_lock.obj</name>
      </input_file>
      <input_file id="fl-143">
         <path>c:\ti\ccsv6\tools\compiler\arm_5.1.5\lib\</path>
         <kind>archive</kind>
         <file>rtsv7M4_T_le_v4SPD16_eabi.lib</file>
         <name>args_main.obj</name>
      </input_file>
      <input_file id="fl-144">
         <path>c:\ti\ccsv6\tools\compiler\arm_5.1.5\lib\</path>
         <kind>archive</kind>
         <file>rtsv7M4_T_le_v4SPD16_eabi.lib</file>
         <name>auto_init.obj</name>
      </input_file>
      <input_file id="fl-145">
         <path>c:\ti\ccsv6\tools\compiler\arm_5.1.5\lib\</path>
         <kind>archive</kind>
         <file>rtsv7M4_T_le_v4SPD16_eabi.lib</file>
         <name>cpy_tbl.obj</name>
      </input_file>
      <input_file id="fl-146">
         <path>C:\ti\TivaWare_C_Series-2.1.0.12573\driverlib\ccs\Debug\</path>
         <kind>archive</kind>
         <file>driverlib.lib</file>
         <name>timer.obj</name>
      </input_file>
      <input_file id="fl-147">
         <path>C:\ti\TivaWare_C_Series-2.1.0.12573\driverlib\ccs\Debug\</path>
         <kind>archive</kind>
         <file>driverlib.lib</file>
         <name>sysctl.obj</name>
      </input_file>
      <input_file id="fl-148">
         <path>C:\ti\TivaWare_C_Series-2.1.0.12573\driverlib\ccs\Debug\</path>
         <kind>archive</kind>
         <file>driverlib.lib</file>
         <name>pwm.obj</name>
      </input_file>
      <input_file id="fl-149">
         <path>C:\ti\TivaWare_C_Series-2.1.0.12573\driverlib\ccs\Debug\</path>
         <kind>archive</kind>
         <file>driverlib.lib</file>
         <name>interrupt.obj</name>
      </input_file>
      <input_file id="fl-14a">
         <path>C:\ti\TivaWare_C_Series-2.1.0.12573\driverlib\ccs\Debug\</path>
         <kind>archive</kind>
         <file>driverlib.lib</file>
         <name>gpio.obj</name>
      </input_file>
      <input_file id="fl-14b">
         <path>C:\ti\TivaWare_C_Series-2.1.0.12573\driverlib\ccs\Debug\</path>
         <kind>archive</kind>
         <file>driverlib.lib</file>
         <name>cpu.obj</name>
      </input_file>
      <input_file id="fl-14c">
         <path>C:\ti\TivaWare_C_Series-2.1.0.12573\driverlib\ccs\Debug\</path>
         <kind>archive</kind>
         <file>driverlib.lib</file>
         <name>adc.obj</name>
      </input_file>
   </input_file_list>
   <object_component_list>
      <object_component id="oc-e">
         <name>.intvecs</name>
         <load_address>0x0</load_address>
         <run_address>0x0</run_address>
         <size>0x26c</size>
         <input_file_ref idref="fl-a"/>
      </object_component>
      <object_component id="oc-190">
         <name>.text</name>
         <load_address>0x26c</load_address>
         <run_address>0x26c</run_address>
         <size>0x804</size>
         <input_file_ref idref="fl-5"/>
      </object_component>
      <object_component id="oc-2e">
         <name>.text</name>
         <load_address>0xa70</load_address>
         <run_address>0xa70</run_address>
         <size>0x45a</size>
         <input_file_ref idref="fl-9"/>
      </object_component>
      <object_component id="oc-1a6">
         <name>.text</name>
         <load_address>0xecc</load_address>
         <run_address>0xecc</run_address>
         <size>0x3cc</size>
         <input_file_ref idref="fl-13f"/>
      </object_component>
      <object_component id="oc-24">
         <name>.text</name>
         <load_address>0x1298</load_address>
         <run_address>0x1298</run_address>
         <size>0x3ae</size>
         <input_file_ref idref="fl-8"/>
      </object_component>
      <object_component id="oc-76">
         <name>.text</name>
         <load_address>0x1646</load_address>
         <run_address>0x1646</run_address>
         <size>0x2f4</size>
         <input_file_ref idref="fl-7"/>
      </object_component>
      <object_component id="oc-1fb">
         <name>.text:GPIOPadConfigSet</name>
         <load_address>0x193a</load_address>
         <run_address>0x193a</run_address>
         <size>0x1fe</size>
         <input_file_ref idref="fl-14a"/>
      </object_component>
      <object_component id="oc-e4">
         <name>.text</name>
         <load_address>0x1b38</load_address>
         <run_address>0x1b38</run_address>
         <size>0x124</size>
         <input_file_ref idref="fl-6"/>
      </object_component>
      <object_component id="oc-21b">
         <name>.text:SysCtlClockSet</name>
         <load_address>0x1c5c</load_address>
         <run_address>0x1c5c</run_address>
         <size>0x108</size>
         <input_file_ref idref="fl-147"/>
      </object_component>
      <object_component id="oc-c0">
         <name>.text</name>
         <load_address>0x1d64</load_address>
         <run_address>0x1d64</run_address>
         <size>0xf2</size>
         <input_file_ref idref="fl-2"/>
      </object_component>
      <object_component id="oc-da">
         <name>.text</name>
         <load_address>0x1e56</load_address>
         <run_address>0x1e56</run_address>
         <size>0xee</size>
         <input_file_ref idref="fl-4"/>
      </object_component>
      <object_component id="oc-91">
         <name>.text:TimerIntRegister</name>
         <load_address>0x1f44</load_address>
         <run_address>0x1f44</run_address>
         <size>0xd0</size>
         <input_file_ref idref="fl-146"/>
      </object_component>
      <object_component id="oc-2f1">
         <name>.text</name>
         <load_address>0x2014</load_address>
         <run_address>0x2014</run_address>
         <size>0xbc</size>
         <input_file_ref idref="fl-141"/>
      </object_component>
      <object_component id="oc-53">
         <name>.text</name>
         <load_address>0x20d0</load_address>
         <run_address>0x20d0</run_address>
         <size>0x9c</size>
         <input_file_ref idref="fl-13e"/>
      </object_component>
      <object_component id="oc-42">
         <name>.text</name>
         <load_address>0x216c</load_address>
         <run_address>0x216c</run_address>
         <size>0x94</size>
         <input_file_ref idref="fl-144"/>
      </object_component>
      <object_component id="oc-10e">
         <name>.text:ADCSequenceStepConfigure</name>
         <load_address>0x2200</load_address>
         <run_address>0x2200</run_address>
         <size>0x7e</size>
         <input_file_ref idref="fl-14c"/>
      </object_component>
      <object_component id="oc-1b8">
         <name>.text:IntEnable</name>
         <load_address>0x227e</load_address>
         <run_address>0x227e</run_address>
         <size>0x7c</size>
         <input_file_ref idref="fl-149"/>
      </object_component>
      <object_component id="oc-140">
         <name>.text</name>
         <load_address>0x22fa</load_address>
         <run_address>0x22fa</run_address>
         <size>0x76</size>
         <input_file_ref idref="fl-3"/>
      </object_component>
      <object_component id="oc-8c">
         <name>.text:TimerConfigure</name>
         <load_address>0x2370</load_address>
         <run_address>0x2370</run_address>
         <size>0x6e</size>
         <input_file_ref idref="fl-146"/>
      </object_component>
      <object_component id="oc-fa">
         <name>.text:ADCIntRegister</name>
         <load_address>0x23de</load_address>
         <run_address>0x23de</run_address>
         <size>0x64</size>
         <input_file_ref idref="fl-14c"/>
      </object_component>
      <object_component id="oc-65">
         <name>.text</name>
         <load_address>0x2442</load_address>
         <run_address>0x2442</run_address>
         <size>0x5e</size>
         <input_file_ref idref="fl-13a"/>
      </object_component>
      <object_component id="oc-f5">
         <name>.text:ADCSequenceConfigure</name>
         <load_address>0x24a0</load_address>
         <run_address>0x24a0</run_address>
         <size>0x54</size>
         <input_file_ref idref="fl-14c"/>
      </object_component>
      <object_component id="oc-244">
         <name>.text:GPIOPinConfigure</name>
         <load_address>0x24f4</load_address>
         <run_address>0x24f4</run_address>
         <size>0x52</size>
         <input_file_ref idref="fl-14a"/>
      </object_component>
      <object_component id="oc-1b3">
         <name>.text:IntRegister</name>
         <load_address>0x2546</load_address>
         <run_address>0x2546</run_address>
         <size>0x4e</size>
         <input_file_ref idref="fl-149"/>
      </object_component>
      <object_component id="oc-10">
         <name>.text</name>
         <load_address>0x2594</load_address>
         <run_address>0x2594</run_address>
         <size>0x48</size>
         <input_file_ref idref="fl-138"/>
      </object_component>
      <object_component id="oc-13a">
         <name>.text</name>
         <load_address>0x25dc</load_address>
         <run_address>0x25dc</run_address>
         <size>0x44</size>
         <input_file_ref idref="fl-145"/>
      </object_component>
      <object_component id="oc-4b">
         <name>.text</name>
         <load_address>0x2620</load_address>
         <run_address>0x2620</run_address>
         <size>0x44</size>
         <input_file_ref idref="fl-13d"/>
      </object_component>
      <object_component id="oc-87">
         <name>.text:SysCtlPeripheralEnable</name>
         <load_address>0x2664</load_address>
         <run_address>0x2664</run_address>
         <size>0x34</size>
         <input_file_ref idref="fl-147"/>
      </object_component>
      <object_component id="oc-2d">
         <name>.text:retain</name>
         <load_address>0x2698</load_address>
         <run_address>0x2698</run_address>
         <size>0x30</size>
         <input_file_ref idref="fl-9"/>
      </object_component>
      <object_component id="oc-23">
         <name>.text:retain</name>
         <load_address>0x26c8</load_address>
         <run_address>0x26c8</run_address>
         <size>0x30</size>
         <input_file_ref idref="fl-8"/>
      </object_component>
      <object_component id="oc-253">
         <name>.text:PWMGenConfigure</name>
         <load_address>0x26f8</load_address>
         <run_address>0x26f8</run_address>
         <size>0x2c</size>
         <input_file_ref idref="fl-148"/>
      </object_component>
      <object_component id="oc-11a">
         <name>.text:ADCSequenceDataGet</name>
         <load_address>0x2724</load_address>
         <run_address>0x2724</run_address>
         <size>0x22</size>
         <input_file_ref idref="fl-14c"/>
      </object_component>
      <object_component id="oc-1ef">
         <name>.text:GPIOPinTypeGPIOOutput</name>
         <load_address>0x2746</load_address>
         <run_address>0x2746</run_address>
         <size>0x22</size>
         <input_file_ref idref="fl-14a"/>
      </object_component>
      <object_component id="oc-eb">
         <name>.text:GPIOPinTypeADC</name>
         <load_address>0x2768</load_address>
         <run_address>0x2768</run_address>
         <size>0x1e</size>
         <input_file_ref idref="fl-14a"/>
      </object_component>
      <object_component id="oc-23a">
         <name>.text:PWMPulseWidthSet</name>
         <load_address>0x2786</load_address>
         <run_address>0x2786</run_address>
         <size>0x1e</size>
         <input_file_ref idref="fl-148"/>
      </object_component>
      <object_component id="oc-249">
         <name>.text:GPIOPinTypePWM</name>
         <load_address>0x27a4</load_address>
         <run_address>0x27a4</run_address>
         <size>0x1c</size>
         <input_file_ref idref="fl-14a"/>
      </object_component>
      <object_component id="oc-46">
         <name>.text</name>
         <load_address>0x27c0</load_address>
         <run_address>0x27c0</run_address>
         <size>0x18</size>
         <input_file_ref idref="fl-143"/>
      </object_component>
      <object_component id="oc-26c">
         <name>.text:PWMOutputInvert</name>
         <load_address>0x27d8</load_address>
         <run_address>0x27d8</run_address>
         <size>0x16</size>
         <input_file_ref idref="fl-148"/>
      </object_component>
      <object_component id="oc-267">
         <name>.text:PWMOutputState</name>
         <load_address>0x27ee</load_address>
         <run_address>0x27ee</run_address>
         <size>0x16</size>
         <input_file_ref idref="fl-148"/>
      </object_component>
      <object_component id="oc-24e">
         <name>.text:SysCtlPWMClockSet</name>
         <load_address>0x2804</load_address>
         <run_address>0x2804</run_address>
         <size>0x14</size>
         <input_file_ref idref="fl-147"/>
      </object_component>
      <object_component id="oc-a0">
         <name>.text:TimerDisable</name>
         <load_address>0x2818</load_address>
         <run_address>0x2818</run_address>
         <size>0x14</size>
         <input_file_ref idref="fl-146"/>
      </object_component>
      <object_component id="oc-229">
         <name>.text</name>
         <load_address>0x282c</load_address>
         <run_address>0x282c</run_address>
         <size>0x14</size>
         <input_file_ref idref="fl-142"/>
      </object_component>
      <object_component id="oc-258">
         <name>.text:PWMGenPeriodSet</name>
         <load_address>0x2840</load_address>
         <run_address>0x2840</run_address>
         <size>0x12</size>
         <input_file_ref idref="fl-148"/>
      </object_component>
      <object_component id="oc-aa">
         <name>.text:TimerLoadSet</name>
         <load_address>0x2852</load_address>
         <run_address>0x2852</run_address>
         <size>0x12</size>
         <input_file_ref idref="fl-146"/>
      </object_component>
      <object_component id="oc-19">
         <name>.text:decompress:ZI</name>
         <load_address>0x2864</load_address>
         <run_address>0x2864</run_address>
         <size>0x12</size>
         <input_file_ref idref="fl-13b"/>
      </object_component>
      <object_component id="oc-104">
         <name>.text:ADCIntEnable</name>
         <load_address>0x2876</load_address>
         <run_address>0x2876</run_address>
         <size>0x10</size>
         <input_file_ref idref="fl-14c"/>
      </object_component>
      <object_component id="oc-109">
         <name>.text:ADCIntDisable</name>
         <load_address>0x2886</load_address>
         <run_address>0x2886</run_address>
         <size>0xe</size>
         <input_file_ref idref="fl-14c"/>
      </object_component>
      <object_component id="oc-ff">
         <name>.text:ADCSequenceEnable</name>
         <load_address>0x2894</load_address>
         <run_address>0x2894</run_address>
         <size>0xe</size>
         <input_file_ref idref="fl-14c"/>
      </object_component>
      <object_component id="oc-9b">
         <name>.text:TimerEnable</name>
         <load_address>0x28a2</load_address>
         <run_address>0x28a2</run_address>
         <size>0xe</size>
         <input_file_ref idref="fl-146"/>
      </object_component>
      <object_component id="oc-14">
         <name>.text:decompress:none</name>
         <load_address>0x28b0</load_address>
         <run_address>0x28b0</run_address>
         <size>0xe</size>
         <input_file_ref idref="fl-139"/>
      </object_component>
      <object_component id="oc-25d">
         <name>.text:PWMGenEnable</name>
         <load_address>0x28be</load_address>
         <run_address>0x28be</run_address>
         <size>0xc</size>
         <input_file_ref idref="fl-148"/>
      </object_component>
      <object_component id="oc-3a">
         <name>.text</name>
         <load_address>0x28ca</load_address>
         <run_address>0x28ca</run_address>
         <size>0xc</size>
         <input_file_ref idref="fl-a"/>
      </object_component>
      <object_component id="oc-115">
         <name>.text:ADCIntClear</name>
         <load_address>0x28d6</load_address>
         <run_address>0x28d6</run_address>
         <size>0xa</size>
         <input_file_ref idref="fl-14c"/>
      </object_component>
      <object_component id="oc-f0">
         <name>.text:PWMGenIntTrigEnable</name>
         <load_address>0x28e0</load_address>
         <run_address>0x28e0</run_address>
         <size>0xa</size>
         <input_file_ref idref="fl-148"/>
      </object_component>
      <object_component id="oc-96">
         <name>.text:TimerIntDisable</name>
         <load_address>0x28ea</load_address>
         <run_address>0x28ea</run_address>
         <size>0xa</size>
         <input_file_ref idref="fl-146"/>
      </object_component>
      <object_component id="oc-af">
         <name>.text:TimerLoadGet</name>
         <load_address>0x28f4</load_address>
         <run_address>0x28f4</run_address>
         <size>0xa</size>
         <input_file_ref idref="fl-146"/>
      </object_component>
      <object_component id="oc-b4">
         <name>.text:TimerValueGet</name>
         <load_address>0x28fe</load_address>
         <run_address>0x28fe</run_address>
         <size>0xa</size>
         <input_file_ref idref="fl-146"/>
      </object_component>
      <object_component id="oc-a5">
         <name>.text:TimerIntEnable</name>
         <load_address>0x2908</load_address>
         <run_address>0x2908</run_address>
         <size>0x8</size>
         <input_file_ref idref="fl-146"/>
      </object_component>
      <object_component id="oc-82">
         <name>.text</name>
         <load_address>0x2910</load_address>
         <run_address>0x2910</run_address>
         <size>0x8</size>
         <input_file_ref idref="fl-13c"/>
      </object_component>
      <object_component id="oc-1f4">
         <name>.text:GPIOPinWrite</name>
         <load_address>0x2918</load_address>
         <run_address>0x2918</run_address>
         <size>0x6</size>
         <input_file_ref idref="fl-14a"/>
      </object_component>
      <object_component id="oc-220">
         <name>.text:SysCtlDelay</name>
         <load_address>0x291e</load_address>
         <run_address>0x291e</run_address>
         <size>0x6</size>
         <input_file_ref idref="fl-147"/>
      </object_component>
      <object_component id="oc-1e">
         <name>.text:decompress:rle24</name>
         <load_address>0x2924</load_address>
         <run_address>0x2924</run_address>
         <size>0x6</size>
         <input_file_ref idref="fl-13a"/>
      </object_component>
      <object_component id="oc-262">
         <name>.text:PWMSyncTimeBase</name>
         <load_address>0x292a</load_address>
         <run_address>0x292a</run_address>
         <size>0x4</size>
         <input_file_ref idref="fl-148"/>
      </object_component>
      <object_component id="oc-23f">
         <name>.text:PWMSyncUpdate</name>
         <load_address>0x292e</load_address>
         <run_address>0x292e</run_address>
         <size>0x4</size>
         <input_file_ref idref="fl-148"/>
      </object_component>
      <object_component id="oc-bb">
         <name>.text:TimerIntClear</name>
         <load_address>0x2932</load_address>
         <run_address>0x2932</run_address>
         <size>0x4</size>
         <input_file_ref idref="fl-146"/>
      </object_component>
      <object_component id="oc-2da">
         <name>.const</name>
         <load_address>0x2938</load_address>
         <run_address>0x2938</run_address>
         <size>0x218</size>
         <input_file_ref idref="fl-14a"/>
      </object_component>
      <object_component id="oc-2a2">
         <name>.const</name>
         <load_address>0x2b50</load_address>
         <run_address>0x2b50</run_address>
         <size>0x10c</size>
         <input_file_ref idref="fl-149"/>
      </object_component>
      <object_component id="oc-1b1">
         <name>.const</name>
         <load_address>0x2c5c</load_address>
         <run_address>0x2c5c</run_address>
         <size>0xa8</size>
         <input_file_ref idref="fl-146"/>
      </object_component>
      <object_component id="oc-37d">
         <name>.const:.typeinfo:_ZTSN10__cxxabiv123__fundamental_type_infoE</name>
         <load_address>0x2d04</load_address>
         <run_address>0x2d04</run_address>
         <size>0x28</size>
         <input_file_ref idref="fl-141"/>
      </object_component>
      <object_component id="oc-31a">
         <name>.const:.typeinfo:_ZTSN10__cxxabiv120__si_class_type_infoE</name>
         <load_address>0x2d2c</load_address>
         <run_address>0x2d2c</run_address>
         <size>0x25</size>
         <input_file_ref idref="fl-141"/>
      </object_component>
      <object_component id="oc-369">
         <name>.const:.typeinfo:_ZTSN10__cxxabiv119__pointer_type_infoE</name>
         <load_address>0x2d51</load_address>
         <run_address>0x2d51</run_address>
         <size>0x24</size>
         <input_file_ref idref="fl-141"/>
      </object_component>
      <object_component id="oc-33c">
         <name>.const:.typeinfo:_ZTSN10__cxxabiv117__class_type_infoE</name>
         <load_address>0x2d75</load_address>
         <run_address>0x2d75</run_address>
         <size>0x22</size>
         <input_file_ref idref="fl-141"/>
      </object_component>
      <object_component id="oc-378">
         <name>.const:.typeinfo:_ZTSN10__cxxabiv117__pbase_type_infoE</name>
         <load_address>0x2d97</load_address>
         <run_address>0x2d97</run_address>
         <size>0x22</size>
         <input_file_ref idref="fl-141"/>
      </object_component>
      <object_component id="oc-289">
         <name>.const:.typeinfo:_ZTS26CommutationControllerClass</name>
         <load_address>0x2db9</load_address>
         <run_address>0x2db9</run_address>
         <size>0x1d</size>
         <input_file_ref idref="fl-8"/>
      </object_component>
      <object_component id="oc-2e7">
         <name>.const:.typeinfo:_ZTS15CommutatorClass</name>
         <load_address>0x2dd6</load_address>
         <run_address>0x2dd6</run_address>
         <size>0x12</size>
         <input_file_ref idref="fl-7"/>
      </object_component>
      <object_component id="oc-309">
         <name>.const:.typeinfo:_ZTS15ZCDetectorClass</name>
         <load_address>0x2de8</load_address>
         <run_address>0x2de8</run_address>
         <size>0x12</size>
         <input_file_ref idref="fl-4"/>
      </object_component>
      <object_component id="oc-364">
         <name>.const:.typeinfo:_ZTSe</name>
         <load_address>0x2dfa</load_address>
         <run_address>0x2dfa</run_address>
         <size>0x2</size>
         <input_file_ref idref="fl-141"/>
      </object_component>
      <object_component id="oc-325">
         <name>.const:.typeinfo:_ZTIPKe</name>
         <load_address>0x2dfc</load_address>
         <run_address>0x2dfc</run_address>
         <size>0x10</size>
         <input_file_ref idref="fl-141"/>
      </object_component>
      <object_component id="oc-1c6">
         <name>.const:_ZTV10motorClass</name>
         <load_address>0x2e0c</load_address>
         <run_address>0x2e0c</run_address>
         <size>0x10</size>
         <input_file_ref idref="fl-2"/>
      </object_component>
      <object_component id="oc-195">
         <name>.const:_ZTV15CommutatorClass</name>
         <load_address>0x2e1c</load_address>
         <run_address>0x2e1c</run_address>
         <size>0x10</size>
         <input_file_ref idref="fl-7"/>
      </object_component>
      <object_component id="oc-1de">
         <name>.const:_ZTV15ZCDetectorClass</name>
         <load_address>0x2e2c</load_address>
         <run_address>0x2e2c</run_address>
         <size>0x10</size>
         <input_file_ref idref="fl-4"/>
      </object_component>
      <object_component id="oc-7b">
         <name>.const:_ZTV26CommutationControllerClass</name>
         <load_address>0x2e3c</load_address>
         <run_address>0x2e3c</run_address>
         <size>0x10</size>
         <input_file_ref idref="fl-8"/>
      </object_component>
      <object_component id="oc-df">
         <name>.const:_ZTV8ADCClass</name>
         <load_address>0x2e4c</load_address>
         <run_address>0x2e4c</run_address>
         <size>0x10</size>
         <input_file_ref idref="fl-9"/>
      </object_component>
      <object_component id="oc-1ea">
         <name>.const:_ZTV8LEDClass</name>
         <load_address>0x2e5c</load_address>
         <run_address>0x2e5c</run_address>
         <size>0x10</size>
         <input_file_ref idref="fl-6"/>
      </object_component>
      <object_component id="oc-235">
         <name>.const:_ZTV8PWMClass</name>
         <load_address>0x2e6c</load_address>
         <run_address>0x2e6c</run_address>
         <size>0x10</size>
         <input_file_ref idref="fl-5"/>
      </object_component>
      <object_component id="oc-2ff">
         <name>.const:_ZTVN10__cxxabiv117__class_type_infoE</name>
         <load_address>0x2e7c</load_address>
         <run_address>0x2e7c</run_address>
         <size>0x10</size>
         <input_file_ref idref="fl-141"/>
      </object_component>
      <object_component id="oc-346">
         <name>.const:_ZTVN10__cxxabiv119__pointer_type_infoE</name>
         <load_address>0x2e8c</load_address>
         <run_address>0x2e8c</run_address>
         <size>0x10</size>
         <input_file_ref idref="fl-141"/>
      </object_component>
      <object_component id="oc-284">
         <name>.const:_ZTVN10__cxxabiv120__si_class_type_infoE</name>
         <load_address>0x2e9c</load_address>
         <run_address>0x2e9c</run_address>
         <size>0x10</size>
         <input_file_ref idref="fl-141"/>
      </object_component>
      <object_component id="oc-35f">
         <name>.const:_ZTVN10__cxxabiv123__fundamental_type_infoE</name>
         <load_address>0x2eac</load_address>
         <run_address>0x2eac</run_address>
         <size>0x10</size>
         <input_file_ref idref="fl-141"/>
      </object_component>
      <object_component id="oc-304">
         <name>.const:.typeinfo:_ZTS10motorClass</name>
         <load_address>0x2ebc</load_address>
         <run_address>0x2ebc</run_address>
         <size>0xd</size>
         <input_file_ref idref="fl-2"/>
      </object_component>
      <object_component id="oc-355">
         <name>.const:.typeinfo:_ZTSSt9type_info</name>
         <load_address>0x2ec9</load_address>
         <run_address>0x2ec9</run_address>
         <size>0xd</size>
         <input_file_ref idref="fl-141"/>
      </object_component>
      <object_component id="oc-273">
         <name>.const:.typeinfo:_ZTI15CommutatorClass</name>
         <load_address>0x2ed8</load_address>
         <run_address>0x2ed8</run_address>
         <size>0xc</size>
         <input_file_ref idref="fl-7"/>
      </object_component>
      <object_component id="oc-1a1">
         <name>.const:.typeinfo:_ZTI26CommutationControllerClass</name>
         <load_address>0x2ee4</load_address>
         <run_address>0x2ee4</run_address>
         <size>0xc</size>
         <input_file_ref idref="fl-8"/>
      </object_component>
      <object_component id="oc-1e5">
         <name>.const:.typeinfo:_ZTI8ADCClass</name>
         <load_address>0x2ef0</load_address>
         <run_address>0x2ef0</run_address>
         <size>0xc</size>
         <input_file_ref idref="fl-9"/>
      </object_component>
      <object_component id="oc-31f">
         <name>.const:.typeinfo:_ZTIN10__cxxabiv117__class_type_infoE</name>
         <load_address>0x2efc</load_address>
         <run_address>0x2efc</run_address>
         <size>0xc</size>
         <input_file_ref idref="fl-141"/>
      </object_component>
      <object_component id="oc-36e">
         <name>.const:.typeinfo:_ZTIN10__cxxabiv117__pbase_type_infoE</name>
         <load_address>0x2f08</load_address>
         <run_address>0x2f08</run_address>
         <size>0xc</size>
         <input_file_ref idref="fl-141"/>
      </object_component>
      <object_component id="oc-35a">
         <name>.const:.typeinfo:_ZTIN10__cxxabiv119__pointer_type_infoE</name>
         <load_address>0x2f14</load_address>
         <run_address>0x2f14</run_address>
         <size>0xc</size>
         <input_file_ref idref="fl-141"/>
      </object_component>
      <object_component id="oc-2ec">
         <name>.const:.typeinfo:_ZTIN10__cxxabiv120__si_class_type_infoE</name>
         <load_address>0x2f20</load_address>
         <run_address>0x2f20</run_address>
         <size>0xc</size>
         <input_file_ref idref="fl-141"/>
      </object_component>
      <object_component id="oc-373">
         <name>.const:.typeinfo:_ZTIN10__cxxabiv123__fundamental_type_infoE</name>
         <load_address>0x2f2c</load_address>
         <run_address>0x2f2c</run_address>
         <size>0xc</size>
         <input_file_ref idref="fl-141"/>
      </object_component>
      <object_component id="oc-2b3">
         <name>.const:.typeinfo:_ZTS8ADCClass</name>
         <load_address>0x2f38</load_address>
         <run_address>0x2f38</run_address>
         <size>0xa</size>
         <input_file_ref idref="fl-9"/>
      </object_component>
      <object_component id="oc-30e">
         <name>.const:.typeinfo:_ZTS8LEDClass</name>
         <load_address>0x2f42</load_address>
         <run_address>0x2f42</run_address>
         <size>0xa</size>
         <input_file_ref idref="fl-6"/>
      </object_component>
      <object_component id="oc-313">
         <name>.const:.typeinfo:_ZTS8PWMClass</name>
         <load_address>0x2f4c</load_address>
         <run_address>0x2f4c</run_address>
         <size>0xa</size>
         <input_file_ref idref="fl-5"/>
      </object_component>
      <object_component id="oc-2a5">
         <name>.const:.typeinfo:_ZTI10motorClass</name>
         <load_address>0x2f58</load_address>
         <run_address>0x2f58</run_address>
         <size>0x8</size>
         <input_file_ref idref="fl-2"/>
      </object_component>
      <object_component id="oc-2ac">
         <name>.const:.typeinfo:_ZTI15ZCDetectorClass</name>
         <load_address>0x2f60</load_address>
         <run_address>0x2f60</run_address>
         <size>0x8</size>
         <input_file_ref idref="fl-4"/>
      </object_component>
      <object_component id="oc-2b8">
         <name>.const:.typeinfo:_ZTI8LEDClass</name>
         <load_address>0x2f68</load_address>
         <run_address>0x2f68</run_address>
         <size>0x8</size>
         <input_file_ref idref="fl-6"/>
      </object_component>
      <object_component id="oc-2d3">
         <name>.const:.typeinfo:_ZTI8PWMClass</name>
         <load_address>0x2f70</load_address>
         <run_address>0x2f70</run_address>
         <size>0x8</size>
         <input_file_ref idref="fl-5"/>
      </object_component>
      <object_component id="oc-341">
         <name>.const:.typeinfo:_ZTISt9type_info</name>
         <load_address>0x2f78</load_address>
         <run_address>0x2f78</run_address>
         <size>0x8</size>
         <input_file_ref idref="fl-141"/>
      </object_component>
      <object_component id="oc-350">
         <name>.const:.typeinfo:_ZTIe</name>
         <load_address>0x2f80</load_address>
         <run_address>0x2f80</run_address>
         <size>0x8</size>
         <input_file_ref idref="fl-141"/>
      </object_component>
      <object_component id="oc-34b">
         <name>.const:.typeinfo:_ZTSPKe</name>
         <load_address>0x2f88</load_address>
         <run_address>0x2f88</run_address>
         <size>0x4</size>
         <input_file_ref idref="fl-141"/>
      </object_component>
      <object_component id="oc-3a1">
         <name>.cinit..data.load</name>
         <load_address>0x2f90</load_address>
         <run_address>0x2f90</run_address>
         <size>0x1b</size>
      </object_component>
      <object_component id="oc-39e">
         <name>__TI_handler_table</name>
         <load_address>0x2fac</load_address>
         <run_address>0x2fac</run_address>
         <size>0xc</size>
      </object_component>
      <object_component id="oc-3a2">
         <name>.cinit..bss.load</name>
         <load_address>0x2fb8</load_address>
         <run_address>0x2fb8</run_address>
         <size>0x8</size>
      </object_component>
      <object_component id="oc-3a0">
         <name>.cinit..vtable.load</name>
         <load_address>0x2fc0</load_address>
         <run_address>0x2fc0</run_address>
         <size>0x8</size>
      </object_component>
      <object_component id="oc-39f">
         <name>__TI_cinit_table</name>
         <load_address>0x2fc8</load_address>
         <run_address>0x2fc8</run_address>
         <size>0x18</size>
      </object_component>
      <object_component id="oc-29e">
         <name>.vtable</name>
         <uninitialized>true</uninitialized>
         <run_address>0x20000000</run_address>
         <size>0x26c</size>
         <input_file_ref idref="fl-149"/>
      </object_component>
      <object_component id="oc-50">
         <name>.data</name>
         <load_address>0x20000a88</load_address>
         <run_address>0x20000a88</run_address>
         <size>0x4</size>
         <input_file_ref idref="fl-140"/>
      </object_component>
      <object_component id="oc-147">
         <name>.data</name>
         <load_address>0x20000a78</load_address>
         <run_address>0x20000a78</run_address>
         <size>0x8</size>
         <input_file_ref idref="fl-142"/>
      </object_component>
      <object_component id="oc-149">
         <name>.data</name>
         <load_address>0x20000a80</load_address>
         <run_address>0x20000a80</run_address>
         <size>0x8</size>
         <input_file_ref idref="fl-13d"/>
      </object_component>
      <object_component id="oc-28e">
         <name>.data</name>
         <load_address>0x20000a6c</load_address>
         <run_address>0x20000a6c</run_address>
         <size>0xc</size>
         <input_file_ref idref="fl-13f"/>
      </object_component>
      <object_component id="oc-c7">
         <name>.common:CommTimer0</name>
         <uninitialized>true</uninitialized>
         <run_address>0x20000a94</run_address>
         <size>0x4</size>
      </object_component>
      <object_component id="oc-c8">
         <name>.common:CommTimer1</name>
         <uninitialized>true</uninitialized>
         <run_address>0x20000a98</run_address>
         <size>0x4</size>
      </object_component>
      <object_component id="oc-121">
         <name>.common:ADC0</name>
         <uninitialized>true</uninitialized>
         <run_address>0x20000a8c</run_address>
         <size>0x4</size>
      </object_component>
      <object_component id="oc-122">
         <name>.common:ADC1</name>
         <uninitialized>true</uninitialized>
         <run_address>0x20000a90</run_address>
         <size>0x4</size>
      </object_component>
      <object_component id="oc-324">
         <name>.common:_ZSt16__dummy_typeinfo</name>
         <uninitialized>true</uninitialized>
         <run_address>0x20000a9c</run_address>
         <size>0x4</size>
      </object_component>
      <object_component id="oc-38">
         <name>.sysmem</name>
         <uninitialized>true</uninitialized>
         <run_address>0x20000aa0</run_address>
         <size>0x8</size>
         <input_file_ref idref="fl-13f"/>
      </object_component>
      <object_component id="oc-3a4">
         <name>.sysmem</name>
         <uninitialized>true</uninitialized>
         <run_address>0x20000aa0</run_address>
         <size>0x0</size>
      </object_component>
      <object_component id="oc-37">
         <name>.stack</name>
         <uninitialized>true</uninitialized>
         <run_address>0x2000026c</run_address>
         <size>0x0</size>
         <input_file_ref idref="fl-138"/>
      </object_component>
      <object_component id="oc-3a3">
         <name>.stack</name>
         <uninitialized>true</uninitialized>
         <run_address>0x2000026c</run_address>
         <size>0x0</size>
      </object_component>
      <object_component id="oc-f">
         <name>.debug_info</name>
         <load_address>0x0</load_address>
         <run_address>0x0</run_address>
         <size>0xf3</size>
         <input_file_ref idref="fl-a"/>
      </object_component>
      <object_component id="oc-13">
         <name>.debug_info</name>
         <load_address>0xf3</load_address>
         <run_address>0xf3</run_address>
         <size>0xf3</size>
         <input_file_ref idref="fl-138"/>
      </object_component>
      <object_component id="oc-18">
         <name>.debug_info</name>
         <load_address>0x1e6</load_address>
         <run_address>0x1e6</run_address>
         <size>0x194</size>
         <input_file_ref idref="fl-139"/>
      </object_component>
      <object_component id="oc-1d">
         <name>.debug_info</name>
         <load_address>0x37a</load_address>
         <run_address>0x37a</run_address>
         <size>0x16a</size>
         <input_file_ref idref="fl-13b"/>
      </object_component>
      <object_component id="oc-22">
         <name>.debug_info</name>
         <load_address>0x4e4</load_address>
         <run_address>0x4e4</run_address>
         <size>0x18e</size>
         <input_file_ref idref="fl-13a"/>
      </object_component>
      <object_component id="oc-25">
         <name>.debug_info</name>
         <load_address>0x672</load_address>
         <run_address>0x672</run_address>
         <size>0x12e1</size>
         <input_file_ref idref="fl-8"/>
      </object_component>
      <object_component id="oc-29">
         <name>.debug_info</name>
         <load_address>0x1953</load_address>
         <run_address>0x1953</run_address>
         <size>0x265</size>
         <input_file_ref idref="fl-8"/>
      </object_component>
      <object_component id="oc-2f">
         <name>.debug_info</name>
         <load_address>0x1bb8</load_address>
         <run_address>0x1bb8</run_address>
         <size>0xea3</size>
         <input_file_ref idref="fl-9"/>
      </object_component>
      <object_component id="oc-33">
         <name>.debug_info</name>
         <load_address>0x2a5b</load_address>
         <run_address>0x2a5b</run_address>
         <size>0x1bf</size>
         <input_file_ref idref="fl-9"/>
      </object_component>
      <object_component id="oc-39">
         <name>.debug_info</name>
         <load_address>0x2c1a</load_address>
         <run_address>0x2c1a</run_address>
         <size>0xb6</size>
         <input_file_ref idref="fl-13f"/>
      </object_component>
      <object_component id="oc-3b">
         <name>.debug_info</name>
         <load_address>0x2cd0</load_address>
         <run_address>0x2cd0</run_address>
         <size>0x26f</size>
         <input_file_ref idref="fl-a"/>
      </object_component>
      <object_component id="oc-41">
         <name>.debug_info</name>
         <load_address>0x2f3f</load_address>
         <run_address>0x2f3f</run_address>
         <size>0x10e</size>
         <input_file_ref idref="fl-a"/>
      </object_component>
      <object_component id="oc-45">
         <name>.debug_info</name>
         <load_address>0x304d</load_address>
         <run_address>0x304d</run_address>
         <size>0x13d</size>
         <input_file_ref idref="fl-144"/>
      </object_component>
      <object_component id="oc-47">
         <name>.debug_info</name>
         <load_address>0x318a</load_address>
         <run_address>0x318a</run_address>
         <size>0x11c</size>
         <input_file_ref idref="fl-143"/>
      </object_component>
      <object_component id="oc-4e">
         <name>.debug_info</name>
         <load_address>0x32a6</load_address>
         <run_address>0x32a6</run_address>
         <size>0x1c2</size>
         <input_file_ref idref="fl-13d"/>
      </object_component>
      <object_component id="oc-51">
         <name>.debug_info</name>
         <load_address>0x3468</load_address>
         <run_address>0x3468</run_address>
         <size>0xbe</size>
         <input_file_ref idref="fl-140"/>
      </object_component>
      <object_component id="oc-55">
         <name>.debug_info</name>
         <load_address>0x3526</load_address>
         <run_address>0x3526</run_address>
         <size>0xcc</size>
         <input_file_ref idref="fl-13e"/>
      </object_component>
      <object_component id="oc-58">
         <name>.debug_info</name>
         <load_address>0x35f2</load_address>
         <run_address>0x35f2</run_address>
         <size>0x46</size>
         <input_file_ref idref="fl-139"/>
      </object_component>
      <object_component id="oc-5d">
         <name>.debug_info</name>
         <load_address>0x3638</load_address>
         <run_address>0x3638</run_address>
         <size>0xf2</size>
         <input_file_ref idref="fl-139"/>
      </object_component>
      <object_component id="oc-5f">
         <name>.debug_info</name>
         <load_address>0x372a</load_address>
         <run_address>0x372a</run_address>
         <size>0x46</size>
         <input_file_ref idref="fl-13b"/>
      </object_component>
      <object_component id="oc-64">
         <name>.debug_info</name>
         <load_address>0x3770</load_address>
         <run_address>0x3770</run_address>
         <size>0xad</size>
         <input_file_ref idref="fl-13b"/>
      </object_component>
      <object_component id="oc-69">
         <name>.debug_info</name>
         <load_address>0x381d</load_address>
         <run_address>0x381d</run_address>
         <size>0x1ef</size>
         <input_file_ref idref="fl-13a"/>
      </object_component>
      <object_component id="oc-6b">
         <name>.debug_info</name>
         <load_address>0x3a0c</load_address>
         <run_address>0x3a0c</run_address>
         <size>0xb7</size>
         <input_file_ref idref="fl-13a"/>
      </object_component>
      <object_component id="oc-6c">
         <name>.debug_info</name>
         <load_address>0x3ac3</load_address>
         <run_address>0x3ac3</run_address>
         <size>0x39</size>
         <input_file_ref idref="fl-13a"/>
      </object_component>
      <object_component id="oc-72">
         <name>.debug_info</name>
         <load_address>0x3afc</load_address>
         <run_address>0x3afc</run_address>
         <size>0xe43</size>
         <input_file_ref idref="fl-8"/>
      </object_component>
      <object_component id="oc-77">
         <name>.debug_info</name>
         <load_address>0x493f</load_address>
         <run_address>0x493f</run_address>
         <size>0xa33</size>
         <input_file_ref idref="fl-7"/>
      </object_component>
      <object_component id="oc-7c">
         <name>.debug_info</name>
         <load_address>0x5372</load_address>
         <run_address>0x5372</run_address>
         <size>0x133</size>
         <input_file_ref idref="fl-8"/>
      </object_component>
      <object_component id="oc-84">
         <name>.debug_info</name>
         <load_address>0x54a5</load_address>
         <run_address>0x54a5</run_address>
         <size>0x119</size>
         <input_file_ref idref="fl-13c"/>
      </object_component>
      <object_component id="oc-88">
         <name>.debug_info</name>
         <load_address>0x55be</load_address>
         <run_address>0x55be</run_address>
         <size>0x1e9</size>
         <input_file_ref idref="fl-147"/>
      </object_component>
      <object_component id="oc-8d">
         <name>.debug_info</name>
         <load_address>0x57a7</load_address>
         <run_address>0x57a7</run_address>
         <size>0x1fe</size>
         <input_file_ref idref="fl-146"/>
      </object_component>
      <object_component id="oc-92">
         <name>.debug_info</name>
         <load_address>0x59a5</load_address>
         <run_address>0x59a5</run_address>
         <size>0x2d5</size>
         <input_file_ref idref="fl-146"/>
      </object_component>
      <object_component id="oc-97">
         <name>.debug_info</name>
         <load_address>0x5c7a</load_address>
         <run_address>0x5c7a</run_address>
         <size>0x202</size>
         <input_file_ref idref="fl-146"/>
      </object_component>
      <object_component id="oc-9c">
         <name>.debug_info</name>
         <load_address>0x5e7c</load_address>
         <run_address>0x5e7c</run_address>
         <size>0x1eb</size>
         <input_file_ref idref="fl-146"/>
      </object_component>
      <object_component id="oc-a1">
         <name>.debug_info</name>
         <load_address>0x6067</load_address>
         <run_address>0x6067</run_address>
         <size>0x1ed</size>
         <input_file_ref idref="fl-146"/>
      </object_component>
      <object_component id="oc-a6">
         <name>.debug_info</name>
         <load_address>0x6254</load_address>
         <run_address>0x6254</run_address>
         <size>0x200</size>
         <input_file_ref idref="fl-146"/>
      </object_component>
      <object_component id="oc-ab">
         <name>.debug_info</name>
         <load_address>0x6454</load_address>
         <run_address>0x6454</run_address>
         <size>0x226</size>
         <input_file_ref idref="fl-146"/>
      </object_component>
      <object_component id="oc-b0">
         <name>.debug_info</name>
         <load_address>0x667a</load_address>
         <run_address>0x667a</run_address>
         <size>0x1f4</size>
         <input_file_ref idref="fl-146"/>
      </object_component>
      <object_component id="oc-b5">
         <name>.debug_info</name>
         <load_address>0x686e</load_address>
         <run_address>0x686e</run_address>
         <size>0x1f6</size>
         <input_file_ref idref="fl-146"/>
      </object_component>
      <object_component id="oc-bc">
         <name>.debug_info</name>
         <load_address>0x6a64</load_address>
         <run_address>0x6a64</run_address>
         <size>0x1fe</size>
         <input_file_ref idref="fl-146"/>
      </object_component>
      <object_component id="oc-c1">
         <name>.debug_info</name>
         <load_address>0x6c62</load_address>
         <run_address>0x6c62</run_address>
         <size>0x77b</size>
         <input_file_ref idref="fl-2"/>
      </object_component>
      <object_component id="oc-ca">
         <name>.debug_info</name>
         <load_address>0x73dd</load_address>
         <run_address>0x73dd</run_address>
         <size>0x1dd</size>
         <input_file_ref idref="fl-2"/>
      </object_component>
      <object_component id="oc-cf">
         <name>.debug_info</name>
         <load_address>0x75ba</load_address>
         <run_address>0x75ba</run_address>
         <size>0x18b</size>
         <input_file_ref idref="fl-2"/>
      </object_component>
      <object_component id="oc-d6">
         <name>.debug_info</name>
         <load_address>0x7745</load_address>
         <run_address>0x7745</run_address>
         <size>0xeb7</size>
         <input_file_ref idref="fl-9"/>
      </object_component>
      <object_component id="oc-db">
         <name>.debug_info</name>
         <load_address>0x85fc</load_address>
         <run_address>0x85fc</run_address>
         <size>0x47e</size>
         <input_file_ref idref="fl-4"/>
      </object_component>
      <object_component id="oc-e0">
         <name>.debug_info</name>
         <load_address>0x8a7a</load_address>
         <run_address>0x8a7a</run_address>
         <size>0xfc</size>
         <input_file_ref idref="fl-9"/>
      </object_component>
      <object_component id="oc-e5">
         <name>.debug_info</name>
         <load_address>0x8b76</load_address>
         <run_address>0x8b76</run_address>
         <size>0x62a</size>
         <input_file_ref idref="fl-6"/>
      </object_component>
      <object_component id="oc-ec">
         <name>.debug_info</name>
         <load_address>0x91a0</load_address>
         <run_address>0x91a0</run_address>
         <size>0x1fb</size>
         <input_file_ref idref="fl-14a"/>
      </object_component>
      <object_component id="oc-f2">
         <name>.debug_info</name>
         <load_address>0x939b</load_address>
         <run_address>0x939b</run_address>
         <size>0x22e</size>
         <input_file_ref idref="fl-148"/>
      </object_component>
      <object_component id="oc-f6">
         <name>.debug_info</name>
         <load_address>0x95c9</load_address>
         <run_address>0x95c9</run_address>
         <size>0x292</size>
         <input_file_ref idref="fl-14c"/>
      </object_component>
      <object_component id="oc-fb">
         <name>.debug_info</name>
         <load_address>0x985b</load_address>
         <run_address>0x985b</run_address>
         <size>0x274</size>
         <input_file_ref idref="fl-14c"/>
      </object_component>
      <object_component id="oc-100">
         <name>.debug_info</name>
         <load_address>0x9acf</load_address>
         <run_address>0x9acf</run_address>
         <size>0x20c</size>
         <input_file_ref idref="fl-14c"/>
      </object_component>
      <object_component id="oc-105">
         <name>.debug_info</name>
         <load_address>0x9cdb</load_address>
         <run_address>0x9cdb</run_address>
         <size>0x202</size>
         <input_file_ref idref="fl-14c"/>
      </object_component>
      <object_component id="oc-10a">
         <name>.debug_info</name>
         <load_address>0x9edd</load_address>
         <run_address>0x9edd</run_address>
         <size>0x201</size>
         <input_file_ref idref="fl-14c"/>
      </object_component>
      <object_component id="oc-10f">
         <name>.debug_info</name>
         <load_address>0xa0de</load_address>
         <run_address>0xa0de</run_address>
         <size>0x2a5</size>
         <input_file_ref idref="fl-14c"/>
      </object_component>
      <object_component id="oc-116">
         <name>.debug_info</name>
         <load_address>0xa383</load_address>
         <run_address>0xa383</run_address>
         <size>0x200</size>
         <input_file_ref idref="fl-14c"/>
      </object_component>
      <object_component id="oc-11b">
         <name>.debug_info</name>
         <load_address>0xa583</load_address>
         <run_address>0xa583</run_address>
         <size>0x26b</size>
         <input_file_ref idref="fl-14c"/>
      </object_component>
      <object_component id="oc-124">
         <name>.debug_info</name>
         <load_address>0xa7ee</load_address>
         <run_address>0xa7ee</run_address>
         <size>0x32f</size>
         <input_file_ref idref="fl-9"/>
      </object_component>
      <object_component id="oc-12c">
         <name>.debug_info</name>
         <load_address>0xab1d</load_address>
         <run_address>0xab1d</run_address>
         <size>0x1d7</size>
         <input_file_ref idref="fl-13f"/>
      </object_component>
      <object_component id="oc-130">
         <name>.debug_info</name>
         <load_address>0xacf4</load_address>
         <run_address>0xacf4</run_address>
         <size>0x84</size>
         <input_file_ref idref="fl-6"/>
      </object_component>
      <object_component id="oc-135">
         <name>.debug_info</name>
         <load_address>0xad78</load_address>
         <run_address>0xad78</run_address>
         <size>0x18b</size>
         <input_file_ref idref="fl-a"/>
      </object_component>
      <object_component id="oc-13b">
         <name>.debug_info</name>
         <load_address>0xaf03</load_address>
         <run_address>0xaf03</run_address>
         <size>0x14b</size>
         <input_file_ref idref="fl-145"/>
      </object_component>
      <object_component id="oc-141">
         <name>.debug_info</name>
         <load_address>0xb04e</load_address>
         <run_address>0xb04e</run_address>
         <size>0x2aa</size>
         <input_file_ref idref="fl-3"/>
      </object_component>
      <object_component id="oc-146">
         <name>.debug_info</name>
         <load_address>0xb2f8</load_address>
         <run_address>0xb2f8</run_address>
         <size>0x11b</size>
         <input_file_ref idref="fl-143"/>
      </object_component>
      <object_component id="oc-148">
         <name>.debug_info</name>
         <load_address>0xb413</load_address>
         <run_address>0xb413</run_address>
         <size>0xc8</size>
         <input_file_ref idref="fl-142"/>
      </object_component>
      <object_component id="oc-14a">
         <name>.debug_info</name>
         <load_address>0xb4db</load_address>
         <run_address>0xb4db</run_address>
         <size>0xeb</size>
         <input_file_ref idref="fl-13d"/>
      </object_component>
      <object_component id="oc-14c">
         <name>.debug_info</name>
         <load_address>0xb5c6</load_address>
         <run_address>0xb5c6</run_address>
         <size>0x146</size>
         <input_file_ref idref="fl-13d"/>
      </object_component>
      <object_component id="oc-150">
         <name>.debug_info</name>
         <load_address>0xb70c</load_address>
         <run_address>0xb70c</run_address>
         <size>0x2c</size>
         <input_file_ref idref="fl-139"/>
      </object_component>
      <object_component id="oc-157">
         <name>.debug_info</name>
         <load_address>0xb738</load_address>
         <run_address>0xb738</run_address>
         <size>0x2c</size>
         <input_file_ref idref="fl-13b"/>
      </object_component>
      <object_component id="oc-163">
         <name>.debug_info</name>
         <load_address>0xb764</load_address>
         <run_address>0xb764</run_address>
         <size>0x8b</size>
         <input_file_ref idref="fl-2"/>
      </object_component>
      <object_component id="oc-168">
         <name>.debug_info</name>
         <load_address>0xb7ef</load_address>
         <run_address>0xb7ef</run_address>
         <size>0x32f</size>
         <input_file_ref idref="fl-2"/>
      </object_component>
      <object_component id="oc-16d">
         <name>.debug_info</name>
         <load_address>0xbb1e</load_address>
         <run_address>0xbb1e</run_address>
         <size>0x102</size>
         <input_file_ref idref="fl-2"/>
      </object_component>
      <object_component id="oc-172">
         <name>.debug_info</name>
         <load_address>0xbc20</load_address>
         <run_address>0xbc20</run_address>
         <size>0x125</size>
         <input_file_ref idref="fl-2"/>
      </object_component>
      <object_component id="oc-177">
         <name>.debug_info</name>
         <load_address>0xbd45</load_address>
         <run_address>0xbd45</run_address>
         <size>0x424</size>
         <input_file_ref idref="fl-2"/>
      </object_component>
      <object_component id="oc-17c">
         <name>.debug_info</name>
         <load_address>0xc169</load_address>
         <run_address>0xc169</run_address>
         <size>0x111</size>
         <input_file_ref idref="fl-2"/>
      </object_component>
      <object_component id="oc-181">
         <name>.debug_info</name>
         <load_address>0xc27a</load_address>
         <run_address>0xc27a</run_address>
         <size>0x165</size>
         <input_file_ref idref="fl-2"/>
      </object_component>
      <object_component id="oc-186">
         <name>.debug_info</name>
         <load_address>0xc3df</load_address>
         <run_address>0xc3df</run_address>
         <size>0x176</size>
         <input_file_ref idref="fl-2"/>
      </object_component>
      <object_component id="oc-18b">
         <name>.debug_info</name>
         <load_address>0xc555</load_address>
         <run_address>0xc555</run_address>
         <size>0x67</size>
         <input_file_ref idref="fl-2"/>
      </object_component>
      <object_component id="oc-191">
         <name>.debug_info</name>
         <load_address>0xc5bc</load_address>
         <run_address>0xc5bc</run_address>
         <size>0xa91</size>
         <input_file_ref idref="fl-5"/>
      </object_component>
      <object_component id="oc-196">
         <name>.debug_info</name>
         <load_address>0xd04d</load_address>
         <run_address>0xd04d</run_address>
         <size>0x112</size>
         <input_file_ref idref="fl-7"/>
      </object_component>
      <object_component id="oc-19b">
         <name>.debug_info</name>
         <load_address>0xd15f</load_address>
         <run_address>0xd15f</run_address>
         <size>0x102</size>
         <input_file_ref idref="fl-7"/>
      </object_component>
      <object_component id="oc-1a0">
         <name>.debug_info</name>
         <load_address>0xd261</load_address>
         <run_address>0xd261</run_address>
         <size>0xa4d</size>
         <input_file_ref idref="fl-7"/>
      </object_component>
      <object_component id="oc-1a2">
         <name>.debug_info</name>
         <load_address>0xdcae</load_address>
         <run_address>0xdcae</run_address>
         <size>0x125</size>
         <input_file_ref idref="fl-8"/>
      </object_component>
      <object_component id="oc-1a8">
         <name>.debug_info</name>
         <load_address>0xddd3</load_address>
         <run_address>0xddd3</run_address>
         <size>0x855</size>
         <input_file_ref idref="fl-13f"/>
      </object_component>
      <object_component id="oc-1ac">
         <name>.debug_info</name>
         <load_address>0xe628</load_address>
         <run_address>0xe628</run_address>
         <size>0xb1</size>
         <input_file_ref idref="fl-13c"/>
      </object_component>
      <object_component id="oc-1ae">
         <name>.debug_info</name>
         <load_address>0xe6d9</load_address>
         <run_address>0xe6d9</run_address>
         <size>0x33b</size>
         <input_file_ref idref="fl-147"/>
      </object_component>
      <object_component id="oc-1b0">
         <name>.debug_info</name>
         <load_address>0xea14</load_address>
         <run_address>0xea14</run_address>
         <size>0x295</size>
         <input_file_ref idref="fl-146"/>
      </object_component>
      <object_component id="oc-1b2">
         <name>.debug_info</name>
         <load_address>0xeca9</load_address>
         <run_address>0xeca9</run_address>
         <size>0x1da</size>
         <input_file_ref idref="fl-146"/>
      </object_component>
      <object_component id="oc-1b4">
         <name>.debug_info</name>
         <load_address>0xee83</load_address>
         <run_address>0xee83</run_address>
         <size>0x22d</size>
         <input_file_ref idref="fl-149"/>
      </object_component>
      <object_component id="oc-1b9">
         <name>.debug_info</name>
         <load_address>0xf0b0</load_address>
         <run_address>0xf0b0</run_address>
         <size>0x1ec</size>
         <input_file_ref idref="fl-149"/>
      </object_component>
      <object_component id="oc-1c7">
         <name>.debug_info</name>
         <load_address>0xf29c</load_address>
         <run_address>0xf29c</run_address>
         <size>0x103</size>
         <input_file_ref idref="fl-2"/>
      </object_component>
      <object_component id="oc-1cc">
         <name>.debug_info</name>
         <load_address>0xf39f</load_address>
         <run_address>0xf39f</run_address>
         <size>0xb2c</size>
         <input_file_ref idref="fl-2"/>
      </object_component>
      <object_component id="oc-1cf">
         <name>.debug_info</name>
         <load_address>0xfecb</load_address>
         <run_address>0xfecb</run_address>
         <size>0x1dd</size>
         <input_file_ref idref="fl-9"/>
      </object_component>
      <object_component id="oc-1d4">
         <name>.debug_info</name>
         <load_address>0x100a8</load_address>
         <run_address>0x100a8</run_address>
         <size>0x102</size>
         <input_file_ref idref="fl-9"/>
      </object_component>
      <object_component id="oc-1d9">
         <name>.debug_info</name>
         <load_address>0x101aa</load_address>
         <run_address>0x101aa</run_address>
         <size>0x176</size>
         <input_file_ref idref="fl-9"/>
      </object_component>
      <object_component id="oc-1df">
         <name>.debug_info</name>
         <load_address>0x10320</load_address>
         <run_address>0x10320</run_address>
         <size>0x112</size>
         <input_file_ref idref="fl-4"/>
      </object_component>
      <object_component id="oc-1e4">
         <name>.debug_info</name>
         <load_address>0x10432</load_address>
         <run_address>0x10432</run_address>
         <size>0x601</size>
         <input_file_ref idref="fl-4"/>
      </object_component>
      <object_component id="oc-1e6">
         <name>.debug_info</name>
         <load_address>0x10a33</load_address>
         <run_address>0x10a33</run_address>
         <size>0xee</size>
         <input_file_ref idref="fl-9"/>
      </object_component>
      <object_component id="oc-1eb">
         <name>.debug_info</name>
         <load_address>0x10b21</load_address>
         <run_address>0x10b21</run_address>
         <size>0xfc</size>
         <input_file_ref idref="fl-6"/>
      </object_component>
      <object_component id="oc-1f0">
         <name>.debug_info</name>
         <load_address>0x10c1d</load_address>
         <run_address>0x10c1d</run_address>
         <size>0x20e</size>
         <input_file_ref idref="fl-14a"/>
      </object_component>
      <object_component id="oc-1f5">
         <name>.debug_info</name>
         <load_address>0x10e2b</load_address>
         <run_address>0x10e2b</run_address>
         <size>0x20f</size>
         <input_file_ref idref="fl-14a"/>
      </object_component>
      <object_component id="oc-1fa">
         <name>.debug_info</name>
         <load_address>0x1103a</load_address>
         <run_address>0x1103a</run_address>
         <size>0x699</size>
         <input_file_ref idref="fl-6"/>
      </object_component>
      <object_component id="oc-1fc">
         <name>.debug_info</name>
         <load_address>0x116d3</load_address>
         <run_address>0x116d3</run_address>
         <size>0x26d</size>
         <input_file_ref idref="fl-14a"/>
      </object_component>
      <object_component id="oc-201">
         <name>.debug_info</name>
         <load_address>0x11940</load_address>
         <run_address>0x11940</run_address>
         <size>0x2dd</size>
         <input_file_ref idref="fl-14a"/>
      </object_component>
      <object_component id="oc-203">
         <name>.debug_info</name>
         <load_address>0x11c1d</load_address>
         <run_address>0x11c1d</run_address>
         <size>0x1a3</size>
         <input_file_ref idref="fl-148"/>
      </object_component>
      <object_component id="oc-205">
         <name>.debug_info</name>
         <load_address>0x11dc0</load_address>
         <run_address>0x11dc0</run_address>
         <size>0x1f3</size>
         <input_file_ref idref="fl-14c"/>
      </object_component>
      <object_component id="oc-20f">
         <name>.debug_info</name>
         <load_address>0x11fb3</load_address>
         <run_address>0x11fb3</run_address>
         <size>0x2c</size>
         <input_file_ref idref="fl-13f"/>
      </object_component>
      <object_component id="oc-214">
         <name>.debug_info</name>
         <load_address>0x11fdf</load_address>
         <run_address>0x11fdf</run_address>
         <size>0x62</size>
         <input_file_ref idref="fl-13f"/>
      </object_component>
      <object_component id="oc-21a">
         <name>.debug_info</name>
         <load_address>0x12041</load_address>
         <run_address>0x12041</run_address>
         <size>0x148</size>
         <input_file_ref idref="fl-145"/>
      </object_component>
      <object_component id="oc-21c">
         <name>.debug_info</name>
         <load_address>0x12189</load_address>
         <run_address>0x12189</run_address>
         <size>0x241</size>
         <input_file_ref idref="fl-147"/>
      </object_component>
      <object_component id="oc-224">
         <name>.debug_info</name>
         <load_address>0x123ca</load_address>
         <run_address>0x123ca</run_address>
         <size>0x5e</size>
         <input_file_ref idref="fl-143"/>
      </object_component>
      <object_component id="oc-22a">
         <name>.debug_info</name>
         <load_address>0x12428</load_address>
         <run_address>0x12428</run_address>
         <size>0x1d4</size>
         <input_file_ref idref="fl-142"/>
      </object_component>
      <object_component id="oc-230">
         <name>.debug_info</name>
         <load_address>0x125fc</load_address>
         <run_address>0x125fc</run_address>
         <size>0xd9</size>
         <input_file_ref idref="fl-142"/>
      </object_component>
      <object_component id="oc-236">
         <name>.debug_info</name>
         <load_address>0x126d5</load_address>
         <run_address>0x126d5</run_address>
         <size>0xfc</size>
         <input_file_ref idref="fl-5"/>
      </object_component>
      <object_component id="oc-23b">
         <name>.debug_info</name>
         <load_address>0x127d1</load_address>
         <run_address>0x127d1</run_address>
         <size>0x262</size>
         <input_file_ref idref="fl-148"/>
      </object_component>
      <object_component id="oc-240">
         <name>.debug_info</name>
         <load_address>0x12a33</load_address>
         <run_address>0x12a33</run_address>
         <size>0x1f4</size>
         <input_file_ref idref="fl-148"/>
      </object_component>
      <object_component id="oc-245">
         <name>.debug_info</name>
         <load_address>0x12c27</load_address>
         <run_address>0x12c27</run_address>
         <size>0x1ec</size>
         <input_file_ref idref="fl-14a"/>
      </object_component>
      <object_component id="oc-24a">
         <name>.debug_info</name>
         <load_address>0x12e13</load_address>
         <run_address>0x12e13</run_address>
         <size>0x1fb</size>
         <input_file_ref idref="fl-14a"/>
      </object_component>
      <object_component id="oc-24f">
         <name>.debug_info</name>
         <load_address>0x1300e</load_address>
         <run_address>0x1300e</run_address>
         <size>0x1cf</size>
         <input_file_ref idref="fl-147"/>
      </object_component>
      <object_component id="oc-254">
         <name>.debug_info</name>
         <load_address>0x131dd</load_address>
         <run_address>0x131dd</run_address>
         <size>0x225</size>
         <input_file_ref idref="fl-148"/>
      </object_component>
      <object_component id="oc-25a">
         <name>.debug_info</name>
         <load_address>0x13402</load_address>
         <run_address>0x13402</run_address>
         <size>0x222</size>
         <input_file_ref idref="fl-148"/>
      </object_component>
      <object_component id="oc-25f">
         <name>.debug_info</name>
         <load_address>0x13624</load_address>
         <run_address>0x13624</run_address>
         <size>0x1e2</size>
         <input_file_ref idref="fl-148"/>
      </object_component>
      <object_component id="oc-263">
         <name>.debug_info</name>
         <load_address>0x13806</load_address>
         <run_address>0x13806</run_address>
         <size>0x1f8</size>
         <input_file_ref idref="fl-148"/>
      </object_component>
      <object_component id="oc-268">
         <name>.debug_info</name>
         <load_address>0x139fe</load_address>
         <run_address>0x139fe</run_address>
         <size>0x236</size>
         <input_file_ref idref="fl-148"/>
      </object_component>
      <object_component id="oc-26d">
         <name>.debug_info</name>
         <load_address>0x13c34</load_address>
         <run_address>0x13c34</run_address>
         <size>0x238</size>
         <input_file_ref idref="fl-148"/>
      </object_component>
      <object_component id="oc-272">
         <name>.debug_info</name>
         <load_address>0x13e6c</load_address>
         <run_address>0x13e6c</run_address>
         <size>0x8a0</size>
         <input_file_ref idref="fl-5"/>
      </object_component>
      <object_component id="oc-274">
         <name>.debug_info</name>
         <load_address>0x1470c</load_address>
         <run_address>0x1470c</run_address>
         <size>0x104</size>
         <input_file_ref idref="fl-7"/>
      </object_component>
      <object_component id="oc-27a">
         <name>.debug_info</name>
         <load_address>0x14810</load_address>
         <run_address>0x14810</run_address>
         <size>0x32f</size>
         <input_file_ref idref="fl-7"/>
      </object_component>
      <object_component id="oc-27f">
         <name>.debug_info</name>
         <load_address>0x14b3f</load_address>
         <run_address>0x14b3f</run_address>
         <size>0x1e6</size>
         <input_file_ref idref="fl-7"/>
      </object_component>
      <object_component id="oc-285">
         <name>.debug_info</name>
         <load_address>0x14d25</load_address>
         <run_address>0x14d25</run_address>
         <size>0x108</size>
         <input_file_ref idref="fl-141"/>
      </object_component>
      <object_component id="oc-28a">
         <name>.debug_info</name>
         <load_address>0x14e2d</load_address>
         <run_address>0x14e2d</run_address>
         <size>0x12a</size>
         <input_file_ref idref="fl-8"/>
      </object_component>
      <object_component id="oc-28f">
         <name>.debug_info</name>
         <load_address>0x14f57</load_address>
         <run_address>0x14f57</run_address>
         <size>0x101</size>
         <input_file_ref idref="fl-13f"/>
      </object_component>
      <object_component id="oc-295">
         <name>.debug_info</name>
         <load_address>0x15058</load_address>
         <run_address>0x15058</run_address>
         <size>0x5f</size>
         <input_file_ref idref="fl-147"/>
      </object_component>
      <object_component id="oc-29f">
         <name>.debug_info</name>
         <load_address>0x150b7</load_address>
         <run_address>0x150b7</run_address>
         <size>0x10d</size>
         <input_file_ref idref="fl-149"/>
      </object_component>
      <object_component id="oc-2a1">
         <name>.debug_info</name>
         <load_address>0x151c4</load_address>
         <run_address>0x151c4</run_address>
         <size>0x2f4</size>
         <input_file_ref idref="fl-149"/>
      </object_component>
      <object_component id="oc-2a3">
         <name>.debug_info</name>
         <load_address>0x154b8</load_address>
         <run_address>0x154b8</run_address>
         <size>0x1ec</size>
         <input_file_ref idref="fl-149"/>
      </object_component>
      <object_component id="oc-2a6">
         <name>.debug_info</name>
         <load_address>0x156a4</load_address>
         <run_address>0x156a4</run_address>
         <size>0xf5</size>
         <input_file_ref idref="fl-2"/>
      </object_component>
      <object_component id="oc-2ad">
         <name>.debug_info</name>
         <load_address>0x15799</load_address>
         <run_address>0x15799</run_address>
         <size>0x104</size>
         <input_file_ref idref="fl-4"/>
      </object_component>
      <object_component id="oc-2b4">
         <name>.debug_info</name>
         <load_address>0x1589d</load_address>
         <run_address>0x1589d</run_address>
         <size>0xf3</size>
         <input_file_ref idref="fl-9"/>
      </object_component>
      <object_component id="oc-2b9">
         <name>.debug_info</name>
         <load_address>0x15990</load_address>
         <run_address>0x15990</run_address>
         <size>0xee</size>
         <input_file_ref idref="fl-6"/>
      </object_component>
      <object_component id="oc-2ca">
         <name>.debug_info</name>
         <load_address>0x15a7e</load_address>
         <run_address>0x15a7e</run_address>
         <size>0xcd</size>
         <input_file_ref idref="fl-145"/>
      </object_component>
      <object_component id="oc-2d4">
         <name>.debug_info</name>
         <load_address>0x15b4b</load_address>
         <run_address>0x15b4b</run_address>
         <size>0xee</size>
         <input_file_ref idref="fl-5"/>
      </object_component>
      <object_component id="oc-2db">
         <name>.debug_info</name>
         <load_address>0x15c39</load_address>
         <run_address>0x15c39</run_address>
         <size>0x22d</size>
         <input_file_ref idref="fl-14a"/>
      </object_component>
      <object_component id="oc-2e8">
         <name>.debug_info</name>
         <load_address>0x15e66</load_address>
         <run_address>0x15e66</run_address>
         <size>0x109</size>
         <input_file_ref idref="fl-7"/>
      </object_component>
      <object_component id="oc-2ed">
         <name>.debug_info</name>
         <load_address>0x15f6f</load_address>
         <run_address>0x15f6f</run_address>
         <size>0xfa</size>
         <input_file_ref idref="fl-141"/>
      </object_component>
      <object_component id="oc-2f2">
         <name>.debug_info</name>
         <load_address>0x16069</load_address>
         <run_address>0x16069</run_address>
         <size>0x10f1</size>
         <input_file_ref idref="fl-141"/>
      </object_component>
      <object_component id="oc-2f6">
         <name>.debug_info</name>
         <load_address>0x1715a</load_address>
         <run_address>0x1715a</run_address>
         <size>0x632</size>
         <input_file_ref idref="fl-141"/>
      </object_component>
      <object_component id="oc-300">
         <name>.debug_info</name>
         <load_address>0x1778c</load_address>
         <run_address>0x1778c</run_address>
         <size>0x102</size>
         <input_file_ref idref="fl-141"/>
      </object_component>
      <object_component id="oc-305">
         <name>.debug_info</name>
         <load_address>0x1788e</load_address>
         <run_address>0x1788e</run_address>
         <size>0xfa</size>
         <input_file_ref idref="fl-2"/>
      </object_component>
      <object_component id="oc-30a">
         <name>.debug_info</name>
         <load_address>0x17988</load_address>
         <run_address>0x17988</run_address>
         <size>0x109</size>
         <input_file_ref idref="fl-4"/>
      </object_component>
      <object_component id="oc-30f">
         <name>.debug_info</name>
         <load_address>0x17a91</load_address>
         <run_address>0x17a91</run_address>
         <size>0xf3</size>
         <input_file_ref idref="fl-6"/>
      </object_component>
      <object_component id="oc-314">
         <name>.debug_info</name>
         <load_address>0x17b84</load_address>
         <run_address>0x17b84</run_address>
         <size>0xf3</size>
         <input_file_ref idref="fl-5"/>
      </object_component>
      <object_component id="oc-31b">
         <name>.debug_info</name>
         <load_address>0x17c77</load_address>
         <run_address>0x17c77</run_address>
         <size>0xff</size>
         <input_file_ref idref="fl-141"/>
      </object_component>
      <object_component id="oc-320">
         <name>.debug_info</name>
         <load_address>0x17d76</load_address>
         <run_address>0x17d76</run_address>
         <size>0xf4</size>
         <input_file_ref idref="fl-141"/>
      </object_component>
      <object_component id="oc-326">
         <name>.debug_info</name>
         <load_address>0x17e6a</load_address>
         <run_address>0x17e6a</run_address>
         <size>0xcc</size>
         <input_file_ref idref="fl-141"/>
      </object_component>
      <object_component id="oc-32b">
         <name>.debug_info</name>
         <load_address>0x17f36</load_address>
         <run_address>0x17f36</run_address>
         <size>0xec</size>
         <input_file_ref idref="fl-141"/>
      </object_component>
      <object_component id="oc-330">
         <name>.debug_info</name>
         <load_address>0x18022</load_address>
         <run_address>0x18022</run_address>
         <size>0x582</size>
         <input_file_ref idref="fl-141"/>
      </object_component>
      <object_component id="oc-337">
         <name>.debug_info</name>
[...]
      </symbol>
      <symbol id="sm-398">
         <name>main_func_sp</name>
         <value>0x20000a88</value>
         <object_component_ref idref="oc-50"/>
      </symbol>
      <symbol id="sm-455">
         <name>_ZSt16__dummy_typeinfo</name>
         <value>0x20000a9c</value>
      </symbol>
      <symbol id="sm-456">
         <name>_ZN10__cxxabiv120__function_type_infoD1Ev</name>
         <value>0x208d</value>
         <object_component_ref idref="oc-2f1"/>
      </symbol>
      <symbol id="sm-457">
         <name>_ZTIN10__cxxabiv119__pointer_type_infoE</name>
         <value>0x2f14</value>
         <object_component_ref idref="oc-35a"/>
      </symbol>
      <symbol id="sm-458">
         <name>_ZTSSt9type_info</name>
         <value>0x2ec9</value>
         <object_component_ref idref="oc-355"/>
      </symbol>
      <symbol id="sm-459">
         <name>_ZN10__cxxabiv117__class_type_infoD1Ev</name>
         <value>0x20ab</value>
         <object_component_ref idref="oc-2f1"/>
      </symbol>
      <symbol id="sm-45a">
         <name>_ZN10__cxxabiv116__enum_type_infoD1Ev</name>
         <value>0x20bf</value>
         <object_component_ref idref="oc-2f1"/>
      </symbol>
      <symbol id="sm-45b">
         <name>_ZN10__cxxabiv121__vmi_class_type_infoD1Ev</name>
         <value>0x2079</value>
         <object_component_ref idref="oc-2f1"/>
      </symbol>
      <symbol id="sm-45c">
         <name>_ZTSN10__cxxabiv123__fundamental_type_infoE</name>
         <value>0x2d04</value>
         <object_component_ref idref="oc-37d"/>
      </symbol>
      <symbol id="sm-45d">
         <name>_ZN10__cxxabiv117__pbase_type_infoD1Ev</name>
         <value>0x20a1</value>
         <object_component_ref idref="oc-2f1"/>
      </symbol>
      <symbol id="sm-45e">
         <name>_ZTVN10__cxxabiv123__fundamental_type_infoE</name>
         <value>0x2eac</value>
         <object_component_ref idref="oc-35f"/>
      </symbol>
      <symbol id="sm-45f">
         <name>_ZTSN10__cxxabiv120__si_class_type_infoE</name>
         <value>0x2d2c</value>
         <object_component_ref idref="oc-31a"/>
      </symbol>
      <symbol id="sm-460">
         <name>_ZN10__cxxabiv117__array_type_infoD1Ev</name>
         <value>0x20b5</value>
         <object_component_ref idref="oc-2f1"/>
      </symbol>
      <symbol id="sm-461">
         <name>_ZTVN10__cxxabiv119__pointer_type_infoE</name>
         <value>0x2e8c</value>
         <object_component_ref idref="oc-346"/>
      </symbol>
      <symbol id="sm-462">
         <name>_ZTSPKe</name>
         <value>0x2f88</value>
         <object_component_ref idref="oc-34b"/>
      </symbol>
      <symbol id="sm-463">
         <name>_ZNKSt9type_infoneERKS_</name>
         <value>0x202b</value>
         <object_component_ref idref="oc-2f1"/>
      </symbol>
      <symbol id="sm-464">
         <name>_ZN10__cxxabiv119__pointer_type_infoD1Ev</name>
         <value>0x2097</value>
         <object_component_ref idref="oc-2f1"/>
      </symbol>
      <symbol id="sm-465">
         <name>_ZNKSt9type_info6beforeERKS_</name>
         <value>0x2057</value>
         <object_component_ref idref="oc-2f1"/>
      </symbol>
      <symbol id="sm-466">
         <name>_ZN10__cxxabiv123__fundamental_type_infoD1Ev</name>
         <value>0x206f</value>
         <object_component_ref idref="oc-2f1"/>
      </symbol>
      <symbol id="sm-467">
         <name>_ZTSN10__cxxabiv119__pointer_type_infoE</name>
         <value>0x2d51</value>
         <object_component_ref idref="oc-369"/>
      </symbol>
      <symbol id="sm-468">
         <name>_ZTSN10__cxxabiv117__class_type_infoE</name>
         <value>0x2d75</value>
         <object_component_ref idref="oc-33c"/>
      </symbol>
      <symbol id="sm-469">
         <name>_ZTVN10__cxxabiv117__class_type_infoE</name>
         <value>0x2e7c</value>
         <object_component_ref idref="oc-2ff"/>
      </symbol>
      <symbol id="sm-46a">
         <name>_ZNSt9type_infoD1Ev</name>
         <value>0x201d</value>
         <object_component_ref idref="oc-2f1"/>
      </symbol>
      <symbol id="sm-46b">
         <name>_ZTIN10__cxxabiv123__fundamental_type_infoE</name>
         <value>0x2f2c</value>
         <object_component_ref idref="oc-373"/>
      </symbol>
      <symbol id="sm-46c">
         <name>_ZTISt9type_info</name>
         <value>0x2f78</value>
         <object_component_ref idref="oc-341"/>
      </symbol>
      <symbol id="sm-46d">
         <name>_ZN10__cxxabiv123__fundamental_type_infoD0Ev</name>
         <value>0x2071</value>
         <object_component_ref idref="oc-2f1"/>
      </symbol>
      <symbol id="sm-46e">
         <name>_ZTIN10__cxxabiv117__pbase_type_infoE</name>
         <value>0x2f08</value>
         <object_component_ref idref="oc-36e"/>
      </symbol>
      <symbol id="sm-46f">
         <name>_ZTSe</name>
         <value>0x2dfa</value>
         <object_component_ref idref="oc-364"/>
      </symbol>
      <symbol id="sm-470">
         <name>_ZNKSt9type_info4nameEv</name>
         <value>0x2027</value>
         <object_component_ref idref="oc-2f1"/>
      </symbol>
      <symbol id="sm-471">
         <name>_ZTIN10__cxxabiv117__class_type_infoE</name>
         <value>0x2efc</value>
         <object_component_ref idref="oc-31f"/>
      </symbol>
      <symbol id="sm-472">
         <name>_ZN10__cxxabiv129__pointer_to_member_type_infoD0Ev</name>
         <value>0x2067</value>
         <object_component_ref idref="oc-2f1"/>
      </symbol>
      <symbol id="sm-473">
         <name>_ZN10__cxxabiv120__si_class_type_infoD1Ev</name>
         <value>0x2083</value>
         <object_component_ref idref="oc-2f1"/>
      </symbol>
      <symbol id="sm-474">
         <name>_ZTIN10__cxxabiv120__si_class_type_infoE</name>
         <value>0x2f20</value>
         <object_component_ref idref="oc-2ec"/>
      </symbol>
      <symbol id="sm-475">
         <name>_ZNSt9type_infoD0Ev</name>
         <value>0x201f</value>
         <object_component_ref idref="oc-2f1"/>
      </symbol>
      <symbol id="sm-476">
         <name>_ZN10__cxxabiv120__function_type_infoD0Ev</name>
         <value>0x208f</value>
         <object_component_ref idref="oc-2f1"/>
      </symbol>
      <symbol id="sm-477">
         <name>_ZN10__cxxabiv117__class_type_infoD0Ev</name>
         <value>0x20ad</value>
         <object_component_ref idref="oc-2f1"/>
      </symbol>
      <symbol id="sm-478">
         <name>_ZTSN10__cxxabiv117__pbase_type_infoE</name>
         <value>0x2d97</value>
         <object_component_ref idref="oc-378"/>
      </symbol>
      <symbol id="sm-479">
         <name>_ZN10__cxxabiv116__enum_type_infoD0Ev</name>
         <value>0x20c1</value>
         <object_component_ref idref="oc-2f1"/>
      </symbol>
      <symbol id="sm-47a">
         <name>_ZTIe</name>
         <value>0x2f80</value>
         <object_component_ref idref="oc-350"/>
      </symbol>
      <symbol id="sm-47b">
         <name>_ZN10__cxxabiv121__vmi_class_type_infoD0Ev</name>
         <value>0x207b</value>
         <object_component_ref idref="oc-2f1"/>
      </symbol>
      <symbol id="sm-47c">
         <name>_ZTVN10__cxxabiv120__si_class_type_infoE</name>
         <value>0x2e9c</value>
         <object_component_ref idref="oc-284"/>
      </symbol>
      <symbol id="sm-47d">
         <name>_ZN10__cxxabiv117__pbase_type_infoD0Ev</name>
         <value>0x20a3</value>
         <object_component_ref idref="oc-2f1"/>
      </symbol>
      <symbol id="sm-47e">
         <name>_ZN10__cxxabiv117__array_type_infoD0Ev</name>
         <value>0x20b7</value>
         <object_component_ref idref="oc-2f1"/>
      </symbol>
      <symbol id="sm-47f">
         <name>_ZSt21__gen_dummy_typeinfosv</name>
         <value>0x2015</value>
         <object_component_ref idref="oc-2f1"/>
      </symbol>
      <symbol id="sm-480">
         <name>_ZN10__cxxabiv129__pointer_to_member_type_infoD1Ev</name>
         <value>0x2065</value>
         <object_component_ref idref="oc-2f1"/>
      </symbol>
      <symbol id="sm-481">
         <name>_ZN10__cxxabiv119__pointer_type_infoD0Ev</name>
         <value>0x2099</value>
         <object_component_ref idref="oc-2f1"/>
      </symbol>
      <symbol id="sm-482">
         <name>_ZN10__cxxabiv120__si_class_type_infoD0Ev</name>
         <value>0x2085</value>
         <object_component_ref idref="oc-2f1"/>
      </symbol>
      <symbol id="sm-483">
         <name>_ZTIPKe</name>
         <value>0x2dfc</value>
         <object_component_ref idref="oc-325"/>
      </symbol>
      <symbol id="sm-484">
         <name>_ZNKSt9type_infoeqERKS_</name>
         <value>0x2041</value>
         <object_component_ref idref="oc-2f1"/>
      </symbol>
      <symbol id="sm-49a">
         <name>_nop</name>
         <value>0x283b</value>
         <object_component_ref idref="oc-229"/>
      </symbol>
      <symbol id="sm-49b">
         <name>_lock</name>
         <value>0x20000a78</value>
         <object_component_ref idref="oc-147"/>
      </symbol>
      <symbol id="sm-49c">
         <name>_unlock</name>
         <value>0x20000a7c</value>
         <object_component_ref idref="oc-147"/>
      </symbol>
      <symbol id="sm-49d">
         <name>_register_lock</name>
         <value>0x2833</value>
         <object_component_ref idref="oc-229"/>
      </symbol>
      <symbol id="sm-49e">
         <name>_register_unlock</name>
         <value>0x282d</value>
         <object_component_ref idref="oc-229"/>
      </symbol>
      <symbol id="sm-4b1">
         <name>_args_main</name>
         <value>0x27c1</value>
         <object_component_ref idref="oc-46"/>
      </symbol>
      <symbol id="sm-4cd">
         <name>__TI_auto_init</name>
         <value>0x216d</value>
         <object_component_ref idref="oc-42"/>
      </symbol>
      <symbol id="sm-4e5">
         <name>copy_in</name>
         <value>0x25dd</value>
         <object_component_ref idref="oc-13a"/>
      </symbol>
      <symbol id="sm-54b">
         <name>TimerLoadSet</name>
         <value>0x2853</value>
         <object_component_ref idref="oc-aa"/>
      </symbol>
      <symbol id="sm-54c">
         <name>TimerDisable</name>
         <value>0x2819</value>
         <object_component_ref idref="oc-a0"/>
      </symbol>
      <symbol id="sm-54d">
         <name>TimerIntRegister</name>
         <value>0x1f45</value>
         <object_component_ref idref="oc-91"/>
      </symbol>
      <symbol id="sm-54e">
         <name>TimerEnable</name>
         <value>0x28a3</value>
         <object_component_ref idref="oc-9b"/>
      </symbol>
      <symbol id="sm-54f">
         <name>TimerIntDisable</name>
         <value>0x28eb</value>
         <object_component_ref idref="oc-96"/>
      </symbol>
      <symbol id="sm-550">
         <name>TimerValueGet</name>
         <value>0x28ff</value>
         <object_component_ref idref="oc-b4"/>
      </symbol>
      <symbol id="sm-551">
         <name>TimerLoadGet</name>
         <value>0x28f5</value>
         <object_component_ref idref="oc-af"/>
      </symbol>
      <symbol id="sm-552">
         <name>TimerIntEnable</name>
         <value>0x2909</value>
         <object_component_ref idref="oc-a5"/>
      </symbol>
      <symbol id="sm-553">
         <name>TimerConfigure</name>
         <value>0x2371</value>
         <object_component_ref idref="oc-8c"/>
      </symbol>
      <symbol id="sm-554">
         <name>TimerIntClear</name>
         <value>0x2933</value>
         <object_component_ref idref="oc-bb"/>
      </symbol>
      <symbol id="sm-57d">
         <name>SysCtlClockSet</name>
         <value>0x1c5d</value>
         <object_component_ref idref="oc-21b"/>
      </symbol>
      <symbol id="sm-57e">
         <name>SysCtlDelay</name>
         <value>0x291f</value>
         <object_component_ref idref="oc-220"/>
      </symbol>
      <symbol id="sm-57f">
         <name>SysCtlPeripheralEnable</name>
         <value>0x2665</value>
         <object_component_ref idref="oc-87"/>
      </symbol>
      <symbol id="sm-580">
         <name>SysCtlPWMClockSet</name>
         <value>0x2805</value>
         <object_component_ref idref="oc-24e"/>
      </symbol>
      <symbol id="sm-5c7">
         <name>PWMGenPeriodSet</name>
         <value>0x2841</value>
         <object_component_ref idref="oc-258"/>
      </symbol>
      <symbol id="sm-5c8">
         <name>PWMGenIntTrigEnable</name>
         <value>0x28e1</value>
         <object_component_ref idref="oc-f0"/>
      </symbol>
      <symbol id="sm-5c9">
         <name>PWMPulseWidthSet</name>
         <value>0x2787</value>
         <object_component_ref idref="oc-23a"/>
      </symbol>
      <symbol id="sm-5ca">
         <name>PWMSyncTimeBase</name>
         <value>0x292b</value>
         <object_component_ref idref="oc-262"/>
      </symbol>
      <symbol id="sm-5cb">
         <name>PWMSyncUpdate</name>
         <value>0x292f</value>
         <object_component_ref idref="oc-23f"/>
      </symbol>
      <symbol id="sm-5cc">
         <name>PWMOutputState</name>
         <value>0x27ef</value>
         <object_component_ref idref="oc-267"/>
      </symbol>
      <symbol id="sm-5cd">
         <name>PWMGenEnable</name>
         <value>0x28bf</value>
         <object_component_ref idref="oc-25d"/>
      </symbol>
      <symbol id="sm-5ce">
         <name>PWMGenConfigure</name>
         <value>0x26f9</value>
         <object_component_ref idref="oc-253"/>
      </symbol>
      <symbol id="sm-5cf">
         <name>PWMOutputInvert</name>
         <value>0x27d9</value>
         <object_component_ref idref="oc-26c"/>
      </symbol>
      <symbol id="sm-5f3">
         <name>IntEnable</name>
         <value>0x227f</value>
         <object_component_ref idref="oc-1b8"/>
      </symbol>
      <symbol id="sm-5f4">
         <name>IntRegister</name>
         <value>0x2547</value>
         <object_component_ref idref="oc-1b3"/>
      </symbol>
      <symbol id="sm-5f5">
         <name>g_pfnRAMVectors</name>
         <value>0x20000000</value>
         <object_component_ref idref="oc-29e"/>
      </symbol>
      <symbol id="sm-638">
         <name>GPIOPinTypePWM</name>
         <value>0x27a5</value>
         <object_component_ref idref="oc-249"/>
      </symbol>
      <symbol id="sm-639">
         <name>GPIOPinConfigure</name>
         <value>0x24f5</value>
         <object_component_ref idref="oc-244"/>
      </symbol>
      <symbol id="sm-63a">
         <name>GPIOPinTypeADC</name>
         <value>0x2769</value>
         <object_component_ref idref="oc-eb"/>
      </symbol>
      <symbol id="sm-63b">
         <name>GPIOPinTypeGPIOOutput</name>
         <value>0x2747</value>
         <object_component_ref idref="oc-1ef"/>
      </symbol>
      <symbol id="sm-63c">
         <name>GPIOPinWrite</name>
         <value>0x2919</value>
         <object_component_ref idref="oc-1f4"/>
      </symbol>
      <symbol id="sm-63d">
         <name>GPIOPadConfigSet</name>
         <value>0x193b</value>
         <object_component_ref idref="oc-1fb"/>
      </symbol>
      <symbol id="sm-683">
         <name>ADCSequenceEnable</name>
         <value>0x2895</value>
         <object_component_ref idref="oc-ff"/>
      </symbol>
      <symbol id="sm-684">
         <name>ADCIntDisable</name>
         <value>0x2887</value>
         <object_component_ref idref="oc-109"/>
      </symbol>
      <symbol id="sm-685">
         <name>ADCSequenceConfigure</name>
         <value>0x24a1</value>
         <object_component_ref idref="oc-f5"/>
      </symbol>
      <symbol id="sm-686">
         <name>ADCIntEnable</name>
         <value>0x2877</value>
         <object_component_ref idref="oc-104"/>
      </symbol>
      <symbol id="sm-687">
         <name>ADCSequenceStepConfigure</name>
         <value>0x2201</value>
         <object_component_ref idref="oc-10e"/>
      </symbol>
      <symbol id="sm-688">
         <name>ADCIntClear</name>
         <value>0x28d7</value>
         <object_component_ref idref="oc-115"/>
      </symbol>
      <symbol id="sm-689">
         <name>ADCIntRegister</name>
         <value>0x23df</value>
         <object_component_ref idref="oc-fa"/>
      </symbol>
      <symbol id="sm-68a">
         <name>ADCSequenceDataGet</name>
         <value>0x2725</value>
         <object_component_ref idref="oc-11a"/>
      </symbol>
      <symbol id="sm-68b">
         <name>__TI_static_base__</name>
         <value>0x0</value>
      </symbol>
      <symbol id="sm-68c">
         <name>__TI_args_main</name>
         <value>0x1</value>
      </symbol>
      <symbol id="sm-68d">
         <name>SHT$$INIT_ARRAY$$Limit</name>
         <value>0x0</value>
      </symbol>
      <symbol id="sm-68e">
         <name>SHT$$INIT_ARRAY$$Base</name>
         <value>0x0</value>
      </symbol>
      <symbol id="sm-692">
         <name>_ZN10motorClassC2Ev</name>
         <value>0x1d65</value>
      </symbol>
      <symbol id="sm-693">
         <name>_ZN10motorClassD2Ev</name>
         <value>0x1d8f</value>
      </symbol>
      <symbol id="sm-694">
         <name>_ZN15ZCDetectorClassC2Ev</name>
         <value>0x1e57</value>
      </symbol>
      <symbol id="sm-695">
         <name>_ZN15ZCDetectorClassD2Ev</name>
         <value>0x1e7b</value>
      </symbol>
      <symbol id="sm-696">
         <name>_ZN8PWMClassC2Ev</name>
         <value>0x26d</value>
      </symbol>
      <symbol id="sm-697">
         <name>_ZN8PWMClassD2Ev</name>
         <value>0x377</value>
      </symbol>
      <symbol id="sm-698">
         <name>_ZN8LEDClassC2Ev</name>
         <value>0x1b39</value>
      </symbol>
      <symbol id="sm-699">
         <name>_ZN8LEDClassD2Ev</name>
         <value>0x1b69</value>
      </symbol>
      <symbol id="sm-69a">
         <name>_ZN15CommutatorClassC2Ev</name>
         <value>0x1647</value>
      </symbol>
      <symbol id="sm-69b">
         <name>_ZN15CommutatorClassD2Ev</name>
         <value>0x1679</value>
      </symbol>
      <symbol id="sm-69c">
         <name>_ZN26CommutationControllerClassC2Ev</name>
         <value>0x1299</value>
      </symbol>
      <symbol id="sm-69d">
         <name>_ZN26CommutationControllerClassD2Ev</name>
         <value>0x1303</value>
      </symbol>
      <symbol id="sm-69e">
         <name>_ZN8ADCClassC2Ev</name>
         <value>0xa71</value>
      </symbol>
      <symbol id="sm-69f">
         <name>_ZN8ADCClassD2Ev</name>
         <value>0xb1d</value>
      </symbol>
      <symbol id="sm-6a0">
         <name>_ZNSt9type_infoD2Ev</name>
         <value>0x201d</value>
      </symbol>
      <symbol id="sm-6a1">
         <name>_ZN10__cxxabiv123__fundamental_type_infoD2Ev</name>
         <value>0x206f</value>
      </symbol>
      <symbol id="sm-6a2">
         <name>_ZN10__cxxabiv117__array_type_infoD2Ev</name>
         <value>0x20b5</value>
      </symbol>
      <symbol id="sm-6a3">
         <name>_ZN10__cxxabiv120__function_type_infoD2Ev</name>
         <value>0x208d</value>
      </symbol>
      <symbol id="sm-6a4">
         <name>_ZN10__cxxabiv116__enum_type_infoD2Ev</name>
         <value>0x20bf</value>
      </symbol>
      <symbol id="sm-6a5">
         <name>_ZN10__cxxabiv117__class_type_infoD2Ev</name>
         <value>0x20ab</value>
      </symbol>
      <symbol id="sm-6a6">
         <name>_ZN10__cxxabiv120__si_class_type_infoD2Ev</name>
         <value>0x2083</value>
      </symbol>
      <symbol id="sm-6a7">
         <name>_ZN10__cxxabiv121__vmi_class_type_infoD2Ev</name>
         <value>0x2079</value>
      </symbol>
      <symbol id="sm-6a8">
         <name>_ZN10__cxxabiv117__pbase_type_infoD2Ev</name>
         <value>0x20a1</value>
      </symbol>
      <symbol id="sm-6a9">
         <name>_ZN10__cxxabiv119__pointer_type_infoD2Ev</name>
         <value>0x2097</value>
      </symbol>
      <symbol id="sm-6aa">
         <name>_ZN10__cxxabiv129__pointer_to_member_type_infoD2Ev</name>
         <value>0x2065</value>
      </symbol>
   </symbol_table>
   <title>Link successful</title>
</link_info>
