******************************************************************************
                  TI ARM Linker PC v5.1.5                      
******************************************************************************
>> Linked Thu Jul 17 15:23:57 2014

OUTPUT FILE NAME:   <BLDC.out>
ENTRY POINT SYMBOL: "_c_int00"  address: 00001af1


MEMORY CONFIGURATION

         name            origin    length      used     unused   attr    fill
----------------------  --------  ---------  --------  --------  ----  --------
  FLASH                 00000000   00040000  0000225a  0003dda6  R  X
  SRAM                  20000000   00008000  00000aa4  0000755c  RW X


SEGMENT ALLOCATION MAP

run origin  load origin   length   init length attrs members
----------  ----------- ---------- ----------- ----- -------
00000000    00000000    00002260   00002260    r-x
  00000000    00000000    0000026c   0000026c    r-- .intvecs
  0000026c    0000026c    00001c56   00001c56    r-x .text
  00001ec4    00001ec4    00000348   00000348    r-- .const
  00002210    00002210    00000050   00000050    r-- .cinit
20000000    20000000    00000aa8   00000000    rw-
  20000000    20000000    0000026c   00000000    rw- .vtable
  2000026c    2000026c    00000800   00000000    rw- .stack
  20000a6c    20000a6c    00000020   00000000    rw- .data
  20000a8c    20000a8c    00000010   00000000    rw- .bss
  20000aa0    20000aa0    00000008   00000000    rw- .sysmem


SECTION ALLOCATION MAP

 output                                  attributes/
section   page    origin      length       input sections
--------  ----  ----------  ----------   ----------------
.intvecs   0    00000000    0000026c     
                  00000000    0000026c     tm4c123ah6pm_startup_ccs.obj (.intvecs)

.init_array 
*          0    00000000    00000000     UNINITIALIZED

.text      0    0000026c    00001c56     
                  0000026c    0000088c     CommutationController.obj (.text)
                  00000af8    0000033a     ADC.obj (.text)
                  00000e32    00000002     rtsv7M4_T_le_v4SPD16_eabi.lib : _lock.obj (.text)
                  00000e34    00000290                                   : memory.obj (.text)
                  000010c4    00000180     PWM.obj (.text)
                  00001244    00000130     driverlib.lib : gpio.obj (.text:GPIOPadConfigSet)
                  00001374    000000f0                   : sysctl.obj (.text:SysCtlClockSet)
                  00001464    000000e8     motor.obj (.text)
                  0000154c    0000009e     main.obj (.text)
                  000015ea    0000009c     rtsv7M4_T_le_v4SPD16_eabi.lib : memcpy_t2.obj (.text)
                  00001686    00000002     --HOLE-- [fill = 0]
                  00001688    00000094                                   : auto_init.obj (.text)
                  0000171c    0000008c     Commutator.obj (.text)
                  000017a8    0000007a     driverlib.lib : adc.obj (.text:ADCSequenceStepConfigure)
                  00001822    0000006e     rtsv7M4_T_le_v4SPD16_eabi.lib : typeinfo_.obj (.text)
                  00001890    00000068     driverlib.lib : interrupt.obj (.text:IntEnable)
                  000018f8    00000060                   : timer.obj (.text:TimerConfigure)
                  00001958    0000005e     rtsv7M4_T_le_v4SPD16_eabi.lib : copy_decompress_rle.obj (.text)
                  000019b6    00000054     driverlib.lib : adc.obj (.text:ADCSequenceConfigure)
                  00001a0a    00000002     --HOLE-- [fill = 0]
                  00001a0c    00000050                   : adc.obj (.text:_ADCIntNumberGet)
                  00001a5c    0000004c                   : timer.obj (.text:_TimerIntNumberGet)
                  00001aa8    00000048                   : gpio.obj (.text:GPIOPinConfigure)
                  00001af0    00000048     rtsv7M4_T_le_v4SPD16_eabi.lib : boot.obj (.text)
                  00001b38    00000044                                   : cpy_tbl.obj (.text)
                  00001b7c    00000044                                   : exit.obj (.text)
                  00001bc0    00000034     driverlib.lib : interrupt.obj (.text:IntRegister)
                  00001bf4    00000034                   : sysctl.obj (.text:SysCtlPeripheralEnable)
                  00001c28    0000002a                   : gpio.obj (.text:GPIODirModeSet)
                  00001c52    00000022                   : pwm.obj (.text:PWMGenConfigure)
                  00001c74    00000020     LED.obj (.text)
                  00001c94    0000001e     driverlib.lib : adc.obj (.text:ADCSequenceDataGet)
                  00001cb2    0000001e                   : pwm.obj (.text:PWMPulseWidthSet)
                  00001cd0    0000001c     ADC.obj (.text:retain)
                  00001cec    0000001c     CommutationController.obj (.text:retain)
                  00001d08    00000018     driverlib.lib : adc.obj (.text:ADCIntRegister)
                  00001d20    00000018                   : gpio.obj (.text:GPIOPinTypeGPIOOutput)
                  00001d38    00000018                   : timer.obj (.text:TimerIntRegister)
                  00001d50    00000018     rtsv7M4_T_le_v4SPD16_eabi.lib : args_main.obj (.text)
                  00001d68    00000014     driverlib.lib : sysctl.obj (.text:SysCtlPWMClockSet)
                  00001d7c    00000012                   : gpio.obj (.text:GPIOPinTypeADC)
                  00001d8e    00000012                   : gpio.obj (.text:GPIOPinTypePWM)
                  00001da0    00000012                   : pwm.obj (.text:PWMOutputInvert)
                  00001db2    00000012                   : pwm.obj (.text:PWMOutputState)
                  00001dc4    00000012                   : timer.obj (.text:TimerLoadSet)
                  00001dd6    00000012     rtsv7M4_T_le_v4SPD16_eabi.lib : copy_zero_init.obj (.text:decompress:ZI)
                  00001de8    00000010     driverlib.lib : adc.obj (.text:ADCIntEnable)
                  00001df8    00000010                   : pwm.obj (.text:PWMGenPeriodSet)
                  00001e08    0000000e                   : adc.obj (.text:ADCIntDisable)
                  00001e16    0000000e                   : adc.obj (.text:ADCSequenceEnable)
                  00001e24    0000000e                   : timer.obj (.text:TimerEnable)
                  00001e32    0000000e     rtsv7M4_T_le_v4SPD16_eabi.lib : copy_decompress_none.obj (.text:decompress:none)
                  00001e40    0000000c     driverlib.lib : pwm.obj (.text:PWMGenEnable)
                  00001e4c    0000000c     tm4c123ah6pm_startup_ccs.obj (.text)
                  00001e58    0000000a     driverlib.lib : adc.obj (.text:ADCIntClear)
                  00001e62    0000000a                   : pwm.obj (.text:PWMGenIntTrigEnable)
                  00001e6c    0000000a                   : timer.obj (.text:TimerIntDisable)
                  00001e76    0000000a                   : timer.obj (.text:TimerLoadGet)
                  00001e80    0000000a                   : timer.obj (.text:TimerValueGet)
                  00001e8a    0000000a     ZCDetector.obj (.text)
                  00001e94    00000008     driverlib.lib : timer.obj (.text:TimerIntEnable)
                  00001e9c    00000008     rtsv7M4_T_le_v4SPD16_eabi.lib : delete.obj (.text)
                  00001ea4    00000006     driverlib.lib : gpio.obj (.text:GPIOPinWrite)
                  00001eaa    00000006                   : sysctl.obj (.text:SysCtlDelay)
                  00001eb0    00000006     rtsv7M4_T_le_v4SPD16_eabi.lib : copy_decompress_rle.obj (.text:decompress:rle24)
                  00001eb6    00000004     driverlib.lib : pwm.obj (.text:PWMSyncTimeBase)
                  00001eba    00000004                   : pwm.obj (.text:PWMSyncUpdate)
                  00001ebe    00000004                   : timer.obj (.text:TimerIntClear)

.const     0    00001ec4    00000348     
                  00001ec4    00000090     driverlib.lib : gpio.obj (.const:g_pui32GPIOBaseAddrs)
                  00001f54    00000070                   : interrupt.obj (.const)
                  00001fc4    00000060                   : timer.obj (.const:g_ppui32TimerIntMap)
                  00002024    00000040                   : timer.obj (.const:g_ppui32TimerIntMapSnowflake)
                  00002064    00000025     rtsv7M4_T_le_v4SPD16_eabi.lib : typeinfo_.obj (.const:.typeinfo:_ZTSN10__cxxabiv120__si_class_type_infoE)
                  00002089    00000022                                   : typeinfo_.obj (.const:.typeinfo:_ZTSN10__cxxabiv117__class_type_infoE)
                  000020ab    0000001d     CommutationController.obj (.const:.typeinfo:_ZTS26CommutationControllerClass)
                  000020c8    00000012     Commutator.obj (.const:.typeinfo:_ZTS15CommutatorClass)
                  000020da    00000012     ZCDetector.obj (.const:.typeinfo:_ZTS15ZCDetectorClass)
                  000020ec    00000010     motor.obj (.const:_ZTV10motorClass)
                  000020fc    00000010     Commutator.obj (.const:_ZTV15CommutatorClass)
                  0000210c    00000010     ZCDetector.obj (.const:_ZTV15ZCDetectorClass)
                  0000211c    00000010     CommutationController.obj (.const:_ZTV26CommutationControllerClass)
                  0000212c    00000010     ADC.obj (.const:_ZTV8ADCClass)
                  0000213c    00000010     LED.obj (.const:_ZTV8LEDClass)
                  0000214c    00000010     rtsv7M4_T_le_v4SPD16_eabi.lib : typeinfo_.obj (.const:_ZTVN10__cxxabiv117__class_type_infoE)
                  0000215c    00000010                                   : typeinfo_.obj (.const:_ZTVN10__cxxabiv120__si_class_type_infoE)
                  0000216c    0000000d     motor.obj (.const:.typeinfo:_ZTS10motorClass)
                  00002179    0000000d     rtsv7M4_T_le_v4SPD16_eabi.lib : typeinfo_.obj (.const:.typeinfo:_ZTSSt9type_info)
                  00002186    00000002     --HOLE-- [fill = 0]
                  00002188    0000000c     Commutator.obj (.const:.typeinfo:_ZTI15CommutatorClass)
                  00002194    0000000c     CommutationController.obj (.const:.typeinfo:_ZTI26CommutationControllerClass)
                  000021a0    0000000c     ADC.obj (.const:.typeinfo:_ZTI8ADCClass)
                  000021ac    0000000c     rtsv7M4_T_le_v4SPD16_eabi.lib : typeinfo_.obj (.const:.typeinfo:_ZTIN10__cxxabiv117__class_type_infoE)
                  000021b8    0000000c                                   : typeinfo_.obj (.const:.typeinfo:_ZTIN10__cxxabiv120__si_class_type_infoE)
                  000021c4    0000000a     ADC.obj (.const:.typeinfo:_ZTS8ADCClass)
                  000021ce    0000000a     LED.obj (.const:.typeinfo:_ZTS8LEDClass)
                  000021d8    0000000a     PWM.obj (.const:.typeinfo:_ZTS8PWMClass)
                  000021e2    00000002     --HOLE-- [fill = 0]
                  000021e4    00000008     motor.obj (.const:.typeinfo:_ZTI10motorClass)
                  000021ec    00000008     ZCDetector.obj (.const:.typeinfo:_ZTI15ZCDetectorClass)
                  000021f4    00000008     LED.obj (.const:.typeinfo:_ZTI8LEDClass)
                  000021fc    00000008     PWM.obj (.const:.typeinfo:_ZTI8PWMClass)
                  00002204    00000008     rtsv7M4_T_le_v4SPD16_eabi.lib : typeinfo_.obj (.const:.typeinfo:_ZTISt9type_info)

.cinit     0    00002210    00000050     
                  00002210    0000001b     (.cinit..data.load) [load image, compression = rle]
                  0000222b    00000001     --HOLE-- [fill = 0]
                  0000222c    0000000c     (__TI_handler_table)
                  00002238    00000008     (.cinit..bss.load) [load image, compression = zero_init]
                  00002240    00000008     (.cinit..vtable.load) [load image, compression = zero_init]
                  00002248    00000018     (__TI_cinit_table)

.vtable    0    20000000    0000026c     UNINITIALIZED
                  20000000    0000026c     driverlib.lib : interrupt.obj (.vtable)

.stack     0    2000026c    00000800     UNINITIALIZED
                  2000026c    00000800     --HOLE--

.data      0    20000a6c    00000020     UNINITIALIZED
                  20000a6c    0000000c     rtsv7M4_T_le_v4SPD16_eabi.lib : memory.obj (.data)
                  20000a78    00000008                                   : _lock.obj (.data)
                  20000a80    00000008                                   : exit.obj (.data)
                  20000a88    00000004                                   : stkdepth_vars.obj (.data)

.bss       0    20000a8c    00000010     UNINITIALIZED
                  20000a8c    00000008     ADC.obj (.bss)
                  20000a94    00000008     CommutationController.obj (.bss)

.sysmem    0    20000aa0    00000008     UNINITIALIZED
                  20000aa0    00000008     rtsv7M4_T_le_v4SPD16_eabi.lib : memory.obj (.sysmem)


LINKER GENERATED COPY TABLES

__TI_cinit_table @ 00002248 records: 3, size/record: 8, table size: 24
	.data: load addr=00002210, load size=0000001b bytes, run addr=20000a6c, run size=00000020 bytes, compression=rle
	.bss: load addr=00002238, load size=00000008 bytes, run addr=20000a8c, run size=00000010 bytes, compression=zero_init
	.vtable: load addr=00002240, load size=00000008 bytes, run addr=20000000, run size=0000026c bytes, compression=zero_init


LINKER GENERATED HANDLER TABLE

__TI_handler_table @ 0000222c records: 3, size/record: 4, table size: 12
	index: 0, handler: __TI_zero_init
	index: 1, handler: __TI_decompress_rle24
	index: 2, handler: __TI_decompress_none


GLOBAL SYMBOLS: SORTED ALPHABETICALLY BY Name 

address    name
--------   ----
20000a8c   ADC0
20000a90   ADC1
00001e59   ADCIntClear
00001e09   ADCIntDisable
00001de9   ADCIntEnable
00001d09   ADCIntRegister
000019b7   ADCSequenceConfigure
00001c95   ADCSequenceDataGet
00001e17   ADCSequenceEnable
000017a9   ADCSequenceStepConfigure
00001b7d   C$$EXIT
20000a94   CommTimer0
20000a98   CommTimer1
00001c29   GPIODirModeSet
00001245   GPIOPadConfigSet
00001aa9   GPIOPinConfigure
00001d7d   GPIOPinTypeADC
00001d21   GPIOPinTypeGPIOOutput
00001d8f   GPIOPinTypePWM
00001ea5   GPIOPinWrite
00001891   IntEnable
00001bc1   IntRegister
00001c53   PWMGenConfigure
00001e41   PWMGenEnable
00001e63   PWMGenIntTrigEnable
00001df9   PWMGenPeriodSet
00001da1   PWMOutputInvert
00001db3   PWMOutputState
00001cb3   PWMPulseWidthSet
00001eb7   PWMSyncTimeBase
00001ebb   PWMSyncUpdate
00001e4d   ResetISR
UNDEFED    SHT$$INIT_ARRAY$$Base
UNDEFED    SHT$$INIT_ARRAY$$Limit
00001375   SysCtlClockSet
00001eab   SysCtlDelay
00001d69   SysCtlPWMClockSet
00001bf5   SysCtlPeripheralEnable
000018f9   TimerConfigure
00001e25   TimerEnable
00001ebf   TimerIntClear
00001e6d   TimerIntDisable
00001e95   TimerIntEnable
00001d39   TimerIntRegister
00001e77   TimerLoadGet
00001dc5   TimerLoadSet
00001e81   TimerValueGet
00001843   _ZN10__cxxabiv116__enum_type_infoD0Ev
0000184b   _ZN10__cxxabiv116__enum_type_infoD1Ev
00001857   _ZN10__cxxabiv117__array_type_infoD0Ev
0000185f   _ZN10__cxxabiv117__array_type_infoD1Ev
0000187f   _ZN10__cxxabiv117__class_type_infoD0Ev
00001887   _ZN10__cxxabiv117__class_type_infoD1Ev
0000182f   _ZN10__cxxabiv117__pbase_type_infoD0Ev
00001837   _ZN10__cxxabiv117__pbase_type_infoD1Ev
00001861   _ZN10__cxxabiv119__pointer_type_infoD0Ev
00001869   _ZN10__cxxabiv119__pointer_type_infoD1Ev
0000184d   _ZN10__cxxabiv120__function_type_infoD0Ev
00001855   _ZN10__cxxabiv120__function_type_infoD1Ev
00001875   _ZN10__cxxabiv120__si_class_type_infoD0Ev
0000187d   _ZN10__cxxabiv120__si_class_type_infoD1Ev
00001839   _ZN10__cxxabiv121__vmi_class_type_infoD0Ev
00001841   _ZN10__cxxabiv121__vmi_class_type_infoD1Ev
0000186b   _ZN10__cxxabiv123__fundamental_type_infoD0Ev
00001873   _ZN10__cxxabiv123__fundamental_type_infoD1Ev
00001825   _ZN10__cxxabiv129__pointer_to_member_type_infoD0Ev
0000182d   _ZN10__cxxabiv129__pointer_to_member_type_infoD1Ev
0000150d   _ZN10motorClass5startEv
00001465   _ZN10motorClassC1Ev
00001545   _ZN10motorClassD0Ev
00001543   _ZN10motorClassD1Ev
00001727   _ZN15CommutatorClass15disableSwitchesEv
0000171d   _ZN15CommutatorClassD0Ev
00001725   _ZN15CommutatorClassD1Ev
00001e8b   _ZN15ZCDetectorClassD0Ev
00001e93   _ZN15ZCDetectorClassD1Ev
00001cfb   _ZN26CommutationControllerClass10ISR0StaticEv
00001ced   _ZN26CommutationControllerClass10ISR1StaticEv
000006d5   _ZN26CommutationControllerClass3ISREv
00000313   _ZN26CommutationControllerClass4initEjP8ADCClassP10motorClass
0000026d   _ZN26CommutationControllerClassC1Ev
000006cb   _ZN26CommutationControllerClassD0Ev
000006d3   _ZN26CommutationControllerClassD1Ev
00001cdf   _ZN8ADCClass10ISR0StaticEv
00001cd1   _ZN8ADCClass10ISR1StaticEv
00000ccf   _ZN8ADCClass3ISREv
00000b55   _ZN8ADCClass4initEjP26CommutationControllerClassP10motorClass
00000af9   _ZN8ADCClassC1Ev
00000cc5   _ZN8ADCClassD0Ev
00000ccd   _ZN8ADCClassD1Ev
00001c75   _ZN8LEDClassC1Ev
00001c8b   _ZN8LEDClassD0Ev
00001c93   _ZN8LEDClassD1Ev
000010c5   _ZN8PWMClass11setPWMWidthEj
0000112b   _ZN8PWMClass20setOutputEnableStateEbbbbbb
000011d5   _ZN8PWMClass20setOutputInvertStateEbbbbbb
00001121   _ZN8PWMClassD0Ev
00001129   _ZN8PWMClassD1Ev
00001889   _ZNSt9type_infoD0Ev
00001823   _ZNSt9type_infoD1Ev
000021e4   _ZTI10motorClass
00002188   _ZTI15CommutatorClass
000021ec   _ZTI15ZCDetectorClass
00002194   _ZTI26CommutationControllerClass
000021a0   _ZTI8ADCClass
000021f4   _ZTI8LEDClass
000021fc   _ZTI8PWMClass
000021ac   _ZTIN10__cxxabiv117__class_type_infoE
000021b8   _ZTIN10__cxxabiv120__si_class_type_infoE
00002204   _ZTISt9type_info
0000216c   _ZTS10motorClass
000020c8   _ZTS15CommutatorClass
000020da   _ZTS15ZCDetectorClass
000020ab   _ZTS26CommutationControllerClass
000021c4   _ZTS8ADCClass
000021ce   _ZTS8LEDClass
000021d8   _ZTS8PWMClass
00002089   _ZTSN10__cxxabiv117__class_type_infoE
00002064   _ZTSN10__cxxabiv120__si_class_type_infoE
00002179   _ZTSSt9type_info
000020ec   _ZTV10motorClass
000020fc   _ZTV15CommutatorClass
0000210c   _ZTV15ZCDetectorClass
0000211c   _ZTV26CommutationControllerClass
0000212c   _ZTV8ADCClass
0000213c   _ZTV8LEDClass
0000214c   _ZTVN10__cxxabiv117__class_type_infoE
0000215c   _ZTVN10__cxxabiv120__si_class_type_infoE
00001e9d   _ZdlPv
20000a6c   __STACK_END
00000800   __STACK_SIZE
2000046c   __STACK_TOP
00000008   __SYSMEM_SIZE
00002248   __TI_CINIT_Base
00002260   __TI_CINIT_Limit
0000222c   __TI_Handler_Table_Base
00002238   __TI_Handler_Table_Limit
00000001   __TI_args_main
00001689   __TI_auto_init
20000a80   __TI_cleanup_ptr
00001e33   __TI_decompress_none
00001eb1   __TI_decompress_rle24
20000a84   __TI_dtors_ptr
00000000   __TI_static_base__
00001dd7   __TI_zero_init
000015eb   __aeabi_memcpy
000015eb   __aeabi_memcpy4
000015eb   __aeabi_memcpy8
ffffffff   __binit__
ffffffff   __c_args__
2000026c   __stack
00001d51   _args_main
00001af1   _c_int00
20000a78   _lock
00000e33   _nop
20000aa0   _sys_memory
20000a7c   _unlock
00001b81   abort
ffffffff   binit
00001b39   copy_in
00001b89   exit
00000ebf   free
20000000   g_pfnRAMVectors
00000000   g_pfnVectors
0000154d   main
20000a88   main_func_sp
000015eb   memcpy
00000e35   minit


GLOBAL SYMBOLS: SORTED BY Symbol Address 

address    name
--------   ----
00000000   __TI_static_base__
00000000   g_pfnVectors
00000001   __TI_args_main
00000008   __SYSMEM_SIZE
0000026d   _ZN26CommutationControllerClassC1Ev
00000313   _ZN26CommutationControllerClass4initEjP8ADCClassP10motorClass
000006cb   _ZN26CommutationControllerClassD0Ev
000006d3   _ZN26CommutationControllerClassD1Ev
000006d5   _ZN26CommutationControllerClass3ISREv
00000800   __STACK_SIZE
00000af9   _ZN8ADCClassC1Ev
00000b55   _ZN8ADCClass4initEjP26CommutationControllerClassP10motorClass
00000cc5   _ZN8ADCClassD0Ev
00000ccd   _ZN8ADCClassD1Ev
00000ccf   _ZN8ADCClass3ISREv
00000e33   _nop
00000e35   minit
00000ebf   free
000010c5   _ZN8PWMClass11setPWMWidthEj
00001121   _ZN8PWMClassD0Ev
00001129   _ZN8PWMClassD1Ev
0000112b   _ZN8PWMClass20setOutputEnableStateEbbbbbb
000011d5   _ZN8PWMClass20setOutputInvertStateEbbbbbb
00001245   GPIOPadConfigSet
00001375   SysCtlClockSet
00001465   _ZN10motorClassC1Ev
0000150d   _ZN10motorClass5startEv
00001543   _ZN10motorClassD1Ev
00001545   _ZN10motorClassD0Ev
0000154d   main
000015eb   __aeabi_memcpy
000015eb   __aeabi_memcpy4
000015eb   __aeabi_memcpy8
000015eb   memcpy
00001689   __TI_auto_init
0000171d   _ZN15CommutatorClassD0Ev
00001725   _ZN15CommutatorClassD1Ev
00001727   _ZN15CommutatorClass15disableSwitchesEv
000017a9   ADCSequenceStepConfigure
00001823   _ZNSt9type_infoD1Ev
00001825   _ZN10__cxxabiv129__pointer_to_member_type_infoD0Ev
0000182d   _ZN10__cxxabiv129__pointer_to_member_type_infoD1Ev
0000182f   _ZN10__cxxabiv117__pbase_type_infoD0Ev
00001837   _ZN10__cxxabiv117__pbase_type_infoD1Ev
00001839   _ZN10__cxxabiv121__vmi_class_type_infoD0Ev
00001841   _ZN10__cxxabiv121__vmi_class_type_infoD1Ev
00001843   _ZN10__cxxabiv116__enum_type_infoD0Ev
0000184b   _ZN10__cxxabiv116__enum_type_infoD1Ev
0000184d   _ZN10__cxxabiv120__function_type_infoD0Ev
00001855   _ZN10__cxxabiv120__function_type_infoD1Ev
00001857   _ZN10__cxxabiv117__array_type_infoD0Ev
0000185f   _ZN10__cxxabiv117__array_type_infoD1Ev
00001861   _ZN10__cxxabiv119__pointer_type_infoD0Ev
00001869   _ZN10__cxxabiv119__pointer_type_infoD1Ev
0000186b   _ZN10__cxxabiv123__fundamental_type_infoD0Ev
00001873   _ZN10__cxxabiv123__fundamental_type_infoD1Ev
00001875   _ZN10__cxxabiv120__si_class_type_infoD0Ev
0000187d   _ZN10__cxxabiv120__si_class_type_infoD1Ev
0000187f   _ZN10__cxxabiv117__class_type_infoD0Ev
00001887   _ZN10__cxxabiv117__class_type_infoD1Ev
00001889   _ZNSt9type_infoD0Ev
00001891   IntEnable
000018f9   TimerConfigure
000019b7   ADCSequenceConfigure
00001aa9   GPIOPinConfigure
00001af1   _c_int00
00001b39   copy_in
00001b7d   C$$EXIT
00001b81   abort
00001b89   exit
00001bc1   IntRegister
00001bf5   SysCtlPeripheralEnable
00001c29   GPIODirModeSet
00001c53   PWMGenConfigure
00001c75   _ZN8LEDClassC1Ev
00001c8b   _ZN8LEDClassD0Ev
00001c93   _ZN8LEDClassD1Ev
00001c95   ADCSequenceDataGet
00001cb3   PWMPulseWidthSet
00001cd1   _ZN8ADCClass10ISR1StaticEv
00001cdf   _ZN8ADCClass10ISR0StaticEv
00001ced   _ZN26CommutationControllerClass10ISR1StaticEv
00001cfb   _ZN26CommutationControllerClass10ISR0StaticEv
00001d09   ADCIntRegister
00001d21   GPIOPinTypeGPIOOutput
00001d39   TimerIntRegister
00001d51   _args_main
00001d69   SysCtlPWMClockSet
00001d7d   GPIOPinTypeADC
00001d8f   GPIOPinTypePWM
00001da1   PWMOutputInvert
00001db3   PWMOutputState
00001dc5   TimerLoadSet
00001dd7   __TI_zero_init
00001de9   ADCIntEnable
00001df9   PWMGenPeriodSet
00001e09   ADCIntDisable
00001e17   ADCSequenceEnable
00001e25   TimerEnable
00001e33   __TI_decompress_none
00001e41   PWMGenEnable
00001e4d   ResetISR
00001e59   ADCIntClear
00001e63   PWMGenIntTrigEnable
00001e6d   TimerIntDisable
00001e77   TimerLoadGet
00001e81   TimerValueGet
00001e8b   _ZN15ZCDetectorClassD0Ev
00001e93   _ZN15ZCDetectorClassD1Ev
00001e95   TimerIntEnable
00001e9d   _ZdlPv
00001ea5   GPIOPinWrite
00001eab   SysCtlDelay
00001eb1   __TI_decompress_rle24
00001eb7   PWMSyncTimeBase
00001ebb   PWMSyncUpdate
00001ebf   TimerIntClear
00002064   _ZTSN10__cxxabiv120__si_class_type_infoE
00002089   _ZTSN10__cxxabiv117__class_type_infoE
000020ab   _ZTS26CommutationControllerClass
000020c8   _ZTS15CommutatorClass
000020da   _ZTS15ZCDetectorClass
000020ec   _ZTV10motorClass
000020fc   _ZTV15CommutatorClass
0000210c   _ZTV15ZCDetectorClass
0000211c   _ZTV26CommutationControllerClass
0000212c   _ZTV8ADCClass
0000213c   _ZTV8LEDClass
0000214c   _ZTVN10__cxxabiv117__class_type_infoE
0000215c   _ZTVN10__cxxabiv120__si_class_type_infoE
0000216c   _ZTS10motorClass
00002179   _ZTSSt9type_info
00002188   _ZTI15CommutatorClass
00002194   _ZTI26CommutationControllerClass
000021a0   _ZTI8ADCClass
000021ac   _ZTIN10__cxxabiv117__class_type_infoE
000021b8   _ZTIN10__cxxabiv120__si_class_type_infoE
000021c4   _ZTS8ADCClass
000021ce   _ZTS8LEDClass
000021d8   _ZTS8PWMClass
000021e4   _ZTI10motorClass
000021ec   _ZTI15ZCDetectorClass
000021f4   _ZTI8LEDClass
000021fc   _ZTI8PWMClass
00002204   _ZTISt9type_info
0000222c   __TI_Handler_Table_Base
00002238   __TI_Handler_Table_Limit
00002248   __TI_CINIT_Base
00002260   __TI_CINIT_Limit
20000000   g_pfnRAMVectors
2000026c   __stack
2000046c   __STACK_TOP
20000a6c   __STACK_END
20000a78   _lock
20000a7c   _unlock
20000a80   __TI_cleanup_ptr
20000a84   __TI_dtors_ptr
20000a88   main_func_sp
20000a8c   ADC0
20000a90   ADC1
20000a94   CommTimer0
20000a98   CommTimer1
20000aa0   _sys_memory
ffffffff   __binit__
ffffffff   __c_args__
ffffffff   binit
UNDEFED    SHT$$INIT_ARRAY$$Base
UNDEFED    SHT$$INIT_ARRAY$$Limit

[168 symbols]
