******************************************************************************
                  TI ARM Linker PC v5.1.5                      
******************************************************************************
>> Linked Thu Jul 17 15:41:47 2014

OUTPUT FILE NAME:   <BLDC.out>
ENTRY POINT SYMBOL: "_c_int00"  address: 00002521


MEMORY CONFIGURATION

         name            origin    length      used     unused   attr    fill
----------------------  --------  ---------  --------  --------  ----  --------
  FLASH                 00000000   00040000  00002f06  0003d0fa  R  X
  SRAM                  20000000   00008000  00000aa8  00007558  RW X


SEGMENT ALLOCATION MAP

run origin  load origin   length   init length attrs members
----------  ----------- ---------- ----------- ----- -------
00000000    00000000    00002f08   00002f08    r-x
  00000000    00000000    0000026c   0000026c    r-- .intvecs
  0000026c    0000026c    000025f6   000025f6    r-x .text
  00002864    00002864    00000654   00000654    r-- .const
  00002eb8    00002eb8    00000050   00000050    r-- .cinit
20000000    20000000    00000aa8   00000000    rw-
  20000000    20000000    0000026c   00000000    rw- .vtable
  2000026c    2000026c    00000800   00000000    rw- .stack
  20000a6c    20000a6c    00000020   00000000    rw- .data
  20000a8c    20000a8c    00000014   00000000    rw- .bss
  20000aa0    20000aa0    00000008   00000000    rw- .sysmem


SECTION ALLOCATION MAP

 output                                  attributes/
section   page    origin      length       input sections
--------  ----  ----------  ----------   ----------------
.intvecs   0    00000000    0000026c     
                  00000000    0000026c     tm4c123ah6pm_startup_ccs.obj (.intvecs)

.init_array 
*          0    00000000    00000000     UNINITIALIZED

.text      0    0000026c    000025f6     
                  0000026c    00000714     PWM.obj (.text)
                  00000980    000003cc     rtsv7M4_T_le_v4SPD16_eabi.lib : memory.obj (.text)
                  00000d4c    000003b6     ADC.obj (.text)
                  00001102    00000322     CommutationController.obj (.text)
                  00001424    0000024c     Commutator.obj (.text)
                  00001670    000001fe     driverlib.lib : gpio.obj (.text:GPIOPadConfigSet)
                  0000186e    000001c0     CommutationController.obj (.text:retain)
                  00001a2e    000001a0     ADC.obj (.text:retain)
                  00001bce    00000108     driverlib.lib : sysctl.obj (.text:SysCtlClockSet)
                  00001cd6    000000da     LED.obj (.text)
                  00001db0    000000d0     driverlib.lib : timer.obj (.text:TimerIntRegister)
                  00001e80    000000bc     rtsv7M4_T_le_v4SPD16_eabi.lib : typeinfo_.obj (.text)
                  00001f3c    000000ba     motor.obj (.text)
                  00001ff6    0000009c     rtsv7M4_T_le_v4SPD16_eabi.lib : memcpy_t2.obj (.text)
                  00002092    00000002     --HOLE-- [fill = 0]
                  00002094    00000094                                   : auto_init.obj (.text)
                  00002128    0000007e     driverlib.lib : adc.obj (.text:ADCSequenceStepConfigure)
                  000021a6    0000007c                   : interrupt.obj (.text:IntEnable)
                  00002222    00000076     main.obj (.text)
                  00002298    0000006e     driverlib.lib : timer.obj (.text:TimerConfigure)
                  00002306    00000064                   : adc.obj (.text:ADCIntRegister)
                  0000236a    00000062     ZCDetector.obj (.text)
                  000023cc    0000005e     rtsv7M4_T_le_v4SPD16_eabi.lib : copy_decompress_rle.obj (.text)
                  0000242a    00000054     driverlib.lib : adc.obj (.text:ADCSequenceConfigure)
                  0000247e    00000052                   : gpio.obj (.text:GPIOPinConfigure)
                  000024d0    0000004e                   : interrupt.obj (.text:IntRegister)
                  0000251e    00000002     --HOLE-- [fill = 0]
                  00002520    00000048     rtsv7M4_T_le_v4SPD16_eabi.lib : boot.obj (.text)
                  00002568    00000044                                   : cpy_tbl.obj (.text)
                  000025ac    00000044                                   : exit.obj (.text)
                  000025f0    00000034     driverlib.lib : sysctl.obj (.text:SysCtlPeripheralEnable)
                  00002624    0000002c                   : pwm.obj (.text:PWMGenConfigure)
                  00002650    00000022                   : adc.obj (.text:ADCSequenceDataGet)
                  00002672    00000022                   : gpio.obj (.text:GPIOPinTypeGPIOOutput)
                  00002694    0000001e                   : gpio.obj (.text:GPIOPinTypeADC)
                  000026b2    0000001e                   : pwm.obj (.text:PWMPulseWidthSet)
                  000026d0    0000001c                   : gpio.obj (.text:GPIOPinTypePWM)
                  000026ec    00000018     rtsv7M4_T_le_v4SPD16_eabi.lib : args_main.obj (.text)
                  00002704    00000016     driverlib.lib : pwm.obj (.text:PWMOutputInvert)
                  0000271a    00000016                   : pwm.obj (.text:PWMOutputState)
                  00002730    00000014                   : sysctl.obj (.text:SysCtlPWMClockSet)
                  00002744    00000014                   : timer.obj (.text:TimerDisable)
                  00002758    00000014     rtsv7M4_T_le_v4SPD16_eabi.lib : _lock.obj (.text)
                  0000276c    00000012     driverlib.lib : pwm.obj (.text:PWMGenPeriodSet)
                  0000277e    00000012                   : timer.obj (.text:TimerLoadSet)
                  00002790    00000012     rtsv7M4_T_le_v4SPD16_eabi.lib : copy_zero_init.obj (.text:decompress:ZI)
                  000027a2    00000010     driverlib.lib : adc.obj (.text:ADCIntEnable)
                  000027b2    0000000e                   : adc.obj (.text:ADCIntDisable)
                  000027c0    0000000e                   : adc.obj (.text:ADCSequenceEnable)
                  000027ce    0000000e                   : timer.obj (.text:TimerEnable)
                  000027dc    0000000e     rtsv7M4_T_le_v4SPD16_eabi.lib : copy_decompress_none.obj (.text:decompress:none)
                  000027ea    0000000c     driverlib.lib : pwm.obj (.text:PWMGenEnable)
                  000027f6    0000000c     tm4c123ah6pm_startup_ccs.obj (.text)
                  00002802    0000000a     driverlib.lib : adc.obj (.text:ADCIntClear)
                  0000280c    0000000a                   : pwm.obj (.text:PWMGenIntTrigEnable)
                  00002816    0000000a                   : timer.obj (.text:TimerIntDisable)
                  00002820    0000000a                   : timer.obj (.text:TimerLoadGet)
                  0000282a    0000000a                   : timer.obj (.text:TimerValueGet)
                  00002834    00000008                   : timer.obj (.text:TimerIntEnable)
                  0000283c    00000008     rtsv7M4_T_le_v4SPD16_eabi.lib : delete.obj (.text)
                  00002844    00000006     driverlib.lib : gpio.obj (.text:GPIOPinWrite)
                  0000284a    00000006                   : sysctl.obj (.text:SysCtlDelay)
                  00002850    00000006     rtsv7M4_T_le_v4SPD16_eabi.lib : copy_decompress_rle.obj (.text:decompress:rle24)
                  00002856    00000004     driverlib.lib : pwm.obj (.text:PWMSyncTimeBase)
                  0000285a    00000004                   : pwm.obj (.text:PWMSyncUpdate)
                  0000285e    00000004                   : timer.obj (.text:TimerIntClear)

.const     0    00002864    00000654     
                  00002864    00000218     driverlib.lib : gpio.obj (.const)
                  00002a7c    0000010c                   : interrupt.obj (.const)
                  00002b88    000000a8                   : timer.obj (.const)
                  00002c30    00000028     rtsv7M4_T_le_v4SPD16_eabi.lib : typeinfo_.obj (.const:.typeinfo:_ZTSN10__cxxabiv123__fundamental_type_infoE)
                  00002c58    00000025                                   : typeinfo_.obj (.const:.typeinfo:_ZTSN10__cxxabiv120__si_class_type_infoE)
                  00002c7d    00000024                                   : typeinfo_.obj (.const:.typeinfo:_ZTSN10__cxxabiv119__pointer_type_infoE)
                  00002ca1    00000022                                   : typeinfo_.obj (.const:.typeinfo:_ZTSN10__cxxabiv117__class_type_infoE)
                  00002cc3    00000022                                   : typeinfo_.obj (.const:.typeinfo:_ZTSN10__cxxabiv117__pbase_type_infoE)
                  00002ce5    0000001d     CommutationController.obj (.const:.typeinfo:_ZTS26CommutationControllerClass)
                  00002d02    00000012     Commutator.obj (.const:.typeinfo:_ZTS15CommutatorClass)
                  00002d14    00000012     ZCDetector.obj (.const:.typeinfo:_ZTS15ZCDetectorClass)
                  00002d26    00000002     rtsv7M4_T_le_v4SPD16_eabi.lib : typeinfo_.obj (.const:.typeinfo:_ZTSe)
                  00002d28    00000010                                   : typeinfo_.obj (.const:.typeinfo:_ZTIPKe)
                  00002d38    00000010     motor.obj (.const:_ZTV10motorClass)
                  00002d48    00000010     Commutator.obj (.const:_ZTV15CommutatorClass)
                  00002d58    00000010     ZCDetector.obj (.const:_ZTV15ZCDetectorClass)
                  00002d68    00000010     CommutationController.obj (.const:_ZTV26CommutationControllerClass)
                  00002d78    00000010     ADC.obj (.const:_ZTV8ADCClass)
                  00002d88    00000010     LED.obj (.const:_ZTV8LEDClass)
                  00002d98    00000010     PWM.obj (.const:_ZTV8PWMClass)
                  00002da8    00000010     rtsv7M4_T_le_v4SPD16_eabi.lib : typeinfo_.obj (.const:_ZTVN10__cxxabiv117__class_type_infoE)
                  00002db8    00000010                                   : typeinfo_.obj (.const:_ZTVN10__cxxabiv119__pointer_type_infoE)
                  00002dc8    00000010                                   : typeinfo_.obj (.const:_ZTVN10__cxxabiv120__si_class_type_infoE)
                  00002dd8    00000010                                   : typeinfo_.obj (.const:_ZTVN10__cxxabiv123__fundamental_type_infoE)
                  00002de8    0000000d     motor.obj (.const:.typeinfo:_ZTS10motorClass)
                  00002df5    0000000d     rtsv7M4_T_le_v4SPD16_eabi.lib : typeinfo_.obj (.const:.typeinfo:_ZTSSt9type_info)
                  00002e02    00000002     --HOLE-- [fill = 0]
                  00002e04    0000000c     Commutator.obj (.const:.typeinfo:_ZTI15CommutatorClass)
                  00002e10    0000000c     CommutationController.obj (.const:.typeinfo:_ZTI26CommutationControllerClass)
                  00002e1c    0000000c     ADC.obj (.const:.typeinfo:_ZTI8ADCClass)
                  00002e28    0000000c     rtsv7M4_T_le_v4SPD16_eabi.lib : typeinfo_.obj (.const:.typeinfo:_ZTIN10__cxxabiv117__class_type_infoE)
                  00002e34    0000000c                                   : typeinfo_.obj (.const:.typeinfo:_ZTIN10__cxxabiv117__pbase_type_infoE)
                  00002e40    0000000c                                   : typeinfo_.obj (.const:.typeinfo:_ZTIN10__cxxabiv119__pointer_type_infoE)
                  00002e4c    0000000c                                   : typeinfo_.obj (.const:.typeinfo:_ZTIN10__cxxabiv120__si_class_type_infoE)
                  00002e58    0000000c                                   : typeinfo_.obj (.const:.typeinfo:_ZTIN10__cxxabiv123__fundamental_type_infoE)
                  00002e64    0000000a     ADC.obj (.const:.typeinfo:_ZTS8ADCClass)
                  00002e6e    0000000a     LED.obj (.const:.typeinfo:_ZTS8LEDClass)
                  00002e78    0000000a     PWM.obj (.const:.typeinfo:_ZTS8PWMClass)
                  00002e82    00000002     --HOLE-- [fill = 0]
                  00002e84    00000008     motor.obj (.const:.typeinfo:_ZTI10motorClass)
                  00002e8c    00000008     ZCDetector.obj (.const:.typeinfo:_ZTI15ZCDetectorClass)
                  00002e94    00000008     LED.obj (.const:.typeinfo:_ZTI8LEDClass)
                  00002e9c    00000008     PWM.obj (.const:.typeinfo:_ZTI8PWMClass)
                  00002ea4    00000008     rtsv7M4_T_le_v4SPD16_eabi.lib : typeinfo_.obj (.const:.typeinfo:_ZTISt9type_info)
                  00002eac    00000008                                   : typeinfo_.obj (.const:.typeinfo:_ZTIe)
                  00002eb4    00000004                                   : typeinfo_.obj (.const:.typeinfo:_ZTSPKe)

.cinit     0    00002eb8    00000050     
                  00002eb8    0000001b     (.cinit..data.load) [load image, compression = rle]
                  00002ed3    00000001     --HOLE-- [fill = 0]
                  00002ed4    0000000c     (__TI_handler_table)
                  00002ee0    00000008     (.cinit..bss.load) [load image, compression = zero_init]
                  00002ee8    00000008     (.cinit..vtable.load) [load image, compression = zero_init]
                  00002ef0    00000018     (__TI_cinit_table)

.vtable    0    20000000    0000026c     UNINITIALIZED
                  20000000    0000026c     driverlib.lib : interrupt.obj (.vtable)

.stack     0    2000026c    00000800     UNINITIALIZED
                  2000026c    00000800     --HOLE--

.data      0    20000a6c    00000020     UNINITIALIZED
                  20000a6c    0000000c     rtsv7M4_T_le_v4SPD16_eabi.lib : memory.obj (.data)
                  20000a78    00000008                                   : _lock.obj (.data)
                  20000a80    00000008                                   : exit.obj (.data)
                  20000a88    00000004                                   : stkdepth_vars.obj (.data)

.bss       0    20000a8c    00000014     UNINITIALIZED
                  20000a8c    00000008     ADC.obj (.bss)
                  20000a94    00000008     CommutationController.obj (.bss)
                  20000a9c    00000004     (.common:_ZSt16__dummy_typeinfo)

.sysmem    0    20000aa0    00000008     UNINITIALIZED
                  20000aa0    00000008     rtsv7M4_T_le_v4SPD16_eabi.lib : memory.obj (.sysmem)


LINKER GENERATED COPY TABLES

__TI_cinit_table @ 00002ef0 records: 3, size/record: 8, table size: 24
	.data: load addr=00002eb8, load size=0000001b bytes, run addr=20000a6c, run size=00000020 bytes, compression=rle
	.bss: load addr=00002ee0, load size=00000008 bytes, run addr=20000a8c, run size=00000014 bytes, compression=zero_init
	.vtable: load addr=00002ee8, load size=00000008 bytes, run addr=20000000, run size=0000026c bytes, compression=zero_init


LINKER GENERATED HANDLER TABLE

__TI_handler_table @ 00002ed4 records: 3, size/record: 4, table size: 12
	index: 0, handler: __TI_zero_init
	index: 1, handler: __TI_decompress_rle24
	index: 2, handler: __TI_decompress_none


GLOBAL SYMBOLS: SORTED ALPHABETICALLY BY Name 

address    name
--------   ----
20000a8c   ADC0
20000a90   ADC1
00002803   ADCIntClear
000027b3   ADCIntDisable
000027a3   ADCIntEnable
00002307   ADCIntRegister
0000242b   ADCSequenceConfigure
00002651   ADCSequenceDataGet
000027c1   ADCSequenceEnable
00002129   ADCSequenceStepConfigure
000025ad   C$$EXIT
20000a94   CommTimer0
20000a98   CommTimer1
00001671   GPIOPadConfigSet
0000247f   GPIOPinConfigure
00002695   GPIOPinTypeADC
00002673   GPIOPinTypeGPIOOutput
000026d1   GPIOPinTypePWM
00002845   GPIOPinWrite
000021a7   IntEnable
000024d1   IntRegister
00002625   PWMGenConfigure
000027eb   PWMGenEnable
0000280d   PWMGenIntTrigEnable
0000276d   PWMGenPeriodSet
00002705   PWMOutputInvert
0000271b   PWMOutputState
000026b3   PWMPulseWidthSet
00002857   PWMSyncTimeBase
0000285b   PWMSyncUpdate
000027f7   ResetISR
UNDEFED    SHT$$INIT_ARRAY$$Base
UNDEFED    SHT$$INIT_ARRAY$$Limit
00001bcf   SysCtlClockSet
0000284b   SysCtlDelay
00002731   SysCtlPWMClockSet
000025f1   SysCtlPeripheralEnable
00002299   TimerConfigure
00002745   TimerDisable
000027cf   TimerEnable
0000285f   TimerIntClear
00002817   TimerIntDisable
00002835   TimerIntEnable
00001db1   TimerIntRegister
00002821   TimerLoadGet
0000277f   TimerLoadSet
0000282b   TimerValueGet
00001f2d   _ZN10__cxxabiv116__enum_type_infoD0Ev
00001f2b   _ZN10__cxxabiv116__enum_type_infoD1Ev
00001f2b   _ZN10__cxxabiv116__enum_type_infoD2Ev
00001f23   _ZN10__cxxabiv117__array_type_infoD0Ev
00001f21   _ZN10__cxxabiv117__array_type_infoD1Ev
00001f21   _ZN10__cxxabiv117__array_type_infoD2Ev
00001f19   _ZN10__cxxabiv117__class_type_infoD0Ev
00001f17   _ZN10__cxxabiv117__class_type_infoD1Ev
00001f17   _ZN10__cxxabiv117__class_type_infoD2Ev
00001f0f   _ZN10__cxxabiv117__pbase_type_infoD0Ev
00001f0d   _ZN10__cxxabiv117__pbase_type_infoD1Ev
00001f0d   _ZN10__cxxabiv117__pbase_type_infoD2Ev
00001f05   _ZN10__cxxabiv119__pointer_type_infoD0Ev
00001f03   _ZN10__cxxabiv119__pointer_type_infoD1Ev
00001f03   _ZN10__cxxabiv119__pointer_type_infoD2Ev
00001efb   _ZN10__cxxabiv120__function_type_infoD0Ev
00001ef9   _ZN10__cxxabiv120__function_type_infoD1Ev
00001ef9   _ZN10__cxxabiv120__function_type_infoD2Ev
00001ef1   _ZN10__cxxabiv120__si_class_type_infoD0Ev
00001eef   _ZN10__cxxabiv120__si_class_type_infoD1Ev
00001eef   _ZN10__cxxabiv120__si_class_type_infoD2Ev
00001ee7   _ZN10__cxxabiv121__vmi_class_type_infoD0Ev
00001ee5   _ZN10__cxxabiv121__vmi_class_type_infoD1Ev
00001ee5   _ZN10__cxxabiv121__vmi_class_type_infoD2Ev
00001edd   _ZN10__cxxabiv123__fundamental_type_infoD0Ev
00001edb   _ZN10__cxxabiv123__fundamental_type_infoD1Ev
00001edb   _ZN10__cxxabiv123__fundamental_type_infoD2Ev
00001ed3   _ZN10__cxxabiv129__pointer_to_member_type_infoD0Ev
00001ed1   _ZN10__cxxabiv129__pointer_to_member_type_infoD1Ev
00001ed1   _ZN10__cxxabiv129__pointer_to_member_type_infoD2Ev
00001ff1   _ZN10motorClass11setPWMWidthEj
00001fcb   _ZN10motorClass4initEj
00001fa1   _ZN10motorClass5startEv
00001f9d   _ZN10motorClass8getStateEv
00001f99   _ZN10motorClass8setStateE14controlState_t
00001f73   _ZN10motorClassC1Ev
00001f73   _ZN10motorClassC2Ev
00001f55   _ZN10motorClassD0Ev
00001f3d   _ZN10motorClassD1Ev
00001f3d   _ZN10motorClassD2Ev
00001641   _ZN15CommutatorClass15disableSwitchesEv
00001639   _ZN15CommutatorClass4initEjP8ADCClass
00001457   _ZN15CommutatorClass9commutateEv
00001437   _ZN15CommutatorClassC1Ev
00001437   _ZN15CommutatorClassC2Ev
00001429   _ZN15CommutatorClassD0Ev
00001425   _ZN15CommutatorClassD1Ev
00001425   _ZN15CommutatorClassD2Ev
0000238b   _ZN15ZCDetectorClass10ZCDetectedEjj
00002387   _ZN15ZCDetectorClass14setZCDirectionE23zeroCrossingDirection_t
00002375   _ZN15ZCDetectorClassC1Ev
00002375   _ZN15ZCDetectorClassC2Ev
0000236d   _ZN15ZCDetectorClassD0Ev
0000236b   _ZN15ZCDetectorClassD1Ev
0000236b   _ZN15ZCDetectorClassD2Ev
0000187d   _ZN26CommutationControllerClass10ISR0StaticEv
0000186f   _ZN26CommutationControllerClass10ISR1StaticEv
0000116f   _ZN26CommutationControllerClass12initAsTimer0Ev
00001191   _ZN26CommutationControllerClass12initAsTimer1Ev
0000125b   _ZN26CommutationControllerClass15enableInterruptEv
00001271   _ZN26CommutationControllerClass15getTimeoutValueEv
00001265   _ZN26CommutationControllerClass15setTimeoutValueEj
00001251   _ZN26CommutationControllerClass16disableInterruptEv
0000127b   _ZN26CommutationControllerClass3ISREv
000011b5   _ZN26CommutationControllerClass4initEjP8ADCClassP10motorClass
00001165   _ZN26CommutationControllerClass6enableEv
0000115b   _ZN26CommutationControllerClass7disableEv
00001151   _ZN26CommutationControllerClass8getValueEv
00001115   _ZN26CommutationControllerClassC1Ev
00001115   _ZN26CommutationControllerClassC2Ev
00001107   _ZN26CommutationControllerClassD0Ev
00001103   _ZN26CommutationControllerClassD1Ev
00001103   _ZN26CommutationControllerClassD2Ev
00001aff   _ZN8ADCClass10ISR0StaticEv
00001a2f   _ZN8ADCClass10ISR1StaticEv
00000e2d   _ZN8ADCClass10initAsADC0Ev
00000e83   _ZN8ADCClass10initAsADC1Ev
000010ff   _ZN8ADCClass14getMeasurementEv
0000101b   _ZN8ADCClass15enableInterruptEv
00000edb   _ZN8ADCClass16disableInterruptEv
000010f9   _ZN8ADCClass17getZCDetectedFlagEv
000010f5   _ZN8ADCClass18getMeasurementTimeEv
000010ed   _ZN8ADCClass19clearZCDetectedFlagEv
00001023   _ZN8ADCClass3ISREv
00000ee3   _ZN8ADCClass4initEjP26CommutationControllerClassP10motorClass
00000df1   _ZN8ADCClass8setPhaseE7phase_t
00000dd3   _ZN8ADCClass9IIRFilterEj
00000d7b   _ZN8ADCClassC1Ev
00000d7b   _ZN8ADCClassC2Ev
00000d61   _ZN8ADCClassD0Ev
00000d4d   _ZN8ADCClassD1Ev
00000d4d   _ZN8ADCClassD2Ev
00001d17   _ZN8LEDClass10initAsLED0Ev
00001d31   _ZN8LEDClass10initAsLED1Ev
00001da7   _ZN8LEDClass3setEv
00001d4b   _ZN8LEDClass4initEj
00001d0d   _ZN8LEDClass5clearEv
00001cf7   _ZN8LEDClass6toggleEv
00001ce1   _ZN8LEDClassC1Ev
00001ce1   _ZN8LEDClassC2Ev
00001cd9   _ZN8LEDClassD0Ev
00001cd7   _ZN8LEDClassD1Ev
00001cd7   _ZN8LEDClassD2Ev
000002df   _ZN8PWMClass10initAsPWM0Ev
000003d1   _ZN8PWMClass10initAsPWM1Ev
00000925   _ZN8PWMClass11setPWMWidthEj
0000087b   _ZN8PWMClass20setOutputEnableStateEbbbbbb
000007d1   _ZN8PWMClass20setOutputInvertStateEbbbbbb
000004ab   _ZN8PWMClass4initEj
00000277   _ZN8PWMClassC1Ev
00000277   _ZN8PWMClassC2Ev
0000026f   _ZN8PWMClassD0Ev
0000026d   _ZN8PWMClassD1Ev
0000026d   _ZN8PWMClassD2Ev
00001e93   _ZNKSt9type_info4nameEv
00001ec3   _ZNKSt9type_info6beforeERKS_
00001ead   _ZNKSt9type_infoeqERKS_
00001e97   _ZNKSt9type_infoneERKS_
00001e8b   _ZNSt9type_infoD0Ev
00001e89   _ZNSt9type_infoD1Ev
00001e89   _ZNSt9type_infoD2Ev
20000a9c   _ZSt16__dummy_typeinfo
00001e81   _ZSt21__gen_dummy_typeinfosv
00002e84   _ZTI10motorClass
00002e04   _ZTI15CommutatorClass
00002e8c   _ZTI15ZCDetectorClass
00002e10   _ZTI26CommutationControllerClass
00002e1c   _ZTI8ADCClass
00002e94   _ZTI8LEDClass
00002e9c   _ZTI8PWMClass
00002e28   _ZTIN10__cxxabiv117__class_type_infoE
00002e34   _ZTIN10__cxxabiv117__pbase_type_infoE
00002e40   _ZTIN10__cxxabiv119__pointer_type_infoE
00002e4c   _ZTIN10__cxxabiv120__si_class_type_infoE
00002e58   _ZTIN10__cxxabiv123__fundamental_type_infoE
00002d28   _ZTIPKe
00002ea4   _ZTISt9type_info
00002eac   _ZTIe
00002de8   _ZTS10motorClass
00002d02   _ZTS15CommutatorClass
00002d14   _ZTS15ZCDetectorClass
00002ce5   _ZTS26CommutationControllerClass
00002e64   _ZTS8ADCClass
00002e6e   _ZTS8LEDClass
00002e78   _ZTS8PWMClass
00002ca1   _ZTSN10__cxxabiv117__class_type_infoE
00002cc3   _ZTSN10__cxxabiv117__pbase_type_infoE
00002c7d   _ZTSN10__cxxabiv119__pointer_type_infoE
00002c58   _ZTSN10__cxxabiv120__si_class_type_infoE
00002c30   _ZTSN10__cxxabiv123__fundamental_type_infoE
00002eb4   _ZTSPKe
00002df5   _ZTSSt9type_info
00002d26   _ZTSe
00002d38   _ZTV10motorClass
00002d48   _ZTV15CommutatorClass
00002d58   _ZTV15ZCDetectorClass
00002d68   _ZTV26CommutationControllerClass
00002d78   _ZTV8ADCClass
00002d88   _ZTV8LEDClass
00002d98   _ZTV8PWMClass
00002da8   _ZTVN10__cxxabiv117__class_type_infoE
00002db8   _ZTVN10__cxxabiv119__pointer_type_infoE
00002dc8   _ZTVN10__cxxabiv120__si_class_type_infoE
00002dd8   _ZTVN10__cxxabiv123__fundamental_type_infoE
0000283d   _ZdlPv
20000a6c   __STACK_END
00000800   __STACK_SIZE
2000046c   __STACK_TOP
00000008   __SYSMEM_SIZE
00002ef0   __TI_CINIT_Base
00002f08   __TI_CINIT_Limit
00002ed4   __TI_Handler_Table_Base
00002ee0   __TI_Handler_Table_Limit
00000001   __TI_args_main
00002095   __TI_auto_init
20000a80   __TI_cleanup_ptr
000027dd   __TI_decompress_none
00002851   __TI_decompress_rle24
20000a84   __TI_dtors_ptr
00000000   __TI_static_base__
00002791   __TI_zero_init
00001ff7   __aeabi_memcpy
00001ff7   __aeabi_memcpy4
00001ff7   __aeabi_memcpy8
ffffffff   __binit__
ffffffff   __c_args__
2000026c   __stack
000026ed   _args_main
00002521   _c_int00
20000a78   _lock
00002767   _nop
0000275f   _register_lock
00002759   _register_unlock
20000aa0   _sys_memory
20000a7c   _unlock
000025b1   abort
ffffffff   binit
00000d15   calloc
00002569   copy_in
000025b9   exit
00000a6f   free
20000000   g_pfnRAMVectors
00000000   g_pfnVectors
00002223   main
20000a88   main_func_sp
00000a0d   malloc
00000c35   memalign
00001ff7   memcpy
00000981   minit
00000b2f   realloc


GLOBAL SYMBOLS: SORTED BY Symbol Address 

address    name
--------   ----
00000000   __TI_static_base__
00000000   g_pfnVectors
00000001   __TI_args_main
00000008   __SYSMEM_SIZE
0000026d   _ZN8PWMClassD1Ev
0000026d   _ZN8PWMClassD2Ev
0000026f   _ZN8PWMClassD0Ev
00000277   _ZN8PWMClassC1Ev
00000277   _ZN8PWMClassC2Ev
000002df   _ZN8PWMClass10initAsPWM0Ev
000003d1   _ZN8PWMClass10initAsPWM1Ev
000004ab   _ZN8PWMClass4initEj
000007d1   _ZN8PWMClass20setOutputInvertStateEbbbbbb
00000800   __STACK_SIZE
0000087b   _ZN8PWMClass20setOutputEnableStateEbbbbbb
00000925   _ZN8PWMClass11setPWMWidthEj
00000981   minit
00000a0d   malloc
00000a6f   free
00000b2f   realloc
00000c35   memalign
00000d15   calloc
00000d4d   _ZN8ADCClassD1Ev
00000d4d   _ZN8ADCClassD2Ev
00000d61   _ZN8ADCClassD0Ev
00000d7b   _ZN8ADCClassC1Ev
00000d7b   _ZN8ADCClassC2Ev
00000dd3   _ZN8ADCClass9IIRFilterEj
00000df1   _ZN8ADCClass8setPhaseE7phase_t
00000e2d   _ZN8ADCClass10initAsADC0Ev
00000e83   _ZN8ADCClass10initAsADC1Ev
00000edb   _ZN8ADCClass16disableInterruptEv
00000ee3   _ZN8ADCClass4initEjP26CommutationControllerClassP10motorClass
0000101b   _ZN8ADCClass15enableInterruptEv
00001023   _ZN8ADCClass3ISREv
000010ed   _ZN8ADCClass19clearZCDetectedFlagEv
000010f5   _ZN8ADCClass18getMeasurementTimeEv
000010f9   _ZN8ADCClass17getZCDetectedFlagEv
000010ff   _ZN8ADCClass14getMeasurementEv
00001103   _ZN26CommutationControllerClassD1Ev
00001103   _ZN26CommutationControllerClassD2Ev
00001107   _ZN26CommutationControllerClassD0Ev
00001115   _ZN26CommutationControllerClassC1Ev
00001115   _ZN26CommutationControllerClassC2Ev
00001151   _ZN26CommutationControllerClass8getValueEv
0000115b   _ZN26CommutationControllerClass7disableEv
00001165   _ZN26CommutationControllerClass6enableEv
0000116f   _ZN26CommutationControllerClass12initAsTimer0Ev
00001191   _ZN26CommutationControllerClass12initAsTimer1Ev
000011b5   _ZN26CommutationControllerClass4initEjP8ADCClassP10motorClass
00001251   _ZN26CommutationControllerClass16disableInterruptEv
0000125b   _ZN26CommutationControllerClass15enableInterruptEv
00001265   _ZN26CommutationControllerClass15setTimeoutValueEj
00001271   _ZN26CommutationControllerClass15getTimeoutValueEv
0000127b   _ZN26CommutationControllerClass3ISREv
00001425   _ZN15CommutatorClassD1Ev
00001425   _ZN15CommutatorClassD2Ev
00001429   _ZN15CommutatorClassD0Ev
00001437   _ZN15CommutatorClassC1Ev
00001437   _ZN15CommutatorClassC2Ev
00001457   _ZN15CommutatorClass9commutateEv
00001639   _ZN15CommutatorClass4initEjP8ADCClass
00001641   _ZN15CommutatorClass15disableSwitchesEv
00001671   GPIOPadConfigSet
0000186f   _ZN26CommutationControllerClass10ISR1StaticEv
0000187d   _ZN26CommutationControllerClass10ISR0StaticEv
00001a2f   _ZN8ADCClass10ISR1StaticEv
00001aff   _ZN8ADCClass10ISR0StaticEv
00001bcf   SysCtlClockSet
00001cd7   _ZN8LEDClassD1Ev
00001cd7   _ZN8LEDClassD2Ev
00001cd9   _ZN8LEDClassD0Ev
00001ce1   _ZN8LEDClassC1Ev
00001ce1   _ZN8LEDClassC2Ev
00001cf7   _ZN8LEDClass6toggleEv
00001d0d   _ZN8LEDClass5clearEv
00001d17   _ZN8LEDClass10initAsLED0Ev
00001d31   _ZN8LEDClass10initAsLED1Ev
00001d4b   _ZN8LEDClass4initEj
00001da7   _ZN8LEDClass3setEv
00001db1   TimerIntRegister
00001e81   _ZSt21__gen_dummy_typeinfosv
00001e89   _ZNSt9type_infoD1Ev
00001e89   _ZNSt9type_infoD2Ev
00001e8b   _ZNSt9type_infoD0Ev
00001e93   _ZNKSt9type_info4nameEv
00001e97   _ZNKSt9type_infoneERKS_
00001ead   _ZNKSt9type_infoeqERKS_
00001ec3   _ZNKSt9type_info6beforeERKS_
00001ed1   _ZN10__cxxabiv129__pointer_to_member_type_infoD1Ev
00001ed1   _ZN10__cxxabiv129__pointer_to_member_type_infoD2Ev
00001ed3   _ZN10__cxxabiv129__pointer_to_member_type_infoD0Ev
00001edb   _ZN10__cxxabiv123__fundamental_type_infoD1Ev
00001edb   _ZN10__cxxabiv123__fundamental_type_infoD2Ev
00001edd   _ZN10__cxxabiv123__fundamental_type_infoD0Ev
00001ee5   _ZN10__cxxabiv121__vmi_class_type_infoD1Ev
00001ee5   _ZN10__cxxabiv121__vmi_class_type_infoD2Ev
00001ee7   _ZN10__cxxabiv121__vmi_class_type_infoD0Ev
00001eef   _ZN10__cxxabiv120__si_class_type_infoD1Ev
00001eef   _ZN10__cxxabiv120__si_class_type_infoD2Ev
00001ef1   _ZN10__cxxabiv120__si_class_type_infoD0Ev
00001ef9   _ZN10__cxxabiv120__function_type_infoD1Ev
00001ef9   _ZN10__cxxabiv120__function_type_infoD2Ev
00001efb   _ZN10__cxxabiv120__function_type_infoD0Ev
00001f03   _ZN10__cxxabiv119__pointer_type_infoD1Ev
00001f03   _ZN10__cxxabiv119__pointer_type_infoD2Ev
00001f05   _ZN10__cxxabiv119__pointer_type_infoD0Ev
00001f0d   _ZN10__cxxabiv117__pbase_type_infoD1Ev
00001f0d   _ZN10__cxxabiv117__pbase_type_infoD2Ev
00001f0f   _ZN10__cxxabiv117__pbase_type_infoD0Ev
00001f17   _ZN10__cxxabiv117__class_type_infoD1Ev
00001f17   _ZN10__cxxabiv117__class_type_infoD2Ev
00001f19   _ZN10__cxxabiv117__class_type_infoD0Ev
00001f21   _ZN10__cxxabiv117__array_type_infoD1Ev
00001f21   _ZN10__cxxabiv117__array_type_infoD2Ev
00001f23   _ZN10__cxxabiv117__array_type_infoD0Ev
00001f2b   _ZN10__cxxabiv116__enum_type_infoD1Ev
00001f2b   _ZN10__cxxabiv116__enum_type_infoD2Ev
00001f2d   _ZN10__cxxabiv116__enum_type_infoD0Ev
00001f3d   _ZN10motorClassD1Ev
00001f3d   _ZN10motorClassD2Ev
00001f55   _ZN10motorClassD0Ev
00001f73   _ZN10motorClassC1Ev
00001f73   _ZN10motorClassC2Ev
00001f99   _ZN10motorClass8setStateE14controlState_t
00001f9d   _ZN10motorClass8getStateEv
00001fa1   _ZN10motorClass5startEv
00001fcb   _ZN10motorClass4initEj
00001ff1   _ZN10motorClass11setPWMWidthEj
00001ff7   __aeabi_memcpy
00001ff7   __aeabi_memcpy4
00001ff7   __aeabi_memcpy8
00001ff7   memcpy
00002095   __TI_auto_init
00002129   ADCSequenceStepConfigure
000021a7   IntEnable
00002223   main
00002299   TimerConfigure
00002307   ADCIntRegister
0000236b   _ZN15ZCDetectorClassD1Ev
0000236b   _ZN15ZCDetectorClassD2Ev
0000236d   _ZN15ZCDetectorClassD0Ev
00002375   _ZN15ZCDetectorClassC1Ev
00002375   _ZN15ZCDetectorClassC2Ev
00002387   _ZN15ZCDetectorClass14setZCDirectionE23zeroCrossingDirection_t
0000238b   _ZN15ZCDetectorClass10ZCDetectedEjj
0000242b   ADCSequenceConfigure
0000247f   GPIOPinConfigure
000024d1   IntRegister
00002521   _c_int00
00002569   copy_in
000025ad   C$$EXIT
000025b1   abort
000025b9   exit
000025f1   SysCtlPeripheralEnable
00002625   PWMGenConfigure
00002651   ADCSequenceDataGet
00002673   GPIOPinTypeGPIOOutput
00002695   GPIOPinTypeADC
000026b3   PWMPulseWidthSet
000026d1   GPIOPinTypePWM
000026ed   _args_main
00002705   PWMOutputInvert
0000271b   PWMOutputState
00002731   SysCtlPWMClockSet
00002745   TimerDisable
00002759   _register_unlock
0000275f   _register_lock
00002767   _nop
0000276d   PWMGenPeriodSet
0000277f   TimerLoadSet
00002791   __TI_zero_init
000027a3   ADCIntEnable
000027b3   ADCIntDisable
000027c1   ADCSequenceEnable
000027cf   TimerEnable
000027dd   __TI_decompress_none
000027eb   PWMGenEnable
000027f7   ResetISR
00002803   ADCIntClear
0000280d   PWMGenIntTrigEnable
00002817   TimerIntDisable
00002821   TimerLoadGet
0000282b   TimerValueGet
00002835   TimerIntEnable
0000283d   _ZdlPv
00002845   GPIOPinWrite
0000284b   SysCtlDelay
00002851   __TI_decompress_rle24
00002857   PWMSyncTimeBase
0000285b   PWMSyncUpdate
0000285f   TimerIntClear
00002c30   _ZTSN10__cxxabiv123__fundamental_type_infoE
00002c58   _ZTSN10__cxxabiv120__si_class_type_infoE
00002c7d   _ZTSN10__cxxabiv119__pointer_type_infoE
00002ca1   _ZTSN10__cxxabiv117__class_type_infoE
00002cc3   _ZTSN10__cxxabiv117__pbase_type_infoE
00002ce5   _ZTS26CommutationControllerClass
00002d02   _ZTS15CommutatorClass
00002d14   _ZTS15ZCDetectorClass
00002d26   _ZTSe
00002d28   _ZTIPKe
00002d38   _ZTV10motorClass
00002d48   _ZTV15CommutatorClass
00002d58   _ZTV15ZCDetectorClass
00002d68   _ZTV26CommutationControllerClass
00002d78   _ZTV8ADCClass
00002d88   _ZTV8LEDClass
00002d98   _ZTV8PWMClass
00002da8   _ZTVN10__cxxabiv117__class_type_infoE
00002db8   _ZTVN10__cxxabiv119__pointer_type_infoE
00002dc8   _ZTVN10__cxxabiv120__si_class_type_infoE
00002dd8   _ZTVN10__cxxabiv123__fundamental_type_infoE
00002de8   _ZTS10motorClass
00002df5   _ZTSSt9type_info
00002e04   _ZTI15CommutatorClass
00002e10   _ZTI26CommutationControllerClass
00002e1c   _ZTI8ADCClass
00002e28   _ZTIN10__cxxabiv117__class_type_infoE
00002e34   _ZTIN10__cxxabiv117__pbase_type_infoE
00002e40   _ZTIN10__cxxabiv119__pointer_type_infoE
00002e4c   _ZTIN10__cxxabiv120__si_class_type_infoE
00002e58   _ZTIN10__cxxabiv123__fundamental_type_infoE
00002e64   _ZTS8ADCClass
00002e6e   _ZTS8LEDClass
00002e78   _ZTS8PWMClass
00002e84   _ZTI10motorClass
00002e8c   _ZTI15ZCDetectorClass
00002e94   _ZTI8LEDClass
00002e9c   _ZTI8PWMClass
00002ea4   _ZTISt9type_info
00002eac   _ZTIe
00002eb4   _ZTSPKe
00002ed4   __TI_Handler_Table_Base
00002ee0   __TI_Handler_Table_Limit
00002ef0   __TI_CINIT_Base
00002f08   __TI_CINIT_Limit
20000000   g_pfnRAMVectors
2000026c   __stack
2000046c   __STACK_TOP
20000a6c   __STACK_END
20000a78   _lock
20000a7c   _unlock
20000a80   __TI_cleanup_ptr
20000a84   __TI_dtors_ptr
20000a88   main_func_sp
20000a8c   ADC0
20000a90   ADC1
20000a94   CommTimer0
20000a98   CommTimer1
20000a9c   _ZSt16__dummy_typeinfo
20000aa0   _sys_memory
ffffffff   __binit__
ffffffff   __c_args__
ffffffff   binit
UNDEFED    SHT$$INIT_ARRAY$$Base
UNDEFED    SHT$$INIT_ARRAY$$Limit

[257 symbols]
