<?xml version="1.0"?>
<link_info>
   <banner>TI ARM Linker PC v5.1.6</banner>
   <copyright>Copyright (c) 1996-2014 Texas Instruments Incorporated</copyright>
   <link_time>0x54674467</link_time>
   <link_errors>0x0</link_errors>
   <output_file>Overseer.out</output_file>
   <entry_point>
      <name>_c_int00</name>
      <address>0x6ffd</address>
   </entry_point>
   <input_file_list>
      <input_file id="fl-2">
         <path>.\</path>
         <kind>object</kind>
         <file>tm4c123ah6pm_startup_ccs.obj</file>
         <name>tm4c123ah6pm_startup_ccs.obj</name>
      </input_file>
      <input_file id="fl-3">
         <path>.\src\shared\</path>
         <kind>object</kind>
         <file>LED.obj</file>
         <name>LED.obj</name>
      </input_file>
      <input_file id="fl-4">
         <path>.\src\shared\</path>
         <kind>object</kind>
         <file>MessageParser.obj</file>
         <name>MessageParser.obj</name>
      </input_file>
      <input_file id="fl-5">
         <path>.\src\shared\</path>
         <kind>object</kind>
         <file>SPIMaster.obj</file>
         <name>SPIMaster.obj</name>
      </input_file>
      <input_file id="fl-6">
         <path>.\src\shared\</path>
         <kind>object</kind>
         <file>SPISlave.obj</file>
         <name>SPISlave.obj</name>
      </input_file>
      <input_file id="fl-7">
         <path>.\src\PinControllers\</path>
         <kind>object</kind>
         <file>GPIOInput.obj</file>
         <name>GPIOInput.obj</name>
      </input_file>
      <input_file id="fl-8">
         <path>.\src\PinControllers\</path>
         <kind>object</kind>
         <file>GPIOOutput.obj</file>
         <name>GPIOOutput.obj</name>
      </input_file>
      <input_file id="fl-9">
         <path>.\src\PinControllers\</path>
         <kind>object</kind>
         <file>InputCapture.obj</file>
         <name>InputCapture.obj</name>
      </input_file>
      <input_file id="fl-a">
         <path>.\src\</path>
         <kind>object</kind>
         <file>MotorController.obj</file>
         <name>MotorController.obj</name>
      </input_file>
      <input_file id="fl-b">
         <path>.\src\</path>
         <kind>object</kind>
         <file>Overseer.obj</file>
         <name>Overseer.obj</name>
      </input_file>
      <input_file id="fl-c">
         <path>.\src\</path>
         <kind>object</kind>
         <file>PinController.obj</file>
         <name>PinController.obj</name>
      </input_file>
      <input_file id="fl-13a">
         <path>D:\Pro_tools\TI_Code_Composer_Studio_CCS\ccsv6\tools\compiler\arm_5.1.6\lib\</path>
         <kind>archive</kind>
         <file>rtsv7M4_T_le_v4SPD16_eabi.lib</file>
         <name>boot.obj</name>
      </input_file>
      <input_file id="fl-13b">
         <path>D:\Pro_tools\TI_Code_Composer_Studio_CCS\ccsv6\tools\compiler\arm_5.1.6\lib\</path>
         <kind>archive</kind>
         <file>rtsv7M4_T_le_v4SPD16_eabi.lib</file>
         <name>copy_decompress_none.obj</name>
      </input_file>
      <input_file id="fl-13c">
         <path>D:\Pro_tools\TI_Code_Composer_Studio_CCS\ccsv6\tools\compiler\arm_5.1.6\lib\</path>
         <kind>archive</kind>
         <file>rtsv7M4_T_le_v4SPD16_eabi.lib</file>
         <name>copy_decompress_rle.obj</name>
      </input_file>
      <input_file id="fl-13d">
         <path>D:\Pro_tools\TI_Code_Composer_Studio_CCS\ccsv6\tools\compiler\arm_5.1.6\lib\</path>
         <kind>archive</kind>
         <file>rtsv7M4_T_le_v4SPD16_eabi.lib</file>
         <name>copy_zero_init.obj</name>
      </input_file>
      <input_file id="fl-13e">
         <path>D:\Pro_tools\TI_Code_Composer_Studio_CCS\ccsv6\tools\compiler\arm_5.1.6\lib\</path>
         <kind>archive</kind>
         <file>rtsv7M4_T_le_v4SPD16_eabi.lib</file>
         <name>delete.obj</name>
      </input_file>
      <input_file id="fl-13f">
         <path>D:\Pro_tools\TI_Code_Composer_Studio_CCS\ccsv6\tools\compiler\arm_5.1.6\lib\</path>
         <kind>archive</kind>
         <file>rtsv7M4_T_le_v4SPD16_eabi.lib</file>
         <name>dtor_list.obj</name>
      </input_file>
      <input_file id="fl-140">
         <path>D:\Pro_tools\TI_Code_Composer_Studio_CCS\ccsv6\tools\compiler\arm_5.1.6\lib\</path>
         <kind>archive</kind>
         <file>rtsv7M4_T_le_v4SPD16_eabi.lib</file>
         <name>exit.obj</name>
      </input_file>
      <input_file id="fl-141">
         <path>D:\Pro_tools\TI_Code_Composer_Studio_CCS\ccsv6\tools\compiler\arm_5.1.6\lib\</path>
         <kind>archive</kind>
         <file>rtsv7M4_T_le_v4SPD16_eabi.lib</file>
         <name>memcpy_t2.obj</name>
      </input_file>
      <input_file id="fl-142">
         <path>D:\Pro_tools\TI_Code_Composer_Studio_CCS\ccsv6\tools\compiler\arm_5.1.6\lib\</path>
         <kind>archive</kind>
         <file>rtsv7M4_T_le_v4SPD16_eabi.lib</file>
         <name>memory.obj</name>
      </input_file>
      <input_file id="fl-143">
         <path>D:\Pro_tools\TI_Code_Composer_Studio_CCS\ccsv6\tools\compiler\arm_5.1.6\lib\</path>
         <kind>archive</kind>
         <file>rtsv7M4_T_le_v4SPD16_eabi.lib</file>
         <name>new_.obj</name>
      </input_file>
      <input_file id="fl-144">
         <path>D:\Pro_tools\TI_Code_Composer_Studio_CCS\ccsv6\tools\compiler\arm_5.1.6\lib\</path>
         <kind>archive</kind>
         <file>rtsv7M4_T_le_v4SPD16_eabi.lib</file>
         <name>newhandler.obj</name>
      </input_file>
      <input_file id="fl-145">
         <path>D:\Pro_tools\TI_Code_Composer_Studio_CCS\ccsv6\tools\compiler\arm_5.1.6\lib\</path>
         <kind>archive</kind>
         <file>rtsv7M4_T_le_v4SPD16_eabi.lib</file>
         <name>stkdepth_vars.obj</name>
      </input_file>
      <input_file id="fl-146">
         <path>D:\Pro_tools\TI_Code_Composer_Studio_CCS\ccsv6\tools\compiler\arm_5.1.6\lib\</path>
         <kind>archive</kind>
         <file>rtsv7M4_T_le_v4SPD16_eabi.lib</file>
         <name>typeinfo_.obj</name>
      </input_file>
      <input_file id="fl-147">
         <path>D:\Pro_tools\TI_Code_Composer_Studio_CCS\ccsv6\tools\compiler\arm_5.1.6\lib\</path>
         <kind>archive</kind>
         <file>rtsv7M4_T_le_v4SPD16_eabi.lib</file>
         <name>vars.obj</name>
      </input_file>
      <input_file id="fl-148">
         <path>D:\Pro_tools\TI_Code_Composer_Studio_CCS\ccsv6\tools\compiler\arm_5.1.6\lib\</path>
         <kind>archive</kind>
         <file>rtsv7M4_T_le_v4SPD16_eabi.lib</file>
         <name>vla_alloc.obj</name>
      </input_file>
      <input_file id="fl-149">
         <path>D:\Pro_tools\TI_Code_Composer_Studio_CCS\ccsv6\tools\compiler\arm_5.1.6\lib\</path>
         <kind>archive</kind>
         <file>rtsv7M4_T_le_v4SPD16_eabi.lib</file>
         <name>_lock.obj</name>
      </input_file>
      <input_file id="fl-14a">
         <path>D:\Pro_tools\TI_Code_Composer_Studio_CCS\ccsv6\tools\compiler\arm_5.1.6\lib\</path>
         <kind>archive</kind>
         <file>rtsv7M4_T_le_v4SPD16_eabi.lib</file>
         <name>args_main.obj</name>
      </input_file>
      <input_file id="fl-14b">
         <path>D:\Pro_tools\TI_Code_Composer_Studio_CCS\ccsv6\tools\compiler\arm_5.1.6\lib\</path>
         <kind>archive</kind>
         <file>rtsv7M4_T_le_v4SPD16_eabi.lib</file>
         <name>auto_init.obj</name>
      </input_file>
      <input_file id="fl-14c">
         <path>D:\Pro_tools\TI_Code_Composer_Studio_CCS\ccsv6\tools\compiler\arm_5.1.6\lib\</path>
         <kind>archive</kind>
         <file>rtsv7M4_T_le_v4SPD16_eabi.lib</file>
         <name>cpy_tbl.obj</name>
      </input_file>
      <input_file id="fl-14d">
         <path>D:\Pro_tools\TI_Code_Composer_Studio_CCS\ccsv6\tools\compiler\arm_5.1.6\lib\</path>
         <kind>archive</kind>
         <file>rtsv7M4_T_le_v4SPD16_eabi.lib</file>
         <name>defs.obj</name>
      </input_file>
      <input_file id="fl-14e">
         <path>D:\Pro_tools\TI_Code_Composer_Studio_CCS\ccsv6\tools\compiler\arm_5.1.6\lib\</path>
         <kind>archive</kind>
         <file>rtsv7M4_T_le_v4SPD16_eabi.lib</file>
         <name>error.obj</name>
      </input_file>
      <input_file id="fl-14f">
         <path>D:\Pro_tools\TI_Code_Composer_Studio_CCS\ccsv6\tools\compiler\arm_5.1.6\lib\</path>
         <kind>archive</kind>
         <file>rtsv7M4_T_le_v4SPD16_eabi.lib</file>
         <name>fprintf.obj</name>
      </input_file>
      <input_file id="fl-150">
         <path>D:\Pro_tools\TI_Code_Composer_Studio_CCS\ccsv6\tools\compiler\arm_5.1.6\lib\</path>
         <kind>archive</kind>
         <file>rtsv7M4_T_le_v4SPD16_eabi.lib</file>
         <name>fputc.obj</name>
      </input_file>
      <input_file id="fl-151">
         <path>D:\Pro_tools\TI_Code_Composer_Studio_CCS\ccsv6\tools\compiler\arm_5.1.6\lib\</path>
         <kind>archive</kind>
         <file>rtsv7M4_T_le_v4SPD16_eabi.lib</file>
         <name>fputs.obj</name>
      </input_file>
      <input_file id="fl-152">
         <path>D:\Pro_tools\TI_Code_Composer_Studio_CCS\ccsv6\tools\compiler\arm_5.1.6\lib\</path>
         <kind>archive</kind>
         <file>rtsv7M4_T_le_v4SPD16_eabi.lib</file>
         <name>lowlev.obj</name>
      </input_file>
      <input_file id="fl-153">
         <path>D:\Pro_tools\TI_Code_Composer_Studio_CCS\ccsv6\tools\compiler\arm_5.1.6\lib\</path>
         <kind>archive</kind>
         <file>rtsv7M4_T_le_v4SPD16_eabi.lib</file>
         <name>memchr.obj</name>
      </input_file>
      <input_file id="fl-154">
         <path>D:\Pro_tools\TI_Code_Composer_Studio_CCS\ccsv6\tools\compiler\arm_5.1.6\lib\</path>
         <kind>archive</kind>
         <file>rtsv7M4_T_le_v4SPD16_eabi.lib</file>
         <name>strchr.obj</name>
      </input_file>
      <input_file id="fl-155">
         <path>D:\Pro_tools\TI_Code_Composer_Studio_CCS\ccsv6\tools\compiler\arm_5.1.6\lib\</path>
         <kind>archive</kind>
         <file>rtsv7M4_T_le_v4SPD16_eabi.lib</file>
         <name>strcmp.obj</name>
      </input_file>
      <input_file id="fl-156">
         <path>D:\Pro_tools\TI_Code_Composer_Studio_CCS\ccsv6\tools\compiler\arm_5.1.6\lib\</path>
         <kind>archive</kind>
         <file>rtsv7M4_T_le_v4SPD16_eabi.lib</file>
         <name>strlen.obj</name>
      </input_file>
      <input_file id="fl-157">
         <path>D:\Pro_tools\TI_Code_Composer_Studio_CCS\ccsv6\tools\compiler\arm_5.1.6\lib\</path>
         <kind>archive</kind>
         <file>rtsv7M4_T_le_v4SPD16_eabi.lib</file>
         <name>strncpy.obj</name>
      </input_file>
      <input_file id="fl-158">
         <path>D:\Pro_tools\TI_Code_Composer_Studio_CCS\ccsv6\tools\compiler\arm_5.1.6\lib\</path>
         <kind>archive</kind>
         <file>rtsv7M4_T_le_v4SPD16_eabi.lib</file>
         <name>trgdrv.obj</name>
      </input_file>
      <input_file id="fl-159">
         <path>D:\Pro_tools\TI_Code_Composer_Studio_CCS\ccsv6\tools\compiler\arm_5.1.6\lib\</path>
         <kind>archive</kind>
         <file>rtsv7M4_T_le_v4SPD16_eabi.lib</file>
         <name>trgmsg.obj</name>
      </input_file>
      <input_file id="fl-15a">
         <path>D:\Pro_tools\TI_Code_Composer_Studio_CCS\ccsv6\tools\compiler\arm_5.1.6\lib\</path>
         <kind>archive</kind>
         <file>rtsv7M4_T_le_v4SPD16_eabi.lib</file>
         <name>_io_perm.obj</name>
      </input_file>
      <input_file id="fl-15b">
         <path>D:\Pro_tools\TI_Code_Composer_Studio_CCS\ccsv6\tools\compiler\arm_5.1.6\lib\</path>
         <kind>archive</kind>
         <file>rtsv7M4_T_le_v4SPD16_eabi.lib</file>
         <name>_printfi.obj</name>
      </input_file>
      <input_file id="fl-15c">
         <path>D:\Pro_tools\TI_Code_Composer_Studio_CCS\ccsv6\tools\compiler\arm_5.1.6\lib\</path>
         <kind>archive</kind>
         <file>rtsv7M4_T_le_v4SPD16_eabi.lib</file>
         <name>atoi.obj</name>
      </input_file>
      <input_file id="fl-15d">
         <path>D:\Pro_tools\TI_Code_Composer_Studio_CCS\ccsv6\tools\compiler\arm_5.1.6\lib\</path>
         <kind>archive</kind>
         <file>rtsv7M4_T_le_v4SPD16_eabi.lib</file>
         <name>ctype.obj</name>
      </input_file>
      <input_file id="fl-15e">
         <path>D:\Pro_tools\TI_Code_Composer_Studio_CCS\ccsv6\tools\compiler\arm_5.1.6\lib\</path>
         <kind>archive</kind>
         <file>rtsv7M4_T_le_v4SPD16_eabi.lib</file>
         <name>fd_add_t2.obj</name>
      </input_file>
      <input_file id="fl-15f">
         <path>D:\Pro_tools\TI_Code_Composer_Studio_CCS\ccsv6\tools\compiler\arm_5.1.6\lib\</path>
         <kind>archive</kind>
         <file>rtsv7M4_T_le_v4SPD16_eabi.lib</file>
         <name>fd_cmp_t2.obj</name>
      </input_file>
      <input_file id="fl-160">
         <path>D:\Pro_tools\TI_Code_Composer_Studio_CCS\ccsv6\tools\compiler\arm_5.1.6\lib\</path>
         <kind>archive</kind>
         <file>rtsv7M4_T_le_v4SPD16_eabi.lib</file>
         <name>fd_div_t2.obj</name>
      </input_file>
      <input_file id="fl-161">
         <path>D:\Pro_tools\TI_Code_Composer_Studio_CCS\ccsv6\tools\compiler\arm_5.1.6\lib\</path>
         <kind>archive</kind>
         <file>rtsv7M4_T_le_v4SPD16_eabi.lib</file>
         <name>fd_mul_t2.obj</name>
      </input_file>
      <input_file id="fl-162">
         <path>D:\Pro_tools\TI_Code_Composer_Studio_CCS\ccsv6\tools\compiler\arm_5.1.6\lib\</path>
         <kind>archive</kind>
         <file>rtsv7M4_T_le_v4SPD16_eabi.lib</file>
         <name>fd_toi_t2.obj</name>
      </input_file>
      <input_file id="fl-163">
         <path>D:\Pro_tools\TI_Code_Composer_Studio_CCS\ccsv6\tools\compiler\arm_5.1.6\lib\</path>
         <kind>archive</kind>
         <file>rtsv7M4_T_le_v4SPD16_eabi.lib</file>
         <name>fflush.obj</name>
      </input_file>
      <input_file id="fl-164">
         <path>D:\Pro_tools\TI_Code_Composer_Studio_CCS\ccsv6\tools\compiler\arm_5.1.6\lib\</path>
         <kind>archive</kind>
         <file>rtsv7M4_T_le_v4SPD16_eabi.lib</file>
         <name>fseek.obj</name>
      </input_file>
      <input_file id="fl-165">
         <path>D:\Pro_tools\TI_Code_Composer_Studio_CCS\ccsv6\tools\compiler\arm_5.1.6\lib\</path>
         <kind>archive</kind>
         <file>rtsv7M4_T_le_v4SPD16_eabi.lib</file>
         <name>i_tofd_t2.obj</name>
      </input_file>
      <input_file id="fl-166">
         <path>D:\Pro_tools\TI_Code_Composer_Studio_CCS\ccsv6\tools\compiler\arm_5.1.6\lib\</path>
         <kind>archive</kind>
         <file>rtsv7M4_T_le_v4SPD16_eabi.lib</file>
         <name>ll_mul_t2.obj</name>
      </input_file>
      <input_file id="fl-167">
         <path>D:\Pro_tools\TI_Code_Composer_Studio_CCS\ccsv6\tools\compiler\arm_5.1.6\lib\</path>
         <kind>archive</kind>
         <file>rtsv7M4_T_le_v4SPD16_eabi.lib</file>
         <name>ltoa.obj</name>
      </input_file>
      <input_file id="fl-168">
         <path>D:\Pro_tools\TI_Code_Composer_Studio_CCS\ccsv6\tools\compiler\arm_5.1.6\lib\</path>
         <kind>archive</kind>
         <file>rtsv7M4_T_le_v4SPD16_eabi.lib</file>
         <name>memccpy.obj</name>
      </input_file>
      <input_file id="fl-169">
         <path>D:\Pro_tools\TI_Code_Composer_Studio_CCS\ccsv6\tools\compiler\arm_5.1.6\lib\</path>
         <kind>archive</kind>
         <file>rtsv7M4_T_le_v4SPD16_eabi.lib</file>
         <name>memset_t2.obj</name>
      </input_file>
      <input_file id="fl-16a">
         <path>D:\Pro_tools\TI_Code_Composer_Studio_CCS\ccsv6\tools\compiler\arm_5.1.6\lib\</path>
         <kind>archive</kind>
         <file>rtsv7M4_T_le_v4SPD16_eabi.lib</file>
         <name>setvbuf.obj</name>
      </input_file>
      <input_file id="fl-16b">
         <path>D:\Pro_tools\TI_Code_Composer_Studio_CCS\ccsv6\tools\compiler\arm_5.1.6\lib\</path>
         <kind>archive</kind>
         <file>rtsv7M4_T_le_v4SPD16_eabi.lib</file>
         <name>strcpy.obj</name>
      </input_file>
      <input_file id="fl-16c">
         <path>D:\Pro_tools\TI_Code_Composer_Studio_CCS\ccsv6\tools\compiler\arm_5.1.6\lib\</path>
         <kind>archive</kind>
         <file>rtsv7M4_T_le_v4SPD16_eabi.lib</file>
         <name>ull_div_t2.obj</name>
      </input_file>
      <input_file id="fl-16d">
         <path>D:\Pro_tools\TI_Code_Composer_Studio_CCS\ccsv6\tools\compiler\arm_5.1.6\lib\</path>
         <kind>archive</kind>
         <file>rtsv7M4_T_le_v4SPD16_eabi.lib</file>
         <name>xdclass.obj</name>
      </input_file>
      <input_file id="fl-16e">
         <path>D:\Pro_tools\TI_Code_Composer_Studio_CCS\ccsv6\tools\compiler\arm_5.1.6\lib\</path>
         <kind>archive</kind>
         <file>rtsv7M4_T_le_v4SPD16_eabi.lib</file>
         <name>xdtest.obj</name>
      </input_file>
      <input_file id="fl-16f">
         <path>D:\Pro_tools\TI_Code_Composer_Studio_CCS\ccsv6\tools\compiler\arm_5.1.6\lib\</path>
         <kind>archive</kind>
         <file>rtsv7M4_T_le_v4SPD16_eabi.lib</file>
         <name>fopen.obj</name>
      </input_file>
      <input_file id="fl-170">
         <path>D:\Pro_tools\TI_Code_Composer_Studio_CCS\ccsv6\tools\compiler\arm_5.1.6\lib\</path>
         <kind>archive</kind>
         <file>rtsv7M4_T_le_v4SPD16_eabi.lib</file>
         <name>fclose.obj</name>
      </input_file>
      <input_file id="fl-171">
         <path>D:\Pro_tools\TI_Code_Composer_Studio_CCS\ccsv6\tools\compiler\arm_5.1.6\lib\</path>
         <kind>archive</kind>
         <file>rtsv7M4_T_le_v4SPD16_eabi.lib</file>
         <name>remove.obj</name>
      </input_file>
      <input_file id="fl-172">
         <path>H:\MyDropbox\Dropbox\Quadcopter_project\Tai_projects\CCS MCU projects\TivaWare\driverlib\ccs\Debug\</path>
         <kind>archive</kind>
         <file>driverlib.lib</file>
         <name>timer.obj</name>
      </input_file>
      <input_file id="fl-173">
         <path>H:\MyDropbox\Dropbox\Quadcopter_project\Tai_projects\CCS MCU projects\TivaWare\driverlib\ccs\Debug\</path>
         <kind>archive</kind>
         <file>driverlib.lib</file>
         <name>sysctl.obj</name>
      </input_file>
      <input_file id="fl-174">
         <path>H:\MyDropbox\Dropbox\Quadcopter_project\Tai_projects\CCS MCU projects\TivaWare\driverlib\ccs\Debug\</path>
         <kind>archive</kind>
         <file>driverlib.lib</file>
         <name>ssi.obj</name>
      </input_file>
      <input_file id="fl-175">
         <path>H:\MyDropbox\Dropbox\Quadcopter_project\Tai_projects\CCS MCU projects\TivaWare\driverlib\ccs\Debug\</path>
         <kind>archive</kind>
         <file>driverlib.lib</file>
         <name>interrupt.obj</name>
      </input_file>
      <input_file id="fl-176">
         <path>H:\MyDropbox\Dropbox\Quadcopter_project\Tai_projects\CCS MCU projects\TivaWare\driverlib\ccs\Debug\</path>
         <kind>archive</kind>
         <file>driverlib.lib</file>
         <name>gpio.obj</name>
      </input_file>
      <input_file id="fl-177">
         <path>H:\MyDropbox\Dropbox\Quadcopter_project\Tai_projects\CCS MCU projects\TivaWare\driverlib\ccs\Debug\</path>
         <kind>archive</kind>
         <file>driverlib.lib</file>
         <name>cpu.obj</name>
      </input_file>
   </input_file_list>
   <object_component_list>
      <object_component id="oc-e">
         <name>.intvecs</name>
         <load_address>0x0</load_address>
         <run_address>0x0</run_address>
         <size>0x26c</size>
         <input_file_ref idref="fl-2"/>
      </object_component>
      <object_component id="oc-4a3">
         <name>.text</name>
         <load_address>0x26c</load_address>
         <run_address>0x26c</run_address>
         <size>0xec0</size>
         <input_file_ref idref="fl-15b"/>
      </object_component>
      <object_component id="oc-9d">
         <name>.text</name>
         <load_address>0x112c</load_address>
         <run_address>0x112c</run_address>
         <size>0xd80</size>
         <input_file_ref idref="fl-4"/>
      </object_component>
      <object_component id="oc-18f">
         <name>.text</name>
         <load_address>0x1eac</load_address>
         <run_address>0x1eac</run_address>
         <size>0x918</size>
         <input_file_ref idref="fl-b"/>
      </object_component>
      <object_component id="oc-35">
         <name>.text</name>
         <load_address>0x27c4</load_address>
         <run_address>0x27c4</run_address>
         <size>0x87c</size>
         <input_file_ref idref="fl-9"/>
      </object_component>
      <object_component id="oc-231">
         <name>.text</name>
         <load_address>0x3040</load_address>
         <run_address>0x3040</run_address>
         <size>0x3cc</size>
         <input_file_ref idref="fl-142"/>
      </object_component>
      <object_component id="oc-84">
         <name>.text:_ZN13SPISlaveClass3ISREv</name>
         <load_address>0x340c</load_address>
         <run_address>0x340c</run_address>
         <size>0x36e</size>
         <input_file_ref idref="fl-6"/>
      </object_component>
      <object_component id="oc-42d">
         <name>.text</name>
         <load_address>0x377a</load_address>
         <run_address>0x377a</run_address>
         <size>0x2</size>
         <input_file_ref idref="fl-144"/>
      </object_component>
      <object_component id="oc-28c">
         <name>.text</name>
         <load_address>0x377c</load_address>
         <run_address>0x377c</run_address>
         <size>0x35c</size>
         <input_file_ref idref="fl-5"/>
      </object_component>
      <object_component id="oc-2b4">
         <name>.text</name>
         <load_address>0x3ad8</load_address>
         <run_address>0x3ad8</run_address>
         <size>0x320</size>
         <input_file_ref idref="fl-c"/>
      </object_component>
      <object_component id="oc-50f">
         <name>.text</name>
         <load_address>0x3df8</load_address>
         <run_address>0x3df8</run_address>
         <size>0x310</size>
         <input_file_ref idref="fl-152"/>
      </object_component>
      <object_component id="oc-397">
         <name>.text</name>
         <load_address>0x4108</load_address>
         <run_address>0x4108</run_address>
         <size>0x2f0</size>
         <input_file_ref idref="fl-8"/>
      </object_component>
      <object_component id="oc-39d">
         <name>.text</name>
         <load_address>0x43f8</load_address>
         <run_address>0x43f8</run_address>
         <size>0x2dc</size>
         <input_file_ref idref="fl-7"/>
      </object_component>
      <object_component id="oc-62a">
         <name>.text</name>
         <load_address>0x46d4</load_address>
         <run_address>0x46d4</run_address>
         <size>0x2d4</size>
         <input_file_ref idref="fl-158"/>
      </object_component>
      <object_component id="oc-347">
         <name>.text</name>
         <load_address>0x49a8</load_address>
         <run_address>0x49a8</run_address>
         <size>0x2a0</size>
         <input_file_ref idref="fl-148"/>
      </object_component>
      <object_component id="oc-29">
         <name>.text</name>
         <load_address>0x4c48</load_address>
         <run_address>0x4c48</run_address>
         <size>0x264</size>
         <input_file_ref idref="fl-6"/>
      </object_component>
      <object_component id="oc-244">
         <name>.text:GPIOPadConfigSet</name>
         <load_address>0x4eac</load_address>
         <run_address>0x4eac</run_address>
         <size>0x23e</size>
         <input_file_ref idref="fl-176"/>
      </object_component>
      <object_component id="oc-525">
         <name>.text</name>
         <load_address>0x50ea</load_address>
         <run_address>0x50ea</run_address>
         <size>0x1f4</size>
         <input_file_ref idref="fl-16c"/>
      </object_component>
      <object_component id="oc-d0">
         <name>.text:SysCtlClockGet</name>
         <load_address>0x52e0</load_address>
         <run_address>0x52e0</run_address>
         <size>0x1e8</size>
         <input_file_ref idref="fl-173"/>
      </object_component>
      <object_component id="oc-2ae">
         <name>.text:SysCtlClockSet</name>
         <load_address>0x54c8</load_address>
         <run_address>0x54c8</run_address>
         <size>0x1dc</size>
         <input_file_ref idref="fl-173"/>
      </object_component>
      <object_component id="oc-611">
         <name>.text</name>
         <load_address>0x56a4</load_address>
         <run_address>0x56a4</run_address>
         <size>0x1c0</size>
         <input_file_ref idref="fl-16f"/>
      </object_component>
      <object_component id="oc-553">
         <name>.text</name>
         <load_address>0x5864</load_address>
         <run_address>0x5864</run_address>
         <size>0x1b6</size>
         <input_file_ref idref="fl-15e"/>
      </object_component>
      <object_component id="oc-189">
         <name>.text</name>
         <load_address>0x5a1c</load_address>
         <run_address>0x5a1c</run_address>
         <size>0x198</size>
         <input_file_ref idref="fl-a"/>
      </object_component>
      <object_component id="oc-34">
         <name>.text:retain</name>
         <load_address>0x5bb4</load_address>
         <run_address>0x5bb4</run_address>
         <size>0x140</size>
         <input_file_ref idref="fl-9"/>
      </object_component>
      <object_component id="oc-539">
         <name>.text</name>
         <load_address>0x5cf4</load_address>
         <run_address>0x5cf4</run_address>
         <size>0x136</size>
         <input_file_ref idref="fl-160"/>
      </object_component>
      <object_component id="oc-49d">
         <name>.text</name>
         <load_address>0x5e2c</load_address>
         <run_address>0x5e2c</run_address>
         <size>0x134</size>
         <input_file_ref idref="fl-151"/>
      </object_component>
      <object_component id="oc-534">
         <name>.text</name>
         <load_address>0x5f60</load_address>
         <run_address>0x5f60</run_address>
         <size>0xfc</size>
         <input_file_ref idref="fl-161"/>
      </object_component>
      <object_component id="oc-292">
         <name>.text</name>
         <load_address>0x605c</load_address>
         <run_address>0x605c</run_address>
         <size>0xf4</size>
         <input_file_ref idref="fl-13f"/>
      </object_component>
      <object_component id="oc-5a8">
         <name>.text</name>
         <load_address>0x6150</load_address>
         <run_address>0x6150</run_address>
         <size>0xdc</size>
         <input_file_ref idref="fl-16a"/>
      </object_component>
      <object_component id="oc-509">
         <name>.text</name>
         <load_address>0x622c</load_address>
         <run_address>0x622c</run_address>
         <size>0xc0</size>
         <input_file_ref idref="fl-163"/>
      </object_component>
      <object_component id="oc-3e7">
         <name>.text</name>
         <load_address>0x62ec</load_address>
         <run_address>0x62ec</run_address>
         <size>0xbc</size>
         <input_file_ref idref="fl-146"/>
      </object_component>
      <object_component id="oc-503">
         <name>.text</name>
         <load_address>0x63a8</load_address>
         <run_address>0x63a8</run_address>
         <size>0xac</size>
         <input_file_ref idref="fl-15a"/>
      </object_component>
      <object_component id="oc-497">
         <name>.text</name>
         <load_address>0x6454</load_address>
         <run_address>0x6454</run_address>
         <size>0x9c</size>
         <input_file_ref idref="fl-150"/>
      </object_component>
      <object_component id="oc-64">
         <name>.text</name>
         <load_address>0x64f0</load_address>
         <run_address>0x64f0</run_address>
         <size>0x9c</size>
         <input_file_ref idref="fl-141"/>
      </object_component>
      <object_component id="oc-654">
         <name>.text</name>
         <load_address>0x658c</load_address>
         <run_address>0x658c</run_address>
         <size>0x98</size>
         <input_file_ref idref="fl-170"/>
      </object_component>
      <object_component id="oc-27f">
         <name>.text:_TimerIntNumberGet</name>
         <load_address>0x6624</load_address>
         <run_address>0x6624</run_address>
         <size>0x94</size>
         <input_file_ref idref="fl-172"/>
      </object_component>
      <object_component id="oc-4f">
         <name>.text</name>
         <load_address>0x66b8</load_address>
         <run_address>0x66b8</run_address>
         <size>0x94</size>
         <input_file_ref idref="fl-14b"/>
      </object_component>
      <object_component id="oc-d6">
         <name>.text:SSIConfigSetExpClk</name>
         <load_address>0x674c</load_address>
         <run_address>0x674c</run_address>
         <size>0x8c</size>
         <input_file_ref idref="fl-174"/>
      </object_component>
      <object_component id="oc-122">
         <name>.text:TimerConfigure</name>
         <load_address>0x67d8</load_address>
         <run_address>0x67d8</run_address>
         <size>0x8c</size>
         <input_file_ref idref="fl-172"/>
      </object_component>
      <object_component id="oc-52f">
         <name>.text:__aeabi_cdcmple</name>
         <load_address>0x6864</load_address>
         <run_address>0x6864</run_address>
         <size>0x86</size>
         <input_file_ref idref="fl-15f"/>
      </object_component>
      <object_component id="oc-53e">
         <name>.text:__aeabi_cdrcmple</name>
         <load_address>0x68ea</load_address>
         <run_address>0x68ea</run_address>
         <size>0x86</size>
         <input_file_ref idref="fl-15f"/>
      </object_component>
      <object_component id="oc-25c">
         <name>.text:IntEnable</name>
         <load_address>0x6970</load_address>
         <run_address>0x6970</run_address>
         <size>0x80</size>
         <input_file_ref idref="fl-175"/>
      </object_component>
      <object_component id="oc-250">
         <name>.text:_SSIIntNumberGet</name>
         <load_address>0x69f0</load_address>
         <run_address>0x69f0</run_address>
         <size>0x80</size>
         <input_file_ref idref="fl-174"/>
      </object_component>
      <object_component id="oc-558">
         <name>.text</name>
         <load_address>0x6a70</load_address>
         <run_address>0x6a70</run_address>
         <size>0x78</size>
         <input_file_ref idref="fl-169"/>
      </object_component>
      <object_component id="oc-1ff">
         <name>.text:_ZN15RingBufferClassI9message_sE4pushES0_</name>
         <load_address>0x6ae8</load_address>
         <run_address>0x6ae8</run_address>
         <size>0x74</size>
         <input_file_ref idref="fl-6"/>
      </object_component>
      <object_component id="oc-3f6">
         <name>.text</name>
         <load_address>0x6b5c</load_address>
         <run_address>0x6b5c</run_address>
         <size>0x6c</size>
         <input_file_ref idref="fl-14f"/>
      </object_component>
      <object_component id="oc-c4">
         <name>.text:GPIOPinConfigure</name>
         <load_address>0x6bc8</load_address>
         <run_address>0x6bc8</run_address>
         <size>0x68</size>
         <input_file_ref idref="fl-176"/>
      </object_component>
      <object_component id="oc-5a2">
         <name>.text</name>
         <load_address>0x6c30</load_address>
         <run_address>0x6c30</run_address>
         <size>0x64</size>
         <input_file_ref idref="fl-164"/>
      </object_component>
      <object_component id="oc-b7">
         <name>.text:_ZN15RingBufferClassI9message_sE3popEPS0_</name>
         <load_address>0x6c94</load_address>
         <run_address>0x6c94</run_address>
         <size>0x62</size>
         <input_file_ref idref="fl-6"/>
      </object_component>
      <object_component id="oc-665">
         <name>.text</name>
         <load_address>0x6cf8</load_address>
         <run_address>0x6cf8</run_address>
         <size>0x60</size>
         <input_file_ref idref="fl-159"/>
      </object_component>
      <object_component id="oc-77">
         <name>.text</name>
         <load_address>0x6d58</load_address>
         <run_address>0x6d58</run_address>
         <size>0x5e</size>
         <input_file_ref idref="fl-13c"/>
      </object_component>
      <object_component id="oc-23e">
         <name>.text:GPIODirModeSet</name>
         <load_address>0x6db6</load_address>
         <run_address>0x6db6</run_address>
         <size>0x5c</size>
         <input_file_ref idref="fl-176"/>
      </object_component>
      <object_component id="oc-256">
         <name>.text:IntRegister</name>
         <load_address>0x6e14</load_address>
         <run_address>0x6e14</run_address>
         <size>0x5c</size>
         <input_file_ref idref="fl-175"/>
      </object_component>
      <object_component id="oc-548">
         <name>.text</name>
         <load_address>0x6e70</load_address>
         <run_address>0x6e70</run_address>
         <size>0x5a</size>
         <input_file_ref idref="fl-167"/>
      </object_component>
      <object_component id="oc-e2">
         <name>.text:IntPrioritySet</name>
         <load_address>0x6ecc</load_address>
         <run_address>0x6ecc</run_address>
         <size>0x54</size>
         <input_file_ref idref="fl-175"/>
      </object_component>
      <object_component id="oc-569">
         <name>.text</name>
         <load_address>0x6f20</load_address>
         <run_address>0x6f20</run_address>
         <size>0x4c</size>
         <input_file_ref idref="fl-15c"/>
      </object_component>
      <object_component id="oc-1eb">
         <name>.text:_ZN15RingBufferClassIhE13returnToQueueEh</name>
         <load_address>0x6f6c</load_address>
         <run_address>0x6f6c</run_address>
         <size>0x48</size>
         <input_file_ref idref="fl-6"/>
      </object_component>
      <object_component id="oc-1f2">
         <name>.text:_ZN15RingBufferClassIhE4pushEh</name>
         <load_address>0x6fb4</load_address>
         <run_address>0x6fb4</run_address>
         <size>0x48</size>
         <input_file_ref idref="fl-6"/>
      </object_component>
      <object_component id="oc-11">
         <name>.text</name>
         <load_address>0x6ffc</load_address>
         <run_address>0x6ffc</run_address>
         <size>0x48</size>
         <input_file_ref idref="fl-13a"/>
      </object_component>
      <object_component id="oc-543">
         <name>.text</name>
         <load_address>0x7044</load_address>
         <run_address>0x7044</run_address>
         <size>0x48</size>
         <input_file_ref idref="fl-162"/>
      </object_component>
      <object_component id="oc-1de">
         <name>.text:_ZN15RingBufferClassIhE3popEPh</name>
         <load_address>0x708c</load_address>
         <run_address>0x708c</run_address>
         <size>0x44</size>
         <input_file_ref idref="fl-6"/>
      </object_component>
      <object_component id="oc-1a6">
         <name>.text</name>
         <load_address>0x70d0</load_address>
         <run_address>0x70d0</run_address>
         <size>0x44</size>
         <input_file_ref idref="fl-14c"/>
      </object_component>
      <object_component id="oc-5a">
         <name>.text</name>
         <load_address>0x7114</load_address>
         <run_address>0x7114</run_address>
         <size>0x44</size>
         <input_file_ref idref="fl-140"/>
      </object_component>
      <object_component id="oc-5e6">
         <name>.text</name>
         <load_address>0x7158</load_address>
         <run_address>0x7158</run_address>
         <size>0x44</size>
         <input_file_ref idref="fl-16e"/>
      </object_component>
      <object_component id="oc-be">
         <name>.text:SysCtlPeripheralEnable</name>
         <load_address>0x719c</load_address>
         <run_address>0x719c</run_address>
         <size>0x40</size>
         <input_file_ref idref="fl-173"/>
      </object_component>
      <object_component id="oc-96">
         <name>.text:_ZN15RingBufferClassI9message_sEC1Ev</name>
         <load_address>0x71dc</load_address>
         <run_address>0x71dc</run_address>
         <size>0x30</size>
         <input_file_ref idref="fl-6"/>
      </object_component>
      <object_component id="oc-5c1">
         <name>.text</name>
         <load_address>0x720c</load_address>
         <run_address>0x720c</run_address>
         <size>0x30</size>
         <input_file_ref idref="fl-157"/>
      </object_component>
      <object_component id="oc-54e">
         <name>.text</name>
         <load_address>0x723c</load_address>
         <run_address>0x723c</run_address>
         <size>0x2e</size>
         <input_file_ref idref="fl-165"/>
      </object_component>
      <object_component id="oc-391">
         <name>.text</name>
         <load_address>0x726c</load_address>
         <run_address>0x726c</run_address>
         <size>0x2c</size>
         <input_file_ref idref="fl-143"/>
      </object_component>
      <object_component id="oc-128">
         <name>.text:TimerControlEvent</name>
         <load_address>0x7298</load_address>
         <run_address>0x7298</run_address>
         <size>0x2a</size>
         <input_file_ref idref="fl-172"/>
      </object_component>
      <object_component id="oc-134">
         <name>.text:TimerLoadSet</name>
         <load_address>0x72c2</load_address>
         <run_address>0x72c2</run_address>
         <size>0x2a</size>
         <input_file_ref idref="fl-172"/>
      </object_component>
      <object_component id="oc-140">
         <name>.text:TimerMatchSet</name>
         <load_address>0x72ec</load_address>
         <run_address>0x72ec</run_address>
         <size>0x2a</size>
         <input_file_ref idref="fl-172"/>
      </object_component>
      <object_component id="oc-146">
         <name>.text:TimerPrescaleMatchSet</name>
         <load_address>0x7316</load_address>
         <run_address>0x7316</run_address>
         <size>0x2a</size>
         <input_file_ref idref="fl-172"/>
      </object_component>
      <object_component id="oc-12e">
         <name>.text:TimerPrescaleSet</name>
         <load_address>0x7340</load_address>
         <run_address>0x7340</run_address>
         <size>0x2a</size>
         <input_file_ref idref="fl-172"/>
      </object_component>
      <object_component id="oc-14c">
         <name>.text:TimerIntRegister</name>
         <load_address>0x736a</load_address>
         <run_address>0x736a</run_address>
         <size>0x28</size>
         <input_file_ref idref="fl-172"/>
      </object_component>
      <object_component id="oc-8f">
         <name>.text:_ZN15RingBufferClassIhEC1Ev</name>
         <load_address>0x7394</load_address>
         <run_address>0x7394</run_address>
         <size>0x28</size>
         <input_file_ref idref="fl-6"/>
      </object_component>
      <object_component id="oc-459">
         <name>.text:GPIOPinTypeGPIOInput</name>
         <load_address>0x73bc</load_address>
         <run_address>0x73bc</run_address>
         <size>0x24</size>
         <input_file_ref idref="fl-176"/>
      </object_component>
      <object_component id="oc-440">
         <name>.text:GPIOPinTypeGPIOOutput</name>
         <load_address>0x73e0</load_address>
         <run_address>0x73e0</run_address>
         <size>0x24</size>
         <input_file_ref idref="fl-176"/>
      </object_component>
      <object_component id="oc-ca">
         <name>.text:GPIOPinTypeSSI</name>
         <load_address>0x7404</load_address>
         <run_address>0x7404</run_address>
         <size>0x24</size>
         <input_file_ref idref="fl-176"/>
      </object_component>
      <object_component id="oc-11c">
         <name>.text:GPIOPinTypeTimer</name>
         <load_address>0x7428</load_address>
         <run_address>0x7428</run_address>
         <size>0x24</size>
         <input_file_ref idref="fl-176"/>
      </object_component>
      <object_component id="oc-1f9">
         <name>.text:SSIDataGetNonBlocking</name>
         <load_address>0x744c</load_address>
         <run_address>0x744c</run_address>
         <size>0x22</size>
         <input_file_ref idref="fl-174"/>
      </object_component>
      <object_component id="oc-43a">
         <name>.text:GPIOPinWrite</name>
         <load_address>0x746e</load_address>
         <run_address>0x746e</run_address>
         <size>0x20</size>
         <input_file_ref idref="fl-176"/>
      </object_component>
      <object_component id="oc-1e5">
         <name>.text:SSIDataPutNonBlocking</name>
         <load_address>0x748e</load_address>
         <run_address>0x748e</run_address>
         <size>0x20</size>
         <input_file_ref idref="fl-174"/>
      </object_component>
      <object_component id="oc-dc">
         <name>.text:SSIIntRegister</name>
         <load_address>0x74ae</load_address>
         <run_address>0x74ae</run_address>
         <size>0x1e</size>
         <input_file_ref idref="fl-174"/>
      </object_component>
      <object_component id="oc-1cc">
         <name>.text:SSIIntStatus</name>
         <load_address>0x74cc</load_address>
         <run_address>0x74cc</run_address>
         <size>0x1e</size>
         <input_file_ref idref="fl-174"/>
      </object_component>
      <object_component id="oc-116">
         <name>.text:TimerDisable</name>
         <load_address>0x74ea</load_address>
         <run_address>0x74ea</run_address>
         <size>0x1e</size>
         <input_file_ref idref="fl-172"/>
      </object_component>
      <object_component id="oc-158">
         <name>.text:TimerEnable</name>
         <load_address>0x7508</load_address>
         <run_address>0x7508</run_address>
         <size>0x1e</size>
         <input_file_ref idref="fl-172"/>
      </object_component>
      <object_component id="oc-160">
         <name>.text:TimerIntStatus</name>
         <load_address>0x7526</load_address>
         <run_address>0x7526</run_address>
         <size>0x1e</size>
         <input_file_ref idref="fl-172"/>
      </object_component>
      <object_component id="oc-34d">
         <name>.text:SSIDataGet</name>
         <load_address>0x7544</load_address>
         <run_address>0x7544</run_address>
         <size>0x1c</size>
         <input_file_ref idref="fl-174"/>
      </object_component>
      <object_component id="oc-13a">
         <name>.text:TimerValueGet</name>
         <load_address>0x7560</load_address>
         <run_address>0x7560</run_address>
         <size>0x1c</size>
         <input_file_ref idref="fl-172"/>
      </object_component>
      <object_component id="oc-563">
         <name>.text</name>
         <load_address>0x757c</load_address>
         <run_address>0x757c</run_address>
         <size>0x1c</size>
         <input_file_ref idref="fl-168"/>
      </object_component>
      <object_component id="oc-353">
         <name>.text:SSIDataPut</name>
         <load_address>0x7598</load_address>
         <run_address>0x7598</run_address>
         <size>0x1a</size>
         <input_file_ref idref="fl-174"/>
      </object_component>
      <object_component id="oc-453">
         <name>.text:GPIOPinRead</name>
         <load_address>0x75b2</load_address>
         <run_address>0x75b2</run_address>
         <size>0x18</size>
         <input_file_ref idref="fl-176"/>
      </object_component>
      <object_component id="oc-1d2">
         <name>.text:SSIIntDisable</name>
         <load_address>0x75ca</load_address>
         <run_address>0x75ca</run_address>
         <size>0x18</size>
         <input_file_ref idref="fl-174"/>
      </object_component>
      <object_component id="oc-e8">
         <name>.text:SSIIntEnable</name>
         <load_address>0x75e2</load_address>
         <run_address>0x75e2</run_address>
         <size>0x18</size>
         <input_file_ref idref="fl-174"/>
      </object_component>
      <object_component id="oc-166">
         <name>.text:TimerIntDisable</name>
         <load_address>0x75fa</load_address>
         <run_address>0x75fa</run_address>
         <size>0x18</size>
         <input_file_ref idref="fl-172"/>
      </object_component>
      <object_component id="oc-152">
         <name>.text:TimerIntEnable</name>
         <load_address>0x7612</load_address>
         <run_address>0x7612</run_address>
         <size>0x18</size>
         <input_file_ref idref="fl-172"/>
      </object_component>
      <object_component id="oc-28">
         <name>.text:retain</name>
         <load_address>0x762c</load_address>
         <run_address>0x762c</run_address>
         <size>0x18</size>
         <input_file_ref idref="fl-6"/>
      </object_component>
      <object_component id="oc-54">
         <name>.text</name>
         <load_address>0x7644</load_address>
         <run_address>0x7644</run_address>
         <size>0x18</size>
         <input_file_ref idref="fl-14a"/>
      </object_component>
      <object_component id="oc-52a">
         <name>.text</name>
         <load_address>0x765c</load_address>
         <run_address>0x765c</run_address>
         <size>0x18</size>
         <input_file_ref idref="fl-166"/>
      </object_component>
      <object_component id="oc-5b5">
         <name>.text</name>
         <load_address>0x7674</load_address>
         <run_address>0x7674</run_address>
         <size>0x18</size>
         <input_file_ref idref="fl-155"/>
      </object_component>
      <object_component id="oc-ee">
         <name>.text:SSIEnable</name>
         <load_address>0x768c</load_address>
         <run_address>0x768c</run_address>
         <size>0x16</size>
         <input_file_ref idref="fl-174"/>
      </object_component>
      <object_component id="oc-2fd">
         <name>.text:_ZN15RingBufferClassI9message_sED0Ev</name>
         <load_address>0x76a2</load_address>
         <run_address>0x76a2</run_address>
         <size>0x16</size>
         <input_file_ref idref="fl-6"/>
      </object_component>
      <object_component id="oc-2f1">
         <name>.text:_ZN15RingBufferClassIhED0Ev</name>
         <load_address>0x76b8</load_address>
         <run_address>0x76b8</run_address>
         <size>0x16</size>
         <input_file_ref idref="fl-6"/>
      </object_component>
      <object_component id="oc-51d">
         <name>.text</name>
         <load_address>0x76ce</load_address>
         <run_address>0x76ce</run_address>
         <size>0x16</size>
         <input_file_ref idref="fl-153"/>
      </object_component>
      <object_component id="oc-5bb">
         <name>.text</name>
         <load_address>0x76e4</load_address>
         <run_address>0x76e4</run_address>
         <size>0x16</size>
         <input_file_ref idref="fl-154"/>
      </object_component>
      <object_component id="oc-2d7">
         <name>.text</name>
         <load_address>0x76fc</load_address>
         <run_address>0x76fc</run_address>
         <size>0x14</size>
         <input_file_ref idref="fl-149"/>
      </object_component>
      <object_component id="oc-517">
         <name>.text</name>
         <load_address>0x7710</load_address>
         <run_address>0x7710</run_address>
         <size>0x14</size>
         <input_file_ref idref="fl-156"/>
      </object_component>
      <object_component id="oc-1d8">
         <name>.text:SSIIntClear</name>
         <load_address>0x7724</load_address>
         <run_address>0x7724</run_address>
         <size>0x12</size>
         <input_file_ref idref="fl-174"/>
      </object_component>
      <object_component id="oc-16c">
         <name>.text:TimerIntClear</name>
         <load_address>0x7736</load_address>
         <run_address>0x7736</run_address>
         <size>0x12</size>
         <input_file_ref idref="fl-172"/>
      </object_component>
      <object_component id="oc-1c">
         <name>.text:decompress:ZI</name>
         <load_address>0x7748</load_address>
         <run_address>0x7748</run_address>
         <size>0x12</size>
         <input_file_ref idref="fl-13d"/>
      </object_component>
      <object_component id="oc-55d">
         <name>.text</name>
         <load_address>0x775a</load_address>
         <run_address>0x775a</run_address>
         <size>0x12</size>
         <input_file_ref idref="fl-16d"/>
      </object_component>
      <object_component id="oc-66b">
         <name>.text</name>
         <load_address>0x776c</load_address>
         <run_address>0x776c</run_address>
         <size>0x10</size>
         <input_file_ref idref="fl-16b"/>
      </object_component>
      <object_component id="oc-16">
         <name>.text:decompress:none</name>
         <load_address>0x777c</load_address>
         <run_address>0x777c</run_address>
         <size>0xe</size>
         <input_file_ref idref="fl-13b"/>
      </object_component>
      <object_component id="oc-a3">
         <name>.text:_ZN15RingBufferClassI9message_sED1Ev</name>
         <load_address>0x778a</load_address>
         <run_address>0x778a</run_address>
         <size>0xc</size>
         <input_file_ref idref="fl-6"/>
      </object_component>
      <object_component id="oc-aa">
         <name>.text:_ZN15RingBufferClassIhED1Ev</name>
         <load_address>0x7796</load_address>
         <run_address>0x7796</run_address>
         <size>0xc</size>
         <input_file_ref idref="fl-6"/>
      </object_component>
      <object_component id="oc-46">
         <name>.text</name>
         <load_address>0x77a2</load_address>
         <run_address>0x77a2</run_address>
         <size>0xc</size>
         <input_file_ref idref="fl-2"/>
      </object_component>
      <object_component id="oc-b1">
         <name>.text</name>
         <load_address>0x77ae</load_address>
         <run_address>0x77ae</run_address>
         <size>0x8</size>
         <input_file_ref idref="fl-13e"/>
      </object_component>
      <object_component id="oc-38a">
         <name>.text:SysCtlDelay</name>
         <load_address>0x77b6</load_address>
         <run_address>0x77b6</run_address>
         <size>0x6</size>
         <input_file_ref idref="fl-173"/>
      </object_component>
      <object_component id="oc-22">
         <name>.text:decompress:rle24</name>
         <load_address>0x77bc</load_address>
         <run_address>0x77bc</run_address>
         <size>0x6</size>
         <input_file_ref idref="fl-13c"/>
      </object_component>
      <object_component id="oc-3fc">
         <name>.text</name>
         <load_address>0x77c2</load_address>
         <run_address>0x77c2</run_address>
         <size>0x4</size>
         <input_file_ref idref="fl-14e"/>
      </object_component>
      <object_component id="oc-22b">
         <name>.const</name>
         <load_address>0x77c8</load_address>
         <run_address>0x77c8</run_address>
         <size>0x54c</size>
         <input_file_ref idref="fl-4"/>
      </object_component>
      <object_component id="oc-5ef">
         <name>.const:.string:_ctypes_</name>
         <load_address>0x7d14</load_address>
         <run_address>0x7d14</run_address>
         <size>0x102</size>
         <input_file_ref idref="fl-15d"/>
      </object_component>
      <object_component id="oc-59d">
         <name>.const:.typeinfo:_ZTSe</name>
         <load_address>0x7e16</load_address>
         <run_address>0x7e16</run_address>
         <size>0x2</size>
         <input_file_ref idref="fl-146"/>
      </object_component>
      <object_component id="oc-264">
         <name>.const:g_pui32Regs</name>
         <load_address>0x7e18</load_address>
         <run_address>0x7e18</run_address>
         <size>0x9c</size>
         <input_file_ref idref="fl-175"/>
      </object_component>
      <object_component id="oc-23a">
         <name>.const:g_pui32GPIOBaseAddrs</name>
         <load_address>0x7eb4</load_address>
         <run_address>0x7eb4</run_address>
         <size>0x90</size>
         <input_file_ref idref="fl-176"/>
      </object_component>
      <object_component id="oc-324">
         <name>.const</name>
         <load_address>0x7f44</load_address>
         <run_address>0x7f44</run_address>
         <size>0x70</size>
         <input_file_ref idref="fl-175"/>
      </object_component>
      <object_component id="oc-24b">
         <name>.const:g_pui32Xtals</name>
         <load_address>0x7fb4</load_address>
         <run_address>0x7fb4</run_address>
         <size>0x6c</size>
         <input_file_ref idref="fl-173"/>
      </object_component>
      <object_component id="oc-33b">
         <name>.const:g_ppui32TimerIntMap</name>
         <load_address>0x8020</load_address>
         <run_address>0x8020</run_address>
         <size>0x60</size>
         <input_file_ref idref="fl-172"/>
      </object_component>
      <object_component id="oc-31b">
         <name>.const</name>
         <load_address>0x8080</load_address>
         <run_address>0x8080</run_address>
         <size>0x48</size>
         <input_file_ref idref="fl-174"/>
      </object_component>
      <object_component id="oc-341">
         <name>.const:g_ppui32TimerIntMapSnowflake</name>
         <load_address>0x80c8</load_address>
         <run_address>0x80c8</run_address>
         <size>0x40</size>
         <input_file_ref idref="fl-172"/>
      </object_component>
      <object_component id="oc-64d">
         <name>.const:.typeinfo:_ZTSN10__cxxabiv123__fundamental_type_infoE</name>
         <load_address>0x8108</load_address>
         <run_address>0x8108</run_address>
         <size>0x28</size>
         <input_file_ref idref="fl-146"/>
      </object_component>
      <object_component id="oc-58e">
         <name>.const:.typeinfo:_ZTSN10__cxxabiv120__si_class_type_infoE</name>
         <load_address>0x8130</load_address>
         <run_address>0x8130</run_address>
         <size>0x25</size>
         <input_file_ref idref="fl-146"/>
      </object_component>
      <object_component id="oc-600">
         <name>.const:.typeinfo:_ZTSN10__cxxabiv119__pointer_type_infoE</name>
         <load_address>0x8155</load_address>
         <run_address>0x8155</run_address>
         <size>0x24</size>
         <input_file_ref idref="fl-146"/>
      </object_component>
      <object_component id="oc-475">
         <name>.const:.typeinfo:_ZTSN10__cxxabiv117__class_type_infoE</name>
         <load_address>0x8179</load_address>
         <run_address>0x8179</run_address>
         <size>0x22</size>
         <input_file_ref idref="fl-146"/>
      </object_component>
      <object_component id="oc-648">
         <name>.const:.typeinfo:_ZTSN10__cxxabiv117__pbase_type_infoE</name>
         <load_address>0x819b</load_address>
         <run_address>0x819b</run_address>
         <size>0x22</size>
         <input_file_ref idref="fl-146"/>
      </object_component>
      <object_component id="oc-3c5">
         <name>.const:.typeinfo:_ZTS15RingBufferClassI9message_sE</name>
         <load_address>0x81bd</load_address>
         <run_address>0x81bd</run_address>
         <size>0x1e</size>
         <input_file_ref idref="fl-6"/>
      </object_component>
      <object_component id="oc-420">
         <name>.const:.typeinfo:_ZTS20MotorControllerClass</name>
         <load_address>0x81db</load_address>
         <run_address>0x81db</run_address>
         <size>0x17</size>
         <input_file_ref idref="fl-a"/>
      </object_component>
      <object_component id="oc-3c0">
         <name>.const:.typeinfo:_ZTS15RingBufferClassIhE</name>
         <load_address>0x81f2</load_address>
         <run_address>0x81f2</run_address>
         <size>0x15</size>
         <input_file_ref idref="fl-6"/>
      </object_component>
      <object_component id="oc-3ca">
         <name>.const:.typeinfo:_ZTS18MessageParserClass</name>
         <load_address>0x8207</load_address>
         <run_address>0x8207</run_address>
         <size>0x15</size>
         <input_file_ref idref="fl-4"/>
      </object_component>
      <object_component id="oc-4cc">
         <name>.const:.typeinfo:_ZTS18PinControllerClass</name>
         <load_address>0x821c</load_address>
         <run_address>0x821c</run_address>
         <size>0x15</size>
         <input_file_ref idref="fl-c"/>
      </object_component>
      <object_component id="oc-336">
         <name>.const:.typeinfo:_ZTS17InputCaptureClass</name>
         <load_address>0x8231</load_address>
         <run_address>0x8231</run_address>
         <size>0x14</size>
         <input_file_ref idref="fl-9"/>
      </object_component>
      <object_component id="oc-584">
         <name>.const:.typeinfo:_ZTS15GPIOOutputClass</name>
         <load_address>0x8245</load_address>
         <run_address>0x8245</run_address>
         <size>0x12</size>
         <input_file_ref idref="fl-8"/>
      </object_component>
      <object_component id="oc-589">
         <name>.const:.typeinfo:_ZTS14GPIOInputClass</name>
         <load_address>0x8257</load_address>
         <run_address>0x8257</run_address>
         <size>0x11</size>
         <input_file_ref idref="fl-7"/>
      </object_component>
      <object_component id="oc-4c7">
         <name>.const:.typeinfo:_ZTS14SPIMasterClass</name>
         <load_address>0x8268</load_address>
         <run_address>0x8268</run_address>
         <size>0x11</size>
         <input_file_ref idref="fl-5"/>
      </object_component>
      <object_component id="oc-480">
         <name>.const:.typeinfo:_ZTIPKe</name>
         <load_address>0x827c</load_address>
         <run_address>0x827c</run_address>
         <size>0x10</size>
         <input_file_ref idref="fl-146"/>
      </object_component>
      <object_component id="oc-331">
         <name>.const:.typeinfo:_ZTS13SPISlaveClass</name>
         <load_address>0x828c</load_address>
         <run_address>0x828c</run_address>
         <size>0x10</size>
         <input_file_ref idref="fl-6"/>
      </object_component>
      <object_component id="oc-f4">
         <name>.const:_ZTV13SPISlaveClass</name>
         <load_address>0x829c</load_address>
         <run_address>0x829c</run_address>
         <size>0x10</size>
         <input_file_ref idref="fl-6"/>
      </object_component>
      <object_component id="oc-45f">
         <name>.const:_ZTV14GPIOInputClass</name>
         <load_address>0x82ac</load_address>
         <run_address>0x82ac</run_address>
         <size>0x10</size>
         <input_file_ref idref="fl-7"/>
      </object_component>
      <object_component id="oc-359">
         <name>.const:_ZTV14SPIMasterClass</name>
         <load_address>0x82bc</load_address>
         <run_address>0x82bc</run_address>
         <size>0x10</size>
         <input_file_ref idref="fl-5"/>
      </object_component>
      <object_component id="oc-446">
         <name>.const:_ZTV15GPIOOutputClass</name>
         <load_address>0x82cc</load_address>
         <run_address>0x82cc</run_address>
         <size>0x10</size>
         <input_file_ref idref="fl-8"/>
      </object_component>
      <object_component id="oc-221">
         <name>.const:_ZTV15RingBufferClassI9message_sE</name>
         <load_address>0x82dc</load_address>
         <run_address>0x82dc</run_address>
         <size>0x10</size>
         <input_file_ref idref="fl-6"/>
      </object_component>
      <object_component id="oc-21c">
         <name>.const:_ZTV15RingBufferClassIhE</name>
         <load_address>0x82ec</load_address>
         <run_address>0x82ec</run_address>
         <size>0x10</size>
         <input_file_ref idref="fl-6"/>
      </object_component>
      <object_component id="oc-111">
         <name>.const:_ZTV17InputCaptureClass</name>
         <load_address>0x82fc</load_address>
         <run_address>0x82fc</run_address>
         <size>0x10</size>
         <input_file_ref idref="fl-9"/>
      </object_component>
      <object_component id="oc-226">
         <name>.const:_ZTV18MessageParserClass</name>
         <load_address>0x830c</load_address>
         <run_address>0x830c</run_address>
         <size>0x10</size>
         <input_file_ref idref="fl-4"/>
      </object_component>
      <object_component id="oc-38c">
         <name>.const:_ZTV18PinControllerClass</name>
         <load_address>0x831c</load_address>
         <run_address>0x831c</run_address>
         <size>0x10</size>
         <input_file_ref idref="fl-c"/>
      </object_component>
      <object_component id="oc-298">
         <name>.const:_ZTV20MotorControllerClass</name>
         <load_address>0x832c</load_address>
         <run_address>0x832c</run_address>
         <size>0x10</size>
         <input_file_ref idref="fl-a"/>
      </object_component>
      <object_component id="oc-32c">
         <name>.const:_ZTVN10__cxxabiv117__class_type_infoE</name>
         <load_address>0x833c</load_address>
         <run_address>0x833c</run_address>
         <size>0x10</size>
         <input_file_ref idref="fl-146"/>
      </object_component>
      <object_component id="oc-4f4">
         <name>.const:_ZTVN10__cxxabiv119__pointer_type_infoE</name>
         <load_address>0x834c</load_address>
         <run_address>0x834c</run_address>
         <size>0x10</size>
         <input_file_ref idref="fl-146"/>
      </object_component>
      <object_component id="oc-470">
         <name>.const:_ZTVN10__cxxabiv120__si_class_type_infoE</name>
         <load_address>0x835c</load_address>
         <run_address>0x835c</run_address>
         <size>0x10</size>
         <input_file_ref idref="fl-146"/>
      </object_component>
      <object_component id="oc-598">
         <name>.const:_ZTVN10__cxxabiv123__fundamental_type_infoE</name>
         <load_address>0x836c</load_address>
         <run_address>0x836c</run_address>
         <size>0x10</size>
         <input_file_ref idref="fl-146"/>
      </object_component>
      <object_component id="oc-4ef">
         <name>.const:.typeinfo:_ZTSSt9type_info</name>
         <load_address>0x837c</load_address>
         <run_address>0x837c</run_address>
         <size>0xd</size>
         <input_file_ref idref="fl-146"/>
      </object_component>
      <object_component id="oc-3e2">
         <name>.const:.typeinfo:_ZTIN10__cxxabiv117__class_type_infoE</name>
         <load_address>0x838c</load_address>
         <run_address>0x838c</run_address>
         <size>0xc</size>
         <input_file_ref idref="fl-146"/>
      </object_component>
      <object_component id="oc-605">
         <name>.const:.typeinfo:_ZTIN10__cxxabiv117__pbase_type_infoE</name>
         <load_address>0x8398</load_address>
         <run_address>0x8398</run_address>
         <size>0xc</size>
         <input_file_ref idref="fl-146"/>
      </object_component>
      <object_component id="oc-593">
         <name>.const:.typeinfo:_ZTIN10__cxxabiv119__pointer_type_infoE</name>
         <load_address>0x83a4</load_address>
         <run_address>0x83a4</run_address>
         <size>0xc</size>
         <input_file_ref idref="fl-146"/>
      </object_component>
      <object_component id="oc-4ea">
         <name>.const:.typeinfo:_ZTIN10__cxxabiv120__si_class_type_infoE</name>
         <load_address>0x83b0</load_address>
         <run_address>0x83b0</run_address>
         <size>0xc</size>
         <input_file_ref idref="fl-146"/>
      </object_component>
      <object_component id="oc-60a">
         <name>.const:.typeinfo:_ZTIN10__cxxabiv123__fundamental_type_infoE</name>
         <load_address>0x83bc</load_address>
         <run_address>0x83bc</run_address>
         <size>0xc</size>
         <input_file_ref idref="fl-146"/>
      </object_component>
      <object_component id="oc-26a">
         <name>.const:.typeinfo:_ZTI13SPISlaveClass</name>
         <load_address>0x83c8</load_address>
         <run_address>0x83c8</run_address>
         <size>0x8</size>
         <input_file_ref idref="fl-6"/>
      </object_component>
      <object_component id="oc-4e1">
         <name>.const:.typeinfo:_ZTI14GPIOInputClass</name>
         <load_address>0x83d0</load_address>
         <run_address>0x83d0</run_address>
         <size>0x8</size>
         <input_file_ref idref="fl-7"/>
      </object_component>
      <object_component id="oc-417">
         <name>.const:.typeinfo:_ZTI14SPIMasterClass</name>
         <load_address>0x83d8</load_address>
         <run_address>0x83d8</run_address>
         <size>0x8</size>
         <input_file_ref idref="fl-5"/>
      </object_component>
      <object_component id="oc-4d8">
         <name>.const:.typeinfo:_ZTI15GPIOOutputClass</name>
         <load_address>0x83e0</load_address>
         <run_address>0x83e0</run_address>
         <size>0x8</size>
         <input_file_ref idref="fl-8"/>
      </object_component>
      <object_component id="oc-2f8">
         <name>.const:.typeinfo:_ZTI15RingBufferClassI9message_sE</name>
         <load_address>0x83e8</load_address>
         <run_address>0x83e8</run_address>
         <size>0x8</size>
         <input_file_ref idref="fl-6"/>
      </object_component>
      <object_component id="oc-2ec">
         <name>.const:.typeinfo:_ZTI15RingBufferClassIhE</name>
         <load_address>0x83f0</load_address>
         <run_address>0x83f0</run_address>
         <size>0x8</size>
         <input_file_ref idref="fl-6"/>
      </object_component>
      <object_component id="oc-271">
         <name>.const:.typeinfo:_ZTI17InputCaptureClass</name>
         <load_address>0x83f8</load_address>
         <run_address>0x83f8</run_address>
         <size>0x8</size>
         <input_file_ref idref="fl-9"/>
      </object_component>
      <object_component id="oc-304">
         <name>.const:.typeinfo:_ZTI18MessageParserClass</name>
         <load_address>0x8400</load_address>
         <run_address>0x8400</run_address>
         <size>0x8</size>
         <input_file_ref idref="fl-4"/>
      </object_component>
      <object_component id="oc-425">
         <name>.const:.typeinfo:_ZTI18PinControllerClass</name>
         <load_address>0x8408</load_address>
         <run_address>0x8408</run_address>
         <size>0x8</size>
         <input_file_ref idref="fl-c"/>
      </object_component>
      <object_component id="oc-378">
         <name>.const:.typeinfo:_ZTI20MotorControllerClass</name>
         <load_address>0x8410</load_address>
         <run_address>0x8410</run_address>
         <size>0x8</size>
         <input_file_ref idref="fl-a"/>
      </object_component>
      <object_component id="oc-47a">
         <name>.const:.typeinfo:_ZTISt9type_info</name>
         <load_address>0x8418</load_address>
         <run_address>0x8418</run_address>
         <size>0x8</size>
         <input_file_ref idref="fl-146"/>
      </object_component>
      <object_component id="oc-4fe">
         <name>.const:.typeinfo:_ZTIe</name>
         <load_address>0x8420</load_address>
         <run_address>0x8420</run_address>
         <size>0x8</size>
         <input_file_ref idref="fl-146"/>
      </object_component>
      <object_component id="oc-33e">
         <name>.const</name>
         <load_address>0x8428</load_address>
         <run_address>0x8428</run_address>
         <size>0x8</size>
         <input_file_ref idref="fl-172"/>
      </object_component>
      <object_component id="oc-4f9">
         <name>.const:.typeinfo:_ZTSPKe</name>
         <load_address>0x8430</load_address>
         <run_address>0x8430</run_address>
         <size>0x4</size>
         <input_file_ref idref="fl-146"/>
      </object_component>
      <object_component id="oc-6b7">
         <name>.cinit..data.load</name>
         <load_address>0x8440</load_address>
         <run_address>0x8440</run_address>
         <size>0x78</size>
      </object_component>
      <object_component id="oc-6b4">
         <name>__TI_handler_table</name>
         <load_address>0x84b8</load_address>
         <run_address>0x84b8</run_address>
         <size>0xc</size>
      </object_component>
      <object_component id="oc-6b8">
         <name>.cinit..bss.load</name>
         <load_address>0x84c8</load_address>
         <run_address>0x84c8</run_address>
         <size>0x8</size>
      </object_component>
      <object_component id="oc-6b6">
         <name>.cinit..vtable.load</name>
         <load_address>0x84d0</load_address>
         <run_address>0x84d0</run_address>
         <size>0x8</size>
      </object_component>
      <object_component id="oc-6b5">
         <name>__TI_cinit_table</name>
         <load_address>0x84d8</load_address>
         <run_address>0x84d8</run_address>
         <size>0x18</size>
      </object_component>
      <object_component id="oc-40">
         <name>.init_array</name>
         <load_address>0x8434</load_address>
         <run_address>0x8434</run_address>
         <size>0x4</size>
         <input_file_ref idref="fl-a"/>
      </object_component>
      <object_component id="oc-41">
         <name>.init_array</name>
         <load_address>0x8438</load_address>
         <run_address>0x8438</run_address>
         <size>0x4</size>
         <input_file_ref idref="fl-b"/>
      </object_component>
      <object_component id="oc-31f">
         <name>.vtable</name>
         <uninitialized>true</uninitialized>
         <run_address>0x20000000</run_address>
         <size>0x26c</size>
         <input_file_ref idref="fl-175"/>
      </object_component>
      <object_component id="oc-60">
         <name>.data</name>
         <load_address>0x20003e9c</load_address>
         <run_address>0x20003e9c</run_address>
         <size>0x4</size>
         <input_file_ref idref="fl-145"/>
      </object_component>
      <object_component id="oc-1af">
         <name>.data</name>
         <load_address>0x20003e84</load_address>
         <run_address>0x20003e84</run_address>
         <size>0x8</size>
         <input_file_ref idref="fl-149"/>
      </object_component>
      <object_component id="oc-1b2">
         <name>.data</name>
         <load_address>0x20003e8c</load_address>
         <run_address>0x20003e8c</run_address>
         <size>0x8</size>
         <input_file_ref idref="fl-140"/>
      </object_component>
      <object_component id="oc-30d">
         <name>.data</name>
         <load_address>0x20003e78</load_address>
         <run_address>0x20003e78</run_address>
         <size>0xc</size>
         <input_file_ref idref="fl-142"/>
      </object_component>
      <object_component id="oc-36a">
         <name>.data</name>
         <load_address>0x20003e94</load_address>
         <run_address>0x20003e94</run_address>
         <size>0x4</size>
         <input_file_ref idref="fl-13f"/>
      </object_component>
      <object_component id="oc-405">
         <name>.data:_ftable</name>
         <load_address>0x20003ca8</load_address>
         <run_address>0x20003ca8</run_address>
         <size>0xf0</size>
         <input_file_ref idref="fl-14d"/>
      </object_component>
      <object_component id="oc-42a">
         <name>.data</name>
         <load_address>0x20003ea0</load_address>
         <run_address>0x20003ea0</run_address>
         <size>0x4</size>
         <input_file_ref idref="fl-147"/>
      </object_component>
      <object_component id="oc-5b0">
         <name>.data</name>
         <load_address>0x20003e68</load_address>
         <run_address>0x20003e68</run_address>
         <size>0x10</size>
         <input_file_ref idref="fl-14d"/>
      </object_component>
      <object_component id="oc-5c7">
         <name>.data</name>
         <load_address>0x20003d98</load_address>
         <run_address>0x20003d98</run_address>
         <size>0xd0</size>
         <input_file_ref idref="fl-152"/>
      </object_component>
      <object_component id="oc-65a">
         <name>.data</name>
         <load_address>0x20003e98</load_address>
         <run_address>0x20003e98</run_address>
         <size>0x4</size>
         <input_file_ref idref="fl-16f"/>
      </object_component>
      <object_component id="oc-29d">
         <name>.bss:_ZN20MotorControllerClass4SPI1E</name>
         <uninitialized>true</uninitialized>
         <run_address>0x20001bb0</run_address>
         <size>0x54</size>
         <input_file_ref idref="fl-a"/>
      </object_component>
      <object_component id="oc-2a0">
         <name>.bss:_ZN20MotorControllerClass4SPI2E</name>
         <uninitialized>true</uninitialized>
         <run_address>0x20001c04</run_address>
         <size>0x54</size>
         <input_file_ref idref="fl-a"/>
      </object_component>
      <object_component id="oc-2ba">
         <name>.bss:RPiSPISlave</name>
         <uninitialized>true</uninitialized>
         <run_address>0x2000026c</run_address>
         <size>0x162c</size>
         <input_file_ref idref="fl-b"/>
      </object_component>
      <object_component id="oc-2bd">
         <name>.bss</name>
         <uninitialized>true</uninitialized>
         <run_address>0x20001898</run_address>
         <size>0x158</size>
         <input_file_ref idref="fl-b"/>
      </object_component>
      <object_component id="oc-402">
         <name>.bss</name>
         <uninitialized>true</uninitialized>
         <run_address>0x20001c58</run_address>
         <size>0x1c</size>
         <input_file_ref idref="fl-148"/>
      </object_component>
      <object_component id="oc-67e">
         <name>.bss:__TI_tmpnams</name>
         <uninitialized>true</uninitialized>
         <run_address>0x20001b10</run_address>
         <size>0xa0</size>
         <input_file_ref idref="fl-14d"/>
      </object_component>
      <object_component id="oc-685">
         <name>.bss:__CIOBUF_</name>
         <uninitialized>true</uninitialized>
         <run_address>0x200019f0</run_address>
         <size>0x120</size>
         <input_file_ref idref="fl-159"/>
      </object_component>
      <object_component id="oc-f9">
         <name>.common:SPI0</name>
         <uninitialized>true</uninitialized>
         <run_address>0x20001c9c</run_address>
         <size>0x4</size>
      </object_component>
      <object_component id="oc-15e">
         <name>.common:IC0</name>
         <uninitialized>true</uninitialized>
         <run_address>0x20001c7c</run_address>
         <size>0x4</size>
      </object_component>
      <object_component id="oc-15f">
         <name>.common:IC1</name>
         <uninitialized>true</uninitialized>
         <run_address>0x20001c80</run_address>
         <size>0x4</size>
      </object_component>
      <object_component id="oc-172">
         <name>.common:IC2</name>
         <uninitialized>true</uninitialized>
         <run_address>0x20001c84</run_address>
         <size>0x4</size>
      </object_component>
      <object_component id="oc-173">
         <name>.common:IC3</name>
         <uninitialized>true</uninitialized>
         <run_address>0x20001c88</run_address>
         <size>0x4</size>
      </object_component>
      <object_component id="oc-174">
         <name>.common:IC4</name>
         <uninitialized>true</uninitialized>
         <run_address>0x20001c8c</run_address>
         <size>0x4</size>
      </object_component>
      <object_component id="oc-175">
         <name>.common:IC5</name>
         <uninitialized>true</uninitialized>
         <run_address>0x20001c90</run_address>
         <size>0x4</size>
      </object_component>
      <object_component id="oc-176">
         <name>.common:IC6</name>
         <uninitialized>true</uninitialized>
         <run_address>0x20001c94</run_address>
         <size>0x4</size>
      </object_component>
      <object_component id="oc-177">
         <name>.common:IC7</name>
         <uninitialized>true</uninitialized>
         <run_address>0x20001c98</run_address>
         <size>0x4</size>
      </object_component>
      <object_component id="oc-2c0">
         <name>.common:__dso_handle</name>
         <uninitialized>true</uninitialized>
         <run_address>0x20001ca4</run_address>
         <size>0x4</size>
      </object_component>
      <object_component id="oc-47f">
         <name>.common:_ZSt16__dummy_typeinfo</name>
         <uninitialized>true</uninitialized>
         <run_address>0x20001ca0</run_address>
         <size>0x4</size>
      </object_component>
      <object_component id="oc-671">
         <name>.common:parmbuf</name>
         <uninitialized>true</uninitialized>
         <run_address>0x20001c74</run_address>
         <size>0x8</size>
      </object_component>
      <object_component id="oc-43">
         <name>.sysmem</name>
         <uninitialized>true</uninitialized>
         <run_address>0x20002ca8</run_address>
         <size>0x8</size>
         <input_file_ref idref="fl-142"/>
      </object_component>
      <object_component id="oc-6ba">
         <name>.sysmem</name>
         <uninitialized>true</uninitialized>
         <run_address>0x20002ca8</run_address>
         <size>0x0</size>
      </object_component>
      <object_component id="oc-42">
         <name>.stack</name>
         <uninitialized>true</uninitialized>
         <run_address>0x20001ca8</run_address>
         <size>0x0</size>
         <input_file_ref idref="fl-13a"/>
      </object_component>
      <object_component id="oc-6b9">
         <name>.stack</name>
         <uninitialized>true</uninitialized>
         <run_address>0x20001ca8</run_address>
         <size>0x0</size>
      </object_component>
      <object_component id="oc-f">
         <name>.debug_info</name>
         <load_address>0x0</load_address>
         <run_address>0x0</run_address>
         <size>0x108</size>
         <input_file_ref idref="fl-2"/>
      </object_component>
      <object_component id="oc-14">
         <name>.debug_info</name>
         <load_address>0x108</load_address>
         <run_address>0x108</run_address>
         <size>0xf3</size>
         <input_file_ref idref="fl-13a"/>
      </object_component>
      <object_component id="oc-17">
         <name>.debug_info</name>
         <load_address>0x1fb</load_address>
         <run_address>0x1fb</run_address>
         <size>0x194</size>
         <input_file_ref idref="fl-13b"/>
      </object_component>
      <object_component id="oc-1d">
         <name>.debug_info</name>
         <load_address>0x38f</load_address>
         <run_address>0x38f</run_address>
         <size>0x16a</size>
         <input_file_ref idref="fl-13d"/>
      </object_component>
      <object_component id="oc-23">
         <name>.debug_info</name>
         <load_address>0x4f9</load_address>
         <run_address>0x4f9</run_address>
         <size>0x18e</size>
         <input_file_ref idref="fl-13c"/>
      </object_component>
      <object_component id="oc-2a">
         <name>.debug_info</name>
         <load_address>0x687</load_address>
         <run_address>0x687</run_address>
         <size>0x91f</size>
         <input_file_ref idref="fl-6"/>
      </object_component>
      <object_component id="oc-2f">
         <name>.debug_info</name>
         <load_address>0xfa6</load_address>
         <run_address>0xfa6</run_address>
         <size>0x186</size>
         <input_file_ref idref="fl-6"/>
      </object_component>
      <object_component id="oc-36">
         <name>.debug_info</name>
         <load_address>0x112c</load_address>
         <run_address>0x112c</run_address>
         <size>0x1394</size>
         <input_file_ref idref="fl-9"/>
      </object_component>
      <object_component id="oc-3b">
         <name>.debug_info</name>
         <load_address>0x24c0</load_address>
         <run_address>0x24c0</run_address>
         <size>0xdf0</size>
         <input_file_ref idref="fl-9"/>
      </object_component>
      <object_component id="oc-44">
         <name>.debug_info</name>
         <load_address>0x32b0</load_address>
         <run_address>0x32b0</run_address>
         <size>0xb6</size>
         <input_file_ref idref="fl-142"/>
      </object_component>
      <object_component id="oc-47">
         <name>.debug_info</name>
         <load_address>0x3366</load_address>
         <run_address>0x3366</run_address>
         <size>0x284</size>
         <input_file_ref idref="fl-2"/>
      </object_component>
      <object_component id="oc-4e">
         <name>.debug_info</name>
         <load_address>0x35ea</load_address>
         <run_address>0x35ea</run_address>
         <size>0x123</size>
         <input_file_ref idref="fl-2"/>
      </object_component>
      <object_component id="oc-51">
         <name>.debug_info</name>
         <load_address>0x370d</load_address>
         <run_address>0x370d</run_address>
         <size>0x13d</size>
         <input_file_ref idref="fl-14b"/>
      </object_component>
      <object_component id="oc-55">
         <name>.debug_info</name>
[...]
         <value>0x3ead</value>
         <object_component_ref idref="oc-50f"/>
      </symbol>
      <symbol id="sm-b2b">
         <name>write</name>
         <value>0x3df9</value>
         <object_component_ref idref="oc-50f"/>
      </symbol>
      <symbol id="sm-b2c">
         <name>close</name>
         <value>0x4009</value>
         <object_component_ref idref="oc-50f"/>
      </symbol>
      <symbol id="sm-b2d">
         <name>unlink</name>
         <value>0x3e89</value>
         <object_component_ref idref="oc-50f"/>
      </symbol>
      <symbol id="sm-b3d">
         <name>memchr</name>
         <value>0x76cf</value>
         <object_component_ref idref="oc-51d"/>
      </symbol>
      <symbol id="sm-b4d">
         <name>strchr</name>
         <value>0x76e5</value>
         <object_component_ref idref="oc-5bb"/>
      </symbol>
      <symbol id="sm-b5c">
         <name>strcmp</name>
         <value>0x7675</value>
         <object_component_ref idref="oc-5b5"/>
      </symbol>
      <symbol id="sm-b6a">
         <name>strlen</name>
         <value>0x7711</value>
         <object_component_ref idref="oc-517"/>
      </symbol>
      <symbol id="sm-b7a">
         <name>strncpy</name>
         <value>0x720d</value>
         <object_component_ref idref="oc-5c1"/>
      </symbol>
      <symbol id="sm-b9b">
         <name>HOSTgetenv</name>
         <value>0x48eb</value>
         <object_component_ref idref="oc-62a"/>
      </symbol>
      <symbol id="sm-b9c">
         <name>HOSTrename</name>
         <value>0x4793</value>
         <object_component_ref idref="oc-62a"/>
      </symbol>
      <symbol id="sm-b9d">
         <name>HOSTclose</name>
         <value>0x4929</value>
         <object_component_ref idref="oc-62a"/>
      </symbol>
      <symbol id="sm-b9e">
         <name>HOSTunlink</name>
         <value>0x4721</value>
         <object_component_ref idref="oc-62a"/>
      </symbol>
      <symbol id="sm-b9f">
         <name>HOSTlseek</name>
         <value>0x488f</value>
         <object_component_ref idref="oc-62a"/>
      </symbol>
      <symbol id="sm-ba0">
         <name>HOSTopen</name>
         <value>0x483d</value>
         <object_component_ref idref="oc-62a"/>
      </symbol>
      <symbol id="sm-ba1">
         <name>HOSTclock</name>
         <value>0x4961</value>
         <object_component_ref idref="oc-62a"/>
      </symbol>
      <symbol id="sm-ba2">
         <name>HOSTwrite</name>
         <value>0x46d5</value>
         <object_component_ref idref="oc-62a"/>
      </symbol>
      <symbol id="sm-ba3">
         <name>HOSTread</name>
         <value>0x47f1</value>
         <object_component_ref idref="oc-62a"/>
      </symbol>
      <symbol id="sm-ba4">
         <name>HOSTtime</name>
         <value>0x4759</value>
         <object_component_ref idref="oc-62a"/>
      </symbol>
      <symbol id="sm-bbf">
         <name>__TI_readmsg</name>
         <value>0x6d27</value>
         <object_component_ref idref="oc-665"/>
      </symbol>
      <symbol id="sm-bc0">
         <name>C$$IO$$</name>
         <value>0x6d23</value>
         <object_component_ref idref="oc-665"/>
      </symbol>
      <symbol id="sm-bc1">
         <name>__CIOBUF_</name>
         <value>0x200019f0</value>
         <object_component_ref idref="oc-685"/>
      </symbol>
      <symbol id="sm-bc2">
         <name>__TI_writemsg</name>
         <value>0x6cf9</value>
         <object_component_ref idref="oc-665"/>
      </symbol>
      <symbol id="sm-be0">
         <name>__TI_wrt_ok</name>
         <value>0x63a9</value>
         <object_component_ref idref="oc-503"/>
      </symbol>
      <symbol id="sm-be1">
         <name>__TI_rd_ok</name>
         <value>0x640b</value>
         <object_component_ref idref="oc-503"/>
      </symbol>
      <symbol id="sm-ccd">
         <name>__TI_printfi</name>
         <value>0xe23</value>
         <object_component_ref idref="oc-4a3"/>
      </symbol>
      <symbol id="sm-ce3">
         <name>atoi</name>
         <value>0x6f21</value>
         <object_component_ref idref="oc-569"/>
      </symbol>
      <symbol id="sm-cee">
         <name>_ctypes_</name>
         <value>0x7d14</value>
         <object_component_ref idref="oc-5ef"/>
      </symbol>
      <symbol id="sm-d05">
         <name>__aeabi_dsub</name>
         <value>0x5865</value>
         <object_component_ref idref="oc-553"/>
      </symbol>
      <symbol id="sm-d06">
         <name>__aeabi_dadd</name>
         <value>0x586f</value>
         <object_component_ref idref="oc-553"/>
      </symbol>
      <symbol id="sm-d28">
         <name>__aeabi_cdcmpeq</name>
         <value>0x6865</value>
         <object_component_ref idref="oc-52f"/>
      </symbol>
      <symbol id="sm-d29">
         <name>__aeabi_cdcmple</name>
         <value>0x6865</value>
         <object_component_ref idref="oc-52f"/>
      </symbol>
      <symbol id="sm-d2a">
         <name>__aeabi_cdrcmple</name>
         <value>0x68eb</value>
         <object_component_ref idref="oc-53e"/>
      </symbol>
      <symbol id="sm-d3e">
         <name>__aeabi_ddiv</name>
         <value>0x5cf5</value>
         <object_component_ref idref="oc-539"/>
      </symbol>
      <symbol id="sm-d49">
         <name>__aeabi_dmul</name>
         <value>0x5f61</value>
         <object_component_ref idref="oc-534"/>
      </symbol>
      <symbol id="sm-d53">
         <name>__aeabi_d2iz</name>
         <value>0x7045</value>
         <object_component_ref idref="oc-543"/>
      </symbol>
      <symbol id="sm-d6d">
         <name>__TI_doflush</name>
         <value>0x622d</value>
         <object_component_ref idref="oc-509"/>
      </symbol>
      <symbol id="sm-d6e">
         <name>fflush</name>
         <value>0x6279</value>
         <object_component_ref idref="oc-509"/>
      </symbol>
      <symbol id="sm-d80">
         <name>fseek</name>
         <value>0x6c31</value>
         <object_component_ref idref="oc-5a2"/>
      </symbol>
      <symbol id="sm-d8a">
         <name>__aeabi_i2d</name>
         <value>0x723d</value>
         <object_component_ref idref="oc-54e"/>
      </symbol>
      <symbol id="sm-d93">
         <name>__aeabi_lmul</name>
         <value>0x765d</value>
         <object_component_ref idref="oc-52a"/>
      </symbol>
      <symbol id="sm-da2">
         <name>ltoa</name>
         <value>0x6e71</value>
         <object_component_ref idref="oc-548"/>
      </symbol>
      <symbol id="sm-db2">
         <name>memccpy</name>
         <value>0x757d</value>
         <object_component_ref idref="oc-563"/>
      </symbol>
      <symbol id="sm-dc1">
         <name>__aeabi_memset</name>
         <value>0x6a73</value>
         <object_component_ref idref="oc-558"/>
      </symbol>
      <symbol id="sm-dc2">
         <name>memset</name>
         <value>0x6a79</value>
         <object_component_ref idref="oc-558"/>
      </symbol>
      <symbol id="sm-dc3">
         <name>__aeabi_memset8</name>
         <value>0x6a73</value>
         <object_component_ref idref="oc-558"/>
      </symbol>
      <symbol id="sm-dc4">
         <name>__aeabi_memset4</name>
         <value>0x6a73</value>
         <object_component_ref idref="oc-558"/>
      </symbol>
      <symbol id="sm-dc5">
         <name>__aeabi_memclr8</name>
         <value>0x6a71</value>
         <object_component_ref idref="oc-558"/>
      </symbol>
      <symbol id="sm-dc6">
         <name>__aeabi_memclr4</name>
         <value>0x6a71</value>
         <object_component_ref idref="oc-558"/>
      </symbol>
      <symbol id="sm-dc7">
         <name>__aeabi_memclr</name>
         <value>0x6a71</value>
         <object_component_ref idref="oc-558"/>
      </symbol>
      <symbol id="sm-de3">
         <name>setvbuf</name>
         <value>0x6151</value>
         <object_component_ref idref="oc-5a8"/>
      </symbol>
      <symbol id="sm-df1">
         <name>strcpy</name>
         <value>0x776d</value>
         <object_component_ref idref="oc-66b"/>
      </symbol>
      <symbol id="sm-e0d">
         <name>__aeabi_uldivmod</name>
         <value>0x50eb</value>
         <object_component_ref idref="oc-525"/>
      </symbol>
      <symbol id="sm-e17">
         <name>_Dclass</name>
         <value>0x775b</value>
         <object_component_ref idref="oc-55d"/>
      </symbol>
      <symbol id="sm-e29">
         <name>_Dtest</name>
         <value>0x7159</value>
         <object_component_ref idref="oc-5e6"/>
      </symbol>
      <symbol id="sm-e5c">
         <name>__TI_cleanup</name>
         <value>0x576d</value>
         <object_component_ref idref="oc-611"/>
      </symbol>
      <symbol id="sm-e5d">
         <name>freopen</name>
         <value>0x5799</value>
         <object_component_ref idref="oc-611"/>
      </symbol>
      <symbol id="sm-e5e">
         <name>fopen</name>
         <value>0x57c3</value>
         <object_component_ref idref="oc-611"/>
      </symbol>
      <symbol id="sm-e74">
         <name>__TI_closefile</name>
         <value>0x658d</value>
         <object_component_ref idref="oc-654"/>
      </symbol>
      <symbol id="sm-e75">
         <name>fclose</name>
         <value>0x65f3</value>
         <object_component_ref idref="oc-654"/>
      </symbol>
      <symbol id="sm-f2c">
         <name>TimerMatchSet</name>
         <value>0x72ed</value>
         <object_component_ref idref="oc-140"/>
      </symbol>
      <symbol id="sm-f2d">
         <name>TimerLoadSet</name>
         <value>0x72c3</value>
         <object_component_ref idref="oc-134"/>
      </symbol>
      <symbol id="sm-f2e">
         <name>TimerDisable</name>
         <value>0x74eb</value>
         <object_component_ref idref="oc-116"/>
      </symbol>
      <symbol id="sm-f2f">
         <name>TimerIntRegister</name>
         <value>0x736b</value>
         <object_component_ref idref="oc-14c"/>
      </symbol>
      <symbol id="sm-f30">
         <name>TimerEnable</name>
         <value>0x7509</value>
         <object_component_ref idref="oc-158"/>
      </symbol>
      <symbol id="sm-f31">
         <name>TimerIntStatus</name>
         <value>0x7527</value>
         <object_component_ref idref="oc-160"/>
      </symbol>
      <symbol id="sm-f32">
         <name>TimerIntDisable</name>
         <value>0x75fb</value>
         <object_component_ref idref="oc-166"/>
      </symbol>
      <symbol id="sm-f33">
         <name>TimerValueGet</name>
         <value>0x7561</value>
         <object_component_ref idref="oc-13a"/>
      </symbol>
      <symbol id="sm-f34">
         <name>TimerPrescaleSet</name>
         <value>0x7341</value>
         <object_component_ref idref="oc-12e"/>
      </symbol>
      <symbol id="sm-f35">
         <name>TimerIntEnable</name>
         <value>0x7613</value>
         <object_component_ref idref="oc-152"/>
      </symbol>
      <symbol id="sm-f36">
         <name>TimerPrescaleMatchSet</name>
         <value>0x7317</value>
         <object_component_ref idref="oc-146"/>
      </symbol>
      <symbol id="sm-f37">
         <name>TimerConfigure</name>
         <value>0x67d9</value>
         <object_component_ref idref="oc-122"/>
      </symbol>
      <symbol id="sm-f38">
         <name>TimerControlEvent</name>
         <value>0x7299</value>
         <object_component_ref idref="oc-128"/>
      </symbol>
      <symbol id="sm-f39">
         <name>TimerIntClear</name>
         <value>0x7737</value>
         <object_component_ref idref="oc-16c"/>
      </symbol>
      <symbol id="sm-fa7">
         <name>SysCtlClockSet</name>
         <value>0x54c9</value>
         <object_component_ref idref="oc-2ae"/>
      </symbol>
      <symbol id="sm-fa8">
         <name>SysCtlDelay</name>
         <value>0x77b7</value>
         <object_component_ref idref="oc-38a"/>
      </symbol>
      <symbol id="sm-fa9">
         <name>SysCtlPeripheralEnable</name>
         <value>0x719d</value>
         <object_component_ref idref="oc-be"/>
      </symbol>
      <symbol id="sm-faa">
         <name>SysCtlClockGet</name>
         <value>0x52e1</value>
         <object_component_ref idref="oc-d0"/>
      </symbol>
      <symbol id="sm-1037">
         <name>SSIDataPut</name>
         <value>0x7599</value>
         <object_component_ref idref="oc-353"/>
      </symbol>
      <symbol id="sm-1038">
         <name>SSIDataGet</name>
         <value>0x7545</value>
         <object_component_ref idref="oc-34d"/>
      </symbol>
      <symbol id="sm-1039">
         <name>SSIIntDisable</name>
         <value>0x75cb</value>
         <object_component_ref idref="oc-1d2"/>
      </symbol>
      <symbol id="sm-103a">
         <name>SSIDataGetNonBlocking</name>
         <value>0x744d</value>
         <object_component_ref idref="oc-1f9"/>
      </symbol>
      <symbol id="sm-103b">
         <name>SSIIntClear</name>
         <value>0x7725</value>
         <object_component_ref idref="oc-1d8"/>
      </symbol>
      <symbol id="sm-103c">
         <name>SSIDataPutNonBlocking</name>
         <value>0x748f</value>
         <object_component_ref idref="oc-1e5"/>
      </symbol>
      <symbol id="sm-103d">
         <name>SSIIntStatus</name>
         <value>0x74cd</value>
         <object_component_ref idref="oc-1cc"/>
      </symbol>
      <symbol id="sm-103e">
         <name>SSIConfigSetExpClk</name>
         <value>0x674d</value>
         <object_component_ref idref="oc-d6"/>
      </symbol>
      <symbol id="sm-103f">
         <name>SSIIntEnable</name>
         <value>0x75e3</value>
         <object_component_ref idref="oc-e8"/>
      </symbol>
      <symbol id="sm-1040">
         <name>SSIEnable</name>
         <value>0x768d</value>
         <object_component_ref idref="oc-ee"/>
      </symbol>
      <symbol id="sm-1041">
         <name>SSIIntRegister</name>
         <value>0x74af</value>
         <object_component_ref idref="oc-dc"/>
      </symbol>
      <symbol id="sm-108a">
         <name>IntPrioritySet</name>
         <value>0x6ecd</value>
         <object_component_ref idref="oc-e2"/>
      </symbol>
      <symbol id="sm-108b">
         <name>IntEnable</name>
         <value>0x6971</value>
         <object_component_ref idref="oc-25c"/>
      </symbol>
      <symbol id="sm-108c">
         <name>IntRegister</name>
         <value>0x6e15</value>
         <object_component_ref idref="oc-256"/>
      </symbol>
      <symbol id="sm-108d">
         <name>g_pfnRAMVectors</name>
         <value>0x20000000</value>
         <object_component_ref idref="oc-31f"/>
      </symbol>
      <symbol id="sm-1105">
         <name>GPIOPinConfigure</name>
         <value>0x6bc9</value>
         <object_component_ref idref="oc-c4"/>
      </symbol>
      <symbol id="sm-1106">
         <name>GPIOPinTypeGPIOInput</name>
         <value>0x73bd</value>
         <object_component_ref idref="oc-459"/>
      </symbol>
      <symbol id="sm-1107">
         <name>GPIOPinTypeGPIOOutput</name>
         <value>0x73e1</value>
         <object_component_ref idref="oc-440"/>
      </symbol>
      <symbol id="sm-1108">
         <name>GPIOPinRead</name>
         <value>0x75b3</value>
         <object_component_ref idref="oc-453"/>
      </symbol>
      <symbol id="sm-1109">
         <name>GPIODirModeSet</name>
         <value>0x6db7</value>
         <object_component_ref idref="oc-23e"/>
      </symbol>
      <symbol id="sm-110a">
         <name>GPIOPinWrite</name>
         <value>0x746f</value>
         <object_component_ref idref="oc-43a"/>
      </symbol>
      <symbol id="sm-110b">
         <name>GPIOPadConfigSet</name>
         <value>0x4ead</value>
         <object_component_ref idref="oc-244"/>
      </symbol>
      <symbol id="sm-110c">
         <name>GPIOPinTypeSSI</name>
         <value>0x7405</value>
         <object_component_ref idref="oc-ca"/>
      </symbol>
      <symbol id="sm-110d">
         <name>GPIOPinTypeTimer</name>
         <value>0x7429</value>
         <object_component_ref idref="oc-11c"/>
      </symbol>
      <symbol id="sm-110f">
         <name>__TI_static_base__</name>
         <value>0x0</value>
      </symbol>
      <symbol id="sm-1110">
         <name>__TI_args_main</name>
         <value>0x1</value>
      </symbol>
      <symbol id="sm-1114">
         <name>_ZN18MessageParserClassC2Ev</name>
         <value>0x112d</value>
      </symbol>
      <symbol id="sm-1115">
         <name>_ZN18MessageParserClassD2Ev</name>
         <value>0x1da1</value>
      </symbol>
      <symbol id="sm-1116">
         <name>_ZN14SPIMasterClassC2Ej</name>
         <value>0x377d</value>
      </symbol>
      <symbol id="sm-1117">
         <name>_ZN14SPIMasterClassD2Ev</name>
         <value>0x3795</value>
      </symbol>
      <symbol id="sm-1118">
         <name>_ZN13SPISlaveClassC2Ej</name>
         <value>0x4c49</value>
      </symbol>
      <symbol id="sm-1119">
         <name>_ZN13SPISlaveClassD2Ev</name>
         <value>0x4c97</value>
      </symbol>
      <symbol id="sm-111a">
         <name>_ZN14GPIOInputClassC2E9pinName_t</name>
         <value>0x43f9</value>
      </symbol>
      <symbol id="sm-111b">
         <name>_ZN14GPIOInputClassD2Ev</name>
         <value>0x4415</value>
      </symbol>
      <symbol id="sm-111c">
         <name>_ZN15GPIOOutputClassC2E9pinName_t</name>
         <value>0x4109</value>
      </symbol>
      <symbol id="sm-111d">
         <name>_ZN15GPIOOutputClassD2Ev</name>
         <value>0x412d</value>
      </symbol>
      <symbol id="sm-111e">
         <name>_ZN17InputCaptureClassC2E9pinName_t</name>
         <value>0x27c5</value>
      </symbol>
      <symbol id="sm-111f">
         <name>_ZN17InputCaptureClassD2Ev</name>
         <value>0x280b</value>
      </symbol>
      <symbol id="sm-1120">
         <name>_ZN20MotorControllerClassC2Ej</name>
         <value>0x5a1d</value>
      </symbol>
      <symbol id="sm-1121">
         <name>_ZN20MotorControllerClassD2Ev</name>
         <value>0x5a4d</value>
      </symbol>
      <symbol id="sm-1122">
         <name>_ZN18PinControllerClassC2E9pinName_t</name>
         <value>0x3ad9</value>
      </symbol>
      <symbol id="sm-1123">
         <name>_ZN18PinControllerClassC2E9pinName_t9pinType_t</name>
         <value>0x3b0f</value>
      </symbol>
      <symbol id="sm-1124">
         <name>_ZN18PinControllerClassD2Ev</name>
         <value>0x3b4f</value>
      </symbol>
      <symbol id="sm-1125">
         <name>_ZNSt9type_infoD2Ev</name>
         <value>0x62f5</value>
      </symbol>
      <symbol id="sm-1126">
         <name>_ZN10__cxxabiv123__fundamental_type_infoD2Ev</name>
         <value>0x6347</value>
      </symbol>
      <symbol id="sm-1127">
         <name>_ZN10__cxxabiv117__array_type_infoD2Ev</name>
         <value>0x638d</value>
      </symbol>
      <symbol id="sm-1128">
         <name>_ZN10__cxxabiv120__function_type_infoD2Ev</name>
         <value>0x6365</value>
      </symbol>
      <symbol id="sm-1129">
         <name>_ZN10__cxxabiv116__enum_type_infoD2Ev</name>
         <value>0x6397</value>
      </symbol>
      <symbol id="sm-112a">
         <name>_ZN10__cxxabiv117__class_type_infoD2Ev</name>
         <value>0x6383</value>
      </symbol>
      <symbol id="sm-112b">
         <name>_ZN10__cxxabiv120__si_class_type_infoD2Ev</name>
         <value>0x635b</value>
      </symbol>
      <symbol id="sm-112c">
         <name>_ZN10__cxxabiv121__vmi_class_type_infoD2Ev</name>
         <value>0x6351</value>
      </symbol>
      <symbol id="sm-112d">
         <name>_ZN10__cxxabiv117__pbase_type_infoD2Ev</name>
         <value>0x6379</value>
      </symbol>
      <symbol id="sm-112e">
         <name>_ZN10__cxxabiv119__pointer_type_infoD2Ev</name>
         <value>0x636f</value>
      </symbol>
      <symbol id="sm-112f">
         <name>_ZN10__cxxabiv129__pointer_to_member_type_infoD2Ev</name>
         <value>0x633d</value>
      </symbol>
      <symbol id="sm-1130">
         <name>remove</name>
         <value>0x3e89</value>
      </symbol>
   </symbol_table>
   <title>Link successful</title>
</link_info>
