******************************************************************************
                  TI ARM Linker PC v5.1.6                      
******************************************************************************
>> Linked Tue Mar 17 14:53:10 2015

OUTPUT FILE NAME:   <Overseer.out>
ENTRY POINT SYMBOL: "_c_int00"  address: 00021559


MEMORY CONFIGURATION

         name            origin    length      used     unused   attr    fill
----------------------  --------  ---------  --------  --------  ----  --------
  FLASH                 00000000   00040000  0002dfff  00012001  R  X
  SRAM                  20000000   00008000  00002e70  00005190  RW X


SEGMENT ALLOCATION MAP

run origin  load origin   length   init length attrs members
----------  ----------- ---------- ----------- ----- -------
00000000    00000000    0002e008   0002e008    r-x
  00000000    00000000    0000026c   0000026c    r-- .intvecs
  0000026c    0000026c    0002b1b2   0002b1b2    r-x .text
  0002b420    0002b420    00002a2d   00002a2d    r-- .const
  0002de50    0002de50    0000005c   0000005c    r-- .init_array
  0002deb0    0002deb0    00000158   00000158    r-- .cinit
20000000    20000000    00002e74   00000000    rw-
  20000000    20000000    0000026c   00000000    rw- .vtable
  2000026c    2000026c    00001000   00000000    rw- .stack
  20001270    20001270    00001000   00000000    rw- .sysmem
  20002270    20002270    00000834   00000000    rw- .data
  20002aa4    20002aa4    000003d0   00000000    rw- .bss


SECTION ALLOCATION MAP

 output                                  attributes/
section   page    origin      length       input sections
--------  ----  ----------  ----------   ----------------
.intvecs   0    00000000    0000026c     
                  00000000    0000026c     tm4c123ah6pm_startup_ccs.obj (.intvecs)

.text      0    0000026c    0002b1b2     
                  0000026c    00001284     ExtendedKalman.obj (.text)
                  000014f0    00000f00     rtsv7M4_T_le_v4SPD16_eabi.lib : locale.obj (.text)
                  000023f0    00000ec0                                   : _printfi.obj (.text)
                  000032b0    00000d80     MessageParser.obj (.text)
                  00004030    00000b24     RPiControlledCopter.obj (.text)
                  00004b54    000009bc     rtsv7M4_T_le_v4SPD16_eabi.lib : wlocale.obj (.text)
                  00005510    00000964                                   : xlocale.obj (.text:_ZNKSt9money_getIcSt19istreambuf_iteratorIcSt11char_traitsIcEEE8_GetmfldERS3_S5_bRSt8ios_base)
                  00005e74    00000942                                   : wlocale.obj (.text:_ZNKSt9money_getIwSt19istreambuf_iteratorIwSt11char_traitsIwEEE8_GetmfldERS3_S5_bRSt8ios_base)
                  000067b6    00000002     EigenTest.obj (.text:_ZN5Eigen15PlainObjectBaseINS_6MatrixIdLin1ELin1ELi0ELin1ELin1EEEE22_check_template_paramsEv)
                  000067b8    000008c8     InputCapture.obj (.text)
                  00007080    00000864     MPU9150Test.obj (.text)
                  000078e4    000007c4     MPU9150.obj (.text)
                  000080a8    00000792     rtsv7M4_T_le_v4SPD16_eabi.lib : wlocale.obj (.text:_ZNKSt9money_putIwSt19ostreambuf_iteratorIwSt11char_traitsIwEEE8_PutmfldES3_bRSt8ios_basewbSbIwS2_SaIwEE)
                  0000883a    0000073c                                   : xlocale.obj (.text:_ZNKSt9money_putIcSt19ostreambuf_iteratorIcSt11char_traitsIcEEE8_PutmfldES3_bRSt8ios_basecbSs)
                  00008f76    0000070a                                   : locale.obj (.text:_ZNKSt7num_getIcSt19istreambuf_iteratorIcSt11char_traitsIcEEE8_GetffldEPcRS3_S6_RKSt6locale)
                  00009680    00000704     Control.obj (.text)
                  00009d84    0000067c     rtsv7M4_T_le_v4SPD16_eabi.lib : xlocale.obj (.text)
                  0000a400    000005ea                                   : wlocale.obj (.text:_ZNKSt7num_getIwSt19istreambuf_iteratorIwSt11char_traitsIwEEE8_GetffldEPcRS3_S6_RKSt6locale)
                  0000a9ea    00000002     ExtendedKalman.obj (.text:_ZN5Eigen15PlainObjectBaseINS_6MatrixIfLi3ELi1ELi0ELi3ELi1EEEE22_check_template_paramsEv)
                  0000a9ec    000005d0     AHRS.obj (.text)
                  0000afbc    000005bc     rtsv7M4_T_le_v4SPD16_eabi.lib : locale0.obj (.text)
                  0000b578    000005a4                                   : wlocale.obj (.text:_ZNKSt7num_putIwSt19ostreambuf_iteratorIwSt11char_traitsIwEEE5_FputES3_RSt8ios_basewPKcjjjj)
                  0000bb1c    00000594                                   : wiostrea.obj (.text)
                  0000c0b0    00000574                                   : ios.obj (.text)
                  0000c624    00000534     PrintfTest.obj (.text)
                  0000cb58    000004ec     I2C.obj (.text)
                  0000d044    00000486     rtsv7M4_T_le_v4SPD16_eabi.lib : wlocale.obj (.text:_ZNKSt8time_getIwSt19istreambuf_iteratorIwSt11char_traitsIwEEE11do_get_dateES3_S3_RSt8ios_baseRNSt5_IosbIiE8_IostateEPSt2tm)
                  0000d4ca    00000002     ExtendedKalman.obj (.text:_ZN5Eigen15PlainObjectBaseINS_6MatrixIfLi3ELi3ELi0ELi3ELi3EEEE22_check_template_paramsEv)
                  0000d4cc    00000478     rtsv7M4_T_le_v4SPD16_eabi.lib : iostream.obj (.text)
                  0000d944    00000464     PrintfTest.obj (.text:_ZNKSt7num_putIcSt19ostreambuf_iteratorIcSt11char_traitsIcEEE5_FputES3_RSt8ios_basecPKcjjjj)
                  0000dda8    0000042c     DebugFunction.obj (.text)
                  0000e1d4    00000418     rtsv7M4_T_le_v4SPD16_eabi.lib : locale.obj (.text:_ZNKSt7num_getIcSt19istreambuf_iteratorIcSt11char_traitsIcEEE8_GetifldEPcRS3_S6_NSt5_IosbIiE9_FmtflagsERKSt6locale)
                  0000e5ec    0000040a                                   : xlocale.obj (.text:_ZNKSt8time_getIcSt19istreambuf_iteratorIcSt11char_traitsIcEEE11do_get_dateES3_S3_RSt8ios_baseRNSt5_IosbIiE8_IostateEPSt2tm)
                  0000e9f6    00000002     ExtendedKalman.obj (.text:_ZN5Eigen15PlainObjectBaseINS_6MatrixIfLi3ELi3ELi1ELi3ELi3EEEE22_check_template_paramsEv)
                  0000e9f8    000003e4     rtsv7M4_T_le_v4SPD16_eabi.lib : wlocale.obj (.text:_ZNKSt7num_getIwSt19istreambuf_iteratorIwSt11char_traitsIwEEE8_GetifldEPcRS3_S6_NSt5_IosbIiE9_FmtflagsERKSt6locale)
                  0000eddc    000003cc                                   : memory.obj (.text)
                  0000f1a8    000003c8     EigenTest.obj (.text)
                  0000f570    0000036e     SPISlave.obj (.text:_ZN13SPISlaveClass3ISREv)
                  0000f8de    00000002     ExtendedKalman.obj (.text:_ZN5Eigen15PlainObjectBaseINS_6MatrixIfLi3ELi7ELi0ELi3ELi7EEEE22_check_template_paramsEv)
                  0000f8e0    00000344     SPIMaster.obj (.text)
                  0000fc24    0000033c     rtsv7M4_T_le_v4SPD16_eabi.lib : strftime.obj (.text)
                  0000ff60    00000328     I2CTest.obj (.text)
                  00010288    00000320     PinController.obj (.text)
                  000105a8    00000314     Overseer.obj (.text)
                  000108bc    00000310     rtsv7M4_T_le_v4SPD16_eabi.lib : lowlev.obj (.text)
                  00010bcc    000002f4     PID.obj (.text)
                  00010ec0    000002f0     GPIOOutput.obj (.text)
                  000111b0    000002ec     rtsv7M4_T_le_v4SPD16_eabi.lib : xlog.obj (.text)
                  0001149c    000002dc     GPIOInput.obj (.text)
                  00011778    000002d4     rtsv7M4_T_le_v4SPD16_eabi.lib : trgdrv.obj (.text)
                  00011a4c    000002d0                                   : wlocale.obj (.text:_ZNKSt7num_getIwSt19istreambuf_iteratorIwSt11char_traitsIwEEE6do_getES3_S3_RSt8ios_baseRNSt5_IosbIiE8_IostateERb)
                  00011d1c    00000274                                   : wlocale.obj (.text:_ZNKSt9money_putIwSt19ostreambuf_iteratorIwSt11char_traitsIwEEE6do_putES3_bRSt8ios_basewe)
                  00011f90    00000268     RXInterface.obj (.text)
                  000121f8    00000264     SPISlave.obj (.text)
                  0001245c    0000025c     EigenTest.obj (.text:_ZN5Eigen8internal12print_matrixINS_6MatrixIdLin1ELin1ELi0ELin1ELin1EEEEERSoS4_RKT_RKNS_8IOFormatE)
                  000126b8    00000252     EigenTest.obj (.text:_ZN5Eigen8internal12print_matrixINS_6MatrixIfLi7ELi7ELi0ELi7ELi7EEEEERSoS4_RKT_RKNS_8IOFormatE)
                  0001290a    00000002     ExtendedKalman.obj (.text:_ZN5Eigen15PlainObjectBaseINS_6MatrixIfLi7ELi1ELi0ELi7ELi1EEEE22_check_template_paramsEv)
                  0001290c    00000250     GPTimer.obj (.text)
                  00012b5c    0000024e     rtsv7M4_T_le_v4SPD16_eabi.lib : wlocale.obj (.text:_ZNKSt8time_getIwSt19istreambuf_iteratorIwSt11char_traitsIwEEE7_GetintERS3_S5_iiRi)
                  00012daa    0000024e                                   : wiostrea.obj (.text:_ZNSt13basic_filebufIwSt11char_traitsIwEE8overflowEi)
                  00012ff8    0000024c                                   : wlocale.obj (.text:_ZNKSt9money_putIwSt19ostreambuf_iteratorIwSt11char_traitsIwEEE6do_putES3_bRSt8ios_basewRKSbIwS2_SaIwEE)
                  00013244    0000024a                                   : wlocale.obj (.text:_ZNKSt9money_getIwSt19istreambuf_iteratorIwSt11char_traitsIwEEE6do_getES3_S3_bRSt8ios_baseRNSt5_IosbIiE8_IostateERe)
                  0001348e    00000002     ExtendedKalman.obj (.text:_ZN5Eigen15PlainObjectBaseINS_6MatrixIfLi7ELi3ELi0ELi7ELi3EEEE22_check_template_paramsEv)
                  00013490    00000248     rtsv7M4_T_le_v4SPD16_eabi.lib : wlocale.obj (.text:_ZNKSt7num_putIwSt19ostreambuf_iteratorIwSt11char_traitsIwEEE6do_putES3_RSt8ios_basewb)
                  000136d8    00000240     EigenTest.obj (.text:_ZStlsIcSt11char_traitsIcESaIcEERSt13basic_ostreamIT_T0_ES7_RKSbIS4_S5_T1_E)
                  00013918    0000023e     driverlib.lib : gpio.obj (.text:GPIOPadConfigSet)
                  00013b56    00000002     ExtendedKalman.obj (.text:_ZN5Eigen15PlainObjectBaseINS_6MatrixIfLi7ELi3ELi1ELi7ELi3EEEE22_check_template_paramsEv)
                  00013b58    0000023c     rtsv7M4_T_le_v4SPD16_eabi.lib : strtod.obj (.text)
                  00013d94    00000236                                   : iostream.obj (.text:_ZNSt13basic_filebufIcSt11char_traitsIcEE8overflowEi)
                  00013fca    00000002     EigenTest.obj (.text:_ZN5Eigen15PlainObjectBaseINS_6MatrixIfLi7ELi7ELi0ELi7ELi7EEEE22_check_template_paramsEv)
                  00013fcc    00000234     rtsv7M4_T_le_v4SPD16_eabi.lib : strtold.obj (.text)
                  00014200    00000230                                   : xlocale.obj (.text:_ZNKSt9money_putIcSt19ostreambuf_iteratorIcSt11char_traitsIcEEE6do_putES3_bRSt8ios_basece)
                  00014430    0000022a                                   : iostream.obj (.text:_ZNSt13basic_filebufIcSt11char_traitsIcEE5uflowEv)
                  0001465a    0000022a                                   : wiostrea.obj (.text:_ZNSt13basic_filebufIwSt11char_traitsIwEE5uflowEv)
                  00014884    0000021e     PrintfTest.obj (.text:_ZNKSt7num_putIcSt19ostreambuf_iteratorIcSt11char_traitsIcEEE5_IputES3_RSt8ios_basecPcj)
                  00014aa2    0000021c     EigenTest.obj (.text:_ZNSt15basic_stringbufIcSt11char_traitsIcESaIcEE8overflowEi)
                  00014cbe    0000020a     MPU9150Test.obj (.text:_ZStlsISt11char_traitsIcEERSt13basic_ostreamIcT_ES5_PKc)
                  00014ec8    000001f4     rtsv7M4_T_le_v4SPD16_eabi.lib : ull_div_t2.obj (.text)
                  000150bc    000001e8     MotorInterface.obj (.text)
                  000152a4    000001e8     driverlib.lib : sysctl.obj (.text:SysCtlClockGet)
                  0001548c    000001e4     rtsv7M4_T_le_v4SPD16_eabi.lib : strtoll.obj (.text)
                  00015670    000001dc     driverlib.lib : sysctl.obj (.text:SysCtlClockSet)
                  0001584c    000001d4     OptimusPiInterface.obj (.text)
                  00015a20    000001d4     rtsv7M4_T_le_v4SPD16_eabi.lib : xlocale.obj (.text:_ZNKSt8time_getIcSt19istreambuf_iteratorIcSt11char_traitsIcEEE7_GetintERS3_S5_iiRi)
                  00015bf4    000001ca                                   : locale.obj (.text:_ZNKSt7num_getIcSt19istreambuf_iteratorIcSt11char_traitsIcEEE6do_getES3_S3_RSt8ios_baseRNSt5_IosbIiE8_IostateERb)
                  00015dbe    000001ca                                   : wlocale.obj (.text:_ZNKSt7num_putIwSt19ostreambuf_iteratorIwSt11char_traitsIwEEE5_IputES3_RSt8ios_basewPcj)
                  00015f88    000001c8                                   : iostream.obj (.text:_ZNSt13basic_filebufIcSt11char_traitsIcEE9_EndwriteEv)
                  00016150    000001c8                                   : wiostrea.obj (.text:_ZNSt13basic_filebufIwSt11char_traitsIwEE9_EndwriteEv)
                  00016318    000001c4     EigenTest.obj (.text:_ZNSt15basic_stringbufIcSt11char_traitsIcESaIcEE7seekoffElNSt5_IosbIiE8_SeekdirENS5_9_OpenmodeE)
                  000164dc    000001c0     rtsv7M4_T_le_v4SPD16_eabi.lib : wlocale.obj (.text:_ZNKSt8time_putIwSt19ostreambuf_iteratorIwSt11char_traitsIwEEE6do_putES3_RSt8ios_basewPKSt2tmcc)
                  0001669c    000001c0                                   : fopen.obj (.text)
                  0001685c    000001b6                                   : fd_add_t2.obj (.text)
                  00016a12    00000002     ExtendedKalman.obj (.text:_ZN5Eigen15PlainObjectBaseINS_6MatrixIfLi7ELi7ELi1ELi7ELi7EEEE22_check_template_paramsEv)
                  00016a14    000001b4     PrintfTest.obj (.text:_ZNKSt7num_putIcSt19ostreambuf_iteratorIcSt11char_traitsIcEEE6do_putES3_RSt8ios_basecd)
                  00016bc8    000001b4     PrintfTest.obj (.text:_ZNKSt7num_putIcSt19ostreambuf_iteratorIcSt11char_traitsIcEEE6do_putES3_RSt8ios_basece)
                  00016d7c    000001ac     rtsv7M4_T_le_v4SPD16_eabi.lib : wlocale.obj (.text:_ZSt10_GetloctxtIwSt19istreambuf_iteratorIwSt11char_traitsIwEEEiRT0_S5_jPKT_)
                  00016f28    00000192                                   : locale.obj (.text:_ZSt10_GetloctxtIcSt19istreambuf_iteratorIcSt11char_traitsIcEEEiRT0_S5_jPKT_)
                  000170ba    00000002     ExtendedKalman.obj (.text:_ZN5Eigen8internal28check_static_allocation_sizeIfLi21EEEvv)
                  000170bc    0000018c     rtsv7M4_T_le_v4SPD16_eabi.lib : xatan.obj (.text)
                  00017248    00000178                                   : xflog.obj (.text)
                  000173c0    00000172                                   : xlocale.obj (.text:_ZNKSt9money_putIcSt19ostreambuf_iteratorIcSt11char_traitsIcEEE6do_putES3_bRSt8ios_basecRKSs)
                  00017532    0000016e     PrintfTest.obj (.text:_ZNKSt7num_putIcSt19ostreambuf_iteratorIcSt11char_traitsIcEEE6do_putES3_RSt8ios_basecb)
                  000176a0    0000016c     rtsv7M4_T_le_v4SPD16_eabi.lib : strtoull.obj (.text)
                  0001780c    0000016a                                   : xlocale.obj (.text:_ZNKSt9money_getIcSt19istreambuf_iteratorIcSt11char_traitsIcEEE6do_getES3_S3_bRSt8ios_baseRNSt5_IosbIiE8_IostateERe)
                  00017976    00000002     ExtendedKalman.obj (.text:_ZN5Eigen8internal28check_static_allocation_sizeIfLi3EEEvv)
                  00017978    00000168     MotorController.obj (.text)
                  00017ae0    00000168     rtsv7M4_T_le_v4SPD16_eabi.lib : fwrite.obj (.text)
                  00017c48    00000160                                   : wlocale.obj (.text:_ZNKSt7num_putIwSt19ostreambuf_iteratorIwSt11char_traitsIwEEE6do_putES3_RSt8ios_basewd)
                  00017da8    00000160                                   : wlocale.obj (.text:_ZNKSt7num_putIwSt19ostreambuf_iteratorIwSt11char_traitsIwEEE6do_putES3_RSt8ios_basewe)
                  00017f08    00000160                                   : xlocale.obj (.text:_ZNKSt8time_putIcSt19ostreambuf_iteratorIcSt11char_traitsIcEEE6do_putES3_RSt8ios_basecPKSt2tmcc)
                  00018068    00000148                                   : wlocale.obj (.text:_ZNKSt7collateIwE12do_transformEPKwS2_)
                  000181b0    00000148                                   : sqrt.obj (.text)
                  000182f8    00000146                                   : wchar.obj (.text)
                  0001843e    00000142                                   : xlocale.obj (.text:_ZNKSt7collateIcE12do_transformEPKcS2_)
                  00018580    00000140     InputCapture.obj (.text:retain)
                  000186c0    0000013c     EigenTest.obj (.text:_ZNSt15basic_stringbufIcSt11char_traitsIcESaIcEE7seekposESt4fposIiENSt5_IosbIiE9_OpenmodeE)
                  000187fc    00000136     rtsv7M4_T_le_v4SPD16_eabi.lib : fd_div_t2.obj (.text)
                  00018932    00000002     EigenTest.obj (.text:_ZN5Eigen8internal28check_static_allocation_sizeIfLi49EEEvv)
                  00018934    00000134     Quaternion.obj (.text)
                  00018a68    00000134     StandaloneCopter.obj (.text)
                  00018b9c    00000134     rtsv7M4_T_le_v4SPD16_eabi.lib : fputs.obj (.text)
                  00018cd0    00000130                                   : wlocale.obj (.text:_ZNSt7_MpunctIwE5_InitERKSt8_Locinfo)
                  00018e00    00000130                                   : strtol.obj (.text)
                  00018f30    0000012c     ArbitratorClass.obj (.text)
                  0001905c    0000012c     rtsv7M4_T_le_v4SPD16_eabi.lib : string.obj (.text)
                  00019188    0000011c                                   : asin.obj (.text)
                  000192a4    00000118                                   : atan2.obj (.text)
                  000193bc    00000110                                   : strtoul.obj (.text)
                  000194cc    00000110                                   : xdscale.obj (.text)
                  000195dc    00000108                                   : wlocale.obj (.text:_ZNKSt9money_getIwSt19istreambuf_iteratorIwSt11char_traitsIwEEE6do_getES3_S3_bRSt8ios_baseRNSt5_IosbIiE8_IostateERSbIwS2_SaIwEE)
                  000196e4    00000104                                   : wiostrea.obj (.text:_ZNSt9basic_iosIwSt11char_traitsIwEE4initEPSt15basic_streambufIwS1_Eb)
                  000197e8    00000102     ExtendedKalman.obj (.text:_ZN5Eigen8internal28compute_inverse_size3_helperINS_6MatrixIfLi3ELi3ELi0ELi3ELi3EEES3_EEvRKT_RKNT0_6ScalarERKNS2_IS8_Li3ELi1ELi0ELi3ELi1EEERS7_)
                  000198ea    00000100     rtsv7M4_T_le_v4SPD16_eabi.lib : xlocale.obj (.text:_ZNKSt9money_getIcSt19istreambuf_iteratorIcSt11char_traitsIcEEE6do_getES3_S3_bRSt8ios_baseRNSt5_IosbIiE8_IostateERSs)
                  000199ea    000000fc                                   : fd_mul_t2.obj (.text)
                  00019ae6    000000fa                                   : wlocale.obj (.text:_ZNKSt7_MpunctIwE11do_groupingEv)
                  00019be0    000000fa                                   : wlocale.obj (.text:_ZNKSt8numpunctIwE11do_groupingEv)
                  00019cda    00000002     ExtendedKalman.obj (.text:_ZN5Eigen8internal28check_static_allocation_sizeIfLi7EEEvv)
                  00019cdc    000000f8     rtsv7M4_T_le_v4SPD16_eabi.lib : xlocale.obj (.text:_ZNSt7_MpunctIcE5_InitERKSt8_Locinfo)
                  00019dd4    000000f4                                   : dtor_list.obj (.text)
                  00019ec8    000000ec     MerayoCalib.obj (.text)
                  00019fb4    000000e4     rtsv7M4_T_le_v4SPD16_eabi.lib : wlocale.obj (.text:_ZNKSt8time_getIwSt19istreambuf_iteratorIwSt11char_traitsIwEEE11do_get_timeES3_S3_RSt8ios_baseRNSt5_IosbIiE8_IostateEPSt2tm)
                  0001a098    000000e2     PrintfTest.obj (.text:_ZNSolsEf)
                  0001a17a    00000002     ExtendedKalman.obj (.text:_ZN5Eigen8internal28check_static_allocation_sizeIfLi9EEEvv)
                  0001a17c    000000dc     rtsv7M4_T_le_v4SPD16_eabi.lib : setvbuf.obj (.text)
                  0001a258    000000da     EigenTest.obj (.text:_ZNSolsEd)
                  0001a332    00000002     EigenTest.obj (.text:_ZN5Eigen8internal28check_that_malloc_is_allowedEv)
                  0001a334    000000d0     rtsv7M4_T_le_v4SPD16_eabi.lib : iostream.obj (.text:_ZNSt13basic_filebufIcSt11char_traitsIcEE5imbueERKSt6locale)
                  0001a404    000000d0                                   : wiostrea.obj (.text:_ZNSt13basic_filebufIwSt11char_traitsIwEE5imbueERKSt6locale)
                  0001a4d4    000000ce     PrintfTest.obj (.text:_ZNSolsEj)
                  0001a5a2    000000c8     PrintfTest.obj (.text:_ZNKSt7num_putIcSt19ostreambuf_iteratorIcSt11char_traitsIcEEE5_IfmtEPcPKcNSt5_IosbIiE9_FmtflagsE)
                  0001a66a    000000c4     rtsv7M4_T_le_v4SPD16_eabi.lib : xdnorm.obj (.text)
                  0001a72e    000000c2     PrintfTest.obj (.text:_ZNSt8numpunctIcE5_InitERKSt8_Locinfo)
                  0001a7f0    000000c0     rtsv7M4_T_le_v4SPD16_eabi.lib : xlocale.obj (.text:_ZNKSt8time_getIcSt19istreambuf_iteratorIcSt11char_traitsIcEEE11do_get_timeES3_S3_RSt8ios_baseRNSt5_IosbIiE8_IostateEPSt2tm)
                  0001a8b0    000000c0                                   : fflush.obj (.text)
                  0001a970    000000bc                                   : typeinfo_.obj (.text)
                  0001aa2c    000000b8     EigenTest.obj (.text:_ZNKSt15basic_stringbufIcSt11char_traitsIcESaIcEE3strEv)
                  0001aae4    000000b8     rtsv7M4_T_le_v4SPD16_eabi.lib : ceil.obj (.text)
                  0001ab9c    000000b6     EigenTest.obj (.text:_ZN5EigenlsINS_14CwiseNullaryOpINS_8internal18scalar_constant_opIfEENS_6MatrixIfLi7ELi7ELi0ELi7ELi7EEEEEEERSoS8_RKNS_9DenseBaseIT_EE)
                  0001ac52    000000b6     rtsv7M4_T_le_v4SPD16_eabi.lib : locale.obj (.text:_ZNKSt7num_getIcSt19istreambuf_iteratorIcSt11char_traitsIcEEE6do_getES3_S3_RSt8ios_baseRNSt5_IosbIiE8_IostateERt)
                  0001ad08    000000b6                                   : wlocale.obj (.text:_ZNKSt7num_getIwSt19istreambuf_iteratorIwSt11char_traitsIwEEE6do_getES3_S3_RSt8ios_baseRNSt5_IosbIiE8_IostateERt)
                  0001adbe    00000002                                   : xlocale.obj (.text:_ZNKSt8messagesIcE8do_closeEi)
                  0001adc0    000000b4                                   : wlocale.obj (.text:_ZNKSt7_MpunctIwE14do_curr_symbolEv)
                  0001ae74    000000b4                                   : wlocale.obj (.text:_ZNKSt7_MpunctIwE16do_negative_signEv)
                  0001af28    000000b4                                   : wlocale.obj (.text:_ZNKSt7_MpunctIwE16do_positive_signEv)
                  0001afdc    000000b4     PrintfTest.obj (.text:_ZNKSt7num_putIcSt19ostreambuf_iteratorIcSt11char_traitsIcEEE5_FfmtEPccNSt5_IosbIiE9_FmtflagsE)
                  0001b090    000000b4     rtsv7M4_T_le_v4SPD16_eabi.lib : wlocale.obj (.text:_ZNKSt7num_putIwSt19ostreambuf_iteratorIwSt11char_traitsIwEEE11_PutgroupedES3_PKcjw)
                  0001b144    000000b4                                   : wlocale.obj (.text:_ZNKSt8numpunctIwE11do_truenameEv)
                  0001b1f8    000000b4                                   : wlocale.obj (.text:_ZNKSt8numpunctIwE12do_falsenameEv)
                  0001b2ac    000000b4                                   : wlocale.obj (.text:_ZNSbIwSt11char_traitsIwESaIwEE6insertEjjw)
                  0001b360    000000b4                                   : wlocale.obj (.text:_ZNSt8numpunctIwE5_InitERKSt8_Locinfo)
                  0001b414    000000b4                                   : xlocinfo.obj (.text)
                  0001b4c8    000000b0                                   : iostream.obj (.text:_ZNSt13basic_filebufIcSt11char_traitsIcEE7seekoffElNSt5_IosbIiE8_SeekdirENS4_9_OpenmodeE)
                  0001b578    000000b0                                   : wiostrea.obj (.text:_ZNSt13basic_filebufIwSt11char_traitsIwEE7seekoffElNSt5_IosbIiE8_SeekdirENS4_9_OpenmodeE)
                  0001b628    000000ae                                   : locale.obj (.text:_ZNKSt7num_getIcSt19istreambuf_iteratorIcSt11char_traitsIcEEE6do_getES3_S3_RSt8ios_baseRNSt5_IosbIiE8_IostateERj)
                  0001b6d6    000000ae                                   : wlocale.obj (.text:_ZNKSt7num_getIwSt19istreambuf_iteratorIwSt11char_traitsIwEEE6do_getES3_S3_RSt8ios_baseRNSt5_IosbIiE8_IostateERj)
                  0001b784    000000ad     EigenTest.obj (.text:_ZN5EigenlsINS_6MatrixIdLin1ELin1ELi0ELin1ELin1EEEEERSoS3_RKNS_9DenseBaseIT_EE)
                  0001b831    00000001     --HOLE-- [fill = 0]
                  0001b832    000000ac     rtsv7M4_T_le_v4SPD16_eabi.lib : _io_perm.obj (.text)
                  0001b8de    00000002                                   : wlocale.obj (.text:_ZNKSt8messagesIwE8do_closeEi)
                  0001b8e0    000000a8                                   : wlocale.obj (.text:_ZNSbIwSt11char_traitsIwESaIwEE6assignERKS2_jj)
                  0001b988    000000a8     AHRS.obj (.text:_ZSt8_Pow_intIdET_S0_i)
                  0001ba30    000000a6     EigenTest.obj (.text:_ZNSt15basic_streambufIcSt11char_traitsIcEE6xsgetnEPci)
                  0001bad6    000000a6     EigenTest.obj (.text:_ZNSt15basic_stringbufIcSt11char_traitsIcESaIcEE9underflowEv)
                  0001bb7c    000000a4     rtsv7M4_T_le_v4SPD16_eabi.lib : iostream.obj (.text:_ZNSt13basic_filebufIcSt11char_traitsIcEE7seekposESt4fposIiENSt5_IosbIiE9_OpenmodeE)
                  0001bc20    000000a4                                   : wiostrea.obj (.text:_ZNSt13basic_filebufIwSt11char_traitsIwEE7seekposESt4fposIiENSt5_IosbIiE9_OpenmodeE)
                  0001bcc4    000000a4     EigenTest.obj (.text:_ZNSt15basic_streambufIcSt11char_traitsIcEE6xsputnEPKci)
                  0001bd68    000000a2     ExtendedKalman.obj (.text:_ZN5Eigen8internal15compute_inverseINS_6MatrixIfLi3ELi3ELi0ELi3ELi3EEES3_Li3EE3runERKS3_RS3_)
                  0001be0a    000000a2     PrintfTest.obj (.text:_ZNKSt7num_putIcSt19ostreambuf_iteratorIcSt11char_traitsIcEEE11_PutgroupedES3_PKcjc)
                  0001beac    000000a0     EigenTest.obj (.text:_ZN5Eigen8IOFormatC1EiiRKSsS2_S2_S2_S2_S2_)
                  0001bf4c    000000a0     PrintfTest.obj (.text:_ZNSs5_CopyEjj)
                  0001bfec    0000009c     rtsv7M4_T_le_v4SPD16_eabi.lib : locale.obj (.text:_ZNKSt7num_getIcSt19istreambuf_iteratorIcSt11char_traitsIcEEE6do_getES3_S3_RSt8ios_baseRNSt5_IosbIiE8_IostateERx)
                  0001c088    0000009c                                   : locale.obj (.text:_ZNKSt7num_getIcSt19istreambuf_iteratorIcSt11char_traitsIcEEE6do_getES3_S3_RSt8ios_baseRNSt5_IosbIiE8_IostateERy)
                  0001c124    0000009c                                   : wlocale.obj (.text:_ZNKSt7num_getIwSt19istreambuf_iteratorIwSt11char_traitsIwEEE6do_getES3_S3_RSt8ios_baseRNSt5_IosbIiE8_IostateERx)
                  0001c1c0    0000009c                                   : wlocale.obj (.text:_ZNKSt7num_getIwSt19istreambuf_iteratorIwSt11char_traitsIwEEE6do_getES3_S3_RSt8ios_baseRNSt5_IosbIiE8_IostateERy)
                  0001c25c    0000009c     EigenTest.obj (.text:_ZNSt15basic_stringbufIcSt11char_traitsIcESaIcEE5_InitEPKcji)
                  0001c2f8    0000009c     ExtendedKalman.obj (.text:_ZSt8_Pow_intIfET_S0_i)
                  0001c394    0000009c     rtsv7M4_T_le_v4SPD16_eabi.lib : _bufread.obj (.text)
                  0001c430    0000009c                                   : fputc.obj (.text)
                  0001c4cc    0000009c                                   : memcpy_t2.obj (.text)
                  0001c568    0000009a                                   : locale.obj (.text:_ZNKSt7num_getIcSt19istreambuf_iteratorIcSt11char_traitsIcEEE6do_getES3_S3_RSt8ios_baseRNSt5_IosbIiE8_IostateERf)
                  0001c602    0000009a                                   : wlocale.obj (.text:_ZNKSt7num_getIwSt19istreambuf_iteratorIwSt11char_traitsIwEEE6do_getES3_S3_RSt8ios_baseRNSt5_IosbIiE8_IostateERf)
                  0001c69c    00000098                                   : wlocale.obj (.text:_ZNKSt8messagesIwE6do_getEiiiRKSbIwSt11char_traitsIwESaIwEE)
                  0001c734    00000098     PrintfTest.obj (.text:_ZNSs6appendERKSsjj)
                  0001c7cc    00000098     PrintfTest.obj (.text:_ZNSs6insertEjjc)
                  0001c864    00000098     EigenTest.obj (.text:_ZNSt15basic_stringbufIcSt11char_traitsIcESaIcEE9pbackfailEi)
                  0001c8fc    00000098     rtsv7M4_T_le_v4SPD16_eabi.lib : wlocale.obj (.text:_ZNSt8time_getIwSt19istreambuf_iteratorIwSt11char_traitsIwEEE5_InitERKSt8_Locinfo)
                  0001c994    00000098                                   : ceilf.obj (.text)
                  0001ca2c    00000098                                   : fclose.obj (.text)
                  0001cac4    00000098                                   : stox.obj (.text)
                  0001cb5c    00000096                                   : locale.obj (.text:_ZNKSt7num_getIcSt19istreambuf_iteratorIcSt11char_traitsIcEEE6do_getES3_S3_RSt8ios_baseRNSt5_IosbIiE8_IostateERPv)
                  0001cbf2    00000096                                   : wlocale.obj (.text:_ZNKSt7num_getIwSt19istreambuf_iteratorIwSt11char_traitsIwEEE6do_getES3_S3_RSt8ios_baseRNSt5_IosbIiE8_IostateERPv)
                  0001cc88    00000094     driverlib.lib : timer.obj (.text:_TimerIntNumberGet)
                  0001cd1c    00000094     rtsv7M4_T_le_v4SPD16_eabi.lib : locale.obj (.text:_ZNKSt7num_getIcSt19istreambuf_iteratorIcSt11char_traitsIcEEE6do_getES3_S3_RSt8ios_baseRNSt5_IosbIiE8_IostateERd)
                  0001cdb0    00000094                                   : locale.obj (.text:_ZNKSt7num_getIcSt19istreambuf_iteratorIcSt11char_traitsIcEEE6do_getES3_S3_RSt8ios_baseRNSt5_IosbIiE8_IostateERe)
                  0001ce44    00000094                                   : locale.obj (.text:_ZNKSt7num_getIcSt19istreambuf_iteratorIcSt11char_traitsIcEEE6do_getES3_S3_RSt8ios_baseRNSt5_IosbIiE8_IostateERl)
                  0001ced8    00000094                                   : locale.obj (.text:_ZNKSt7num_getIcSt19istreambuf_iteratorIcSt11char_traitsIcEEE6do_getES3_S3_RSt8ios_baseRNSt5_IosbIiE8_IostateERm)
                  0001cf6c    00000094                                   : wlocale.obj (.text:_ZNKSt7num_getIwSt19istreambuf_iteratorIwSt11char_traitsIwEEE6do_getES3_S3_RSt8ios_baseRNSt5_IosbIiE8_IostateERd)
                  0001d000    00000094                                   : wlocale.obj (.text:_ZNKSt7num_getIwSt19istreambuf_iteratorIwSt11char_traitsIwEEE6do_getES3_S3_RSt8ios_baseRNSt5_IosbIiE8_IostateERe)
                  0001d094    00000094                                   : wlocale.obj (.text:_ZNKSt7num_getIwSt19istreambuf_iteratorIwSt11char_traitsIwEEE6do_getES3_S3_RSt8ios_baseRNSt5_IosbIiE8_IostateERl)
                  0001d128    00000094                                   : wlocale.obj (.text:_ZNKSt7num_getIwSt19istreambuf_iteratorIwSt11char_traitsIwEEE6do_getES3_S3_RSt8ios_baseRNSt5_IosbIiE8_IostateERm)
                  0001d1bc    00000094     PrintfTest.obj (.text:_ZNSs6assignERKSsjj)
                  0001d250    00000094     rtsv7M4_T_le_v4SPD16_eabi.lib : xlocale.obj (.text:_ZSt9use_facetISt10moneypunctIcLb1EEERKT_RKSt6locale)
                  0001d2e4    00000094                                   : wlocale.obj (.text:_ZSt9use_facetISt10moneypunctIwLb1EEERKT_RKSt6locale)
                  0001d378    00000094                                   : auto_init.obj (.text)
                  0001d40c    00000094                                   : fgetc.obj (.text)
                  0001d4a0    00000092                                   : xlocale.obj (.text:_ZNKSt8messagesIcE6do_getEiiiRKSs)
                  0001d532    00000002                                   : ios.obj (.text:_ZNKSt9exception8_DoraiseEv)
                  0001d534    00000090                                   : xlocale.obj (.text:_ZSt9use_facetISt10moneypunctIcLb0EEERKT_RKSt6locale)
                  0001d5c4    00000090                                   : wlocale.obj (.text:_ZSt9use_facetISt10moneypunctIwLb0EEERKT_RKSt6locale)
                  0001d654    0000008e                                   : multibyte.obj (.text)
                  0001d6e2    0000008c     driverlib.lib : ssi.obj (.text:SSIConfigSetExpClk)
                  0001d76e    00000002     rtsv7M4_T_le_v4SPD16_eabi.lib : wiostrea.obj (.text:_ZNSt15basic_streambufIwSt11char_traitsIwEE5_LockEv)
                  0001d770    0000008c     driverlib.lib : sysctl.obj (.text:SysCtlPeripheralReset)
                  0001d7fc    0000008c                   : timer.obj (.text:TimerConfigure)
                  0001d888    0000008c     rtsv7M4_T_le_v4SPD16_eabi.lib : wiostrea.obj (.text:_ZNSt13basic_filebufIwSt11char_traitsIwEED0Ev)
                  0001d914    00000088                                   : wlocale.obj (.text:_ZSt9use_facetISt5ctypeIwEERKT_RKSt6locale)
                  0001d99c    00000086     MPU9150Test.obj (.text:_ZNSo3putEc)
                  0001da22    00000086     rtsv7M4_T_le_v4SPD16_eabi.lib : fd_cmp_t2.obj (.text:__aeabi_cdcmple)
                  0001daa8    00000086                                   : fd_cmp_t2.obj (.text:__aeabi_cdrcmple)
                  0001db2e    00000002                                   : wiostrea.obj (.text:_ZNSt15basic_streambufIwSt11char_traitsIwEE5imbueERKSt6locale)
                  0001db30    00000084     driverlib.lib : i2c.obj (.text:I2CMasterInitExpClk)
                  0001dbb4    00000084     rtsv7M4_T_le_v4SPD16_eabi.lib : wiostrea.obj (.text:_ZNKSt7codecvtIwciE6do_outERiPKwS3_RS3_PcS5_RS5_)
                  0001dc38    00000084     PrintfTest.obj (.text:_ZNSs6appendEPKcj)
                  0001dcbc    00000084     rtsv7M4_T_le_v4SPD16_eabi.lib : wiostrea.obj (.text:_ZNSt13basic_filebufIwSt11char_traitsIwEED1Ev)
                  0001dd40    00000084                                   : wlocale.obj (.text:_ZSt9use_facetISt8numpunctIwEERKT_RKSt6locale)
                  0001ddc4    00000080     driverlib.lib : interrupt.obj (.text:IntEnable)
                  0001de44    00000080                   : ssi.obj (.text:_SSIIntNumberGet)
                  0001dec4    00000080     rtsv7M4_T_le_v4SPD16_eabi.lib : ungetc.obj (.text)
                  0001df44    0000007e     MPU9150Test.obj (.text:_ZNSo6sentryC1ERSo)
                  0001dfc2    00000002     rtsv7M4_T_le_v4SPD16_eabi.lib : wiostrea.obj (.text:_ZNSt15basic_streambufIwSt11char_traitsIwEE6setbufEPwi)
                  0001dfc4    0000007c     EigenTest.obj (.text:_ZNSdC2EPSt15basic_streambufIcSt11char_traitsIcEE)
                  0001e040    0000007c     PrintfTest.obj (.text:_ZNSs5eraseEjj)
                  0001e0bc    0000007c     rtsv7M4_T_le_v4SPD16_eabi.lib : wiostrea.obj (.text:_ZNSt13basic_filebufIwSt11char_traitsIwEE6setbufEPwi)
                  0001e138    0000007c     MPU9150Test.obj (.text:_ZSt9use_facetISt5ctypeIcEERKT_RKSt6locale)
                  0001e1b4    0000007c     PrintfTest.obj (.text:_ZSt9use_facetISt7num_putIcSt19ostreambuf_iteratorIcSt11char_traitsIcEEEERKT_RKSt6locale)
                  0001e230    0000007c     PrintfTest.obj (.text:_ZSt9use_facetISt8numpunctIcEERKT_RKSt6locale)
                  0001e2ac    0000007a     rtsv7M4_T_le_v4SPD16_eabi.lib : xfdnorm.obj (.text)
                  0001e326    00000002                                   : wiostrea.obj (.text:_ZNSt15basic_streambufIwSt11char_traitsIwEE7_UnlockEv)
                  0001e328    00000078     EigenTest.obj (.text:_ZNSiC2EPSt15basic_streambufIcSt11char_traitsIcEEbb)
                  0001e3a0    00000078     rtsv7M4_T_le_v4SPD16_eabi.lib : memset_t2.obj (.text)
                  0001e418    00000076                                   : iostream.obj (.text:_ZNSt13basic_filebufIcSt11char_traitsIcEE9pbackfailEi)
                  0001e48e    00000076                                   : wiostrea.obj (.text:_ZNSt13basic_filebufIwSt11char_traitsIwEE9pbackfailEi)
                  0001e504    00000074     SPISlave.obj (.text:_ZN15RingBufferClassI9message_sE4pushES0_)
                  0001e578    00000074     rtsv7M4_T_le_v4SPD16_eabi.lib : wlocale.obj (.text:_ZNSbIwSt11char_traitsIwESaIwEE5_CopyEjj)
                  0001e5ec    00000074                                   : wlocale.obj (.text:_ZNSbIwSt11char_traitsIwESaIwEE6appendEjw)
                  0001e660    00000074     EigenTest.obj (.text:_ZNSt18basic_stringstreamIcSt11char_traitsIcESaIcEEC2ENSt5_IosbIiE9_OpenmodeE)
                  0001e6d4    00000072     PrintfTest.obj (.text:_ZNSs5_GrowEjb)
                  0001e746    00000002     rtsv7M4_T_le_v4SPD16_eabi.lib : iostream.obj (.text:_ZNSt7codecvtIcciED1Ev)
                  0001e748    00000070     PrintfTest.obj (.text:_ZNKSt7num_putIcSt19ostreambuf_iteratorIcSt11char_traitsIcEEE6do_putES3_RSt8ios_basecPKv)
                  0001e7b8    00000070     rtsv7M4_T_le_v4SPD16_eabi.lib : printf.obj (.text)
                  0001e828    0000006e                                   : wiostrea.obj (.text:_ZNKSt7codecvtIwciE5do_inERiPKcS3_RS3_PwS5_RS5_)
                  0001e896    00000002                                   : wiostrea.obj (.text:_ZNSt7codecvtIwciED1Ev)
                  0001e898    0000006c     EigenTest.obj (.text:_ZNSoC2EPSt15basic_streambufIcSt11char_traitsIcEEb)
                  0001e904    0000006c     rtsv7M4_T_le_v4SPD16_eabi.lib : wiostrea.obj (.text:_ZNSt15basic_streambufIwSt11char_traitsIwEE6xsputnEPKwi)
                  0001e970    0000006c                                   : wlocale.obj (.text:_ZSt10_MaklocstrIwEPT_PKcS1_RKSt7_Cvtvec)
                  0001e9dc    0000006a     EigenTest.obj (.text:_ZNSt15basic_stringbufIcSt11char_traitsIcESaIcEE5_TidyEv)
                  0001ea46    00000002     rtsv7M4_T_le_v4SPD16_eabi.lib : xlocale.obj (.text:_ZNSt7collateIcED1Ev)
                  0001ea48    00000068     driverlib.lib : gpio.obj (.text:GPIOPinConfigure)
                  0001eab0    00000068     rtsv7M4_T_le_v4SPD16_eabi.lib : xlocale.obj (.text:_ZNKSt8time_getIcSt19istreambuf_iteratorIcSt11char_traitsIcEEE11do_get_yearES3_S3_RSt8ios_baseRNSt5_IosbIiE8_IostateEPSt2tm)
                  0001eb18    00000068                                   : wlocale.obj (.text:_ZNKSt8time_getIwSt19istreambuf_iteratorIwSt11char_traitsIwEEE11do_get_yearES3_S3_RSt8ios_baseRNSt5_IosbIiE8_IostateEPSt2tm)
                  0001eb80    00000064     PrintfTest.obj (.text:_ZNKSt7num_putIcSt19ostreambuf_iteratorIcSt11char_traitsIcEEE6do_putES3_RSt8ios_basecx)
                  0001ebe4    00000064     PrintfTest.obj (.text:_ZNKSt7num_putIcSt19ostreambuf_iteratorIcSt11char_traitsIcEEE6do_putES3_RSt8ios_basecy)
                  0001ec48    00000064     rtsv7M4_T_le_v4SPD16_eabi.lib : wiostrea.obj (.text:_ZNSt15basic_streambufIwSt11char_traitsIwEE6xsgetnEPwi)
                  0001ecac    00000064     MPU9150Test.obj (.text:_ZNSt5ctypeIcEC1EPKsbj)
                  0001ed10    00000064     rtsv7M4_T_le_v4SPD16_eabi.lib : fseek.obj (.text)
                  0001ed74    00000064                                   : ftell.obj (.text)
                  0001edd8    00000064                                   : xdunscal.obj (.text)
                  0001ee3c    00000062     SPISlave.obj (.text:_ZN15RingBufferClassI9message_sE3popEPS0_)
                  0001ee9e    00000002     rtsv7M4_T_le_v4SPD16_eabi.lib : wlocale.obj (.text:_ZNSt7collateIwED1Ev)
                  0001eea0    00000060     PrintfTest.obj (.text:_ZNKSt7num_putIcSt19ostreambuf_iteratorIcSt11char_traitsIcEEE6do_putES3_RSt8ios_basecl)
                  0001ef00    00000060     PrintfTest.obj (.text:_ZNKSt7num_putIcSt19ostreambuf_iteratorIcSt11char_traitsIcEEE6do_putES3_RSt8ios_basecm)
                  0001ef60    00000060     PrintfTest.obj (.text:_ZNSs6appendEjc)
                  0001efc0    00000060     rtsv7M4_T_le_v4SPD16_eabi.lib : iostream.obj (.text:_ZNSt13basic_filebufIcSt11char_traitsIcEE6setbufEPci)
                  0001f020    00000060                                   : xlocale.obj (.text:_ZNSt8time_getIcSt19istreambuf_iteratorIcSt11char_traitsIcEEE5_InitERKSt8_Locinfo)
                  0001f080    00000060                                   : i_divt2.obj (.text)
                  0001f0e0    00000060                                   : sprintf.obj (.text)
                  0001f140    00000060                                   : throw.obj (.text)
                  0001f1a0    00000060                                   : trgmsg.obj (.text)
                  0001f200    0000005e     ExtendedKalman.obj (.text:_ZN5Eigen8internal11assign_implINS_6MatrixIfLi7ELi7ELi0ELi7ELi7EEENS_17CoeffBasedProductIRKS3_S6_Li6EEELi0ELi0ELi0EE3runERS3_RKS7_)
                  0001f25e    0000005e     ExtendedKalman.obj (.text:_ZN5Eigen8internal11assign_implINS_6MatrixIfLi7ELi7ELi0ELi7ELi7EEENS_17CoeffBasedProductIS3_RKS3_Li6EEELi0ELi0ELi0EE3runERS3_RKS7_)
                  0001f2bc    0000005e     ExtendedKalman.obj (.text:_ZN5Eigen8internal11assign_implINS_6MatrixIfLi7ELi7ELi1ELi7ELi7EEENS_17CoeffBasedProductIRKNS2_IfLi7ELi7ELi0ELi7ELi7EEEKNS_9TransposeIS5_EELi6EEELi0ELi0ELi0EE3runERS3_RKSB_)
                  0001f31a    0000005e     rtsv7M4_T_le_v4SPD16_eabi.lib : copy_decompress_rle.obj (.text)
                  0001f378    0000005c     driverlib.lib : gpio.obj (.text:GPIODirModeSet)
                  0001f3d4    0000005c                   : interrupt.obj (.text:IntRegister)
                  0001f430    0000005c     rtsv7M4_T_le_v4SPD16_eabi.lib : wlocale.obj (.text:_ZNKSt7num_putIwSt19ostreambuf_iteratorIwSt11char_traitsIwEEE6do_putES3_RSt8ios_basewPKv)
                  0001f48c    0000005c                                   : wlocale.obj (.text:_ZNKSt7num_putIwSt19ostreambuf_iteratorIwSt11char_traitsIwEEE6do_putES3_RSt8ios_basewx)
                  0001f4e8    0000005c                                   : wlocale.obj (.text:_ZNKSt7num_putIwSt19ostreambuf_iteratorIwSt11char_traitsIwEEE6do_putES3_RSt8ios_basewy)
                  0001f544    0000005c                                   : wlocale.obj (.text:_ZNSbIwSt11char_traitsIwESaIwEE5eraseEjj)
                  0001f5a0    0000005c     MPU9150Test.obj (.text:_ZNSo12_Sentry_baseC1ERSo)
                  0001f5fc    0000005a     PrintfTest.obj (.text:_ZNKSt7num_putIcSt19ostreambuf_iteratorIcSt11char_traitsIcEEE5_PutcES3_PKcj)
                  0001f656    0000005a     rtsv7M4_T_le_v4SPD16_eabi.lib : wlocale.obj (.text:_ZNKSt7num_putIwSt19ostreambuf_iteratorIwSt11char_traitsIwEEE5_IfmtEPcPKcNSt5_IosbIiE9_FmtflagsE)
                  0001f6b0    0000005a                                   : ltoa.obj (.text)
                  0001f70a    00000058                                   : locale0.obj (.text:_ZNKSs7compareEjjPKcj)
                  0001f762    00000002                                   : locale.obj (.text:_ZNSt7num_getIcSt19istreambuf_iteratorIcSt11char_traitsIcEEED1Ev)
                  0001f764    00000058                                   : wlocale.obj (.text:_ZNKSt7num_putIwSt19ostreambuf_iteratorIwSt11char_traitsIwEEE6do_putES3_RSt8ios_basewl)
                  0001f7bc    00000058                                   : wlocale.obj (.text:_ZNKSt7num_putIwSt19ostreambuf_iteratorIwSt11char_traitsIwEEE6do_putES3_RSt8ios_basewm)
                  0001f814    00000058     MPU9150Test.obj (.text:_ZNSo5flushEv)
                  0001f86c    00000058     rtsv7M4_T_le_v4SPD16_eabi.lib : iostream.obj (.text:_ZNSt13basic_filebufIcSt11char_traitsIcEED0Ev)
                  0001f8c4    00000056     EigenTest.obj (.text:_ZN5Eigen12DenseStorageIdLin1ELin1ELin1ELi0EE6resizeEiii)
                  0001f91a    00000002     rtsv7M4_T_le_v4SPD16_eabi.lib : wlocale.obj (.text:_ZNSt7num_getIwSt19istreambuf_iteratorIwSt11char_traitsIwEEED1Ev)
                  0001f91c    00000054     driverlib.lib : interrupt.obj (.text:IntPrioritySet)
                  0001f970    00000054     ExtendedKalman.obj (.text:_ZN5Eigen15PlainObjectBaseINS_6MatrixIfLi3ELi3ELi0ELi3ELi3EEEE10resizeLikeINS_13CwiseBinaryOpINS_8internal13scalar_sum_opIfEEKNS_17CoeffBasedProductIRKNS1_IfLi3ELi7ELi0ELi3ELi7EEEKNS_9TransposeISA_EELi6EEEKS2_EEEEvRKNS_9EigenBaseIT_EE)
                  0001f9c4    00000054     ExtendedKalman.obj (.text:_ZN5Eigen15PlainObjectBaseINS_6MatrixIfLi3ELi3ELi1ELi3ELi3EEEE10resizeLikeINS_17CoeffBasedProductIRKNS1_IfLi3ELi7ELi0ELi3ELi7EEEKNS_9TransposeIS6_EELi6EEEEEvRKNS_9EigenBaseIT_EE)
                  0001fa18    00000054     ExtendedKalman.obj (.text:_ZN5Eigen15PlainObjectBaseINS_6MatrixIfLi3ELi7ELi0ELi3ELi7EEEE10resizeLikeINS_17CoeffBasedProductIRKS2_RKNS1_IfLi7ELi7ELi0ELi7ELi7EEELi6EEEEEvRKNS_9EigenBaseIT_EE)
                  0001fa6c    00000054     ExtendedKalman.obj (.text:_ZN5Eigen15PlainObjectBaseINS_6MatrixIfLi7ELi3ELi0ELi7ELi3EEEE10resizeLikeINS_17CoeffBasedProductIRKNS1_IfLi7ELi3ELi1ELi7ELi3EEENS1_IfLi3ELi3ELi0ELi3ELi3EEELi6EEEEEvRKNS_9EigenBaseIT_EE)
                  0001fac0    00000054     ExtendedKalman.obj (.text:_ZN5Eigen15PlainObjectBaseINS_6MatrixIfLi7ELi3ELi0ELi7ELi3EEEE10resizeLikeIS2_EEvRKNS_9EigenBaseIT_EE)
                  0001fb14    00000054     ExtendedKalman.obj (.text:_ZN5Eigen15PlainObjectBaseINS_6MatrixIfLi7ELi3ELi1ELi7ELi3EEEE10resizeLikeINS_17CoeffBasedProductIRKNS1_IfLi7ELi7ELi0ELi7ELi7EEEKNS_9TransposeINS1_IfLi3ELi7ELi0ELi3ELi7EEEEELi6EEEEEvRKNS_9EigenBaseIT_EE)
                  0001fb68    00000054     ExtendedKalman.obj (.text:_ZN5Eigen15PlainObjectBaseINS_6MatrixIfLi7ELi7ELi0ELi7ELi7EEEE10resizeLikeINS_13CwiseBinaryOpINS_8internal13scalar_sum_opIfEEKNS_17CoeffBasedProductIRKS2_KNS_9TransposeIS2_EELi6EEESA_EEEEvRKNS_9EigenBaseIT_EE)
                  0001fbbc    00000054     ExtendedKalman.obj (.text:_ZN5Eigen15PlainObjectBaseINS_6MatrixIfLi7ELi7ELi0ELi7ELi7EEEE10resizeLikeINS_13CwiseBinaryOpINS_8internal20scalar_difference_opIfEEKS2_KNS_17CoeffBasedProductIRKNS1_IfLi7ELi3ELi0ELi7ELi3EEERKNS1_IfLi3ELi7ELi0ELi3ELi7EEELi6EEEEEEEvRKNS_9EigenBaseIT_EE)
                  0001fc10    00000054     EigenTest.obj (.text:_ZN5Eigen15PlainObjectBaseINS_6MatrixIfLi7ELi7ELi0ELi7ELi7EEEE10resizeLikeINS_14CwiseNullaryOpINS_8internal18scalar_constant_opIfEES2_EEEEvRKNS_9EigenBaseIT_EE)
                  0001fc64    00000054     ExtendedKalman.obj (.text:_ZN5Eigen15PlainObjectBaseINS_6MatrixIfLi7ELi7ELi0ELi7ELi7EEEE10resizeLikeINS_14CwiseNullaryOpINS_8internal18scalar_identity_opIfEES2_EEEEvRKNS_9EigenBaseIT_EE)
                  0001fcb8    00000054     ExtendedKalman.obj (.text:_ZN5Eigen15PlainObjectBaseINS_6MatrixIfLi7ELi7ELi0ELi7ELi7EEEE10resizeLikeINS_17CoeffBasedProductIRKNS1_IfLi7ELi3ELi0ELi7ELi3EEERKNS1_IfLi3ELi7ELi0ELi3ELi7EEELi6EEEEEvRKNS_9EigenBaseIT_EE)
                  0001fd0c    00000054     ExtendedKalman.obj (.text:_ZN5Eigen15PlainObjectBaseINS_6MatrixIfLi7ELi7ELi0ELi7ELi7EEEE10resizeLikeINS_17CoeffBasedProductIRKS2_S7_Li6EEEEEvRKNS_9EigenBaseIT_EE)
                  0001fd60    00000054     ExtendedKalman.obj (.text:_ZN5Eigen15PlainObjectBaseINS_6MatrixIfLi7ELi7ELi0ELi7ELi7EEEE10resizeLikeINS_17CoeffBasedProductIS2_RKS2_Li6EEEEEvRKNS_9EigenBaseIT_EE)
                  0001fdb4    00000054     ExtendedKalman.obj (.text:_ZN5Eigen15PlainObjectBaseINS_6MatrixIfLi7ELi7ELi0ELi7ELi7EEEE10resizeLikeIS2_EEvRKNS_9EigenBaseIT_EE)
                  0001fe08    00000054     ExtendedKalman.obj (.text:_ZN5Eigen15PlainObjectBaseINS_6MatrixIfLi7ELi7ELi1ELi7ELi7EEEE10resizeLikeINS_17CoeffBasedProductIRKNS1_IfLi7ELi7ELi0ELi7ELi7EEEKNS_9TransposeIS6_EELi6EEEEEvRKNS_9EigenBaseIT_EE)
                  0001fe5c    00000054     ExtendedKalman.obj (.text:_ZN5Eigen8internal12cofactor_3x3INS_6MatrixIfLi3ELi3ELi0ELi3ELi3EEELi0ELi0EEENT_6ScalarERKS4_)
                  0001feb0    00000054     ExtendedKalman.obj (.text:_ZN5Eigen8internal12cofactor_3x3INS_6MatrixIfLi3ELi3ELi0ELi3ELi3EEELi0ELi1EEENT_6ScalarERKS4_)
                  0001ff04    00000054     ExtendedKalman.obj (.text:_ZN5Eigen8internal12cofactor_3x3INS_6MatrixIfLi3ELi3ELi0ELi3ELi3EEELi0ELi2EEENT_6ScalarERKS4_)
                  0001ff58    00000054     ExtendedKalman.obj (.text:_ZN5Eigen8internal12cofactor_3x3INS_6MatrixIfLi3ELi3ELi0ELi3ELi3EEELi1ELi0EEENT_6ScalarERKS4_)
                  0001ffac    00000054     ExtendedKalman.obj (.text:_ZN5Eigen8internal12cofactor_3x3INS_6MatrixIfLi3ELi3ELi0ELi3ELi3EEELi1ELi1EEENT_6ScalarERKS4_)
                  00020000    00000054     ExtendedKalman.obj (.text:_ZN5Eigen8internal12cofactor_3x3INS_6MatrixIfLi3ELi3ELi0ELi3ELi3EEELi1ELi2EEENT_6ScalarERKS4_)
                  00020054    00000054     ExtendedKalman.obj (.text:_ZN5Eigen8internal12cofactor_3x3INS_6MatrixIfLi3ELi3ELi0ELi3ELi3EEELi2ELi0EEENT_6ScalarERKS4_)
                  000200a8    00000054     ExtendedKalman.obj (.text:_ZN5Eigen8internal12cofactor_3x3INS_6MatrixIfLi3ELi3ELi0ELi3ELi3EEELi2ELi1EEENT_6ScalarERKS4_)
                  000200fc    00000054     ExtendedKalman.obj (.text:_ZN5Eigen8internal12cofactor_3x3INS_6MatrixIfLi3ELi3ELi0ELi3ELi3EEELi2ELi2EEENT_6ScalarERKS4_)
                  00020150    00000054     ExtendedKalman.obj (.text:_ZN5Eigen8internal18product_coeff_implILi0ELi1ENS_6MatrixIfLi3ELi7ELi0ELi3ELi7EEENS2_IfLi7ELi7ELi0ELi7ELi7EEEfE3runEiiRKS3_RKS4_Rf)
                  000201a4    00000054     ExtendedKalman.obj (.text:_ZN5Eigen8internal18product_coeff_implILi0ELi1ENS_6MatrixIfLi3ELi7ELi0ELi3ELi7EEENS_9TransposeIS3_EEfE3runEiiRKS3_RKS5_Rf)
                  000201f8    00000054     ExtendedKalman.obj (.text:_ZN5Eigen8internal18product_coeff_implILi0ELi1ENS_6MatrixIfLi7ELi3ELi0ELi7ELi3EEENS2_IfLi3ELi1ELi0ELi3ELi1EEEfE3runEiiRKS3_RKS4_Rf)
                  0002024c    00000054     ExtendedKalman.obj (.text:_ZN5Eigen8internal18product_coeff_implILi0ELi1ENS_6MatrixIfLi7ELi3ELi0ELi7ELi3EEENS2_IfLi3ELi7ELi0ELi3ELi7EEEfE3runEiiRKS3_RKS4_Rf)
                  000202a0    00000054     ExtendedKalman.obj (.text:_ZN5Eigen8internal18product_coeff_implILi0ELi1ENS_6MatrixIfLi7ELi3ELi1ELi7ELi3EEENS2_IfLi3ELi3ELi0ELi3ELi3EEEfE3runEiiRKS3_RKS4_Rf)
                  000202f4    00000054     ExtendedKalman.obj (.text:_ZN5Eigen8internal18product_coeff_implILi0ELi1ENS_6MatrixIfLi7ELi7ELi0ELi7ELi7EEENS_9TransposeINS2_IfLi3ELi7ELi0ELi3ELi7EEEEEfE3runEiiRKS3_RKS6_Rf)
                  00020348    00000054     ExtendedKalman.obj (.text:_ZN5Eigen8internal18product_coeff_implILi0ELi1ENS_6MatrixIfLi7ELi7ELi0ELi7ELi7EEENS_9TransposeIS3_EEfE3runEiiRKS3_RKS5_Rf)
                  0002039c    00000054     ExtendedKalman.obj (.text:_ZN5Eigen8internal18product_coeff_implILi0ELi1ENS_6MatrixIfLi7ELi7ELi0ELi7ELi7EEES3_fE3runEiiRKS3_S6_Rf)
                  000203f0    00000054     ExtendedKalman.obj (.text:_ZN5Eigen8internal18product_coeff_implILi0ELi2ENS_6MatrixIfLi3ELi7ELi0ELi3ELi7EEENS2_IfLi7ELi7ELi0ELi7ELi7EEEfE3runEiiRKS3_RKS4_Rf)
                  00020444    00000054     ExtendedKalman.obj (.text:_ZN5Eigen8internal18product_coeff_implILi0ELi2ENS_6MatrixIfLi3ELi7ELi0ELi3ELi7EEENS_9TransposeIS3_EEfE3runEiiRKS3_RKS5_Rf)
                  00020498    00000054     ExtendedKalman.obj (.text:_ZN5Eigen8internal18product_coeff_implILi0ELi2ENS_6MatrixIfLi7ELi3ELi0ELi7ELi3EEENS2_IfLi3ELi1ELi0ELi3ELi1EEEfE3runEiiRKS3_RKS4_Rf)
                  000204ec    00000054     ExtendedKalman.obj (.text:_ZN5Eigen8internal18product_coeff_implILi0ELi2ENS_6MatrixIfLi7ELi3ELi0ELi7ELi3EEENS2_IfLi3ELi7ELi0ELi3ELi7EEEfE3runEiiRKS3_RKS4_Rf)
                  00020540    00000054     ExtendedKalman.obj (.text:_ZN5Eigen8internal18product_coeff_implILi0ELi2ENS_6MatrixIfLi7ELi3ELi1ELi7ELi3EEENS2_IfLi3ELi3ELi0ELi3ELi3EEEfE3runEiiRKS3_RKS4_Rf)
                  00020594    00000054     ExtendedKalman.obj (.text:_ZN5Eigen8internal18product_coeff_implILi0ELi2ENS_6MatrixIfLi7ELi7ELi0ELi7ELi7EEENS_9TransposeINS2_IfLi3ELi7ELi0ELi3ELi7EEEEEfE3runEiiRKS3_RKS6_Rf)
                  000205e8    00000054     ExtendedKalman.obj (.text:_ZN5Eigen8internal18product_coeff_implILi0ELi2ENS_6MatrixIfLi7ELi7ELi0ELi7ELi7EEENS_9TransposeIS3_EEfE3runEiiRKS3_RKS5_Rf)
                  0002063c    00000054     ExtendedKalman.obj (.text:_ZN5Eigen8internal18product_coeff_implILi0ELi2ENS_6MatrixIfLi7ELi7ELi0ELi7ELi7EEES3_fE3runEiiRKS3_S6_Rf)
                  00020690    00000054     ExtendedKalman.obj (.text:_ZN5Eigen8internal18product_coeff_implILi0ELi3ENS_6MatrixIfLi3ELi7ELi0ELi3ELi7EEENS2_IfLi7ELi7ELi0ELi7ELi7EEEfE3runEiiRKS3_RKS4_Rf)
                  000206e4    00000054     ExtendedKalman.obj (.text:_ZN5Eigen8internal18product_coeff_implILi0ELi3ENS_6MatrixIfLi3ELi7ELi0ELi3ELi7EEENS_9TransposeIS3_EEfE3runEiiRKS3_RKS5_Rf)
                  00020738    00000054     ExtendedKalman.obj (.text:_ZN5Eigen8internal18product_coeff_implILi0ELi3ENS_6MatrixIfLi7ELi7ELi0ELi7ELi7EEENS_9TransposeINS2_IfLi3ELi7ELi0ELi3ELi7EEEEEfE3runEiiRKS3_RKS6_Rf)
                  0002078c    00000054     ExtendedKalman.obj (.text:_ZN5Eigen8internal18product_coeff_implILi0ELi3ENS_6MatrixIfLi7ELi7ELi0ELi7ELi7EEENS_9TransposeIS3_EEfE3runEiiRKS3_RKS5_Rf)
                  000207e0    00000054     ExtendedKalman.obj (.text:_ZN5Eigen8internal18product_coeff_implILi0ELi3ENS_6MatrixIfLi7ELi7ELi0ELi7ELi7EEES3_fE3runEiiRKS3_S6_Rf)
                  00020834    00000054     ExtendedKalman.obj (.text:_ZN5Eigen8internal18product_coeff_implILi0ELi4ENS_6MatrixIfLi3ELi7ELi0ELi3ELi7EEENS2_IfLi7ELi7ELi0ELi7ELi7EEEfE3runEiiRKS3_RKS4_Rf)
                  00020888    00000054     ExtendedKalman.obj (.text:_ZN5Eigen8internal18product_coeff_implILi0ELi4ENS_6MatrixIfLi3ELi7ELi0ELi3ELi7EEENS_9TransposeIS3_EEfE3runEiiRKS3_RKS5_Rf)
                  000208dc    00000054     ExtendedKalman.obj (.text:_ZN5Eigen8internal18product_coeff_implILi0ELi4ENS_6MatrixIfLi7ELi7ELi0ELi7ELi7EEENS_9TransposeINS2_IfLi3ELi7ELi0ELi3ELi7EEEEEfE3runEiiRKS3_RKS6_Rf)
                  00020930    00000054     ExtendedKalman.obj (.text:_ZN5Eigen8internal18product_coeff_implILi0ELi4ENS_6MatrixIfLi7ELi7ELi0ELi7ELi7EEENS_9TransposeIS3_EEfE3runEiiRKS3_RKS5_Rf)
                  00020984    00000054     ExtendedKalman.obj (.text:_ZN5Eigen8internal18product_coeff_implILi0ELi4ENS_6MatrixIfLi7ELi7ELi0ELi7ELi7EEES3_fE3runEiiRKS3_S6_Rf)
                  000209d8    00000054     ExtendedKalman.obj (.text:_ZN5Eigen8internal18product_coeff_implILi0ELi5ENS_6MatrixIfLi3ELi7ELi0ELi3ELi7EEENS2_IfLi7ELi7ELi0ELi7ELi7EEEfE3runEiiRKS3_RKS4_Rf)
                  00020a2c    00000054     ExtendedKalman.obj (.text:_ZN5Eigen8internal18product_coeff_implILi0ELi5ENS_6MatrixIfLi3ELi7ELi0ELi3ELi7EEENS_9TransposeIS3_EEfE3runEiiRKS3_RKS5_Rf)
                  00020a80    00000054     ExtendedKalman.obj (.text:_ZN5Eigen8internal18product_coeff_implILi0ELi5ENS_6MatrixIfLi7ELi7ELi0ELi7ELi7EEENS_9TransposeINS2_IfLi3ELi7ELi0ELi3ELi7EEEEEfE3runEiiRKS3_RKS6_Rf)
                  00020ad4    00000054     ExtendedKalman.obj (.text:_ZN5Eigen8internal18product_coeff_implILi0ELi5ENS_6MatrixIfLi7ELi7ELi0ELi7ELi7EEENS_9TransposeIS3_EEfE3runEiiRKS3_RKS5_Rf)
                  00020b28    00000054     ExtendedKalman.obj (.text:_ZN5Eigen8internal18product_coeff_implILi0ELi5ENS_6MatrixIfLi7ELi7ELi0ELi7ELi7EEES3_fE3runEiiRKS3_S6_Rf)
                  00020b7c    00000054     ExtendedKalman.obj (.text:_ZN5Eigen8internal18product_coeff_implILi0ELi6ENS_6MatrixIfLi3ELi7ELi0ELi3ELi7EEENS2_IfLi7ELi7ELi0ELi7ELi7EEEfE3runEiiRKS3_RKS4_Rf)
                  00020bd0    00000054     ExtendedKalman.obj (.text:_ZN5Eigen8internal18product_coeff_implILi0ELi6ENS_6MatrixIfLi3ELi7ELi0ELi3ELi7EEENS_9TransposeIS3_EEfE3runEiiRKS3_RKS5_Rf)
                  00020c24    00000054     ExtendedKalman.obj (.text:_ZN5Eigen8internal18product_coeff_implILi0ELi6ENS_6MatrixIfLi7ELi7ELi0ELi7ELi7EEENS_9TransposeINS2_IfLi3ELi7ELi0ELi3ELi7EEEEEfE3runEiiRKS3_RKS6_Rf)
                  00020c78    00000054     ExtendedKalman.obj (.text:_ZN5Eigen8internal18product_coeff_implILi0ELi6ENS_6MatrixIfLi7ELi7ELi0ELi7ELi7EEENS_9TransposeIS3_EEfE3runEiiRKS3_RKS5_Rf)
                  00020ccc    00000054     ExtendedKalman.obj (.text:_ZN5Eigen8internal18product_coeff_implILi0ELi6ENS_6MatrixIfLi7ELi7ELi0ELi7ELi7EEES3_fE3runEiiRKS3_S6_Rf)
                  00020d20    00000054     EigenTest.obj (.text:_ZN5Eigen8internal33significant_decimals_default_implIdLb0EE3runEv)
                  00020d74    00000054     rtsv7M4_T_le_v4SPD16_eabi.lib : wiostrea.obj (.text:_ZNKSt7codecvtIwciE10do_unshiftERiPcS2_RS2_)
                  00020dc8    00000054                                   : wlocale.obj (.text:_ZNKSt7num_putIwSt19ostreambuf_iteratorIwSt11char_traitsIwEEE5_FfmtEPccNSt5_IosbIiE9_FmtflagsE)
                  00020e1c    00000054                                   : wlocale.obj (.text:_ZNKSt7num_putIwSt19ostreambuf_iteratorIwSt11char_traitsIwEEE5_PutcES3_PKcj)
                  00020e70    00000054     MPU9150Test.obj (.text:_ZNSo12_Sentry_baseD1Ev)
                  00020ec4    00000054     rtsv7M4_T_le_v4SPD16_eabi.lib : xfdunsca.obj (.text)
                  00020f18    00000052     PrintfTest.obj (.text:_ZNSs5_TidyEbj)
                  00020f6a    00000002     rtsv7M4_T_le_v4SPD16_eabi.lib : wlocale.obj (.text:_ZNSt7num_putIwSt19ostreambuf_iteratorIwSt11char_traitsIwEEED1Ev)
                  00020f6c    00000050                                   : iostream.obj (.text:_ZNSt13basic_filebufIcSt11char_traitsIcEED1Ev)
                  00020fbc    00000050     EigenTest.obj (.text:_ZNSt9basic_iosIcSt11char_traitsIcEE4initEPSt15basic_streambufIcS1_Eb)
                  0002100c    00000050     rtsv7M4_T_le_v4SPD16_eabi.lib : _tvaltostr.obj (.text)
                  0002105c    0000004e     AHRS.obj (.text:_ZN15QuaternionClassaSERKS_)
                  000210aa    0000004e     RXInterface.obj (.text:_ZN16RXInterfaceClass9constrainEPff)
                  000210f8    0000004e     PID.obj (.text:_ZN8PIDClass10constrain_EPff)
                  00021146    0000004e     PrintfTest.obj (.text:_ZNSs6assignEPKcj)
                  00021194    0000004c     rtsv7M4_T_le_v4SPD16_eabi.lib : string.obj (.text:_ZNSt12out_of_rangeC1ERKSs)
                  000211e0    0000004c     EigenTest.obj (.text:_ZNSt15basic_streambufIcSt11char_traitsIcEE5_InitEv)
                  0002122c    0000004c     EigenTest.obj (.text:_ZNSt15basic_stringbufIcSt11char_traitsIcESaIcEE9_GetstateENSt5_IosbIiE9_OpenmodeE)
                  00021278    0000004c     PrintfTest.obj (.text:_ZSt10_MaklocstrIcEPT_PKcS1_RKSt7_Cvtvec)
                  000212c4    0000004c     rtsv7M4_T_le_v4SPD16_eabi.lib : atoi.obj (.text)
                  00021310    0000004a     PrintfTest.obj (.text:_ZNKSt7num_putIcSt19ostreambuf_iteratorIcSt11char_traitsIcEEE3putES3_RSt8ios_basecd)
                  0002135a    0000004a     PrintfTest.obj (.text:_ZNKSt7num_putIcSt19ostreambuf_iteratorIcSt11char_traitsIcEEE4_PutES3_PKcj)
                  000213a4    0000004a     rtsv7M4_T_le_v4SPD16_eabi.lib : fd_tos_t2.obj (.text)
                  000213ee    00000048     SPISlave.obj (.text:_ZN15RingBufferClassIhE13returnToQueueEh)
                  00021436    00000048     SPISlave.obj (.text:_ZN15RingBufferClassIhE4pushEh)
                  0002147e    00000048     ExtendedKalman.obj (.text:_ZN5Eigen15PlainObjectBaseINS_6MatrixIfLi3ELi1ELi0ELi3ELi1EEEE10resizeLikeINS_13CwiseBinaryOpINS_8internal20scalar_difference_opIfEEKS2_S9_EEEEvRKNS_9EigenBaseIT_EE)
                  000214c6    00000048     ExtendedKalman.obj (.text:_ZN5Eigen15PlainObjectBaseINS_6MatrixIfLi7ELi1ELi0ELi7ELi1EEEE10resizeLikeINS_13CwiseBinaryOpINS_8internal13scalar_sum_opIfEEKS2_KNS_17CoeffBasedProductIRKNS1_IfLi7ELi3ELi0ELi7ELi3EEERKNS1_IfLi3ELi1ELi0ELi3ELi1EEELi6EEEEEEEvRKNS_9EigenBaseIT_EE)
                  0002150e    00000048     ExtendedKalman.obj (.text:_ZN5Eigen15PlainObjectBaseINS_6MatrixIfLi7ELi1ELi0ELi7ELi1EEEE10resizeLikeINS_17CoeffBasedProductIRKNS1_IfLi7ELi3ELi0ELi7ELi3EEERKNS1_IfLi3ELi1ELi0ELi3ELi1EEELi6EEEEEvRKNS_9EigenBaseIT_EE)
                  00021556    00000002     rtsv7M4_T_le_v4SPD16_eabi.lib : xlocale.obj (.text:_ZNSt8messagesIcED1Ev)
                  00021558    00000048                                   : boot.obj (.text)
                  000215a0    00000048                                   : fd_toi_t2.obj (.text)
                  000215e8    00000046     ExtendedKalman.obj (.text:_ZN5Eigen9DenseBaseINS_6MatrixIfLi7ELi7ELi0ELi7ELi7EEEEmLERKf)
                  0002162e    00000046     ExtendedKalman.obj (.text:_ZNK5Eigen17CwiseBinaryOpImplINS_8internal13scalar_sum_opIfEEKNS_17CoeffBasedProductIRKNS_6MatrixIfLi3ELi7ELi0ELi3ELi7EEEKNS_9TransposeIS6_EELi6EEEKNS5_IfLi3ELi3ELi0ELi3ELi3EEENS_5DenseEE5coeffEii)
                  00021674    00000046     ExtendedKalman.obj (.text:_ZNK5Eigen17CwiseBinaryOpImplINS_8internal13scalar_sum_opIfEEKNS_17CoeffBasedProductIRKNS_6MatrixIfLi7ELi7ELi0ELi7ELi7EEEKNS_9TransposeIS6_EELi6EEES7_NS_5DenseEE5coeffEii)
                  000216ba    00000046     ExtendedKalman.obj (.text:_ZNK5Eigen17CwiseBinaryOpImplINS_8internal17scalar_product_opIffEEKNS_6MatrixIfLi3ELi1ELi0ELi3ELi1EEEKNS_5BlockIKNS4_IfLi3ELi3ELi0ELi3ELi3EEELi3ELi1ELb1EEENS_5DenseEE5coeffEii)
                  00021700    00000046     rtsv7M4_T_le_v4SPD16_eabi.lib : wiostrea.obj (.text:_ZNKSt7codecvtIwciE9do_lengthERKiPKcS4_j)
                  00021746    00000044     SPISlave.obj (.text:_ZN15RingBufferClassIhE3popEPh)
                  0002178a    00000002     rtsv7M4_T_le_v4SPD16_eabi.lib : wlocale.obj (.text:_ZNSt8messagesIwED1Ev)
                  0002178c    00000044     EigenTest.obj (.text:_ZNSdD2Ev)
                  000217d0    00000044     PrintfTest.obj (.text:_ZNSs9_ChassignEjjc)
                  00021814    00000044     rtsv7M4_T_le_v4SPD16_eabi.lib : string.obj (.text:_ZNSt11logic_errorC2ERKSs)
                  00021858    00000044                                   : cpy_tbl.obj (.text)
                  0002189c    00000044                                   : exit.obj (.text)
                  000218e0    00000044                                   : xdtest.obj (.text)
                  00021924    00000042     ExtendedKalman.obj (.text:_ZN5Eigen17SelfCwiseBinaryOpINS_8internal17scalar_product_opIffEENS_6MatrixIfLi7ELi7ELi0ELi7ELi7EEENS_14CwiseNullaryOpINS1_18scalar_constant_opIfEES5_EEE9copyCoeffIS9_EEviRKNS_9DenseBaseIT_EE)
                  00021966    00000042     ExtendedKalman.obj (.text:_ZN5Eigen6MatrixIfLi3ELi3ELi1ELi3ELi3EEC1INS_17CoeffBasedProductIRKNS0_IfLi3ELi7ELi0ELi3ELi7EEEKNS_9TransposeIS4_EELi6EEEEERKNS_10MatrixBaseIT_EE)
                  000219a8    00000042     ExtendedKalman.obj (.text:_ZN5Eigen6MatrixIfLi7ELi1ELi0ELi7ELi1EEC1INS_17CoeffBasedProductIRKNS0_IfLi7ELi3ELi0ELi7ELi3EEERKNS0_IfLi3ELi1ELi0ELi3ELi1EEELi6EEEEERKNS_10MatrixBaseIT_EE)
                  000219ea    00000042     ExtendedKalman.obj (.text:_ZN5Eigen6MatrixIfLi7ELi3ELi0ELi7ELi3EEC1INS_17CoeffBasedProductIRKNS0_IfLi7ELi3ELi1ELi7ELi3EEENS0_IfLi3ELi3ELi0ELi3ELi3EEELi6EEEEERKNS_10MatrixBaseIT_EE)
                  00021a2c    00000042     ExtendedKalman.obj (.text:_ZN5Eigen6MatrixIfLi7ELi7ELi0ELi7ELi7EEC1INS_13CwiseBinaryOpINS_8internal20scalar_difference_opIfEEKS1_KNS_17CoeffBasedProductIRKNS0_IfLi7ELi3ELi0ELi7ELi3EEERKNS0_IfLi3ELi7ELi0ELi3ELi7EEELi6EEEEEEERKNS_10MatrixBaseIT_EE)
                  00021a6e    00000042     EigenTest.obj (.text:_ZN5Eigen6MatrixIfLi7ELi7ELi0ELi7ELi7EEC1INS_14CwiseNullaryOpINS_8internal18scalar_constant_opIfEES1_EEEERKNS_10MatrixBaseIT_EE)
                  00021ab0    00000042     ExtendedKalman.obj (.text:_ZN5Eigen6MatrixIfLi7ELi7ELi0ELi7ELi7EEC1INS_17CoeffBasedProductIRKNS0_IfLi7ELi3ELi0ELi7ELi3EEERKNS0_IfLi3ELi7ELi0ELi3ELi7EEELi6EEEEERKNS_10MatrixBaseIT_EE)
                  00021af2    00000042     ExtendedKalman.obj (.text:_ZN5Eigen6MatrixIfLi7ELi7ELi0ELi7ELi7EEC1INS_17CoeffBasedProductIS1_RKS1_Li6EEEEERKNS_10MatrixBaseIT_EE)
                  00021b34    00000042     ExtendedKalman.obj (.text:_ZN5Eigen6MatrixIfLi7ELi7ELi1ELi7ELi7EEC1INS_17CoeffBasedProductIRKNS0_IfLi7ELi7ELi0ELi7ELi7EEEKNS_9TransposeIS4_EELi6EEEEERKNS_10MatrixBaseIT_EE)
                  00021b76    00000042     rtsv7M4_T_le_v4SPD16_eabi.lib : wiostrea.obj (.text:_ZNKSt5ctypeIwE10do_toupperEPwPKw)
                  00021bb8    00000042     PrintfTest.obj (.text:_ZNKSt7num_putIcSt19ostreambuf_iteratorIcSt11char_traitsIcEEE4_RepES3_cj)
                  00021bfa    00000042     rtsv7M4_T_le_v4SPD16_eabi.lib : xlocale.obj (.text:_ZNKSt8time_getIcSt19istreambuf_iteratorIcSt11char_traitsIcEEE14do_get_weekdayES3_S3_RSt8ios_baseRNSt5_IosbIiE8_IostateEPSt2tm)
                  00021c3c    00000042                                   : xlocale.obj (.text:_ZNKSt8time_getIcSt19istreambuf_iteratorIcSt11char_traitsIcEEE16do_get_monthnameES3_S3_RSt8ios_baseRNSt5_IosbIiE8_IostateEPSt2tm)
                  00021c7e    00000042                                   : wlocale.obj (.text:_ZNKSt8time_getIwSt19istreambuf_iteratorIwSt11char_traitsIwEEE14do_get_weekdayES3_S3_RSt8ios_baseRNSt5_IosbIiE8_IostateEPSt2tm)
                  00021cc0    00000042                                   : wlocale.obj (.text:_ZNKSt8time_getIwSt19istreambuf_iteratorIwSt11char_traitsIwEEE16do_get_monthnameES3_S3_RSt8ios_baseRNSt5_IosbIiE8_IostateEPSt2tm)
                  00021d02    00000002                                   : xlocale.obj (.text:_ZNSt8time_putIcSt19ostreambuf_iteratorIcSt11char_traitsIcEEED1Ev)
                  00021d04    00000040     driverlib.lib : sysctl.obj (.text:SysCtlPeripheralEnable)
                  00021d44    00000040     ExtendedKalman.obj (.text:_ZN5Eigen8internal18product_coeff_implILi0ELi0ENS_6MatrixIfLi3ELi7ELi0ELi3ELi7EEENS2_IfLi7ELi7ELi0ELi7ELi7EEEfE3runEiiRKS3_RKS4_Rf)
                  00021d84    00000040     ExtendedKalman.obj (.text:_ZN5Eigen8internal18product_coeff_implILi0ELi0ENS_6MatrixIfLi3ELi7ELi0ELi3ELi7EEENS_9TransposeIS3_EEfE3runEiiRKS3_RKS5_Rf)
                  00021dc4    00000040     ExtendedKalman.obj (.text:_ZN5Eigen8internal18product_coeff_implILi0ELi0ENS_6MatrixIfLi7ELi3ELi0ELi7ELi3EEENS2_IfLi3ELi1ELi0ELi3ELi1EEEfE3runEiiRKS3_RKS4_Rf)
                  00021e04    00000040     ExtendedKalman.obj (.text:_ZN5Eigen8internal18product_coeff_implILi0ELi0ENS_6MatrixIfLi7ELi3ELi0ELi7ELi3EEENS2_IfLi3ELi7ELi0ELi3ELi7EEEfE3runEiiRKS3_RKS4_Rf)
                  00021e44    00000040     ExtendedKalman.obj (.text:_ZN5Eigen8internal18product_coeff_implILi0ELi0ENS_6MatrixIfLi7ELi3ELi1ELi7ELi3EEENS2_IfLi3ELi3ELi0ELi3ELi3EEEfE3runEiiRKS3_RKS4_Rf)
                  00021e84    00000040     ExtendedKalman.obj (.text:_ZN5Eigen8internal18product_coeff_implILi0ELi0ENS_6MatrixIfLi7ELi7ELi0ELi7ELi7EEENS_9TransposeINS2_IfLi3ELi7ELi0ELi3ELi7EEEEEfE3runEiiRKS3_RKS6_Rf)
                  00021ec4    00000040     ExtendedKalman.obj (.text:_ZN5Eigen8internal18product_coeff_implILi0ELi0ENS_6MatrixIfLi7ELi7ELi0ELi7ELi7EEENS_9TransposeIS3_EEfE3runEiiRKS3_RKS5_Rf)
                  00021f04    00000040     ExtendedKalman.obj (.text:_ZN5Eigen8internal18product_coeff_implILi0ELi0ENS_6MatrixIfLi7ELi7ELi0ELi7ELi7EEES3_fE3runEiiRKS3_S6_Rf)
                  00021f44    00000040     EigenTest.obj (.text:_ZN5Eigen8internal28check_rows_cols_for_overflowILin1EE3runIiEEvT_S4_)
                  00021f84    00000040     ExtendedKalman.obj (.text:_ZNK5Eigen17CwiseBinaryOpImplINS_8internal13scalar_sum_opIfEEKNS_6MatrixIfLi7ELi1ELi0ELi7ELi1EEEKNS_17CoeffBasedProductIRKNS4_IfLi7ELi3ELi0ELi7ELi3EEERKNS4_IfLi3ELi1ELi0ELi3ELi1EEELi6EEENS_5DenseEE5coeffEi)
                  00021fc4    00000040     ExtendedKalman.obj (.text:_ZNK5Eigen17CwiseBinaryOpImplINS_8internal20scalar_difference_opIfEEKNS_6MatrixIfLi3ELi1ELi0ELi3ELi1EEES6_NS_5DenseEE5coeffEi)
                  00022004    00000040     ExtendedKalman.obj (.text:_ZNK5Eigen17CwiseBinaryOpImplINS_8internal20scalar_difference_opIfEEKNS_6MatrixIfLi7ELi7ELi0ELi7ELi7EEEKNS_17CoeffBasedProductIRKNS4_IfLi7ELi3ELi0ELi7ELi3EEERKNS4_IfLi3ELi7ELi0ELi3ELi7EEELi6EEENS_5DenseEE5coeffEi)
                  00022044    00000040     EigenTest.obj (.text:_ZNSt18basic_stringstreamIcSt11char_traitsIcESaIcEED2Ev)
                  00022084    00000040     rtsv7M4_T_le_v4SPD16_eabi.lib : signal.obj (.text)
                  000220c4    0000003e     ExtendedKalman.obj (.text:_ZN5Eigen15DenseCoeffsBaseINS_6MatrixIfLi3ELi3ELi0ELi3ELi3EEELi1EE9copyCoeffINS_13CwiseBinaryOpINS_8internal13scalar_sum_opIfEEKNS_17CoeffBasedProductIRKNS1_IfLi3ELi7ELi0ELi3ELi7EEEKNS_9TransposeISA_EELi6EEEKS2_EEEEviiRKNS_9DenseBaseIT_EE)
                  00022102    0000003e     ExtendedKalman.obj (.text:_ZN5Eigen15DenseCoeffsBaseINS_6MatrixIfLi3ELi3ELi1ELi3ELi3EEELi1EE9copyCoeffINS_17CoeffBasedProductIRKNS1_IfLi3ELi7ELi0ELi3ELi7EEEKNS_9TransposeIS6_EELi6EEEEEviiRKNS_9DenseBaseIT_EE)
                  00022140    0000003e     ExtendedKalman.obj (.text:_ZN5Eigen15DenseCoeffsBaseINS_6MatrixIfLi3ELi7ELi0ELi3ELi7EEELi1EE9copyCoeffINS_17CoeffBasedProductIRKS2_RKNS1_IfLi7ELi7ELi0ELi7ELi7EEELi6EEEEEviiRKNS_9DenseBaseIT_EE)
                  0002217e    0000003e     ExtendedKalman.obj (.text:_ZN5Eigen15DenseCoeffsBaseINS_6MatrixIfLi7ELi1ELi0ELi7ELi1EEELi1EE9copyCoeffINS_17CoeffBasedProductIRKNS1_IfLi7ELi3ELi0ELi7ELi3EEERKNS1_IfLi3ELi1ELi0ELi3ELi1EEELi6EEEEEviiRKNS_9DenseBaseIT_EE)
                  000221bc    0000003e     ExtendedKalman.obj (.text:_ZN5Eigen15DenseCoeffsBaseINS_6MatrixIfLi7ELi3ELi0ELi7ELi3EEELi1EE9copyCoeffINS_17CoeffBasedProductIRKNS1_IfLi7ELi3ELi1ELi7ELi3EEENS1_IfLi3ELi3ELi0ELi3ELi3EEELi6EEEEEviiRKNS_9DenseBaseIT_EE)
                  000221fa    0000003e     ExtendedKalman.obj (.text:_ZN5Eigen15DenseCoeffsBaseINS_6MatrixIfLi7ELi3ELi1ELi7ELi3EEELi1EE9copyCoeffINS_17CoeffBasedProductIRKNS1_IfLi7ELi7ELi0ELi7ELi7EEEKNS_9TransposeINS1_IfLi3ELi7ELi0ELi3ELi7EEEEELi6EEEEEviiRKNS_9DenseBaseIT_EE)
                  00022238    0000003e     ExtendedKalman.obj (.text:_ZN5Eigen15DenseCoeffsBaseINS_6MatrixIfLi7ELi7ELi0ELi7ELi7EEELi1EE9copyCoeffINS_13CwiseBinaryOpINS_8internal13scalar_sum_opIfEEKNS_17CoeffBasedProductIRKS2_KNS_9TransposeIS2_EELi6EEESA_EEEEviiRKNS_9DenseBaseIT_EE)
                  00022276    0000003e     ExtendedKalman.obj (.text:_ZN5Eigen15DenseCoeffsBaseINS_6MatrixIfLi7ELi7ELi0ELi7ELi7EEELi1EE9copyCoeffINS_14CwiseNullaryOpINS_8internal18scalar_identity_opIfEES2_EEEEviiRKNS_9DenseBaseIT_EE)
                  000222b4    0000003e     ExtendedKalman.obj (.text:_ZN5Eigen15DenseCoeffsBaseINS_6MatrixIfLi7ELi7ELi0ELi7ELi7EEELi1EE9copyCoeffINS_17CoeffBasedProductIRKNS1_IfLi7ELi3ELi0ELi7ELi3EEERKNS1_IfLi3ELi7ELi0ELi3ELi7EEELi6EEEEEviiRKNS_9DenseBaseIT_EE)
                  000222f2    0000003e     ExtendedKalman.obj (.text:_ZN5Eigen15DenseCoeffsBaseINS_6MatrixIfLi7ELi7ELi0ELi7ELi7EEELi1EE9copyCoeffINS_17CoeffBasedProductIRKS2_S7_Li6EEEEEviiRKNS_9DenseBaseIT_EE)
                  00022330    0000003e     ExtendedKalman.obj (.text:_ZN5Eigen15DenseCoeffsBaseINS_6MatrixIfLi7ELi7ELi0ELi7ELi7EEELi1EE9copyCoeffINS_17CoeffBasedProductIS2_RKS2_Li6EEEEEviiRKNS_9DenseBaseIT_EE)
                  0002236e    0000003e     ExtendedKalman.obj (.text:_ZN5Eigen15DenseCoeffsBaseINS_6MatrixIfLi7ELi7ELi1ELi7ELi7EEELi1EE9copyCoeffINS_17CoeffBasedProductIRKNS1_IfLi7ELi7ELi0ELi7ELi7EEEKNS_9TransposeIS6_EELi6EEEEEviiRKNS_9DenseBaseIT_EE)
                  000223ac    0000003e     EigenTest.obj (.text:_ZN5Eigen8IOFormatD1Ev)
                  000223ea    0000003e     rtsv7M4_T_le_v4SPD16_eabi.lib : iostream.obj (.text:_ZNSt13basic_filebufIcSt11char_traitsIcEE9underflowEv)
                  00022428    0000003e                                   : wiostrea.obj (.text:_ZNSt13basic_filebufIwSt11char_traitsIwEE9underflowEv)
                  00022466    0000003e     MPU9150Test.obj (.text:_ZNSt15basic_streambufIcSt11char_traitsIcEE5sputcEc)
                  000224a4    0000003e     PrintfTest.obj (.text:_ZNSt19ostreambuf_iteratorIcSt11char_traitsIcEEaSEc)
                  000224e2    0000003c     ExtendedKalman.obj (.text:_ZN5Eigen8internal15BlockImpl_denseIKNS_6MatrixIfLi3ELi3ELi0ELi3ELi3EEELi3ELi1ELb1ELb1EEC1ERS4_i)
                  0002251e    0000003c     ExtendedKalman.obj (.text:_ZN5Eigen8internal15BlockImpl_denseINS_6MatrixIfLi3ELi3ELi0ELi3ELi3EEELi1ELi3ELb0ELb1EEC1ERS3_i)
                  0002255a    0000003c     EigenTest.obj (.text:_ZN5Eigen8internal33significant_decimals_default_implIfLb0EE3runEv)
                  00022596    0000003c     rtsv7M4_T_le_v4SPD16_eabi.lib : wiostrea.obj (.text:_ZNKSt5ctypeIwE10do_tolowerEPwPKw)
                  000225d2    0000003c                                   : wiostrea.obj (.text:_ZNKSt5ctypeIwE8do_widenEPKcS2_Pw)
                  0002260e    0000003c                                   : wiostrea.obj (.text:_ZNKSt5ctypeIwE9do_narrowEPKwS2_cPc)
                  0002264a    0000003c     PrintfTest.obj (.text:_ZNKSt7num_putIcSt19ostreambuf_iteratorIcSt11char_traitsIcEEE3putES3_RSt8ios_basecm)
                  00022686    00000002     rtsv7M4_T_le_v4SPD16_eabi.lib : wlocale.obj (.text:_ZNSt8time_putIwSt19ostreambuf_iteratorIwSt11char_traitsIwEEED1Ev)
                  00022688    0000003c     EigenTest.obj (.text:_ZNSt15basic_stringbufIcSt11char_traitsIcESaIcEEC1ENSt5_IosbIiE9_OpenmodeE)
                  000226c4    0000003c     rtsv7M4_T_le_v4SPD16_eabi.lib : locale.obj (.text:_ZNSt19istreambuf_iteratorIcSt11char_traitsIcEEppEv)
                  00022700    0000003c                                   : wlocale.obj (.text:_ZNSt19istreambuf_iteratorIwSt11char_traitsIwEEppEv)
                  0002273c    0000003c     MPU9150Test.obj (.text:_ZNSt6locale5facet7_DecrefEv)
                  00022778    0000003c     rtsv7M4_T_le_v4SPD16_eabi.lib : xlocale.obj (.text:_ZNSt7_MpunctIcE7_MakpatERNSt10money_base7patternEjjj)
                  000227b4    0000003c                                   : wlocale.obj (.text:_ZNSt7_MpunctIwE7_MakpatERNSt10money_base7patternEjjj)
                  000227f0    0000003c     PrintfTest.obj (.text:_ZNSt7num_putIcSt19ostreambuf_iteratorIcSt11char_traitsIcEEEC1Ej)
                  0002282c    0000003c     PrintfTest.obj (.text:_ZNSt8numpunctIcEC1Ej)
                  00022868    0000003a     ExtendedKalman.obj (.text:_ZN5Eigen15DenseCoeffsBaseINS_6MatrixIfLi3ELi3ELi0ELi3ELi3EEELi1EE21copyCoeffByOuterInnerINS_13CwiseBinaryOpINS_8internal13scalar_sum_opIfEEKNS_17CoeffBasedProductIRKNS1_IfLi3ELi7ELi0ELi3ELi7EEEKNS_9TransposeISA_EELi6EEEKS2_EEEEviiRKNS_9DenseBaseIT_EE)
                  000228a2    0000003a     ExtendedKalman.obj (.text:_ZN5Eigen15DenseCoeffsBaseINS_6MatrixIfLi3ELi3ELi1ELi3ELi3EEELi1EE21copyCoeffByOuterInnerINS_17CoeffBasedProductIRKNS1_IfLi3ELi7ELi0ELi3ELi7EEEKNS_9TransposeIS6_EELi6EEEEEviiRKNS_9DenseBaseIT_EE)
                  000228dc    0000003a     ExtendedKalman.obj (.text:_ZN5Eigen15DenseCoeffsBaseINS_6MatrixIfLi3ELi7ELi0ELi3ELi7EEELi1EE21copyCoeffByOuterInnerINS_17CoeffBasedProductIRKS2_RKNS1_IfLi7ELi7ELi0ELi7ELi7EEELi6EEEEEviiRKNS_9DenseBaseIT_EE)
                  00022916    0000003a     ExtendedKalman.obj (.text:_ZN5Eigen15DenseCoeffsBaseINS_6MatrixIfLi7ELi1ELi0ELi7ELi1EEELi1EE21copyCoeffByOuterInnerINS_17CoeffBasedProductIRKNS1_IfLi7ELi3ELi0ELi7ELi3EEERKNS1_IfLi3ELi1ELi0ELi3ELi1EEELi6EEEEEviiRKNS_9DenseBaseIT_EE)
                  00022950    0000003a     ExtendedKalman.obj (.text:_ZN5Eigen15DenseCoeffsBaseINS_6MatrixIfLi7ELi3ELi0ELi7ELi3EEELi1EE21copyCoeffByOuterInnerINS_17CoeffBasedProductIRKNS1_IfLi7ELi3ELi1ELi7ELi3EEENS1_IfLi3ELi3ELi0ELi3ELi3EEELi6EEEEEviiRKNS_9DenseBaseIT_EE)
                  0002298a    0000003a     ExtendedKalman.obj (.text:_ZN5Eigen15DenseCoeffsBaseINS_6MatrixIfLi7ELi3ELi1ELi7ELi3EEELi1EE21copyCoeffByOuterInnerINS_17CoeffBasedProductIRKNS1_IfLi7ELi7ELi0ELi7ELi7EEEKNS_9TransposeINS1_IfLi3ELi7ELi0ELi3ELi7EEEEELi6EEEEEviiRKNS_9DenseBaseIT_EE)
                  000229c4    0000003a     ExtendedKalman.obj (.text:_ZN5Eigen15DenseCoeffsBaseINS_6MatrixIfLi7ELi7ELi0ELi7ELi7EEELi1EE21copyCoeffByOuterInnerINS_13CwiseBinaryOpINS_8internal13scalar_sum_opIfEEKNS_17CoeffBasedProductIRKS2_KNS_9TransposeIS2_EELi6EEESA_EEEEviiRKNS_9DenseBaseIT_EE)
                  000229fe    0000003a     ExtendedKalman.obj (.text:_ZN5Eigen15DenseCoeffsBaseINS_6MatrixIfLi7ELi7ELi0ELi7ELi7EEELi1EE21copyCoeffByOuterInnerINS_14CwiseNullaryOpINS_8internal18scalar_identity_opIfEES2_EEEEviiRKNS_9DenseBaseIT_EE)
                  00022a38    0000003a     ExtendedKalman.obj (.text:_ZN5Eigen15DenseCoeffsBaseINS_6MatrixIfLi7ELi7ELi0ELi7ELi7EEELi1EE21copyCoeffByOuterInnerINS_17CoeffBasedProductIRKNS1_IfLi7ELi3ELi0ELi7ELi3EEERKNS1_IfLi3ELi7ELi0ELi3ELi7EEELi6EEEEEviiRKNS_9DenseBaseIT_EE)
                  00022a72    0000003a     ExtendedKalman.obj (.text:_ZN5Eigen15DenseCoeffsBaseINS_6MatrixIfLi7ELi7ELi0ELi7ELi7EEELi1EE21copyCoeffByOuterInnerINS_17CoeffBasedProductIRKS2_S7_Li6EEEEEviiRKNS_9DenseBaseIT_EE)
                  00022aac    0000003a     ExtendedKalman.obj (.text:_ZN5Eigen15DenseCoeffsBaseINS_6MatrixIfLi7ELi7ELi0ELi7ELi7EEELi1EE21copyCoeffByOuterInnerINS_17CoeffBasedProductIS2_RKS2_Li6EEEEEviiRKNS_9DenseBaseIT_EE)
                  00022ae6    0000003a     ExtendedKalman.obj (.text:_ZN5Eigen15DenseCoeffsBaseINS_6MatrixIfLi7ELi7ELi1ELi7ELi7EEELi1EE21copyCoeffByOuterInnerINS_17CoeffBasedProductIRKNS1_IfLi7ELi7ELi0ELi7ELi7EEEKNS_9TransposeIS6_EELi6EEEEEviiRKNS_9DenseBaseIT_EE)
                  00022b20    0000003a     ExtendedKalman.obj (.text:_ZN5Eigen7MapBaseINS_5BlockIKNS_6MatrixIfLi3ELi3ELi0ELi3ELi3EEELi3ELi1ELb1EEELi0EEC1EPKfii)
                  00022b5a    0000003a     ExtendedKalman.obj (.text:_ZN5Eigen7MapBaseINS_5BlockINS_6MatrixIfLi3ELi3ELi0ELi3ELi3EEELi1ELi3ELb0EEELi0EEC1EPfii)
                  00022b94    0000003a     ExtendedKalman.obj (.text:_ZN5Eigen8internal11assign_implINS_6MatrixIfLi3ELi3ELi1ELi3ELi3EEENS_17CoeffBasedProductIRKNS2_IfLi3ELi7ELi0ELi3ELi7EEEKNS_9TransposeIS5_EELi6EEELi0ELi1ELi0EE3runERS3_RKSB_)
                  00022bce    0000003a     ExtendedKalman.obj (.text:_ZN5Eigen8internal11assign_implINS_6MatrixIfLi3ELi7ELi0ELi3ELi7EEENS_17CoeffBasedProductIRKS3_RKNS2_IfLi7ELi7ELi0ELi7ELi7EEELi6EEELi0ELi1ELi0EE3runERS3_RKSA_)
                  00022c08    0000003a     ExtendedKalman.obj (.text:_ZN5Eigen8internal11assign_implINS_6MatrixIfLi7ELi3ELi0ELi7ELi3EEENS_17CoeffBasedProductIRKNS2_IfLi7ELi3ELi1ELi7ELi3EEENS2_IfLi3ELi3ELi0ELi3ELi3EEELi6EEELi0ELi1ELi0EE3runERS3_RKS9_)
                  00022c42    0000003a     ExtendedKalman.obj (.text:_ZN5Eigen8internal11assign_implINS_6MatrixIfLi7ELi3ELi1ELi7ELi3EEENS_17CoeffBasedProductIRKNS2_IfLi7ELi7ELi0ELi7ELi7EEEKNS_9TransposeINS2_IfLi3ELi7ELi0ELi3ELi7EEEEELi6EEELi0ELi1ELi0EE3runERS3_RKSC_)
                  00022c7c    0000003a     ExtendedKalman.obj (.text:_ZN5Eigen8internal11assign_implINS_6MatrixIfLi7ELi7ELi0ELi7ELi7EEENS_13CwiseBinaryOpINS0_13scalar_sum_opIfEEKNS_17CoeffBasedProductIRKS3_KNS_9TransposeIS3_EELi6EEES8_EELi0ELi1ELi0EE3runERS3_RKSF_)
                  00022cb6    0000003a     ExtendedKalman.obj (.text:_ZN5Eigen8internal11assign_implINS_6MatrixIfLi7ELi7ELi0ELi7ELi7EEENS_13CwiseBinaryOpINS0_20scalar_difference_opIfEEKS3_KNS_17CoeffBasedProductIRKNS2_IfLi7ELi3ELi0ELi7ELi3EEERKNS2_IfLi3ELi7ELi0ELi3ELi7EEELi6EEEEELi1ELi0ELi0EE3runERS3_RKSH_)
                  00022cf0    0000003a     ExtendedKalman.obj (.text:_ZN5Eigen8internal11assign_implINS_6MatrixIfLi7ELi7ELi0ELi7ELi7EEENS_17CoeffBasedProductIRKNS2_IfLi7ELi3ELi0ELi7ELi3EEERKNS2_IfLi3ELi7ELi0ELi3ELi7EEELi6EEELi0ELi1ELi0EE3runERS3_RKSB_)
                  00022d2a    0000003a     rtsv7M4_T_le_v4SPD16_eabi.lib : locale.obj (.text:_ZNSt19istreambuf_iteratorIcSt11char_traitsIcEE5_PeekEv)
                  00022d64    0000003a                                   : wlocale.obj (.text:_ZNSt19istreambuf_iteratorIwSt11char_traitsIwEE5_PeekEv)
[...]
0002c58c   _ZTVSt15basic_streambufIcSt11char_traitsIcEE
0002c5d4   _ZTVSt15basic_streambufIwSt11char_traitsIwEE
0002c61c   _ZTVSt15basic_stringbufIcSt11char_traitsIcESaIcEE
0002c6ac   _ZTVSt5ctypeIwE
0002c72c   _ZTSSt9money_getIcSt19istreambuf_iteratorIcSt11char_traitsIcEEE
0002c768   _ZTSSt9money_getIwSt19istreambuf_iteratorIwSt11char_traitsIwEEE
0002c7a4   _ZTSSt9money_putIcSt19ostreambuf_iteratorIcSt11char_traitsIcEEE
0002c7e0   _ZTSSt9money_putIwSt19ostreambuf_iteratorIwSt11char_traitsIwEEE
0002c81c   _ZTVSt7num_getIcSt19istreambuf_iteratorIcSt11char_traitsIcEEE
0002c858   _ZTVSt7num_getIwSt19istreambuf_iteratorIwSt11char_traitsIwEEE
0002c894   _ZTSSt8time_getIcSt19istreambuf_iteratorIcSt11char_traitsIcEEE
0002c8cf   _ZTSSt8time_getIwSt19istreambuf_iteratorIwSt11char_traitsIwEEE
0002c90a   _ZTSSt8time_putIcSt19ostreambuf_iteratorIcSt11char_traitsIcEEE
0002c945   _ZTSSt8time_putIwSt19ostreambuf_iteratorIwSt11char_traitsIwEEE
0002c980   _ZTSSt7num_getIcSt19istreambuf_iteratorIcSt11char_traitsIcEEE
0002c9ba   _ZTSSt7num_getIwSt19istreambuf_iteratorIwSt11char_traitsIwEEE
0002c9f4   _ZTSSt7num_putIcSt19ostreambuf_iteratorIcSt11char_traitsIcEEE
0002ca2e   _ZTSSt7num_putIwSt19ostreambuf_iteratorIwSt11char_traitsIwEEE
0002cad8   _ZTVSt10moneypunctIcLb0EE
0002cb0c   _ZTVSt10moneypunctIcLb1EE
0002cb40   _ZTVSt10moneypunctIwLb0EE
0002cb74   _ZTVSt10moneypunctIwLb1EE
0002cba8   _ZTVSt7_MpunctIcE
0002cbdc   _ZTVSt7_MpunctIwE
0002cc10   _ZTSSt18basic_stringstreamIcSt11char_traitsIcESaIcEE
0002cc41   _ZZNKSt7num_putIcSt19ostreambuf_iteratorIcSt11char_traitsIcEEE6do_putES3_RSt8ios_baseclEs
0002cc44   _ZTVSi
0002cc6c   _ZTTSi
0002cc74   _ZTVSo
0002cc9c   _ZTTSo
0002cca4   _ZTVSt13basic_istreamIwSt11char_traitsIwEE
0002cccc   _ZTTSt13basic_istreamIwSt11char_traitsIwEE
0002ccd4   _ZTVSt13basic_ostreamIwSt11char_traitsIwEE
0002ccfc   _ZTTSt13basic_ostreamIwSt11char_traitsIwEE
0002cd04   _ZTVSt5ctypeIcE
0002cd34   _ZTVSt7num_putIcSt19ostreambuf_iteratorIcSt11char_traitsIcEEE
0002cd64   _ZTVSt7num_putIwSt19ostreambuf_iteratorIwSt11char_traitsIwEEE
0002cd94   _ZTSSt15basic_stringbufIcSt11char_traitsIcESaIcEE
0002cdc2   _ZZNKSt7num_putIwSt19ostreambuf_iteratorIwSt11char_traitsIwEEE5_FputES3_RSt8ios_basewPKcjjjjEs
0002cdc4   _ZTVSt7codecvtIcciE
0002cdf0   _ZTVSt7codecvtIwciE
0002ce1c   _ZTSSt15basic_streambufIcSt11char_traitsIcEE
0002ce45   _ZTSSt15basic_streambufIwSt11char_traitsIwEE
0002ce6e   _ZTSN10__cxxabiv123__fundamental_type_infoE
0002ce96   _ZZNKSt7num_putIwSt19ostreambuf_iteratorIwSt11char_traitsIwEEE5_FputES3_RSt8ios_basewPKcjjjjEs_0
0002ce98   _ZTVSt8time_getIcSt19istreambuf_iteratorIcSt11char_traitsIcEEE
0002cec0   _ZTVSt8time_getIwSt19istreambuf_iteratorIwSt11char_traitsIwEEE
0002cee8   _ZTSSt13basic_filebufIcSt11char_traitsIcEE
0002cf0f   _ZTSSt13basic_filebufIwSt11char_traitsIwEE
0002cf36   _ZTSSt13basic_istreamIwSt11char_traitsIwEE
0002cf5d   _ZTSSt13basic_ostreamIwSt11char_traitsIwEE
0002cf84   _ZTSN10__cxxabiv121__vmi_class_type_infoE
0002cfaa   _ZTSN10__cxxabiv120__si_class_type_infoE
0002cfcf   _ZTSN10__cxxabiv119__pointer_type_infoE
0002cff3   _ZZN5Eigen8IOFormatC1EiiRKSsS2_S2_S2_S2_S2_Es
0002cff4   _ZTVSt8numpunctIcE
0002d018   _ZTVSt8numpunctIwE
0002d03c   _ZTSN10__cxxabiv117__class_type_infoE
0002d05e   _ZTSN10__cxxabiv117__pbase_type_infoE
0002d080   _ZTSSt9basic_iosIcSt11char_traitsIcEE
0002d0a2   _ZTSSt9basic_iosIwSt11char_traitsIwEE
0002d0c4   _ZTISd
0002d0e4   _ZTS15RingBufferClassI9message_sE
0002d102   _ZZNSt7_MpunctIcE5_InitERKSt8_LocinfoEs_0
0002d104   _ZTVSt7collateIcE
0002d120   _ZTVSt7collateIwE
0002d13c   _ZTVSt8messagesIcE
0002d158   _ZTVSt8messagesIwE
0002d190   _ZTS24RPiControlledCopterClass
0002d1ab   _ZTS23OptimusPiInterfaceClass
0002d1c5   _ZZNKSt7num_putIcSt19ostreambuf_iteratorIcSt11char_traitsIcEEE6do_putES3_RSt8ios_basecmEs
0002d1c8   _ZTISi
0002d1e0   _ZTISo
0002d1f8   _ZTISt13basic_istreamIwSt11char_traitsIwEE
0002d210   _ZTISt13basic_ostreamIwSt11char_traitsIwEE
0002d228   _ZTS21StandaloneCopterClass
0002d240   _ZTVNSt8ios_base7failureE
0002d258   _ZTVSt11logic_error
0002d270   _ZTVSt12length_error
0002d288   _ZTVSt12out_of_range
0002d2a0   _ZTVSt13runtime_error
0002d2b8   _ZTVSt9bad_alloc
0002d2d0   _ZTVSt9exception
0002d2e8   _ZTVSt9money_getIcSt19istreambuf_iteratorIcSt11char_traitsIcEEE
0002d300   _ZTVSt9money_getIwSt19istreambuf_iteratorIwSt11char_traitsIwEEE
0002d318   _ZTVSt9money_putIcSt19ostreambuf_iteratorIcSt11char_traitsIcEEE
0002d330   _ZTVSt9money_putIwSt19ostreambuf_iteratorIwSt11char_traitsIwEEE
0002d348   _ZZNKSt7num_getIcSt19istreambuf_iteratorIcSt11char_traitsIcEEE8_GetifldEPcRS3_S6_NSt5_IosbIiE9_FmtflagsERKSt6localeEs
0002d35f   _ZZNKSt7num_getIwSt19istreambuf_iteratorIwSt11char_traitsIwEEE8_GetifldEPcRS3_S6_NSt5_IosbIiE9_FmtflagsERKSt6localeEs
0002d376   _ZTS20MotorControllerClass
0002d38d   _ZTS19ExtendedKalmanClass
0002d3a3   _ZTS19MotorInterfaceClass
0002d3b9   _ZTSNSt8ios_base7failureE
0002d3cf   _ZTSSt10moneypunctIcLb0EE
0002d3e5   _ZTSSt10moneypunctIcLb1EE
0002d3fb   _ZTSSt10moneypunctIwLb0EE
0002d411   _ZTSSt10moneypunctIwLb1EE
0002d427   _ZTS15RingBufferClassIhE
0002d43c   _ZTS18DebugFunctionClass
0002d451   _ZTS18MessageParserClass
0002d466   _ZTS18PinControllerClass
0002d47b   _ZTS17InputCaptureClass
0002d48f   _ZTSNSt6locale7_LocimpE
0002d4a3   _ZZNSt7_MpunctIcE5_InitERKSt8_LocinfoEs
0002d4a4   _ZTVSt8time_putIcSt19ostreambuf_iteratorIcSt11char_traitsIcEEE
0002d4b8   _ZTVSt8time_putIwSt19ostreambuf_iteratorIwSt11char_traitsIwEEE
0002d4f4   _ZTS16MPU9150TestClass
0002d507   _ZTS16MerayoCalibClass
0002d51a   _ZTS16RXInterfaceClass
0002d52d   _ZTS15ArbitratorClass
0002d53f   _ZTS15GPIOOutputClass
0002d551   _ZTS15PrintfTestClass
0002d563   _ZTS15QuaternionClass
0002d575   _ZTSNSt6locale5facetE
0002d587   _ZTSSt13messages_base
0002d599   _ZTSSt13runtime_error
0002d5ab   _ZTS14EigenTestClass
0002d5bc   _ZTS14GPIOInputClass
0002d5cd   _ZTS14SPIMasterClass
0002d5de   _ZTSSt12codecvt_base
0002d5ef   _ZTSSt12length_error
0002d600   _ZTSSt12out_of_range
0002d611   _ZZNKSt7num_putIcSt19ostreambuf_iteratorIcSt11char_traitsIcEEE6do_putES3_RSt8ios_basecxEs
0002d614   _ZTIPKe
0002d624   _ZTS13SPISlaveClass
0002d634   _ZTSSt11logic_error
0002d644   _ZTSSt7codecvtIcciE
0002d654   _ZTSSt7codecvtIwciE
0002d664   _ZTV12ControlClass
0002d674   _ZTV12GPTimerClass
0002d684   _ZTV12I2CTestClass
0002d694   _ZTV12MPU9150Class
0002d6a4   _ZTV13SPISlaveClass
0002d6b4   _ZTV14EigenTestClass
0002d6c4   _ZTV14GPIOInputClass
0002d6d4   _ZTV14SPIMasterClass
0002d6e4   _ZTV15ArbitratorClass
0002d6f4   _ZTV15GPIOOutputClass
0002d704   _ZTV15PrintfTestClass
0002d714   _ZTV15QuaternionClass
0002d724   _ZTV15RingBufferClassI9message_sE
0002d734   _ZTV15RingBufferClassIhE
0002d744   _ZTV16MPU9150TestClass
0002d754   _ZTV16MerayoCalibClass
0002d764   _ZTV16RXInterfaceClass
0002d774   _ZTV17InputCaptureClass
0002d784   _ZTV18DebugFunctionClass
0002d794   _ZTV18MessageParserClass
0002d7a4   _ZTV18PinControllerClass
0002d7b4   _ZTV19ExtendedKalmanClass
0002d7c4   _ZTV19MotorInterfaceClass
0002d7d4   _ZTV20MotorControllerClass
0002d7e4   _ZTV21StandaloneCopterClass
0002d7f4   _ZTV23OptimusPiInterfaceClass
0002d804   _ZTV24RPiControlledCopterClass
0002d814   _ZTV8I2CClass
0002d824   _ZTV8PIDClass
0002d834   _ZTV9AHRSClass
0002d844   _ZTVN10__cxxabiv117__class_type_infoE
0002d854   _ZTVN10__cxxabiv119__pointer_type_infoE
0002d864   _ZTVN10__cxxabiv120__si_class_type_infoE
0002d874   _ZTVN10__cxxabiv121__vmi_class_type_infoE
0002d884   _ZTVN10__cxxabiv123__fundamental_type_infoE
0002d894   _ZTVNSt6locale5facetE
0002d8a4   _ZTVNSt6locale7_LocimpE
0002d8b4   _ZTVSt10ctype_base
0002d8c4   _ZTVSt8ios_base
0002d8d4   _ZTVSt9basic_iosIcSt11char_traitsIcEE
0002d8e4   _ZTVSt9basic_iosIwSt11char_traitsIwEE
0002d8f4   _ZTS12ControlClass
0002d903   _ZTS12GPTimerClass
0002d912   _ZTS12I2CTestClass
0002d921   _ZTS12MPU9150Class
0002d930   _ZTSSt10ctype_base
0002d93f   _ZTSSt10money_base
0002d94e   _ZTSSt8messagesIcE
0002d95d   _ZTSSt8messagesIwE
0002d96c   _ZTSSt8numpunctIcE
0002d97b   _ZTSSt8numpunctIwE
0002d98a   _ZTSSt7_MpunctIcE
0002d998   _ZTSSt7_MpunctIwE
0002d9a6   _ZTSSt7collateIcE
0002d9b4   _ZTSSt7collateIwE
0002d9c2   _ZTSSt9bad_alloc
0002d9cf   _ZTSSt9exception
0002d9dc   _ZTSSt9time_base
0002d9e9   _ZTSSt9type_info
0002d9f6   _ZZNSt7_MpunctIwE5_InitERKSt8_LocinfoEs_0
0002d9f8   _ZTI9AHRSClass
0002da04   _ZTIN10__cxxabiv117__class_type_infoE
0002da10   _ZTIN10__cxxabiv117__pbase_type_infoE
0002da1c   _ZTIN10__cxxabiv119__pointer_type_infoE
0002da28   _ZTIN10__cxxabiv120__si_class_type_infoE
0002da34   _ZTIN10__cxxabiv121__vmi_class_type_infoE
0002da40   _ZTIN10__cxxabiv123__fundamental_type_infoE
0002da4c   _ZTINSt6locale7_LocimpE
0002da58   _ZTINSt8ios_base7failureE
0002da64   _ZTISt10ctype_base
0002da70   _ZTISt10money_base
0002da7c   _ZTISt10moneypunctIcLb0EE
0002da88   _ZTISt10moneypunctIcLb1EE
0002da94   _ZTISt10moneypunctIwLb0EE
0002daa0   _ZTISt10moneypunctIwLb1EE
0002daac   _ZTISt11logic_error
0002dab8   _ZTISt12codecvt_base
0002dac4   _ZTISt12length_error
0002dad0   _ZTISt12out_of_range
0002dadc   _ZTISt13basic_filebufIcSt11char_traitsIcEE
0002dae8   _ZTISt13basic_filebufIwSt11char_traitsIwEE
0002daf4   _ZTISt13messages_base
0002db00   _ZTISt13runtime_error
0002db0c   _ZTISt15basic_stringbufIcSt11char_traitsIcESaIcEE
0002db18   _ZTISt18basic_stringstreamIcSt11char_traitsIcESaIcEE
0002db24   _ZTISt5ctypeIcE
0002db30   _ZTISt5ctypeIwE
0002db3c   _ZTISt7_MpunctIcE
0002db48   _ZTISt7_MpunctIwE
0002db54   _ZTISt7codecvtIcciE
0002db60   _ZTISt7codecvtIwciE
0002db6c   _ZTISt7collateIcE
0002db78   _ZTISt7collateIwE
0002db84   _ZTISt7num_getIcSt19istreambuf_iteratorIcSt11char_traitsIcEEE
0002db90   _ZTISt7num_getIwSt19istreambuf_iteratorIwSt11char_traitsIwEEE
0002db9c   _ZTISt7num_putIcSt19ostreambuf_iteratorIcSt11char_traitsIcEEE
0002dba8   _ZTISt7num_putIwSt19ostreambuf_iteratorIwSt11char_traitsIwEEE
0002dbb4   _ZTISt8ios_base
0002dbc0   _ZTISt8messagesIcE
0002dbcc   _ZTISt8messagesIwE
0002dbd8   _ZTISt8numpunctIcE
0002dbe4   _ZTISt8numpunctIwE
0002dbf0   _ZTISt8time_getIcSt19istreambuf_iteratorIcSt11char_traitsIcEEE
0002dbfc   _ZTISt8time_getIwSt19istreambuf_iteratorIwSt11char_traitsIwEEE
0002dc08   _ZTISt8time_putIcSt19ostreambuf_iteratorIcSt11char_traitsIcEEE
0002dc14   _ZTISt8time_putIwSt19ostreambuf_iteratorIwSt11char_traitsIwEEE
0002dc20   _ZTISt9bad_alloc
0002dc2c   _ZTISt9basic_iosIcSt11char_traitsIcEE
0002dc38   _ZTISt9basic_iosIwSt11char_traitsIwEE
0002dc44   _ZTISt9money_getIcSt19istreambuf_iteratorIcSt11char_traitsIcEEE
0002dc50   _ZTISt9money_getIwSt19istreambuf_iteratorIwSt11char_traitsIwEEE
0002dc5c   _ZTISt9money_putIcSt19ostreambuf_iteratorIcSt11char_traitsIcEEE
0002dc68   _ZTISt9money_putIwSt19ostreambuf_iteratorIwSt11char_traitsIwEEE
0002dc74   _ZTISt9time_base
0002dc80   _ZTSSt5_IosbIiE
0002dc8c   _ZTSSt5ctypeIcE
0002dc98   _ZTSSt5ctypeIwE
0002dca4   _ZTSSt8ios_base
0002dcb0   _ZTS9AHRSClass
0002dcbb   _ZTS8I2CClass
0002dcc5   _ZTS8PIDClass
0002dccf   _ZZNSt7_MpunctIwE5_InitERKSt8_LocinfoEs
0002dcd0   _ZTI12ControlClass
0002dcd8   _ZTI12GPTimerClass
0002dce0   _ZTI12I2CTestClass
0002dce8   _ZTI12MPU9150Class
0002dcf0   _ZTI13SPISlaveClass
0002dcf8   _ZTI14EigenTestClass
0002dd00   _ZTI14GPIOInputClass
0002dd08   _ZTI14SPIMasterClass
0002dd10   _ZTI15ArbitratorClass
0002dd18   _ZTI15GPIOOutputClass
0002dd20   _ZTI15PrintfTestClass
0002dd28   _ZTI15QuaternionClass
0002dd30   _ZTI15RingBufferClassI9message_sE
0002dd38   _ZTI15RingBufferClassIhE
0002dd40   _ZTI16MPU9150TestClass
0002dd48   _ZTI16MerayoCalibClass
0002dd50   _ZTI16RXInterfaceClass
0002dd58   _ZTI17InputCaptureClass
0002dd60   _ZTI18DebugFunctionClass
0002dd68   _ZTI18MessageParserClass
0002dd70   _ZTI18PinControllerClass
0002dd78   _ZTI19ExtendedKalmanClass
0002dd80   _ZTI19MotorInterfaceClass
0002dd88   _ZTI20MotorControllerClass
0002dd90   _ZTI21StandaloneCopterClass
0002dd98   _ZTI23OptimusPiInterfaceClass
0002dda0   _ZTI24RPiControlledCopterClass
0002dda8   _ZTI8I2CClass
0002ddb0   _ZTI8PIDClass
0002ddb8   _ZTINSt6locale5facetE
0002ddc0   _ZTISt15basic_streambufIcSt11char_traitsIcEE
0002ddc8   _ZTISt15basic_streambufIwSt11char_traitsIwEE
0002ddd0   _ZTISt5_IosbIiE
0002ddd8   _ZTISt9exception
0002dde0   _ZTISt9type_info
0002dde8   _ZTIe
0002de00   _ZZNKSt8_Locinfo9_GetfalseEvEs
0002de06   _ZZNKSt9money_putIcSt19ostreambuf_iteratorIcSt11char_traitsIcEEE6do_putES3_bRSt8ios_baseceEs
0002de0c   _ZZNKSt9money_putIwSt19ostreambuf_iteratorIwSt11char_traitsIwEEE6do_putES3_bRSt8ios_baseweEs
0002de12   _ZTSe
0002de1a   _ZZNKSt8_Locinfo8_GettrueEvEs
0002de1f   _ZZNSt7_MpunctIcE7_MakpatERNSt10money_base7patternEjjjEs
0002de24   _ZZNSt7_MpunctIwE7_MakpatERNSt10money_base7patternEjjjEs
0002de29   _ZZNKSt7num_putIcSt19ostreambuf_iteratorIcSt11char_traitsIcEEE6do_putES3_RSt8ios_basecyEs
0002de2c   _ZNSs4nposE
0002de30   _ZSt7_BADOFF
0002de34   _ZZNKSt7num_putIwSt19ostreambuf_iteratorIwSt11char_traitsIwEEE6do_putES3_RSt8ios_basewPKvEs
0002de37   _ZZNKSt7num_putIwSt19ostreambuf_iteratorIwSt11char_traitsIwEEE6do_putES3_RSt8ios_basewlEs
0002de3a   _ZZNKSt7num_putIwSt19ostreambuf_iteratorIwSt11char_traitsIwEEE6do_putES3_RSt8ios_basewmEs
0002de3d   _ZZNKSt7num_putIwSt19ostreambuf_iteratorIwSt11char_traitsIwEEE6do_putES3_RSt8ios_basewxEs
0002de40   _ZZNKSt7num_putIwSt19ostreambuf_iteratorIwSt11char_traitsIwEEE6do_putES3_RSt8ios_basewyEs
0002de43   _ZTSSd
0002de46   _ZTSSi
0002de49   _ZTSSo
0002de50   SHT$$INIT_ARRAY$$Base
0002deac   SHT$$INIT_ARRAY$$Limit
0002dfd4   __TI_Handler_Table_Base
0002dfe0   __TI_Handler_Table_Limit
0002dff0   __TI_CINIT_Base
0002e008   __TI_CINIT_Limit
20000000   g_pfnRAMVectors
2000026c   __stack
2000046c   __STACK_TOP
2000126c   __STACK_END
20001270   _sys_memory
20002270   _ZNSt8ios_base4Init9_Init_cntE
20002274   _ZSt4cout
200022a4   _ZSt4cerr
200022d4   _ZSt4clog
20002304   _ZSt3cin
20002428   _ZNSt6_Winit9_Init_cntE
2000242c   _ZSt5wcout
2000245c   _ZSt5wcerr
2000248c   _ZSt5wclog
200024bc   _ZSt4wcin
200025e0   _ftable
20002850   _Denorm
20002860   _Eps
20002870   _Hugeval
20002880   _Inf
20002890   _Nan
200028a0   _Snan
200028b0   _Rteps
200028c0   _Xbig
200028c8   _Zero
200028d0   _FDenorm
200028e0   _FEps
200028f0   _FInf
20002900   _FNan
20002910   _FSnan
20002920   _FRteps
20002930   _FXbig
20002934   _FZero
20002938   _ZNSt8ios_base6_IndexE
2000293c   _ZNSt8ios_base5_SyncE
20002940   _ZSt4_Fpz
2000298c   C_locale
200029c0   _ZNSt6locale2id7_Id_cntE
200029c8   _ZNSt6locale7_Locimp8_ClocptrE
200029cc   _ZNSt7codecvtIwciE2idE
200029d0   _ZNSt5ctypeIcE2idE
200029e0   __TI_ft_end
200029e4   __aeabi_stdin
200029e8   __aeabi_stdout
200029ec   __aeabi_stderr
200029f0   _tz
20002a0c   _lock
20002a10   _unlock
20002a14   __TI_cleanup_ptr
20002a18   __TI_dtors_ptr
20002a1c   _Fenv
20002a20   _Tls_setup__Fenv
20002a24   _ZNSt9_FacetptrISt10moneypunctIcLb0EEE6_PsaveE
20002a28   _ZNSt9_FacetptrISt10moneypunctIcLb1EEE6_PsaveE
20002a2c   _ZNSt9_FacetptrISt10moneypunctIwLb0EEE6_PsaveE
20002a30   _ZNSt9_FacetptrISt10moneypunctIwLb1EEE6_PsaveE
20002a34   _ZNSt9_FacetptrISt5ctypeIcEE6_PsaveE
20002a38   _ZNSt9_FacetptrISt5ctypeIwEE6_PsaveE
20002a3c   _ZNSt9_FacetptrISt7codecvtIcciEE6_PsaveE
20002a40   _ZNSt9_FacetptrISt7codecvtIwciEE6_PsaveE
20002a44   _ZNSt9_FacetptrISt7collateIcEE6_PsaveE
20002a48   _ZNSt9_FacetptrISt7collateIwEE6_PsaveE
20002a4c   _ZNSt9_FacetptrISt7num_getIcSt19istreambuf_iteratorIcSt11char_traitsIcEEEE6_PsaveE
20002a50   _ZNSt9_FacetptrISt7num_getIwSt19istreambuf_iteratorIwSt11char_traitsIwEEEE6_PsaveE
20002a54   _ZNSt9_FacetptrISt7num_putIcSt19ostreambuf_iteratorIcSt11char_traitsIcEEEE6_PsaveE
20002a58   _ZNSt9_FacetptrISt7num_putIwSt19ostreambuf_iteratorIwSt11char_traitsIwEEEE6_PsaveE
20002a5c   _ZNSt9_FacetptrISt8messagesIcEE6_PsaveE
20002a60   _ZNSt9_FacetptrISt8messagesIwEE6_PsaveE
20002a64   _ZNSt9_FacetptrISt8numpunctIcEE6_PsaveE
20002a68   _ZNSt9_FacetptrISt8numpunctIwEE6_PsaveE
20002a6c   _ZNSt9_FacetptrISt8time_getIcSt19istreambuf_iteratorIcSt11char_traitsIcEEEE6_PsaveE
20002a70   _ZNSt9_FacetptrISt8time_getIwSt19istreambuf_iteratorIwSt11char_traitsIwEEEE6_PsaveE
20002a74   _ZNSt9_FacetptrISt8time_putIcSt19ostreambuf_iteratorIcSt11char_traitsIcEEEE6_PsaveE
20002a78   _ZNSt9_FacetptrISt8time_putIwSt19ostreambuf_iteratorIwSt11char_traitsIwEEEE6_PsaveE
20002a7c   _ZNSt9_FacetptrISt9money_getIcSt19istreambuf_iteratorIcSt11char_traitsIcEEEE6_PsaveE
20002a80   _ZNSt9_FacetptrISt9money_getIwSt19istreambuf_iteratorIwSt11char_traitsIwEEEE6_PsaveE
20002a84   _ZNSt9_FacetptrISt9money_putIcSt19ostreambuf_iteratorIcSt11char_traitsIcEEEE6_PsaveE
20002a88   _ZNSt9_FacetptrISt9money_putIwSt19ostreambuf_iteratorIwSt11char_traitsIwEEEE6_PsaveE
20002a90   _Errno
20002a98   _ZSt14_Raise_handler
20002a9c   main_func_sp
20002aa0   _new_handler
20002aa4   __CIOBUF_
20002bc4   __TI_tmpnams
20002c64   OverseerSPIMaster1
20002cb8   OverseerSPIMaster2
20002d28   _ZGVNSt10moneypunctIcLb0EE2idE
20002d2c   _ZGVNSt10moneypunctIcLb1EE2idE
20002d30   _ZGVNSt10moneypunctIwLb0EE2idE
20002d34   _ZGVNSt10moneypunctIwLb1EE2idE
20002d38   _ZGVNSt7codecvtIcciE2idE
20002d3c   _ZGVNSt7collateIcE2idE
20002d40   _ZGVNSt7collateIwE2idE
20002d44   _ZGVNSt7num_getIcSt19istreambuf_iteratorIcSt11char_traitsIcEEE2idE
20002d48   _ZGVNSt7num_getIwSt19istreambuf_iteratorIwSt11char_traitsIwEEE2idE
20002d4c   _ZGVNSt7num_putIcSt19ostreambuf_iteratorIcSt11char_traitsIcEEE2idE
20002d50   _ZGVNSt7num_putIwSt19ostreambuf_iteratorIwSt11char_traitsIwEEE2idE
20002d54   _ZGVNSt8messagesIcE2idE
20002d58   _ZGVNSt8messagesIwE2idE
20002d5c   _ZGVNSt8numpunctIcE2idE
20002d60   _ZGVNSt8numpunctIwE2idE
20002d64   _ZGVNSt8time_getIcSt19istreambuf_iteratorIcSt11char_traitsIcEEE2idE
20002d68   _ZGVNSt8time_getIwSt19istreambuf_iteratorIwSt11char_traitsIwEEE2idE
20002d6c   _ZGVNSt8time_putIcSt19ostreambuf_iteratorIcSt11char_traitsIcEEE2idE
20002d70   _ZGVNSt9money_getIcSt19istreambuf_iteratorIcSt11char_traitsIcEEE2idE
20002d74   _ZGVNSt9money_getIwSt19istreambuf_iteratorIwSt11char_traitsIwEEE2idE
20002d78   _ZGVNSt9money_putIcSt19ostreambuf_iteratorIcSt11char_traitsIcEEE2idE
20002d7c   _ZGVNSt9money_putIwSt19ostreambuf_iteratorIwSt11char_traitsIwEEE2idE
20002d80   _ZNSt10moneypunctIcLb0EE2idE
20002d84   _ZNSt10moneypunctIcLb1EE2idE
20002d88   _ZNSt10moneypunctIwLb0EE2idE
20002d8c   _ZNSt10moneypunctIwLb1EE2idE
20002d90   _ZNSt13basic_filebufIcSt11char_traitsIcEE7_StinitE
20002d94   _ZNSt13basic_filebufIwSt11char_traitsIwEE7_StinitE
20002d98   _ZNSt4fposIiE4_StzE
20002d9c   _ZNSt7codecvtIcciE2idE
20002da0   _ZNSt7collateIcE2idE
20002da4   _ZNSt7collateIwE2idE
20002da8   _ZNSt7num_getIcSt19istreambuf_iteratorIcSt11char_traitsIcEEE2idE
20002dac   _ZNSt7num_getIwSt19istreambuf_iteratorIwSt11char_traitsIwEEE2idE
20002db0   _ZNSt7num_putIcSt19ostreambuf_iteratorIcSt11char_traitsIcEEE2idE
20002db4   _ZNSt7num_putIwSt19ostreambuf_iteratorIwSt11char_traitsIwEEE2idE
20002db8   _ZNSt8messagesIcE2idE
20002dbc   _ZNSt8messagesIwE2idE
20002dc0   _ZNSt8numpunctIcE2idE
20002dc4   _ZNSt8numpunctIwE2idE
20002dc8   _ZNSt8time_getIcSt19istreambuf_iteratorIcSt11char_traitsIcEEE2idE
20002dcc   _ZNSt8time_getIwSt19istreambuf_iteratorIwSt11char_traitsIwEEE2idE
20002dd0   _ZNSt8time_putIcSt19ostreambuf_iteratorIcSt11char_traitsIcEEE2idE
20002dd4   _ZNSt8time_putIwSt19ostreambuf_iteratorIwSt11char_traitsIwEEE2idE
20002dd8   _ZNSt9money_getIcSt19istreambuf_iteratorIcSt11char_traitsIcEEE2idE
20002ddc   _ZNSt9money_getIwSt19istreambuf_iteratorIwSt11char_traitsIwEEE2idE
20002de0   _ZNSt9money_putIcSt19ostreambuf_iteratorIcSt11char_traitsIcEEE2idE
20002de4   _ZNSt9money_putIwSt19ostreambuf_iteratorIwSt11char_traitsIwEEE2idE
20002de8   _ZNSt5ctypeIwE2idE
20002dec   IC0
20002df0   IC1
20002df4   IC2
20002df8   IC3
20002dfc   IC4
20002e00   IC5
20002e04   IC6
20002e08   IC7
20002e28   SPISlave0
20002e30   Timer
20002e48   _ZSt16__dummy_typeinfo
20002e4c   __dso_handle
ffffffff   __binit__
ffffffff   __c_args__
ffffffff   binit

[3050 symbols]
