******************************************************************************
                  TI ARM Linker PC v5.1.5                      
******************************************************************************
>> Linked Thu Jul 17 15:23:40 2014

OUTPUT FILE NAME:   <BLDC.out>
ENTRY POINT SYMBOL: "_c_int00"  address: 000016d1


MEMORY CONFIGURATION

         name            origin    length      used     unused   attr    fill
----------------------  --------  ---------  --------  --------  ----  --------
  FLASH                 00000000   00040000  00001e70  0003e190  R  X
  SRAM                  20000000   00008000  00000aa4  0000755c  RW X


SEGMENT ALLOCATION MAP

run origin  load origin   length   init length attrs members
----------  ----------- ---------- ----------- ----- -------
00000000    00000000    00001e70   00001e70    r-x
  00000000    00000000    0000026c   0000026c    r-- .intvecs
  0000026c    0000026c    0000187c   0000187c    r-x .text
  00001ae8    00001ae8    00000338   00000338    r-- .const
  00001e20    00001e20    00000050   00000050    r-- .cinit
20000000    20000000    00000aa8   00000000    rw-
  20000000    20000000    0000026c   00000000    rw- .vtable
  2000026c    2000026c    00000800   00000000    rw- .stack
  20000a6c    20000a6c    00000020   00000000    rw- .data
  20000a8c    20000a8c    00000010   00000000    rw- .bss
  20000aa0    20000aa0    00000008   00000000    rw- .sysmem


SECTION ALLOCATION MAP

 output                                  attributes/
section   page    origin      length       input sections
--------  ----  ----------  ----------   ----------------
.intvecs   0    00000000    0000026c     
                  00000000    0000026c     tm4c123ah6pm_startup_ccs.obj (.intvecs)

.init_array 
*          0    00000000    00000000     UNINITIALIZED

.text      0    0000026c    0000187c     
                  0000026c    000006b4     CommutationController.obj (.text)
                  00000920    00000274     ADC.obj (.text)
                  00000b94    000001a0     rtsv7M4_T_le_v4SPD16_eabi.lib : memory.obj (.text)
                  00000d34    00000176     PWM.obj (.text)
                  00000eaa    00000130     driverlib.lib : gpio.obj (.text:GPIOPadConfigSet)
                  00000fda    00000002     rtsv7M4_T_le_v4SPD16_eabi.lib : _lock.obj (.text)
                  00000fdc    000000f0     driverlib.lib : sysctl.obj (.text:SysCtlClockSet)
                  000010cc    0000009c     main.obj (.text)
                  00001168    0000009c     rtsv7M4_T_le_v4SPD16_eabi.lib : memcpy_t2.obj (.text)
                  00001204    00000094                                   : auto_init.obj (.text)
                  00001298    0000008c     Commutator.obj (.text)
                  00001324    0000007a     driverlib.lib : adc.obj (.text:ADCSequenceStepConfigure)
                  0000139e    0000006e     rtsv7M4_T_le_v4SPD16_eabi.lib : typeinfo_.obj (.text)
                  0000140c    00000068     driverlib.lib : interrupt.obj (.text:IntEnable)
                  00001474    00000064     motor.obj (.text)
                  000014d8    00000060     driverlib.lib : timer.obj (.text:TimerConfigure)
                  00001538    0000005e     rtsv7M4_T_le_v4SPD16_eabi.lib : copy_decompress_rle.obj (.text)
                  00001596    00000054     driverlib.lib : adc.obj (.text:ADCSequenceConfigure)
                  000015ea    00000002     --HOLE-- [fill = 0]
                  000015ec    00000050                   : adc.obj (.text:_ADCIntNumberGet)
                  0000163c    0000004c                   : timer.obj (.text:_TimerIntNumberGet)
                  00001688    00000048                   : gpio.obj (.text:GPIOPinConfigure)
                  000016d0    00000048     rtsv7M4_T_le_v4SPD16_eabi.lib : boot.obj (.text)
                  00001718    00000044     ZCDetector.obj (.text)
                  0000175c    00000044     rtsv7M4_T_le_v4SPD16_eabi.lib : cpy_tbl.obj (.text)
                  000017a0    00000044                                   : exit.obj (.text)
                  000017e4    00000034     driverlib.lib : interrupt.obj (.text:IntRegister)
                  00001818    00000034     LED.obj (.text)
                  0000184c    00000034     driverlib.lib : sysctl.obj (.text:SysCtlPeripheralEnable)
                  00001880    0000002a                   : gpio.obj (.text:GPIODirModeSet)
                  000018aa    00000022                   : pwm.obj (.text:PWMGenConfigure)
                  000018cc    0000001e                   : adc.obj (.text:ADCSequenceDataGet)
                  000018ea    0000001e                   : pwm.obj (.text:PWMPulseWidthSet)
                  00001908    00000018                   : adc.obj (.text:ADCIntRegister)
                  00001920    00000018                   : gpio.obj (.text:GPIOPinTypeGPIOOutput)
                  00001938    00000018                   : timer.obj (.text:TimerIntRegister)
                  00001950    00000018     ADC.obj (.text:retain)
                  00001968    00000018     CommutationController.obj (.text:retain)
                  00001980    00000018     rtsv7M4_T_le_v4SPD16_eabi.lib : args_main.obj (.text)
                  00001998    00000014     driverlib.lib : sysctl.obj (.text:SysCtlPWMClockSet)
                  000019ac    00000012                   : gpio.obj (.text:GPIOPinTypeADC)
                  000019be    00000012                   : gpio.obj (.text:GPIOPinTypePWM)
                  000019d0    00000012                   : pwm.obj (.text:PWMOutputInvert)
                  000019e2    00000012                   : pwm.obj (.text:PWMOutputState)
                  000019f4    00000012                   : timer.obj (.text:TimerLoadSet)
                  00001a06    00000012     rtsv7M4_T_le_v4SPD16_eabi.lib : copy_zero_init.obj (.text:decompress:ZI)
                  00001a18    00000010     driverlib.lib : adc.obj (.text:ADCIntEnable)
                  00001a28    00000010                   : pwm.obj (.text:PWMGenPeriodSet)
                  00001a38    0000000e                   : adc.obj (.text:ADCIntDisable)
                  00001a46    0000000e                   : adc.obj (.text:ADCSequenceEnable)
                  00001a54    0000000e                   : timer.obj (.text:TimerEnable)
                  00001a62    0000000e     rtsv7M4_T_le_v4SPD16_eabi.lib : copy_decompress_none.obj (.text:decompress:none)
                  00001a70    0000000c     driverlib.lib : pwm.obj (.text:PWMGenEnable)
                  00001a7c    0000000c     tm4c123ah6pm_startup_ccs.obj (.text)
                  00001a88    0000000a     driverlib.lib : adc.obj (.text:ADCIntClear)
                  00001a92    0000000a                   : pwm.obj (.text:PWMGenIntTrigEnable)
                  00001a9c    0000000a                   : timer.obj (.text:TimerIntDisable)
                  00001aa6    0000000a                   : timer.obj (.text:TimerLoadGet)
                  00001ab0    0000000a                   : timer.obj (.text:TimerValueGet)
                  00001aba    00000008                   : timer.obj (.text:TimerIntEnable)
                  00001ac2    00000008     rtsv7M4_T_le_v4SPD16_eabi.lib : delete.obj (.text)
                  00001aca    00000006     driverlib.lib : gpio.obj (.text:GPIOPinWrite)
                  00001ad0    00000006                   : sysctl.obj (.text:SysCtlDelay)
                  00001ad6    00000006     rtsv7M4_T_le_v4SPD16_eabi.lib : copy_decompress_rle.obj (.text:decompress:rle24)
                  00001adc    00000004     driverlib.lib : pwm.obj (.text:PWMSyncTimeBase)
                  00001ae0    00000004                   : pwm.obj (.text:PWMSyncUpdate)
                  00001ae4    00000004                   : timer.obj (.text:TimerIntClear)

.const     0    00001ae8    00000338     
                  00001ae8    00000090     driverlib.lib : gpio.obj (.const:g_pui32GPIOBaseAddrs)
                  00001b78    00000070                   : interrupt.obj (.const)
                  00001be8    00000060                   : timer.obj (.const:g_ppui32TimerIntMap)
                  00001c48    00000040                   : timer.obj (.const:g_ppui32TimerIntMapSnowflake)
                  00001c88    00000025     rtsv7M4_T_le_v4SPD16_eabi.lib : typeinfo_.obj (.const:.typeinfo:_ZTSN10__cxxabiv120__si_class_type_infoE)
                  00001cad    00000022                                   : typeinfo_.obj (.const:.typeinfo:_ZTSN10__cxxabiv117__class_type_infoE)
                  00001ccf    0000001d     CommutationController.obj (.const:.typeinfo:_ZTS26CommutationControllerClass)
                  00001cec    00000012     Commutator.obj (.const:.typeinfo:_ZTS15CommutatorClass)
                  00001cfe    00000012     ZCDetector.obj (.const:.typeinfo:_ZTS15ZCDetectorClass)
                  00001d10    00000010     motor.obj (.const:_ZTV10motorClass)
                  00001d20    00000010     Commutator.obj (.const:_ZTV15CommutatorClass)
                  00001d30    00000010     CommutationController.obj (.const:_ZTV26CommutationControllerClass)
                  00001d40    00000010     ADC.obj (.const:_ZTV8ADCClass)
                  00001d50    00000010     LED.obj (.const:_ZTV8LEDClass)
                  00001d60    00000010     rtsv7M4_T_le_v4SPD16_eabi.lib : typeinfo_.obj (.const:_ZTVN10__cxxabiv117__class_type_infoE)
                  00001d70    00000010                                   : typeinfo_.obj (.const:_ZTVN10__cxxabiv120__si_class_type_infoE)
                  00001d80    0000000d     motor.obj (.const:.typeinfo:_ZTS10motorClass)
                  00001d8d    0000000d     rtsv7M4_T_le_v4SPD16_eabi.lib : typeinfo_.obj (.const:.typeinfo:_ZTSSt9type_info)
                  00001d9a    00000002     --HOLE-- [fill = 0]
                  00001d9c    0000000c     Commutator.obj (.const:.typeinfo:_ZTI15CommutatorClass)
                  00001da8    0000000c     CommutationController.obj (.const:.typeinfo:_ZTI26CommutationControllerClass)
                  00001db4    0000000c     ADC.obj (.const:.typeinfo:_ZTI8ADCClass)
                  00001dc0    0000000c     rtsv7M4_T_le_v4SPD16_eabi.lib : typeinfo_.obj (.const:.typeinfo:_ZTIN10__cxxabiv117__class_type_infoE)
                  00001dcc    0000000c                                   : typeinfo_.obj (.const:.typeinfo:_ZTIN10__cxxabiv120__si_class_type_infoE)
                  00001dd8    0000000a     ADC.obj (.const:.typeinfo:_ZTS8ADCClass)
                  00001de2    0000000a     LED.obj (.const:.typeinfo:_ZTS8LEDClass)
                  00001dec    0000000a     PWM.obj (.const:.typeinfo:_ZTS8PWMClass)
                  00001df6    00000002     --HOLE-- [fill = 0]
                  00001df8    00000008     motor.obj (.const:.typeinfo:_ZTI10motorClass)
                  00001e00    00000008     ZCDetector.obj (.const:.typeinfo:_ZTI15ZCDetectorClass)
                  00001e08    00000008     LED.obj (.const:.typeinfo:_ZTI8LEDClass)
                  00001e10    00000008     PWM.obj (.const:.typeinfo:_ZTI8PWMClass)
                  00001e18    00000008     rtsv7M4_T_le_v4SPD16_eabi.lib : typeinfo_.obj (.const:.typeinfo:_ZTISt9type_info)

.cinit     0    00001e20    00000050     
                  00001e20    0000001b     (.cinit..data.load) [load image, compression = rle]
                  00001e3b    00000001     --HOLE-- [fill = 0]
                  00001e3c    0000000c     (__TI_handler_table)
                  00001e48    00000008     (.cinit..bss.load) [load image, compression = zero_init]
                  00001e50    00000008     (.cinit..vtable.load) [load image, compression = zero_init]
                  00001e58    00000018     (__TI_cinit_table)

.vtable    0    20000000    0000026c     UNINITIALIZED
                  20000000    0000026c     driverlib.lib : interrupt.obj (.vtable)

.stack     0    2000026c    00000800     UNINITIALIZED
                  2000026c    00000800     --HOLE--

.data      0    20000a6c    00000020     UNINITIALIZED
                  20000a6c    0000000c     rtsv7M4_T_le_v4SPD16_eabi.lib : memory.obj (.data)
                  20000a78    00000008                                   : _lock.obj (.data)
                  20000a80    00000008                                   : exit.obj (.data)
                  20000a88    00000004                                   : stkdepth_vars.obj (.data)

.bss       0    20000a8c    00000010     UNINITIALIZED
                  20000a8c    00000008     ADC.obj (.bss)
                  20000a94    00000008     CommutationController.obj (.bss)

.sysmem    0    20000aa0    00000008     UNINITIALIZED
                  20000aa0    00000008     rtsv7M4_T_le_v4SPD16_eabi.lib : memory.obj (.sysmem)


LINKER GENERATED COPY TABLES

__TI_cinit_table @ 00001e58 records: 3, size/record: 8, table size: 24
	.data: load addr=00001e20, load size=0000001b bytes, run addr=20000a6c, run size=00000020 bytes, compression=rle
	.bss: load addr=00001e48, load size=00000008 bytes, run addr=20000a8c, run size=00000010 bytes, compression=zero_init
	.vtable: load addr=00001e50, load size=00000008 bytes, run addr=20000000, run size=0000026c bytes, compression=zero_init


LINKER GENERATED HANDLER TABLE

__TI_handler_table @ 00001e3c records: 3, size/record: 4, table size: 12
	index: 0, handler: __TI_zero_init
	index: 1, handler: __TI_decompress_rle24
	index: 2, handler: __TI_decompress_none


GLOBAL SYMBOLS: SORTED ALPHABETICALLY BY Name 

address    name
--------   ----
20000a8c   ADC0
20000a90   ADC1
00001a89   ADCIntClear
00001a39   ADCIntDisable
00001a19   ADCIntEnable
00001909   ADCIntRegister
00001597   ADCSequenceConfigure
000018cd   ADCSequenceDataGet
00001a47   ADCSequenceEnable
00001325   ADCSequenceStepConfigure
000017a1   C$$EXIT
20000a94   CommTimer0
20000a98   CommTimer1
00001881   GPIODirModeSet
00000eab   GPIOPadConfigSet
00001689   GPIOPinConfigure
000019ad   GPIOPinTypeADC
00001921   GPIOPinTypeGPIOOutput
000019bf   GPIOPinTypePWM
00001acb   GPIOPinWrite
0000140d   IntEnable
000017e5   IntRegister
000018ab   PWMGenConfigure
00001a71   PWMGenEnable
00001a93   PWMGenIntTrigEnable
00001a29   PWMGenPeriodSet
000019d1   PWMOutputInvert
000019e3   PWMOutputState
000018eb   PWMPulseWidthSet
00001add   PWMSyncTimeBase
00001ae1   PWMSyncUpdate
00001a7d   ResetISR
UNDEFED    SHT$$INIT_ARRAY$$Base
UNDEFED    SHT$$INIT_ARRAY$$Limit
00000fdd   SysCtlClockSet
00001ad1   SysCtlDelay
00001999   SysCtlPWMClockSet
0000184d   SysCtlPeripheralEnable
000014d9   TimerConfigure
00001a55   TimerEnable
00001ae5   TimerIntClear
00001a9d   TimerIntDisable
00001abb   TimerIntEnable
00001939   TimerIntRegister
00001aa7   TimerLoadGet
000019f5   TimerLoadSet
00001ab1   TimerValueGet
000013bf   _ZN10__cxxabiv116__enum_type_infoD0Ev
000013c7   _ZN10__cxxabiv116__enum_type_infoD1Ev
000013d3   _ZN10__cxxabiv117__array_type_infoD0Ev
000013db   _ZN10__cxxabiv117__array_type_infoD1Ev
000013fb   _ZN10__cxxabiv117__class_type_infoD0Ev
00001403   _ZN10__cxxabiv117__class_type_infoD1Ev
000013ab   _ZN10__cxxabiv117__pbase_type_infoD0Ev
000013b3   _ZN10__cxxabiv117__pbase_type_infoD1Ev
000013dd   _ZN10__cxxabiv119__pointer_type_infoD0Ev
000013e5   _ZN10__cxxabiv119__pointer_type_infoD1Ev
000013c9   _ZN10__cxxabiv120__function_type_infoD0Ev
000013d1   _ZN10__cxxabiv120__function_type_infoD1Ev
000013f1   _ZN10__cxxabiv120__si_class_type_infoD0Ev
000013f9   _ZN10__cxxabiv120__si_class_type_infoD1Ev
000013b5   _ZN10__cxxabiv121__vmi_class_type_infoD0Ev
000013bd   _ZN10__cxxabiv121__vmi_class_type_infoD1Ev
000013e7   _ZN10__cxxabiv123__fundamental_type_infoD0Ev
000013ef   _ZN10__cxxabiv123__fundamental_type_infoD1Ev
000013a1   _ZN10__cxxabiv129__pointer_to_member_type_infoD0Ev
000013a9   _ZN10__cxxabiv129__pointer_to_member_type_infoD1Ev
00001495   _ZN10motorClass5startEv
00001475   _ZN10motorClassC1Ev
000014c7   _ZN10motorClassD0Ev
000014c5   _ZN10motorClassD1Ev
000012a3   _ZN15CommutatorClass15disableSwitchesEv
00001299   _ZN15CommutatorClassD0Ev
000012a1   _ZN15CommutatorClassD1Ev
00001723   _ZN15ZCDetectorClass10ZCDetectedEjj
00001719   _ZN15ZCDetectorClassD0Ev
00001721   _ZN15ZCDetectorClassD1Ev
00001971   _ZN26CommutationControllerClass10ISR0StaticEv
00001969   _ZN26CommutationControllerClass10ISR1StaticEv
00000621   _ZN26CommutationControllerClass3ISREv
00000301   _ZN26CommutationControllerClass4initEjP8ADCClassP10motorClass
0000026d   _ZN26CommutationControllerClassC1Ev
000005b3   _ZN26CommutationControllerClassD0Ev
000005bb   _ZN26CommutationControllerClassD1Ev
00001959   _ZN8ADCClass10ISR0StaticEv
00001951   _ZN8ADCClass10ISR1StaticEv
00000a8d   _ZN8ADCClass3ISREv
0000096f   _ZN8ADCClass4initEjP26CommutationControllerClassP10motorClass
00000921   _ZN8ADCClassC1Ev
00000a83   _ZN8ADCClassD0Ev
00000a8b   _ZN8ADCClassD1Ev
00001833   _ZN8LEDClass6toggleEv
00001819   _ZN8LEDClassC1Ev
00001829   _ZN8LEDClassD0Ev
00001831   _ZN8LEDClassD1Ev
00000d35   _ZN8PWMClass11setPWMWidthEj
00000d9b   _ZN8PWMClass20setOutputEnableStateEbbbbbb
00000e3f   _ZN8PWMClass20setOutputInvertStateEbbbbbb
00000d91   _ZN8PWMClassD0Ev
00000d99   _ZN8PWMClassD1Ev
00001405   _ZNSt9type_infoD0Ev
0000139f   _ZNSt9type_infoD1Ev
00001df8   _ZTI10motorClass
00001d9c   _ZTI15CommutatorClass
00001e00   _ZTI15ZCDetectorClass
00001da8   _ZTI26CommutationControllerClass
00001db4   _ZTI8ADCClass
00001e08   _ZTI8LEDClass
00001e10   _ZTI8PWMClass
00001dc0   _ZTIN10__cxxabiv117__class_type_infoE
00001dcc   _ZTIN10__cxxabiv120__si_class_type_infoE
00001e18   _ZTISt9type_info
00001d80   _ZTS10motorClass
00001cec   _ZTS15CommutatorClass
00001cfe   _ZTS15ZCDetectorClass
00001ccf   _ZTS26CommutationControllerClass
00001dd8   _ZTS8ADCClass
00001de2   _ZTS8LEDClass
00001dec   _ZTS8PWMClass
00001cad   _ZTSN10__cxxabiv117__class_type_infoE
00001c88   _ZTSN10__cxxabiv120__si_class_type_infoE
00001d8d   _ZTSSt9type_info
00001d10   _ZTV10motorClass
00001d20   _ZTV15CommutatorClass
00001d30   _ZTV26CommutationControllerClass
00001d40   _ZTV8ADCClass
00001d50   _ZTV8LEDClass
00001d60   _ZTVN10__cxxabiv117__class_type_infoE
00001d70   _ZTVN10__cxxabiv120__si_class_type_infoE
00001ac3   _ZdlPv
20000a6c   __STACK_END
00000800   __STACK_SIZE
2000046c   __STACK_TOP
00000008   __SYSMEM_SIZE
00001e58   __TI_CINIT_Base
00001e70   __TI_CINIT_Limit
00001e3c   __TI_Handler_Table_Base
00001e48   __TI_Handler_Table_Limit
00000001   __TI_args_main
00001205   __TI_auto_init
20000a80   __TI_cleanup_ptr
00001a63   __TI_decompress_none
00001ad7   __TI_decompress_rle24
20000a84   __TI_dtors_ptr
00000000   __TI_static_base__
00001a07   __TI_zero_init
00001169   __aeabi_memcpy
00001169   __aeabi_memcpy4
00001169   __aeabi_memcpy8
ffffffff   __binit__
ffffffff   __c_args__
2000026c   __stack
00001981   _args_main
000016d1   _c_int00
20000a78   _lock
00000fdb   _nop
20000aa0   _sys_memory
20000a7c   _unlock
000017a5   abort
ffffffff   binit
0000175d   copy_in
000017ad   exit
00000c1f   free
20000000   g_pfnRAMVectors
00000000   g_pfnVectors
000010cd   main
20000a88   main_func_sp
00001169   memcpy
00000b95   minit


GLOBAL SYMBOLS: SORTED BY Symbol Address 

address    name
--------   ----
00000000   __TI_static_base__
00000000   g_pfnVectors
00000001   __TI_args_main
00000008   __SYSMEM_SIZE
0000026d   _ZN26CommutationControllerClassC1Ev
00000301   _ZN26CommutationControllerClass4initEjP8ADCClassP10motorClass
000005b3   _ZN26CommutationControllerClassD0Ev
000005bb   _ZN26CommutationControllerClassD1Ev
00000621   _ZN26CommutationControllerClass3ISREv
00000800   __STACK_SIZE
00000921   _ZN8ADCClassC1Ev
0000096f   _ZN8ADCClass4initEjP26CommutationControllerClassP10motorClass
00000a83   _ZN8ADCClassD0Ev
00000a8b   _ZN8ADCClassD1Ev
00000a8d   _ZN8ADCClass3ISREv
00000b95   minit
00000c1f   free
00000d35   _ZN8PWMClass11setPWMWidthEj
00000d91   _ZN8PWMClassD0Ev
00000d99   _ZN8PWMClassD1Ev
00000d9b   _ZN8PWMClass20setOutputEnableStateEbbbbbb
00000e3f   _ZN8PWMClass20setOutputInvertStateEbbbbbb
00000eab   GPIOPadConfigSet
00000fdb   _nop
00000fdd   SysCtlClockSet
000010cd   main
00001169   __aeabi_memcpy
00001169   __aeabi_memcpy4
00001169   __aeabi_memcpy8
00001169   memcpy
00001205   __TI_auto_init
00001299   _ZN15CommutatorClassD0Ev
000012a1   _ZN15CommutatorClassD1Ev
000012a3   _ZN15CommutatorClass15disableSwitchesEv
00001325   ADCSequenceStepConfigure
0000139f   _ZNSt9type_infoD1Ev
000013a1   _ZN10__cxxabiv129__pointer_to_member_type_infoD0Ev
000013a9   _ZN10__cxxabiv129__pointer_to_member_type_infoD1Ev
000013ab   _ZN10__cxxabiv117__pbase_type_infoD0Ev
000013b3   _ZN10__cxxabiv117__pbase_type_infoD1Ev
000013b5   _ZN10__cxxabiv121__vmi_class_type_infoD0Ev
000013bd   _ZN10__cxxabiv121__vmi_class_type_infoD1Ev
000013bf   _ZN10__cxxabiv116__enum_type_infoD0Ev
000013c7   _ZN10__cxxabiv116__enum_type_infoD1Ev
000013c9   _ZN10__cxxabiv120__function_type_infoD0Ev
000013d1   _ZN10__cxxabiv120__function_type_infoD1Ev
000013d3   _ZN10__cxxabiv117__array_type_infoD0Ev
000013db   _ZN10__cxxabiv117__array_type_infoD1Ev
000013dd   _ZN10__cxxabiv119__pointer_type_infoD0Ev
000013e5   _ZN10__cxxabiv119__pointer_type_infoD1Ev
000013e7   _ZN10__cxxabiv123__fundamental_type_infoD0Ev
000013ef   _ZN10__cxxabiv123__fundamental_type_infoD1Ev
000013f1   _ZN10__cxxabiv120__si_class_type_infoD0Ev
000013f9   _ZN10__cxxabiv120__si_class_type_infoD1Ev
000013fb   _ZN10__cxxabiv117__class_type_infoD0Ev
00001403   _ZN10__cxxabiv117__class_type_infoD1Ev
00001405   _ZNSt9type_infoD0Ev
0000140d   IntEnable
00001475   _ZN10motorClassC1Ev
00001495   _ZN10motorClass5startEv
000014c5   _ZN10motorClassD1Ev
000014c7   _ZN10motorClassD0Ev
000014d9   TimerConfigure
00001597   ADCSequenceConfigure
00001689   GPIOPinConfigure
000016d1   _c_int00
00001719   _ZN15ZCDetectorClassD0Ev
00001721   _ZN15ZCDetectorClassD1Ev
00001723   _ZN15ZCDetectorClass10ZCDetectedEjj
0000175d   copy_in
000017a1   C$$EXIT
000017a5   abort
000017ad   exit
000017e5   IntRegister
00001819   _ZN8LEDClassC1Ev
00001829   _ZN8LEDClassD0Ev
00001831   _ZN8LEDClassD1Ev
00001833   _ZN8LEDClass6toggleEv
0000184d   SysCtlPeripheralEnable
00001881   GPIODirModeSet
000018ab   PWMGenConfigure
000018cd   ADCSequenceDataGet
000018eb   PWMPulseWidthSet
00001909   ADCIntRegister
00001921   GPIOPinTypeGPIOOutput
00001939   TimerIntRegister
00001951   _ZN8ADCClass10ISR1StaticEv
00001959   _ZN8ADCClass10ISR0StaticEv
00001969   _ZN26CommutationControllerClass10ISR1StaticEv
00001971   _ZN26CommutationControllerClass10ISR0StaticEv
00001981   _args_main
00001999   SysCtlPWMClockSet
000019ad   GPIOPinTypeADC
000019bf   GPIOPinTypePWM
000019d1   PWMOutputInvert
000019e3   PWMOutputState
000019f5   TimerLoadSet
00001a07   __TI_zero_init
00001a19   ADCIntEnable
00001a29   PWMGenPeriodSet
00001a39   ADCIntDisable
00001a47   ADCSequenceEnable
00001a55   TimerEnable
00001a63   __TI_decompress_none
00001a71   PWMGenEnable
00001a7d   ResetISR
00001a89   ADCIntClear
00001a93   PWMGenIntTrigEnable
00001a9d   TimerIntDisable
00001aa7   TimerLoadGet
00001ab1   TimerValueGet
00001abb   TimerIntEnable
00001ac3   _ZdlPv
00001acb   GPIOPinWrite
00001ad1   SysCtlDelay
00001ad7   __TI_decompress_rle24
00001add   PWMSyncTimeBase
00001ae1   PWMSyncUpdate
00001ae5   TimerIntClear
00001c88   _ZTSN10__cxxabiv120__si_class_type_infoE
00001cad   _ZTSN10__cxxabiv117__class_type_infoE
00001ccf   _ZTS26CommutationControllerClass
00001cec   _ZTS15CommutatorClass
00001cfe   _ZTS15ZCDetectorClass
00001d10   _ZTV10motorClass
00001d20   _ZTV15CommutatorClass
00001d30   _ZTV26CommutationControllerClass
00001d40   _ZTV8ADCClass
00001d50   _ZTV8LEDClass
00001d60   _ZTVN10__cxxabiv117__class_type_infoE
00001d70   _ZTVN10__cxxabiv120__si_class_type_infoE
00001d80   _ZTS10motorClass
00001d8d   _ZTSSt9type_info
00001d9c   _ZTI15CommutatorClass
00001da8   _ZTI26CommutationControllerClass
00001db4   _ZTI8ADCClass
00001dc0   _ZTIN10__cxxabiv117__class_type_infoE
00001dcc   _ZTIN10__cxxabiv120__si_class_type_infoE
00001dd8   _ZTS8ADCClass
00001de2   _ZTS8LEDClass
00001dec   _ZTS8PWMClass
00001df8   _ZTI10motorClass
00001e00   _ZTI15ZCDetectorClass
00001e08   _ZTI8LEDClass
00001e10   _ZTI8PWMClass
00001e18   _ZTISt9type_info
00001e3c   __TI_Handler_Table_Base
00001e48   __TI_Handler_Table_Limit
00001e58   __TI_CINIT_Base
00001e70   __TI_CINIT_Limit
20000000   g_pfnRAMVectors
2000026c   __stack
2000046c   __STACK_TOP
20000a6c   __STACK_END
20000a78   _lock
20000a7c   _unlock
20000a80   __TI_cleanup_ptr
20000a84   __TI_dtors_ptr
20000a88   main_func_sp
20000a8c   ADC0
20000a90   ADC1
20000a94   CommTimer0
20000a98   CommTimer1
20000aa0   _sys_memory
ffffffff   __binit__
ffffffff   __c_args__
ffffffff   binit
UNDEFED    SHT$$INIT_ARRAY$$Base
UNDEFED    SHT$$INIT_ARRAY$$Limit

[169 symbols]
