<?xml version="1.0"?>
<link_info>
   <banner>TI ARM Linker PC v5.1.5</banner>
   <copyright>Copyright (c) 1996-2014 Texas Instruments Incorporated</copyright>
   <link_time>0x53c7e0a5</link_time>
   <link_errors>0x0</link_errors>
   <output_file>BLDC.out</output_file>
   <entry_point>
      <name>_c_int00</name>
      <address>0x1e5d</address>
   </entry_point>
   <input_file_list>
      <input_file id="fl-2">
         <path>.\src\</path>
         <kind>object</kind>
         <file>motor.obj</file>
         <name>motor.obj</name>
      </input_file>
      <input_file id="fl-3">
         <path>.\src\</path>
         <kind>object</kind>
         <file>main.obj</file>
         <name>main.obj</name>
      </input_file>
      <input_file id="fl-4">
         <path>.\src\</path>
         <kind>object</kind>
         <file>ZCDetector.obj</file>
         <name>ZCDetector.obj</name>
      </input_file>
      <input_file id="fl-5">
         <path>.\src\</path>
         <kind>object</kind>
         <file>PWM.obj</file>
         <name>PWM.obj</name>
      </input_file>
      <input_file id="fl-6">
         <path>.\src\</path>
         <kind>object</kind>
         <file>LED.obj</file>
         <name>LED.obj</name>
      </input_file>
      <input_file id="fl-7">
         <path>.\src\</path>
         <kind>object</kind>
         <file>Commutator.obj</file>
         <name>Commutator.obj</name>
      </input_file>
      <input_file id="fl-8">
         <path>.\src\</path>
         <kind>object</kind>
         <file>CommutationController.obj</file>
         <name>CommutationController.obj</name>
      </input_file>
      <input_file id="fl-9">
         <path>.\src\</path>
         <kind>object</kind>
         <file>ADC.obj</file>
         <name>ADC.obj</name>
      </input_file>
      <input_file id="fl-a">
         <path>.\</path>
         <kind>object</kind>
         <file>tm4c123ah6pm_startup_ccs.obj</file>
         <name>tm4c123ah6pm_startup_ccs.obj</name>
      </input_file>
      <input_file id="fl-138">
         <path>c:\ti\ccsv6\tools\compiler\arm_5.1.5\lib\</path>
         <kind>archive</kind>
         <file>rtsv7M4_T_le_v4SPD16_eabi.lib</file>
         <name>boot.obj</name>
      </input_file>
      <input_file id="fl-139">
         <path>c:\ti\ccsv6\tools\compiler\arm_5.1.5\lib\</path>
         <kind>archive</kind>
         <file>rtsv7M4_T_le_v4SPD16_eabi.lib</file>
         <name>copy_decompress_none.obj</name>
      </input_file>
      <input_file id="fl-13a">
         <path>c:\ti\ccsv6\tools\compiler\arm_5.1.5\lib\</path>
         <kind>archive</kind>
         <file>rtsv7M4_T_le_v4SPD16_eabi.lib</file>
         <name>copy_decompress_rle.obj</name>
      </input_file>
      <input_file id="fl-13b">
         <path>c:\ti\ccsv6\tools\compiler\arm_5.1.5\lib\</path>
         <kind>archive</kind>
         <file>rtsv7M4_T_le_v4SPD16_eabi.lib</file>
         <name>copy_zero_init.obj</name>
      </input_file>
      <input_file id="fl-13c">
         <path>c:\ti\ccsv6\tools\compiler\arm_5.1.5\lib\</path>
         <kind>archive</kind>
         <file>rtsv7M4_T_le_v4SPD16_eabi.lib</file>
         <name>delete.obj</name>
      </input_file>
      <input_file id="fl-13d">
         <path>c:\ti\ccsv6\tools\compiler\arm_5.1.5\lib\</path>
         <kind>archive</kind>
         <file>rtsv7M4_T_le_v4SPD16_eabi.lib</file>
         <name>exit.obj</name>
      </input_file>
      <input_file id="fl-13e">
         <path>c:\ti\ccsv6\tools\compiler\arm_5.1.5\lib\</path>
         <kind>archive</kind>
         <file>rtsv7M4_T_le_v4SPD16_eabi.lib</file>
         <name>memcpy_t2.obj</name>
      </input_file>
      <input_file id="fl-13f">
         <path>c:\ti\ccsv6\tools\compiler\arm_5.1.5\lib\</path>
         <kind>archive</kind>
         <file>rtsv7M4_T_le_v4SPD16_eabi.lib</file>
         <name>memory.obj</name>
      </input_file>
      <input_file id="fl-140">
         <path>c:\ti\ccsv6\tools\compiler\arm_5.1.5\lib\</path>
         <kind>archive</kind>
         <file>rtsv7M4_T_le_v4SPD16_eabi.lib</file>
         <name>stkdepth_vars.obj</name>
      </input_file>
      <input_file id="fl-141">
         <path>c:\ti\ccsv6\tools\compiler\arm_5.1.5\lib\</path>
         <kind>archive</kind>
         <file>rtsv7M4_T_le_v4SPD16_eabi.lib</file>
         <name>typeinfo_.obj</name>
      </input_file>
      <input_file id="fl-142">
         <path>c:\ti\ccsv6\tools\compiler\arm_5.1.5\lib\</path>
         <kind>archive</kind>
         <file>rtsv7M4_T_le_v4SPD16_eabi.lib</file>
         <name>_lock.obj</name>
      </input_file>
      <input_file id="fl-143">
         <path>c:\ti\ccsv6\tools\compiler\arm_5.1.5\lib\</path>
         <kind>archive</kind>
         <file>rtsv7M4_T_le_v4SPD16_eabi.lib</file>
         <name>args_main.obj</name>
      </input_file>
      <input_file id="fl-144">
         <path>c:\ti\ccsv6\tools\compiler\arm_5.1.5\lib\</path>
         <kind>archive</kind>
         <file>rtsv7M4_T_le_v4SPD16_eabi.lib</file>
         <name>auto_init.obj</name>
      </input_file>
      <input_file id="fl-145">
         <path>c:\ti\ccsv6\tools\compiler\arm_5.1.5\lib\</path>
         <kind>archive</kind>
         <file>rtsv7M4_T_le_v4SPD16_eabi.lib</file>
         <name>cpy_tbl.obj</name>
      </input_file>
      <input_file id="fl-146">
         <path>C:\ti\TivaWare_C_Series-2.1.0.12573\driverlib\ccs\Debug\</path>
         <kind>archive</kind>
         <file>driverlib.lib</file>
         <name>timer.obj</name>
      </input_file>
      <input_file id="fl-147">
         <path>C:\ti\TivaWare_C_Series-2.1.0.12573\driverlib\ccs\Debug\</path>
         <kind>archive</kind>
         <file>driverlib.lib</file>
         <name>sysctl.obj</name>
      </input_file>
      <input_file id="fl-148">
         <path>C:\ti\TivaWare_C_Series-2.1.0.12573\driverlib\ccs\Debug\</path>
         <kind>archive</kind>
         <file>driverlib.lib</file>
         <name>pwm.obj</name>
      </input_file>
      <input_file id="fl-149">
         <path>C:\ti\TivaWare_C_Series-2.1.0.12573\driverlib\ccs\Debug\</path>
         <kind>archive</kind>
         <file>driverlib.lib</file>
         <name>interrupt.obj</name>
      </input_file>
      <input_file id="fl-14a">
         <path>C:\ti\TivaWare_C_Series-2.1.0.12573\driverlib\ccs\Debug\</path>
         <kind>archive</kind>
         <file>driverlib.lib</file>
         <name>gpio.obj</name>
      </input_file>
      <input_file id="fl-14b">
         <path>C:\ti\TivaWare_C_Series-2.1.0.12573\driverlib\ccs\Debug\</path>
         <kind>archive</kind>
         <file>driverlib.lib</file>
         <name>cpu.obj</name>
      </input_file>
      <input_file id="fl-14c">
         <path>C:\ti\TivaWare_C_Series-2.1.0.12573\driverlib\ccs\Debug\</path>
         <kind>archive</kind>
         <file>driverlib.lib</file>
         <name>adc.obj</name>
      </input_file>
   </input_file_list>
   <object_component_list>
      <object_component id="oc-e">
         <name>.intvecs</name>
         <load_address>0x0</load_address>
         <run_address>0x0</run_address>
         <size>0x26c</size>
         <input_file_ref idref="fl-a"/>
      </object_component>
      <object_component id="oc-190">
         <name>.text</name>
         <load_address>0x26c</load_address>
         <run_address>0x26c</run_address>
         <size>0x52a</size>
         <input_file_ref idref="fl-5"/>
      </object_component>
      <object_component id="oc-1a1">
         <name>.text</name>
         <load_address>0x798</load_address>
         <run_address>0x798</run_address>
         <size>0x3cc</size>
         <input_file_ref idref="fl-13f"/>
      </object_component>
      <object_component id="oc-2e">
         <name>.text</name>
         <load_address>0xb64</load_address>
         <run_address>0xb64</run_address>
         <size>0x2e4</size>
         <input_file_ref idref="fl-9"/>
      </object_component>
      <object_component id="oc-24">
         <name>.text</name>
         <load_address>0xe48</load_address>
         <run_address>0xe48</run_address>
         <size>0x2bc</size>
         <input_file_ref idref="fl-8"/>
      </object_component>
      <object_component id="oc-76">
         <name>.text</name>
         <load_address>0x1104</load_address>
         <run_address>0x1104</run_address>
         <size>0x24c</size>
         <input_file_ref idref="fl-7"/>
      </object_component>
      <object_component id="oc-1fe">
         <name>.text:GPIOPadConfigSet</name>
         <load_address>0x1350</load_address>
         <run_address>0x1350</run_address>
         <size>0x1fe</size>
         <input_file_ref idref="fl-14a"/>
      </object_component>
      <object_component id="oc-21b">
         <name>.text:SysCtlClockSet</name>
         <load_address>0x154e</load_address>
         <run_address>0x154e</run_address>
         <size>0x108</size>
         <input_file_ref idref="fl-147"/>
      </object_component>
      <object_component id="oc-a2">
         <name>.text:TimerIntRegister</name>
         <load_address>0x1656</load_address>
         <run_address>0x1656</run_address>
         <size>0xd0</size>
         <input_file_ref idref="fl-146"/>
      </object_component>
      <object_component id="oc-2f3">
         <name>.text</name>
         <load_address>0x1728</load_address>
         <run_address>0x1728</run_address>
         <size>0xbc</size>
         <input_file_ref idref="fl-141"/>
      </object_component>
      <object_component id="oc-c0">
         <name>.text</name>
         <load_address>0x17e4</load_address>
         <run_address>0x17e4</run_address>
         <size>0xaa</size>
         <input_file_ref idref="fl-2"/>
      </object_component>
      <object_component id="oc-da">
         <name>.text</name>
         <load_address>0x188e</load_address>
         <run_address>0x188e</run_address>
         <size>0xa4</size>
         <input_file_ref idref="fl-6"/>
      </object_component>
      <object_component id="oc-53">
         <name>.text</name>
         <load_address>0x1932</load_address>
         <run_address>0x1932</run_address>
         <size>0x9c</size>
         <input_file_ref idref="fl-13e"/>
      </object_component>
      <object_component id="oc-42">
         <name>.text</name>
         <load_address>0x19d0</load_address>
         <run_address>0x19d0</run_address>
         <size>0x94</size>
         <input_file_ref idref="fl-144"/>
      </object_component>
      <object_component id="oc-eb">
         <name>.text:ADCSequenceStepConfigure</name>
         <load_address>0x1a64</load_address>
         <run_address>0x1a64</run_address>
         <size>0x7e</size>
         <input_file_ref idref="fl-14c"/>
      </object_component>
      <object_component id="oc-1bb">
         <name>.text:IntEnable</name>
         <load_address>0x1ae2</load_address>
         <run_address>0x1ae2</run_address>
         <size>0x7c</size>
         <input_file_ref idref="fl-149"/>
      </object_component>
      <object_component id="oc-140">
         <name>.text</name>
         <load_address>0x1b5e</load_address>
         <run_address>0x1b5e</run_address>
         <size>0x76</size>
         <input_file_ref idref="fl-3"/>
      </object_component>
      <object_component id="oc-9d">
         <name>.text:TimerConfigure</name>
         <load_address>0x1bd4</load_address>
         <run_address>0x1bd4</run_address>
         <size>0x6e</size>
         <input_file_ref idref="fl-146"/>
      </object_component>
      <object_component id="oc-106">
         <name>.text:ADCIntRegister</name>
         <load_address>0x1c42</load_address>
         <run_address>0x1c42</run_address>
         <size>0x64</size>
         <input_file_ref idref="fl-14c"/>
      </object_component>
      <object_component id="oc-df">
         <name>.text</name>
         <load_address>0x1ca6</load_address>
         <run_address>0x1ca6</run_address>
         <size>0x62</size>
         <input_file_ref idref="fl-4"/>
      </object_component>
      <object_component id="oc-65">
         <name>.text</name>
         <load_address>0x1d08</load_address>
         <run_address>0x1d08</run_address>
         <size>0x5e</size>
         <input_file_ref idref="fl-13a"/>
      </object_component>
      <object_component id="oc-101">
         <name>.text:ADCSequenceConfigure</name>
         <load_address>0x1d66</load_address>
         <run_address>0x1d66</run_address>
         <size>0x54</size>
         <input_file_ref idref="fl-14c"/>
      </object_component>
      <object_component id="oc-23a">
         <name>.text:GPIOPinConfigure</name>
         <load_address>0x1dba</load_address>
         <run_address>0x1dba</run_address>
         <size>0x52</size>
         <input_file_ref idref="fl-14a"/>
      </object_component>
      <object_component id="oc-1b6">
         <name>.text:IntRegister</name>
         <load_address>0x1e0c</load_address>
         <run_address>0x1e0c</run_address>
         <size>0x4e</size>
         <input_file_ref idref="fl-149"/>
      </object_component>
      <object_component id="oc-10">
         <name>.text</name>
         <load_address>0x1e5c</load_address>
         <run_address>0x1e5c</run_address>
         <size>0x48</size>
         <input_file_ref idref="fl-138"/>
      </object_component>
      <object_component id="oc-13a">
         <name>.text</name>
         <load_address>0x1ea4</load_address>
         <run_address>0x1ea4</run_address>
         <size>0x44</size>
         <input_file_ref idref="fl-145"/>
      </object_component>
      <object_component id="oc-4b">
         <name>.text</name>
         <load_address>0x1ee8</load_address>
         <run_address>0x1ee8</run_address>
         <size>0x44</size>
         <input_file_ref idref="fl-13d"/>
      </object_component>
      <object_component id="oc-98">
         <name>.text:SysCtlPeripheralEnable</name>
         <load_address>0x1f2c</load_address>
         <run_address>0x1f2c</run_address>
         <size>0x34</size>
         <input_file_ref idref="fl-147"/>
      </object_component>
      <object_component id="oc-249">
         <name>.text:PWMGenConfigure</name>
         <load_address>0x1f60</load_address>
         <run_address>0x1f60</run_address>
         <size>0x2c</size>
         <input_file_ref idref="fl-148"/>
      </object_component>
      <object_component id="oc-11a">
         <name>.text:ADCSequenceDataGet</name>
         <load_address>0x1f8c</load_address>
         <run_address>0x1f8c</run_address>
         <size>0x22</size>
         <input_file_ref idref="fl-14c"/>
      </object_component>
      <object_component id="oc-1e8">
         <name>.text:GPIOPinTypeGPIOOutput</name>
         <load_address>0x1fae</load_address>
         <run_address>0x1fae</run_address>
         <size>0x22</size>
         <input_file_ref idref="fl-14a"/>
      </object_component>
      <object_component id="oc-f7">
         <name>.text:GPIOPinTypeADC</name>
         <load_address>0x1fd0</load_address>
         <run_address>0x1fd0</run_address>
         <size>0x1e</size>
         <input_file_ref idref="fl-14a"/>
      </object_component>
      <object_component id="oc-26c">
         <name>.text:PWMPulseWidthSet</name>
         <load_address>0x1fee</load_address>
         <run_address>0x1fee</run_address>
         <size>0x1e</size>
         <input_file_ref idref="fl-148"/>
      </object_component>
      <object_component id="oc-23f">
         <name>.text:GPIOPinTypePWM</name>
         <load_address>0x200c</load_address>
         <run_address>0x200c</run_address>
         <size>0x1c</size>
         <input_file_ref idref="fl-14a"/>
      </object_component>
      <object_component id="oc-2d">
         <name>.text:retain</name>
         <load_address>0x2028</load_address>
         <run_address>0x2028</run_address>
         <size>0x1c</size>
         <input_file_ref idref="fl-9"/>
      </object_component>
      <object_component id="oc-23">
         <name>.text:retain</name>
         <load_address>0x2044</load_address>
         <run_address>0x2044</run_address>
         <size>0x1c</size>
         <input_file_ref idref="fl-8"/>
      </object_component>
      <object_component id="oc-46">
         <name>.text</name>
         <load_address>0x2060</load_address>
         <run_address>0x2060</run_address>
         <size>0x18</size>
         <input_file_ref idref="fl-143"/>
      </object_component>
      <object_component id="oc-262">
         <name>.text:PWMOutputInvert</name>
         <load_address>0x2078</load_address>
         <run_address>0x2078</run_address>
         <size>0x16</size>
         <input_file_ref idref="fl-148"/>
      </object_component>
      <object_component id="oc-267">
         <name>.text:PWMOutputState</name>
         <load_address>0x208e</load_address>
         <run_address>0x208e</run_address>
         <size>0x16</size>
         <input_file_ref idref="fl-148"/>
      </object_component>
      <object_component id="oc-244">
         <name>.text:SysCtlPWMClockSet</name>
         <load_address>0x20a4</load_address>
         <run_address>0x20a4</run_address>
         <size>0x14</size>
         <input_file_ref idref="fl-147"/>
      </object_component>
      <object_component id="oc-8c">
         <name>.text:TimerDisable</name>
         <load_address>0x20b8</load_address>
         <run_address>0x20b8</run_address>
         <size>0x14</size>
         <input_file_ref idref="fl-146"/>
      </object_component>
      <object_component id="oc-229">
         <name>.text</name>
         <load_address>0x20cc</load_address>
         <run_address>0x20cc</run_address>
         <size>0x14</size>
         <input_file_ref idref="fl-142"/>
      </object_component>
      <object_component id="oc-24e">
         <name>.text:PWMGenPeriodSet</name>
         <load_address>0x20e0</load_address>
         <run_address>0x20e0</run_address>
         <size>0x12</size>
         <input_file_ref idref="fl-148"/>
      </object_component>
      <object_component id="oc-b1">
         <name>.text:TimerLoadSet</name>
         <load_address>0x20f2</load_address>
         <run_address>0x20f2</run_address>
         <size>0x12</size>
         <input_file_ref idref="fl-146"/>
      </object_component>
      <object_component id="oc-19">
         <name>.text:decompress:ZI</name>
         <load_address>0x2104</load_address>
         <run_address>0x2104</run_address>
         <size>0x12</size>
         <input_file_ref idref="fl-13b"/>
      </object_component>
      <object_component id="oc-110">
         <name>.text:ADCIntEnable</name>
         <load_address>0x2116</load_address>
         <run_address>0x2116</run_address>
         <size>0x10</size>
         <input_file_ref idref="fl-14c"/>
      </object_component>
      <object_component id="oc-f2">
         <name>.text:ADCIntDisable</name>
         <load_address>0x2126</load_address>
         <run_address>0x2126</run_address>
         <size>0xe</size>
         <input_file_ref idref="fl-14c"/>
      </object_component>
      <object_component id="oc-10b">
         <name>.text:ADCSequenceEnable</name>
         <load_address>0x2134</load_address>
         <run_address>0x2134</run_address>
         <size>0xe</size>
         <input_file_ref idref="fl-14c"/>
      </object_component>
      <object_component id="oc-91">
         <name>.text:TimerEnable</name>
         <load_address>0x2142</load_address>
         <run_address>0x2142</run_address>
         <size>0xe</size>
         <input_file_ref idref="fl-146"/>
      </object_component>
      <object_component id="oc-14">
         <name>.text:decompress:none</name>
         <load_address>0x2150</load_address>
         <run_address>0x2150</run_address>
         <size>0xe</size>
         <input_file_ref idref="fl-139"/>
      </object_component>
      <object_component id="oc-253">
         <name>.text:PWMGenEnable</name>
         <load_address>0x215e</load_address>
         <run_address>0x215e</run_address>
         <size>0xc</size>
         <input_file_ref idref="fl-148"/>
      </object_component>
      <object_component id="oc-3a">
         <name>.text</name>
         <load_address>0x216a</load_address>
         <run_address>0x216a</run_address>
         <size>0xc</size>
         <input_file_ref idref="fl-a"/>
      </object_component>
      <object_component id="oc-115">
         <name>.text:ADCIntClear</name>
         <load_address>0x2176</load_address>
         <run_address>0x2176</run_address>
         <size>0xa</size>
         <input_file_ref idref="fl-14c"/>
      </object_component>
      <object_component id="oc-fc">
         <name>.text:PWMGenIntTrigEnable</name>
         <load_address>0x2180</load_address>
         <run_address>0x2180</run_address>
         <size>0xa</size>
         <input_file_ref idref="fl-148"/>
      </object_component>
      <object_component id="oc-a7">
         <name>.text:TimerIntDisable</name>
         <load_address>0x218a</load_address>
         <run_address>0x218a</run_address>
         <size>0xa</size>
         <input_file_ref idref="fl-146"/>
      </object_component>
      <object_component id="oc-b6">
         <name>.text:TimerLoadGet</name>
         <load_address>0x2194</load_address>
         <run_address>0x2194</run_address>
         <size>0xa</size>
         <input_file_ref idref="fl-146"/>
      </object_component>
      <object_component id="oc-87">
         <name>.text:TimerValueGet</name>
         <load_address>0x219e</load_address>
         <run_address>0x219e</run_address>
         <size>0xa</size>
         <input_file_ref idref="fl-146"/>
      </object_component>
      <object_component id="oc-ac">
         <name>.text:TimerIntEnable</name>
         <load_address>0x21a8</load_address>
         <run_address>0x21a8</run_address>
         <size>0x8</size>
         <input_file_ref idref="fl-146"/>
      </object_component>
      <object_component id="oc-7b">
         <name>.text</name>
         <load_address>0x21b0</load_address>
         <run_address>0x21b0</run_address>
         <size>0x8</size>
         <input_file_ref idref="fl-13c"/>
      </object_component>
      <object_component id="oc-1e3">
         <name>.text:GPIOPinWrite</name>
         <load_address>0x21b8</load_address>
         <run_address>0x21b8</run_address>
         <size>0x6</size>
         <input_file_ref idref="fl-14a"/>
      </object_component>
      <object_component id="oc-220">
         <name>.text:SysCtlDelay</name>
         <load_address>0x21be</load_address>
         <run_address>0x21be</run_address>
         <size>0x6</size>
         <input_file_ref idref="fl-147"/>
      </object_component>
      <object_component id="oc-1e">
         <name>.text:decompress:rle24</name>
         <load_address>0x21c4</load_address>
         <run_address>0x21c4</run_address>
         <size>0x6</size>
         <input_file_ref idref="fl-13a"/>
      </object_component>
      <object_component id="oc-25d">
         <name>.text:PWMSyncTimeBase</name>
         <load_address>0x21ca</load_address>
         <run_address>0x21ca</run_address>
         <size>0x4</size>
         <input_file_ref idref="fl-148"/>
      </object_component>
      <object_component id="oc-258">
         <name>.text:PWMSyncUpdate</name>
         <load_address>0x21ce</load_address>
         <run_address>0x21ce</run_address>
         <size>0x4</size>
         <input_file_ref idref="fl-148"/>
      </object_component>
      <object_component id="oc-bb">
         <name>.text:TimerIntClear</name>
         <load_address>0x21d2</load_address>
         <run_address>0x21d2</run_address>
         <size>0x4</size>
         <input_file_ref idref="fl-146"/>
      </object_component>
      <object_component id="oc-2d8">
         <name>.const</name>
         <load_address>0x21d8</load_address>
         <run_address>0x21d8</run_address>
         <size>0x218</size>
         <input_file_ref idref="fl-14a"/>
      </object_component>
      <object_component id="oc-2a2">
         <name>.const</name>
         <load_address>0x23f0</load_address>
         <run_address>0x23f0</run_address>
         <size>0x10c</size>
         <input_file_ref idref="fl-149"/>
      </object_component>
      <object_component id="oc-1b4">
         <name>.const</name>
         <load_address>0x24fc</load_address>
         <run_address>0x24fc</run_address>
         <size>0xa8</size>
         <input_file_ref idref="fl-146"/>
      </object_component>
      <object_component id="oc-37d">
         <name>.const:.typeinfo:_ZTSN10__cxxabiv123__fundamental_type_infoE</name>
         <load_address>0x25a4</load_address>
         <run_address>0x25a4</run_address>
         <size>0x28</size>
         <input_file_ref idref="fl-141"/>
      </object_component>
      <object_component id="oc-31a">
         <name>.const:.typeinfo:_ZTSN10__cxxabiv120__si_class_type_infoE</name>
         <load_address>0x25cc</load_address>
         <run_address>0x25cc</run_address>
         <size>0x25</size>
         <input_file_ref idref="fl-141"/>
      </object_component>
      <object_component id="oc-369">
         <name>.const:.typeinfo:_ZTSN10__cxxabiv119__pointer_type_infoE</name>
         <load_address>0x25f1</load_address>
         <run_address>0x25f1</run_address>
         <size>0x24</size>
         <input_file_ref idref="fl-141"/>
      </object_component>
      <object_component id="oc-33c">
         <name>.const:.typeinfo:_ZTSN10__cxxabiv117__class_type_infoE</name>
         <load_address>0x2615</load_address>
         <run_address>0x2615</run_address>
         <size>0x22</size>
         <input_file_ref idref="fl-141"/>
      </object_component>
      <object_component id="oc-378">
         <name>.const:.typeinfo:_ZTSN10__cxxabiv117__pbase_type_infoE</name>
         <load_address>0x2637</load_address>
         <run_address>0x2637</run_address>
         <size>0x22</size>
         <input_file_ref idref="fl-141"/>
      </object_component>
      <object_component id="oc-28e">
         <name>.const:.typeinfo:_ZTS26CommutationControllerClass</name>
         <load_address>0x2659</load_address>
         <run_address>0x2659</run_address>
         <size>0x1d</size>
         <input_file_ref idref="fl-8"/>
      </object_component>
      <object_component id="oc-2e7">
         <name>.const:.typeinfo:_ZTS15CommutatorClass</name>
         <load_address>0x2676</load_address>
         <run_address>0x2676</run_address>
         <size>0x12</size>
         <input_file_ref idref="fl-7"/>
      </object_component>
      <object_component id="oc-30e">
         <name>.const:.typeinfo:_ZTS15ZCDetectorClass</name>
         <load_address>0x2688</load_address>
         <run_address>0x2688</run_address>
         <size>0x12</size>
         <input_file_ref idref="fl-4"/>
      </object_component>
      <object_component id="oc-364">
         <name>.const:.typeinfo:_ZTSe</name>
         <load_address>0x269a</load_address>
         <run_address>0x269a</run_address>
         <size>0x2</size>
         <input_file_ref idref="fl-141"/>
      </object_component>
      <object_component id="oc-325">
         <name>.const:.typeinfo:_ZTIPKe</name>
         <load_address>0x269c</load_address>
         <run_address>0x269c</run_address>
         <size>0x10</size>
         <input_file_ref idref="fl-141"/>
      </object_component>
      <object_component id="oc-1c6">
         <name>.const:_ZTV10motorClass</name>
         <load_address>0x26ac</load_address>
         <run_address>0x26ac</run_address>
         <size>0x10</size>
         <input_file_ref idref="fl-2"/>
      </object_component>
      <object_component id="oc-195">
         <name>.const:_ZTV15CommutatorClass</name>
         <load_address>0x26bc</load_address>
         <run_address>0x26bc</run_address>
         <size>0x10</size>
         <input_file_ref idref="fl-7"/>
      </object_component>
      <object_component id="oc-1ef">
         <name>.const:_ZTV15ZCDetectorClass</name>
         <load_address>0x26cc</load_address>
         <run_address>0x26cc</run_address>
         <size>0x10</size>
         <input_file_ref idref="fl-4"/>
      </object_component>
      <object_component id="oc-80">
         <name>.const:_ZTV26CommutationControllerClass</name>
         <load_address>0x26dc</load_address>
         <run_address>0x26dc</run_address>
         <size>0x10</size>
         <input_file_ref idref="fl-8"/>
      </object_component>
      <object_component id="oc-e4">
         <name>.const:_ZTV8ADCClass</name>
         <load_address>0x26ec</load_address>
         <run_address>0x26ec</run_address>
         <size>0x10</size>
         <input_file_ref idref="fl-9"/>
      </object_component>
      <object_component id="oc-1de">
         <name>.const:_ZTV8LEDClass</name>
         <load_address>0x26fc</load_address>
         <run_address>0x26fc</run_address>
         <size>0x10</size>
         <input_file_ref idref="fl-6"/>
      </object_component>
      <object_component id="oc-235">
         <name>.const:_ZTV8PWMClass</name>
         <load_address>0x270c</load_address>
         <run_address>0x270c</run_address>
         <size>0x10</size>
         <input_file_ref idref="fl-5"/>
      </object_component>
      <object_component id="oc-2ff">
         <name>.const:_ZTVN10__cxxabiv117__class_type_infoE</name>
         <load_address>0x271c</load_address>
         <run_address>0x271c</run_address>
         <size>0x10</size>
         <input_file_ref idref="fl-141"/>
      </object_component>
      <object_component id="oc-346">
         <name>.const:_ZTVN10__cxxabiv119__pointer_type_infoE</name>
         <load_address>0x272c</load_address>
         <run_address>0x272c</run_address>
         <size>0x10</size>
         <input_file_ref idref="fl-141"/>
      </object_component>
      <object_component id="oc-289">
         <name>.const:_ZTVN10__cxxabiv120__si_class_type_infoE</name>
         <load_address>0x273c</load_address>
         <run_address>0x273c</run_address>
         <size>0x10</size>
         <input_file_ref idref="fl-141"/>
      </object_component>
      <object_component id="oc-35f">
         <name>.const:_ZTVN10__cxxabiv123__fundamental_type_infoE</name>
         <load_address>0x274c</load_address>
         <run_address>0x274c</run_address>
         <size>0x10</size>
         <input_file_ref idref="fl-141"/>
      </object_component>
      <object_component id="oc-304">
         <name>.const:.typeinfo:_ZTS10motorClass</name>
         <load_address>0x275c</load_address>
         <run_address>0x275c</run_address>
         <size>0xd</size>
         <input_file_ref idref="fl-2"/>
      </object_component>
      <object_component id="oc-355">
         <name>.const:.typeinfo:_ZTSSt9type_info</name>
         <load_address>0x2769</load_address>
         <run_address>0x2769</run_address>
         <size>0xd</size>
         <input_file_ref idref="fl-141"/>
      </object_component>
      <object_component id="oc-273">
         <name>.const:.typeinfo:_ZTI15CommutatorClass</name>
         <load_address>0x2778</load_address>
         <run_address>0x2778</run_address>
         <size>0xc</size>
         <input_file_ref idref="fl-7"/>
      </object_component>
      <object_component id="oc-1a8">
         <name>.const:.typeinfo:_ZTI26CommutationControllerClass</name>
         <load_address>0x2784</load_address>
         <run_address>0x2784</run_address>
         <size>0xc</size>
         <input_file_ref idref="fl-8"/>
      </object_component>
      <object_component id="oc-1f6">
         <name>.const:.typeinfo:_ZTI8ADCClass</name>
         <load_address>0x2790</load_address>
         <run_address>0x2790</run_address>
         <size>0xc</size>
         <input_file_ref idref="fl-9"/>
      </object_component>
      <object_component id="oc-31f">
         <name>.const:.typeinfo:_ZTIN10__cxxabiv117__class_type_infoE</name>
         <load_address>0x279c</load_address>
         <run_address>0x279c</run_address>
         <size>0xc</size>
         <input_file_ref idref="fl-141"/>
      </object_component>
      <object_component id="oc-36e">
         <name>.const:.typeinfo:_ZTIN10__cxxabiv117__pbase_type_infoE</name>
         <load_address>0x27a8</load_address>
         <run_address>0x27a8</run_address>
         <size>0xc</size>
         <input_file_ref idref="fl-141"/>
      </object_component>
      <object_component id="oc-35a">
         <name>.const:.typeinfo:_ZTIN10__cxxabiv119__pointer_type_infoE</name>
         <load_address>0x27b4</load_address>
         <run_address>0x27b4</run_address>
         <size>0xc</size>
         <input_file_ref idref="fl-141"/>
      </object_component>
      <object_component id="oc-2ee">
         <name>.const:.typeinfo:_ZTIN10__cxxabiv120__si_class_type_infoE</name>
         <load_address>0x27c0</load_address>
         <run_address>0x27c0</run_address>
         <size>0xc</size>
         <input_file_ref idref="fl-141"/>
      </object_component>
      <object_component id="oc-373">
         <name>.const:.typeinfo:_ZTIN10__cxxabiv123__fundamental_type_infoE</name>
         <load_address>0x27cc</load_address>
         <run_address>0x27cc</run_address>
         <size>0xc</size>
         <input_file_ref idref="fl-141"/>
      </object_component>
      <object_component id="oc-2bc">
         <name>.const:.typeinfo:_ZTS8ADCClass</name>
         <load_address>0x27d8</load_address>
         <run_address>0x27d8</run_address>
         <size>0xa</size>
         <input_file_ref idref="fl-9"/>
      </object_component>
      <object_component id="oc-309">
         <name>.const:.typeinfo:_ZTS8LEDClass</name>
         <load_address>0x27e2</load_address>
         <run_address>0x27e2</run_address>
         <size>0xa</size>
         <input_file_ref idref="fl-6"/>
      </object_component>
      <object_component id="oc-313">
         <name>.const:.typeinfo:_ZTS8PWMClass</name>
         <load_address>0x27ec</load_address>
         <run_address>0x27ec</run_address>
         <size>0xa</size>
         <input_file_ref idref="fl-5"/>
      </object_component>
      <object_component id="oc-2a5">
         <name>.const:.typeinfo:_ZTI10motorClass</name>
         <load_address>0x27f8</load_address>
         <run_address>0x27f8</run_address>
         <size>0x8</size>
         <input_file_ref idref="fl-2"/>
      </object_component>
      <object_component id="oc-2b5">
         <name>.const:.typeinfo:_ZTI15ZCDetectorClass</name>
         <load_address>0x2800</load_address>
         <run_address>0x2800</run_address>
         <size>0x8</size>
         <input_file_ref idref="fl-4"/>
      </object_component>
      <object_component id="oc-2ac">
         <name>.const:.typeinfo:_ZTI8LEDClass</name>
         <load_address>0x2808</load_address>
         <run_address>0x2808</run_address>
         <size>0x8</size>
         <input_file_ref idref="fl-6"/>
      </object_component>
      <object_component id="oc-2d3">
         <name>.const:.typeinfo:_ZTI8PWMClass</name>
         <load_address>0x2810</load_address>
         <run_address>0x2810</run_address>
         <size>0x8</size>
         <input_file_ref idref="fl-5"/>
      </object_component>
      <object_component id="oc-341">
         <name>.const:.typeinfo:_ZTISt9type_info</name>
         <load_address>0x2818</load_address>
         <run_address>0x2818</run_address>
         <size>0x8</size>
         <input_file_ref idref="fl-141"/>
      </object_component>
      <object_component id="oc-350">
         <name>.const:.typeinfo:_ZTIe</name>
         <load_address>0x2820</load_address>
         <run_address>0x2820</run_address>
         <size>0x8</size>
         <input_file_ref idref="fl-141"/>
      </object_component>
      <object_component id="oc-34b">
         <name>.const:.typeinfo:_ZTSPKe</name>
         <load_address>0x2828</load_address>
         <run_address>0x2828</run_address>
         <size>0x4</size>
         <input_file_ref idref="fl-141"/>
      </object_component>
      <object_component id="oc-3a1">
         <name>.cinit..data.load</name>
         <load_address>0x2830</load_address>
         <run_address>0x2830</run_address>
         <size>0x1b</size>
      </object_component>
      <object_component id="oc-39e">
         <name>__TI_handler_table</name>
         <load_address>0x284c</load_address>
         <run_address>0x284c</run_address>
         <size>0xc</size>
      </object_component>
      <object_component id="oc-3a2">
         <name>.cinit..bss.load</name>
         <load_address>0x2858</load_address>
         <run_address>0x2858</run_address>
         <size>0x8</size>
      </object_component>
      <object_component id="oc-3a0">
         <name>.cinit..vtable.load</name>
         <load_address>0x2860</load_address>
         <run_address>0x2860</run_address>
         <size>0x8</size>
      </object_component>
      <object_component id="oc-39f">
         <name>__TI_cinit_table</name>
         <load_address>0x2868</load_address>
         <run_address>0x2868</run_address>
         <size>0x18</size>
      </object_component>
      <object_component id="oc-29e">
         <name>.vtable</name>
         <uninitialized>true</uninitialized>
         <run_address>0x20000000</run_address>
         <size>0x26c</size>
         <input_file_ref idref="fl-149"/>
      </object_component>
      <object_component id="oc-50">
         <name>.data</name>
         <load_address>0x20000a88</load_address>
         <run_address>0x20000a88</run_address>
         <size>0x4</size>
         <input_file_ref idref="fl-140"/>
      </object_component>
      <object_component id="oc-147">
         <name>.data</name>
         <load_address>0x20000a78</load_address>
         <run_address>0x20000a78</run_address>
         <size>0x8</size>
         <input_file_ref idref="fl-142"/>
      </object_component>
      <object_component id="oc-149">
         <name>.data</name>
         <load_address>0x20000a80</load_address>
         <run_address>0x20000a80</run_address>
         <size>0x8</size>
         <input_file_ref idref="fl-13d"/>
      </object_component>
      <object_component id="oc-284">
         <name>.data</name>
         <load_address>0x20000a6c</load_address>
         <run_address>0x20000a6c</run_address>
         <size>0xc</size>
         <input_file_ref idref="fl-13f"/>
      </object_component>
      <object_component id="oc-c7">
         <name>.common:CommTimer0</name>
         <uninitialized>true</uninitialized>
         <run_address>0x20000a94</run_address>
         <size>0x4</size>
      </object_component>
      <object_component id="oc-c8">
         <name>.common:CommTimer1</name>
         <uninitialized>true</uninitialized>
         <run_address>0x20000a98</run_address>
         <size>0x4</size>
      </object_component>
      <object_component id="oc-121">
         <name>.common:ADC0</name>
         <uninitialized>true</uninitialized>
         <run_address>0x20000a8c</run_address>
         <size>0x4</size>
      </object_component>
      <object_component id="oc-122">
         <name>.common:ADC1</name>
         <uninitialized>true</uninitialized>
         <run_address>0x20000a90</run_address>
         <size>0x4</size>
      </object_component>
      <object_component id="oc-324">
         <name>.common:_ZSt16__dummy_typeinfo</name>
         <uninitialized>true</uninitialized>
         <run_address>0x20000a9c</run_address>
         <size>0x4</size>
      </object_component>
      <object_component id="oc-38">
         <name>.sysmem</name>
         <uninitialized>true</uninitialized>
         <run_address>0x20000aa0</run_address>
         <size>0x8</size>
         <input_file_ref idref="fl-13f"/>
      </object_component>
      <object_component id="oc-3a4">
         <name>.sysmem</name>
         <uninitialized>true</uninitialized>
         <run_address>0x20000aa0</run_address>
         <size>0x0</size>
      </object_component>
      <object_component id="oc-37">
         <name>.stack</name>
         <uninitialized>true</uninitialized>
         <run_address>0x2000026c</run_address>
         <size>0x0</size>
         <input_file_ref idref="fl-138"/>
      </object_component>
      <object_component id="oc-3a3">
         <name>.stack</name>
         <uninitialized>true</uninitialized>
         <run_address>0x2000026c</run_address>
         <size>0x0</size>
      </object_component>
      <object_component id="oc-f">
         <name>.debug_info</name>
         <load_address>0x0</load_address>
         <run_address>0x0</run_address>
         <size>0xf1</size>
         <input_file_ref idref="fl-a"/>
      </object_component>
      <object_component id="oc-13">
         <name>.debug_info</name>
         <load_address>0xf1</load_address>
         <run_address>0xf1</run_address>
         <size>0xf3</size>
         <input_file_ref idref="fl-138"/>
      </object_component>
      <object_component id="oc-18">
         <name>.debug_info</name>
         <load_address>0x1e4</load_address>
         <run_address>0x1e4</run_address>
         <size>0x194</size>
         <input_file_ref idref="fl-139"/>
      </object_component>
      <object_component id="oc-1d">
         <name>.debug_info</name>
         <load_address>0x378</load_address>
         <run_address>0x378</run_address>
         <size>0x16a</size>
         <input_file_ref idref="fl-13b"/>
      </object_component>
      <object_component id="oc-22">
         <name>.debug_info</name>
         <load_address>0x4e2</load_address>
         <run_address>0x4e2</run_address>
         <size>0x18e</size>
         <input_file_ref idref="fl-13a"/>
      </object_component>
      <object_component id="oc-25">
         <name>.debug_info</name>
         <load_address>0x670</load_address>
         <run_address>0x670</run_address>
         <size>0x12bd</size>
         <input_file_ref idref="fl-8"/>
      </object_component>
      <object_component id="oc-29">
         <name>.debug_info</name>
         <load_address>0x192d</load_address>
         <run_address>0x192d</run_address>
         <size>0x259</size>
         <input_file_ref idref="fl-8"/>
      </object_component>
      <object_component id="oc-2f">
         <name>.debug_info</name>
         <load_address>0x1b86</load_address>
         <run_address>0x1b86</run_address>
         <size>0xe98</size>
         <input_file_ref idref="fl-9"/>
      </object_component>
      <object_component id="oc-33">
         <name>.debug_info</name>
         <load_address>0x2a1e</load_address>
         <run_address>0x2a1e</run_address>
         <size>0x1b3</size>
         <input_file_ref idref="fl-9"/>
      </object_component>
      <object_component id="oc-39">
         <name>.debug_info</name>
         <load_address>0x2bd1</load_address>
         <run_address>0x2bd1</run_address>
         <size>0xb6</size>
         <input_file_ref idref="fl-13f"/>
      </object_component>
      <object_component id="oc-3b">
         <name>.debug_info</name>
         <load_address>0x2c87</load_address>
         <run_address>0x2c87</run_address>
         <size>0x26d</size>
         <input_file_ref idref="fl-a"/>
      </object_component>
      <object_component id="oc-41">
         <name>.debug_info</name>
         <load_address>0x2ef4</load_address>
         <run_address>0x2ef4</run_address>
         <size>0x10c</size>
         <input_file_ref idref="fl-a"/>
      </object_component>
      <object_component id="oc-45">
         <name>.debug_info</name>
         <load_address>0x3000</load_address>
         <run_address>0x3000</run_address>
         <size>0x13d</size>
         <input_file_ref idref="fl-144"/>
      </object_component>
      <object_component id="oc-47">
         <name>.debug_info</name>
         <load_address>0x313d</load_address>
         <run_address>0x313d</run_address>
         <size>0x11c</size>
         <input_file_ref idref="fl-143"/>
      </object_component>
      <object_component id="oc-4e">
         <name>.debug_info</name>
         <load_address>0x3259</load_address>
         <run_address>0x3259</run_address>
         <size>0x1c2</size>
         <input_file_ref idref="fl-13d"/>
      </object_component>
      <object_component id="oc-51">
         <name>.debug_info</name>
         <load_address>0x341b</load_address>
         <run_address>0x341b</run_address>
         <size>0xbe</size>
         <input_file_ref idref="fl-140"/>
      </object_component>
      <object_component id="oc-55">
         <name>.debug_info</name>
         <load_address>0x34d9</load_address>
         <run_address>0x34d9</run_address>
         <size>0xcc</size>
         <input_file_ref idref="fl-13e"/>
      </object_component>
      <object_component id="oc-58">
         <name>.debug_info</name>
         <load_address>0x35a5</load_address>
         <run_address>0x35a5</run_address>
         <size>0x46</size>
         <input_file_ref idref="fl-139"/>
      </object_component>
      <object_component id="oc-5d">
         <name>.debug_info</name>
         <load_address>0x35eb</load_address>
         <run_address>0x35eb</run_address>
         <size>0xf2</size>
         <input_file_ref idref="fl-139"/>
      </object_component>
      <object_component id="oc-5f">
         <name>.debug_info</name>
         <load_address>0x36dd</load_address>
         <run_address>0x36dd</run_address>
         <size>0x46</size>
         <input_file_ref idref="fl-13b"/>
      </object_component>
      <object_component id="oc-64">
         <name>.debug_info</name>
         <load_address>0x3723</load_address>
         <run_address>0x3723</run_address>
         <size>0xad</size>
         <input_file_ref idref="fl-13b"/>
      </object_component>
      <object_component id="oc-69">
         <name>.debug_info</name>
         <load_address>0x37d0</load_address>
         <run_address>0x37d0</run_address>
         <size>0x1ef</size>
         <input_file_ref idref="fl-13a"/>
      </object_component>
      <object_component id="oc-6b">
         <name>.debug_info</name>
         <load_address>0x39bf</load_address>
         <run_address>0x39bf</run_address>
         <size>0xb7</size>
         <input_file_ref idref="fl-13a"/>
      </object_component>
      <object_component id="oc-6c">
         <name>.debug_info</name>
         <load_address>0x3a76</load_address>
         <run_address>0x3a76</run_address>
         <size>0x39</size>
         <input_file_ref idref="fl-13a"/>
      </object_component>
      <object_component id="oc-72">
         <name>.debug_info</name>
         <load_address>0x3aaf</load_address>
         <run_address>0x3aaf</run_address>
         <size>0xe41</size>
         <input_file_ref idref="fl-8"/>
      </object_component>
      <object_component id="oc-77">
         <name>.debug_info</name>
         <load_address>0x48f0</load_address>
         <run_address>0x48f0</run_address>
         <size>0xa1f</size>
         <input_file_ref idref="fl-7"/>
      </object_component>
      <object_component id="oc-7d">
         <name>.debug_info</name>
         <load_address>0x530f</load_address>
         <run_address>0x530f</run_address>
         <size>0x119</size>
         <input_file_ref idref="fl-13c"/>
      </object_component>
      <object_component id="oc-81">
         <name>.debug_info</name>
         <load_address>0x5428</load_address>
         <run_address>0x5428</run_address>
         <size>0x131</size>
         <input_file_ref idref="fl-8"/>
      </object_component>
      <object_component id="oc-88">
         <name>.debug_info</name>
         <load_address>0x5559</load_address>
         <run_address>0x5559</run_address>
         <size>0x1f6</size>
         <input_file_ref idref="fl-146"/>
      </object_component>
      <object_component id="oc-8d">
         <name>.debug_info</name>
         <load_address>0x574f</load_address>
         <run_address>0x574f</run_address>
         <size>0x1ed</size>
         <input_file_ref idref="fl-146"/>
      </object_component>
      <object_component id="oc-92">
         <name>.debug_info</name>
         <load_address>0x593c</load_address>
         <run_address>0x593c</run_address>
         <size>0x1eb</size>
         <input_file_ref idref="fl-146"/>
      </object_component>
      <object_component id="oc-99">
         <name>.debug_info</name>
         <load_address>0x5b27</load_address>
         <run_address>0x5b27</run_address>
         <size>0x1e9</size>
         <input_file_ref idref="fl-147"/>
      </object_component>
      <object_component id="oc-9e">
         <name>.debug_info</name>
         <load_address>0x5d10</load_address>
         <run_address>0x5d10</run_address>
         <size>0x1fe</size>
         <input_file_ref idref="fl-146"/>
      </object_component>
      <object_component id="oc-a3">
         <name>.debug_info</name>
         <load_address>0x5f0e</load_address>
         <run_address>0x5f0e</run_address>
         <size>0x2d5</size>
         <input_file_ref idref="fl-146"/>
      </object_component>
      <object_component id="oc-a8">
         <name>.debug_info</name>
         <load_address>0x61e3</load_address>
         <run_address>0x61e3</run_address>
         <size>0x202</size>
         <input_file_ref idref="fl-146"/>
      </object_component>
      <object_component id="oc-ad">
         <name>.debug_info</name>
         <load_address>0x63e5</load_address>
         <run_address>0x63e5</run_address>
         <size>0x200</size>
         <input_file_ref idref="fl-146"/>
      </object_component>
      <object_component id="oc-b2">
         <name>.debug_info</name>
         <load_address>0x65e5</load_address>
         <run_address>0x65e5</run_address>
         <size>0x226</size>
         <input_file_ref idref="fl-146"/>
      </object_component>
      <object_component id="oc-b7">
         <name>.debug_info</name>
         <load_address>0x680b</load_address>
         <run_address>0x680b</run_address>
         <size>0x1f4</size>
         <input_file_ref idref="fl-146"/>
      </object_component>
      <object_component id="oc-bc">
         <name>.debug_info</name>
         <load_address>0x69ff</load_address>
         <run_address>0x69ff</run_address>
         <size>0x1fe</size>
         <input_file_ref idref="fl-146"/>
      </object_component>
      <object_component id="oc-c1">
         <name>.debug_info</name>
         <load_address>0x6bfd</load_address>
         <run_address>0x6bfd</run_address>
         <size>0x769</size>
         <input_file_ref idref="fl-2"/>
      </object_component>
      <object_component id="oc-ca">
         <name>.debug_info</name>
         <load_address>0x7366</load_address>
         <run_address>0x7366</run_address>
         <size>0x1dd</size>
         <input_file_ref idref="fl-2"/>
      </object_component>
      <object_component id="oc-cf">
         <name>.debug_info</name>
         <load_address>0x7543</load_address>
         <run_address>0x7543</run_address>
         <size>0x18b</size>
         <input_file_ref idref="fl-2"/>
      </object_component>
      <object_component id="oc-d6">
         <name>.debug_info</name>
         <load_address>0x76ce</load_address>
         <run_address>0x76ce</run_address>
         <size>0xeb5</size>
         <input_file_ref idref="fl-9"/>
      </object_component>
      <object_component id="oc-db">
         <name>.debug_info</name>
         <load_address>0x8583</load_address>
         <run_address>0x8583</run_address>
         <size>0x5fe</size>
         <input_file_ref idref="fl-6"/>
      </object_component>
      <object_component id="oc-e0">
         <name>.debug_info</name>
         <load_address>0x8b81</load_address>
         <run_address>0x8b81</run_address>
         <size>0x456</size>
         <input_file_ref idref="fl-4"/>
      </object_component>
      <object_component id="oc-e5">
         <name>.debug_info</name>
         <load_address>0x8fd7</load_address>
         <run_address>0x8fd7</run_address>
         <size>0xfa</size>
         <input_file_ref idref="fl-9"/>
      </object_component>
      <object_component id="oc-ec">
         <name>.debug_info</name>
         <load_address>0x90d1</load_address>
         <run_address>0x90d1</run_address>
         <size>0x2a5</size>
         <input_file_ref idref="fl-14c"/>
      </object_component>
      <object_component id="oc-f3">
         <name>.debug_info</name>
         <load_address>0x9376</load_address>
         <run_address>0x9376</run_address>
         <size>0x201</size>
         <input_file_ref idref="fl-14c"/>
      </object_component>
      <object_component id="oc-f8">
         <name>.debug_info</name>
         <load_address>0x9577</load_address>
         <run_address>0x9577</run_address>
         <size>0x1fb</size>
         <input_file_ref idref="fl-14a"/>
      </object_component>
      <object_component id="oc-fe">
         <name>.debug_info</name>
         <load_address>0x9772</load_address>
         <run_address>0x9772</run_address>
         <size>0x22e</size>
         <input_file_ref idref="fl-148"/>
      </object_component>
      <object_component id="oc-102">
         <name>.debug_info</name>
         <load_address>0x99a0</load_address>
         <run_address>0x99a0</run_address>
         <size>0x292</size>
         <input_file_ref idref="fl-14c"/>
      </object_component>
      <object_component id="oc-107">
         <name>.debug_info</name>
         <load_address>0x9c32</load_address>
         <run_address>0x9c32</run_address>
         <size>0x274</size>
         <input_file_ref idref="fl-14c"/>
      </object_component>
      <object_component id="oc-10c">
         <name>.debug_info</name>
         <load_address>0x9ea6</load_address>
         <run_address>0x9ea6</run_address>
         <size>0x20c</size>
         <input_file_ref idref="fl-14c"/>
      </object_component>
      <object_component id="oc-111">
         <name>.debug_info</name>
         <load_address>0xa0b2</load_address>
         <run_address>0xa0b2</run_address>
         <size>0x202</size>
         <input_file_ref idref="fl-14c"/>
      </object_component>
      <object_component id="oc-116">
         <name>.debug_info</name>
         <load_address>0xa2b4</load_address>
         <run_address>0xa2b4</run_address>
         <size>0x200</size>
         <input_file_ref idref="fl-14c"/>
      </object_component>
      <object_component id="oc-11b">
         <name>.debug_info</name>
         <load_address>0xa4b4</load_address>
         <run_address>0xa4b4</run_address>
         <size>0x26b</size>
         <input_file_ref idref="fl-14c"/>
      </object_component>
      <object_component id="oc-124">
         <name>.debug_info</name>
         <load_address>0xa71f</load_address>
         <run_address>0xa71f</run_address>
         <size>0x32f</size>
         <input_file_ref idref="fl-9"/>
      </object_component>
      <object_component id="oc-12c">
         <name>.debug_info</name>
         <load_address>0xaa4e</load_address>
         <run_address>0xaa4e</run_address>
         <size>0x1d7</size>
         <input_file_ref idref="fl-13f"/>
      </object_component>
      <object_component id="oc-130">
         <name>.debug_info</name>
         <load_address>0xac25</load_address>
         <run_address>0xac25</run_address>
         <size>0x84</size>
         <input_file_ref idref="fl-6"/>
      </object_component>
      <object_component id="oc-135">
         <name>.debug_info</name>
         <load_address>0xaca9</load_address>
         <run_address>0xaca9</run_address>
         <size>0x18b</size>
         <input_file_ref idref="fl-a"/>
      </object_component>
      <object_component id="oc-13b">
         <name>.debug_info</name>
         <load_address>0xae34</load_address>
         <run_address>0xae34</run_address>
         <size>0x14b</size>
         <input_file_ref idref="fl-145"/>
      </object_component>
      <object_component id="oc-141">
         <name>.debug_info</name>
         <load_address>0xaf7f</load_address>
         <run_address>0xaf7f</run_address>
         <size>0x2a8</size>
         <input_file_ref idref="fl-3"/>
      </object_component>
      <object_component id="oc-146">
         <name>.debug_info</name>
         <load_address>0xb227</load_address>
         <run_address>0xb227</run_address>
         <size>0x11b</size>
         <input_file_ref idref="fl-143"/>
      </object_component>
      <object_component id="oc-148">
         <name>.debug_info</name>
         <load_address>0xb342</load_address>
         <run_address>0xb342</run_address>
         <size>0xc8</size>
         <input_file_ref idref="fl-142"/>
      </object_component>
      <object_component id="oc-14a">
         <name>.debug_info</name>
         <load_address>0xb40a</load_address>
         <run_address>0xb40a</run_address>
         <size>0xeb</size>
         <input_file_ref idref="fl-13d"/>
      </object_component>
      <object_component id="oc-14c">
         <name>.debug_info</name>
         <load_address>0xb4f5</load_address>
         <run_address>0xb4f5</run_address>
         <size>0x146</size>
         <input_file_ref idref="fl-13d"/>
      </object_component>
      <object_component id="oc-150">
         <name>.debug_info</name>
         <load_address>0xb63b</load_address>
         <run_address>0xb63b</run_address>
         <size>0x2c</size>
         <input_file_ref idref="fl-139"/>
      </object_component>
      <object_component id="oc-157">
         <name>.debug_info</name>
         <load_address>0xb667</load_address>
         <run_address>0xb667</run_address>
         <size>0x2c</size>
         <input_file_ref idref="fl-13b"/>
      </object_component>
      <object_component id="oc-163">
         <name>.debug_info</name>
         <load_address>0xb693</load_address>
         <run_address>0xb693</run_address>
         <size>0x8b</size>
         <input_file_ref idref="fl-2"/>
      </object_component>
      <object_component id="oc-168">
         <name>.debug_info</name>
         <load_address>0xb71e</load_address>
         <run_address>0xb71e</run_address>
         <size>0x32f</size>
         <input_file_ref idref="fl-2"/>
      </object_component>
      <object_component id="oc-16d">
         <name>.debug_info</name>
         <load_address>0xba4d</load_address>
         <run_address>0xba4d</run_address>
         <size>0x102</size>
         <input_file_ref idref="fl-2"/>
      </object_component>
      <object_component id="oc-172">
         <name>.debug_info</name>
         <load_address>0xbb4f</load_address>
         <run_address>0xbb4f</run_address>
         <size>0x125</size>
         <input_file_ref idref="fl-2"/>
      </object_component>
      <object_component id="oc-177">
         <name>.debug_info</name>
         <load_address>0xbc74</load_address>
         <run_address>0xbc74</run_address>
         <size>0x424</size>
         <input_file_ref idref="fl-2"/>
      </object_component>
      <object_component id="oc-17c">
         <name>.debug_info</name>
         <load_address>0xc098</load_address>
         <run_address>0xc098</run_address>
         <size>0x111</size>
         <input_file_ref idref="fl-2"/>
      </object_component>
      <object_component id="oc-181">
         <name>.debug_info</name>
         <load_address>0xc1a9</load_address>
         <run_address>0xc1a9</run_address>
         <size>0x165</size>
         <input_file_ref idref="fl-2"/>
      </object_component>
      <object_component id="oc-186">
         <name>.debug_info</name>
         <load_address>0xc30e</load_address>
         <run_address>0xc30e</run_address>
         <size>0x176</size>
         <input_file_ref idref="fl-2"/>
      </object_component>
      <object_component id="oc-18b">
         <name>.debug_info</name>
         <load_address>0xc484</load_address>
         <run_address>0xc484</run_address>
         <size>0x67</size>
         <input_file_ref idref="fl-2"/>
      </object_component>
      <object_component id="oc-191">
         <name>.debug_info</name>
         <load_address>0xc4eb</load_address>
         <run_address>0xc4eb</run_address>
         <size>0xad6</size>
         <input_file_ref idref="fl-5"/>
      </object_component>
      <object_component id="oc-196">
         <name>.debug_info</name>
         <load_address>0xcfc1</load_address>
         <run_address>0xcfc1</run_address>
         <size>0x110</size>
         <input_file_ref idref="fl-7"/>
      </object_component>
      <object_component id="oc-19b">
         <name>.debug_info</name>
         <load_address>0xd0d1</load_address>
         <run_address>0xd0d1</run_address>
         <size>0x102</size>
         <input_file_ref idref="fl-7"/>
      </object_component>
      <object_component id="oc-1a0">
         <name>.debug_info</name>
         <load_address>0xd1d3</load_address>
         <run_address>0xd1d3</run_address>
         <size>0xa4b</size>
         <input_file_ref idref="fl-7"/>
      </object_component>
      <object_component id="oc-1a3">
         <name>.debug_info</name>
         <load_address>0xdc1e</load_address>
         <run_address>0xdc1e</run_address>
         <size>0x855</size>
         <input_file_ref idref="fl-13f"/>
      </object_component>
      <object_component id="oc-1a7">
         <name>.debug_info</name>
         <load_address>0xe473</load_address>
         <run_address>0xe473</run_address>
         <size>0xb1</size>
         <input_file_ref idref="fl-13c"/>
      </object_component>
      <object_component id="oc-1a9">
         <name>.debug_info</name>
         <load_address>0xe524</load_address>
         <run_address>0xe524</run_address>
         <size>0x123</size>
         <input_file_ref idref="fl-8"/>
      </object_component>
      <object_component id="oc-1ae">
         <name>.debug_info</name>
         <load_address>0xe647</load_address>
         <run_address>0xe647</run_address>
         <size>0x295</size>
         <input_file_ref idref="fl-146"/>
      </object_component>
      <object_component id="oc-1b2">
         <name>.debug_info</name>
         <load_address>0xe8dc</load_address>
         <run_address>0xe8dc</run_address>
         <size>0x33b</size>
         <input_file_ref idref="fl-147"/>
      </object_component>
      <object_component id="oc-1b5">
         <name>.debug_info</name>
         <load_address>0xec17</load_address>
         <run_address>0xec17</run_address>
         <size>0x1da</size>
         <input_file_ref idref="fl-146"/>
      </object_component>
      <object_component id="oc-1b7">
         <name>.debug_info</name>
         <load_address>0xedf1</load_address>
         <run_address>0xedf1</run_address>
         <size>0x22d</size>
         <input_file_ref idref="fl-149"/>
      </object_component>
      <object_component id="oc-1bc">
         <name>.debug_info</name>
         <load_address>0xf01e</load_address>
         <run_address>0xf01e</run_address>
         <size>0x1ec</size>
         <input_file_ref idref="fl-149"/>
      </object_component>
      <object_component id="oc-1c7">
         <name>.debug_info</name>
         <load_address>0xf20a</load_address>
         <run_address>0xf20a</run_address>
         <size>0x101</size>
         <input_file_ref idref="fl-2"/>
      </object_component>
      <object_component id="oc-1cc">
         <name>.debug_info</name>
         <load_address>0xf30b</load_address>
         <run_address>0xf30b</run_address>
         <size>0xb2a</size>
         <input_file_ref idref="fl-2"/>
      </object_component>
      <object_component id="oc-1cf">
         <name>.debug_info</name>
         <load_address>0xfe35</load_address>
         <run_address>0xfe35</run_address>
         <size>0x1dd</size>
         <input_file_ref idref="fl-9"/>
      </object_component>
      <object_component id="oc-1d4">
         <name>.debug_info</name>
         <load_address>0x10012</load_address>
         <run_address>0x10012</run_address>
         <size>0x102</size>
         <input_file_ref idref="fl-9"/>
      </object_component>
      <object_component id="oc-1d9">
         <name>.debug_info</name>
         <load_address>0x10114</load_address>
         <run_address>0x10114</run_address>
         <size>0x176</size>
         <input_file_ref idref="fl-9"/>
      </object_component>
      <object_component id="oc-1df">
         <name>.debug_info</name>
         <load_address>0x1028a</load_address>
         <run_address>0x1028a</run_address>
         <size>0xfa</size>
         <input_file_ref idref="fl-6"/>
      </object_component>
      <object_component id="oc-1e4">
         <name>.debug_info</name>
         <load_address>0x10384</load_address>
         <run_address>0x10384</run_address>
         <size>0x20f</size>
         <input_file_ref idref="fl-14a"/>
      </object_component>
      <object_component id="oc-1e9">
         <name>.debug_info</name>
         <load_address>0x10593</load_address>
         <run_address>0x10593</run_address>
         <size>0x20e</size>
         <input_file_ref idref="fl-14a"/>
      </object_component>
      <object_component id="oc-1ee">
         <name>.debug_info</name>
         <load_address>0x107a1</load_address>
         <run_address>0x107a1</run_address>
         <size>0x697</size>
         <input_file_ref idref="fl-6"/>
      </object_component>
      <object_component id="oc-1f0">
         <name>.debug_info</name>
         <load_address>0x10e38</load_address>
         <run_address>0x10e38</run_address>
         <size>0x110</size>
         <input_file_ref idref="fl-4"/>
      </object_component>
      <object_component id="oc-1f5">
         <name>.debug_info</name>
         <load_address>0x10f48</load_address>
         <run_address>0x10f48</run_address>
         <size>0x5ff</size>
         <input_file_ref idref="fl-4"/>
      </object_component>
      <object_component id="oc-1f7">
         <name>.debug_info</name>
         <load_address>0x11547</load_address>
         <run_address>0x11547</run_address>
         <size>0xec</size>
         <input_file_ref idref="fl-9"/>
      </object_component>
      <object_component id="oc-1fc">
         <name>.debug_info</name>
         <load_address>0x11633</load_address>
         <run_address>0x11633</run_address>
         <size>0x1f3</size>
         <input_file_ref idref="fl-14c"/>
      </object_component>
      <object_component id="oc-1ff">
         <name>.debug_info</name>
         <load_address>0x11826</load_address>
         <run_address>0x11826</run_address>
         <size>0x26d</size>
         <input_file_ref idref="fl-14a"/>
      </object_component>
      <object_component id="oc-204">
         <name>.debug_info</name>
         <load_address>0x11a93</load_address>
         <run_address>0x11a93</run_address>
         <size>0x2dd</size>
         <input_file_ref idref="fl-14a"/>
      </object_component>
      <object_component id="oc-206">
         <name>.debug_info</name>
         <load_address>0x11d70</load_address>
         <run_address>0x11d70</run_address>
         <size>0x1a3</size>
         <input_file_ref idref="fl-148"/>
      </object_component>
      <object_component id="oc-20f">
         <name>.debug_info</name>
         <load_address>0x11f13</load_address>
         <run_address>0x11f13</run_address>
         <size>0x2c</size>
         <input_file_ref idref="fl-13f"/>
      </object_component>
      <object_component id="oc-214">
         <name>.debug_info</name>
         <load_address>0x11f3f</load_address>
         <run_address>0x11f3f</run_address>
         <size>0x62</size>
         <input_file_ref idref="fl-13f"/>
      </object_component>
      <object_component id="oc-21a">
         <name>.debug_info</name>
         <load_address>0x11fa1</load_address>
         <run_address>0x11fa1</run_address>
         <size>0x148</size>
         <input_file_ref idref="fl-145"/>
      </object_component>
      <object_component id="oc-21c">
         <name>.debug_info</name>
         <load_address>0x120e9</load_address>
         <run_address>0x120e9</run_address>
         <size>0x241</size>
         <input_file_ref idref="fl-147"/>
      </object_component>
      <object_component id="oc-224">
         <name>.debug_info</name>
         <load_address>0x1232a</load_address>
         <run_address>0x1232a</run_address>
         <size>0x5e</size>
         <input_file_ref idref="fl-143"/>
      </object_component>
      <object_component id="oc-22a">
         <name>.debug_info</name>
         <load_address>0x12388</load_address>
         <run_address>0x12388</run_address>
         <size>0x1d4</size>
         <input_file_ref idref="fl-142"/>
      </object_component>
      <object_component id="oc-230">
         <name>.debug_info</name>
         <load_address>0x1255c</load_address>
         <run_address>0x1255c</run_address>
         <size>0xd9</size>
         <input_file_ref idref="fl-142"/>
      </object_component>
      <object_component id="oc-236">
         <name>.debug_info</name>
         <load_address>0x12635</load_address>
         <run_address>0x12635</run_address>
         <size>0xfa</size>
         <input_file_ref idref="fl-5"/>
      </object_component>
      <object_component id="oc-23b">
         <name>.debug_info</name>
         <load_address>0x1272f</load_address>
         <run_address>0x1272f</run_address>
         <size>0x1ec</size>
         <input_file_ref idref="fl-14a"/>
      </object_component>
      <object_component id="oc-240">
         <name>.debug_info</name>
         <load_address>0x1291b</load_address>
         <run_address>0x1291b</run_address>
         <size>0x1fb</size>
         <input_file_ref idref="fl-14a"/>
      </object_component>
      <object_component id="oc-245">
         <name>.debug_info</name>
         <load_address>0x12b16</load_address>
         <run_address>0x12b16</run_address>
         <size>0x1cf</size>
         <input_file_ref idref="fl-147"/>
      </object_component>
      <object_component id="oc-24a">
         <name>.debug_info</name>
         <load_address>0x12ce5</load_address>
         <run_address>0x12ce5</run_address>
         <size>0x225</size>
         <input_file_ref idref="fl-148"/>
      </object_component>
      <object_component id="oc-250">
         <name>.debug_info</name>
         <load_address>0x12f0a</load_address>
         <run_address>0x12f0a</run_address>
         <size>0x222</size>
         <input_file_ref idref="fl-148"/>
      </object_component>
      <object_component id="oc-255">
         <name>.debug_info</name>
         <load_address>0x1312c</load_address>
         <run_address>0x1312c</run_address>
         <size>0x1e2</size>
         <input_file_ref idref="fl-148"/>
      </object_component>
      <object_component id="oc-259">
         <name>.debug_info</name>
         <load_address>0x1330e</load_address>
         <run_address>0x1330e</run_address>
         <size>0x1f4</size>
         <input_file_ref idref="fl-148"/>
      </object_component>
      <object_component id="oc-25e">
         <name>.debug_info</name>
         <load_address>0x13502</load_address>
         <run_address>0x13502</run_address>
         <size>0x1f8</size>
         <input_file_ref idref="fl-148"/>
      </object_component>
      <object_component id="oc-263">
         <name>.debug_info</name>
         <load_address>0x136fa</load_address>
         <run_address>0x136fa</run_address>
         <size>0x238</size>
         <input_file_ref idref="fl-148"/>
      </object_component>
      <object_component id="oc-268">
         <name>.debug_info</name>
         <load_address>0x13932</load_address>
         <run_address>0x13932</run_address>
         <size>0x236</size>
         <input_file_ref idref="fl-148"/>
      </object_component>
      <object_component id="oc-26d">
         <name>.debug_info</name>
         <load_address>0x13b68</load_address>
         <run_address>0x13b68</run_address>
         <size>0x262</size>
         <input_file_ref idref="fl-148"/>
      </object_component>
      <object_component id="oc-272">
         <name>.debug_info</name>
         <load_address>0x13dca</load_address>
         <run_address>0x13dca</run_address>
         <size>0x89e</size>
         <input_file_ref idref="fl-5"/>
      </object_component>
      <object_component id="oc-274">
         <name>.debug_info</name>
         <load_address>0x14668</load_address>
         <run_address>0x14668</run_address>
         <size>0x102</size>
         <input_file_ref idref="fl-7"/>
      </object_component>
      <object_component id="oc-27a">
         <name>.debug_info</name>
         <load_address>0x1476a</load_address>
         <run_address>0x1476a</run_address>
         <size>0x32f</size>
         <input_file_ref idref="fl-7"/>
      </object_component>
      <object_component id="oc-27f">
         <name>.debug_info</name>
         <load_address>0x14a99</load_address>
         <run_address>0x14a99</run_address>
         <size>0x1e6</size>
         <input_file_ref idref="fl-7"/>
      </object_component>
      <object_component id="oc-285">
         <name>.debug_info</name>
         <load_address>0x14c7f</load_address>
         <run_address>0x14c7f</run_address>
         <size>0x101</size>
         <input_file_ref idref="fl-13f"/>
      </object_component>
      <object_component id="oc-28a">
         <name>.debug_info</name>
         <load_address>0x14d80</load_address>
         <run_address>0x14d80</run_address>
         <size>0x108</size>
         <input_file_ref idref="fl-141"/>
      </object_component>
      <object_component id="oc-28f">
         <name>.debug_info</name>
         <load_address>0x14e88</load_address>
         <run_address>0x14e88</run_address>
         <size>0x128</size>
         <input_file_ref idref="fl-8"/>
      </object_component>
      <object_component id="oc-297">
         <name>.debug_info</name>
         <load_address>0x14fb0</load_address>
         <run_address>0x14fb0</run_address>
         <size>0x5f</size>
         <input_file_ref idref="fl-147"/>
      </object_component>
      <object_component id="oc-29f">
         <name>.debug_info</name>
         <load_address>0x1500f</load_address>
         <run_address>0x1500f</run_address>
         <size>0x10d</size>
         <input_file_ref idref="fl-149"/>
      </object_component>
      <object_component id="oc-2a1">
         <name>.debug_info</name>
         <load_address>0x1511c</load_address>
         <run_address>0x1511c</run_address>
         <size>0x2f4</size>
         <input_file_ref idref="fl-149"/>
      </object_component>
      <object_component id="oc-2a3">
         <name>.debug_info</name>
         <load_address>0x15410</load_address>
         <run_address>0x15410</run_address>
         <size>0x1ec</size>
         <input_file_ref idref="fl-149"/>
      </object_component>
      <object_component id="oc-2a6">
         <name>.debug_info</name>
         <load_address>0x155fc</load_address>
         <run_address>0x155fc</run_address>
         <size>0xf3</size>
         <input_file_ref idref="fl-2"/>
      </object_component>
      <object_component id="oc-2ad">
         <name>.debug_info</name>
         <load_address>0x156ef</load_address>
         <run_address>0x156ef</run_address>
         <size>0xec</size>
         <input_file_ref idref="fl-6"/>
      </object_component>
      <object_component id="oc-2b6">
         <name>.debug_info</name>
         <load_address>0x157db</load_address>
         <run_address>0x157db</run_address>
         <size>0x102</size>
         <input_file_ref idref="fl-4"/>
      </object_component>
      <object_component id="oc-2bd">
         <name>.debug_info</name>
         <load_address>0x158dd</load_address>
         <run_address>0x158dd</run_address>
         <size>0xf1</size>
         <input_file_ref idref="fl-9"/>
      </object_component>
      <object_component id="oc-2ca">
         <name>.debug_info</name>
         <load_address>0x159ce</load_address>
         <run_address>0x159ce</run_address>
         <size>0xcd</size>
         <input_file_ref idref="fl-145"/>
      </object_component>
      <object_component id="oc-2d4">
         <name>.debug_info</name>
         <load_address>0x15a9b</load_address>
         <run_address>0x15a9b</run_address>
         <size>0xec</size>
         <input_file_ref idref="fl-5"/>
      </object_component>
      <object_component id="oc-2d9">
         <name>.debug_info</name>
         <load_address>0x15b87</load_address>
         <run_address>0x15b87</run_address>
         <size>0x22d</size>
         <input_file_ref idref="fl-14a"/>
      </object_component>
      <object_component id="oc-2e8">
         <name>.debug_info</name>
         <load_address>0x15db4</load_address>
         <run_address>0x15db4</run_address>
         <size>0x107</size>
         <input_file_ref idref="fl-7"/>
      </object_component>
      <object_component id="oc-2ef">
         <name>.debug_info</name>
         <load_address>0x15ebb</load_address>
         <run_address>0x15ebb</run_address>
         <size>0xfa</size>
         <input_file_ref idref="fl-141"/>
      </object_component>
      <object_component id="oc-2f4">
         <name>.debug_info</name>
         <load_address>0x15fb5</load_address>
         <run_address>0x15fb5</run_address>
         <size>0x10f1</size>
         <input_file_ref idref="fl-141"/>
      </object_component>
      <object_component id="oc-2f8">
         <name>.debug_info</name>
         <load_address>0x170a6</load_address>
         <run_address>0x170a6</run_address>
         <size>0x632</size>
         <input_file_ref idref="fl-141"/>
      </object_component>
      <object_component id="oc-300">
         <name>.debug_info</name>
         <load_address>0x176d8</load_address>
         <run_address>0x176d8</run_address>
         <size>0x102</size>
         <input_file_ref idref="fl-141"/>
      </object_component>
      <object_component id="oc-305">
         <name>.debug_info</name>
         <load_address>0x177da</load_address>
         <run_address>0x177da</run_address>
         <size>0xf8</size>
         <input_file_ref idref="fl-2"/>
      </object_component>
      <object_component id="oc-30a">
         <name>.debug_info</name>
         <load_address>0x178d2</load_address>
         <run_address>0x178d2</run_address>
         <size>0xf1</size>
         <input_file_ref idref="fl-6"/>
      </object_component>
      <object_component id="oc-30f">
         <name>.debug_info</name>
         <load_address>0x179c3</load_address>
         <run_address>0x179c3</run_address>
         <size>0x107</size>
         <input_file_ref idref="fl-4"/>
      </object_component>
      <object_component id="oc-314">
         <name>.debug_info</name>
         <load_address>0x17aca</load_address>
         <run_address>0x17aca</run_address>
         <size>0xf1</size>
         <input_file_ref idref="fl-5"/>
      </object_component>
      <object_component id="oc-31b">
         <name>.debug_info</name>
         <load_address>0x17bbb</load_address>
         <run_address>0x17bbb</run_address>
         <size>0xff</size>
         <input_file_ref idref="fl-141"/>
      </object_component>
      <object_component id="oc-320">
         <name>.debug_info</name>
         <load_address>0x17cba</load_address>
         <run_address>0x17cba</run_address>
         <size>0xf4</size>
         <input_file_ref idref="fl-141"/>
      </object_component>
      <object_component id="oc-326">
         <name>.debug_info</name>
         <load_address>0x17dae</load_address>
         <run_address>0x17dae</run_address>
         <size>0xcc</size>
         <input_file_ref idref="fl-141"/>
      </object_component>
      <object_component id="oc-32b">
         <name>.debug_info</name>
         <load_address>0x17e7a</load_address>
         <run_address>0x17e7a</run_address>
         <size>0xec</size>
         <input_file_ref idref="fl-141"/>
      </object_component>
      <object_component id="oc-330">
         <name>.debug_info</name>
         <load_address>0x17f66</load_address>
         <run_address>0x17f66</run_address>
         <size>0x582</size>
         <input_file_ref idref="fl-141"/>
      </object_component>
      <object_component id="oc-337">
         <name>.debug_info</name>
[...]
      </symbol>
      <symbol id="sm-36f">
         <name>main_func_sp</name>
         <value>0x20000a88</value>
         <object_component_ref idref="oc-50"/>
      </symbol>
      <symbol id="sm-42c">
         <name>_ZSt16__dummy_typeinfo</name>
         <value>0x20000a9c</value>
      </symbol>
      <symbol id="sm-42d">
         <name>_ZN10__cxxabiv120__function_type_infoD1Ev</name>
         <value>0x17a1</value>
         <object_component_ref idref="oc-2f3"/>
      </symbol>
      <symbol id="sm-42e">
         <name>_ZTIN10__cxxabiv119__pointer_type_infoE</name>
         <value>0x27b4</value>
         <object_component_ref idref="oc-35a"/>
      </symbol>
      <symbol id="sm-42f">
         <name>_ZTSSt9type_info</name>
         <value>0x2769</value>
         <object_component_ref idref="oc-355"/>
      </symbol>
      <symbol id="sm-430">
         <name>_ZN10__cxxabiv117__class_type_infoD1Ev</name>
         <value>0x17bf</value>
         <object_component_ref idref="oc-2f3"/>
      </symbol>
      <symbol id="sm-431">
         <name>_ZN10__cxxabiv116__enum_type_infoD1Ev</name>
         <value>0x17d3</value>
         <object_component_ref idref="oc-2f3"/>
      </symbol>
      <symbol id="sm-432">
         <name>_ZN10__cxxabiv121__vmi_class_type_infoD1Ev</name>
         <value>0x178d</value>
         <object_component_ref idref="oc-2f3"/>
      </symbol>
      <symbol id="sm-433">
         <name>_ZTSN10__cxxabiv123__fundamental_type_infoE</name>
         <value>0x25a4</value>
         <object_component_ref idref="oc-37d"/>
      </symbol>
      <symbol id="sm-434">
         <name>_ZN10__cxxabiv117__pbase_type_infoD1Ev</name>
         <value>0x17b5</value>
         <object_component_ref idref="oc-2f3"/>
      </symbol>
      <symbol id="sm-435">
         <name>_ZTVN10__cxxabiv123__fundamental_type_infoE</name>
         <value>0x274c</value>
         <object_component_ref idref="oc-35f"/>
      </symbol>
      <symbol id="sm-436">
         <name>_ZTSN10__cxxabiv120__si_class_type_infoE</name>
         <value>0x25cc</value>
         <object_component_ref idref="oc-31a"/>
      </symbol>
      <symbol id="sm-437">
         <name>_ZN10__cxxabiv117__array_type_infoD1Ev</name>
         <value>0x17c9</value>
         <object_component_ref idref="oc-2f3"/>
      </symbol>
      <symbol id="sm-438">
         <name>_ZTVN10__cxxabiv119__pointer_type_infoE</name>
         <value>0x272c</value>
         <object_component_ref idref="oc-346"/>
      </symbol>
      <symbol id="sm-439">
         <name>_ZTSPKe</name>
         <value>0x2828</value>
         <object_component_ref idref="oc-34b"/>
      </symbol>
      <symbol id="sm-43a">
         <name>_ZNKSt9type_infoneERKS_</name>
         <value>0x173f</value>
         <object_component_ref idref="oc-2f3"/>
      </symbol>
      <symbol id="sm-43b">
         <name>_ZN10__cxxabiv119__pointer_type_infoD1Ev</name>
         <value>0x17ab</value>
         <object_component_ref idref="oc-2f3"/>
      </symbol>
      <symbol id="sm-43c">
         <name>_ZNKSt9type_info6beforeERKS_</name>
         <value>0x176b</value>
         <object_component_ref idref="oc-2f3"/>
      </symbol>
      <symbol id="sm-43d">
         <name>_ZN10__cxxabiv123__fundamental_type_infoD1Ev</name>
         <value>0x1783</value>
         <object_component_ref idref="oc-2f3"/>
      </symbol>
      <symbol id="sm-43e">
         <name>_ZTSN10__cxxabiv119__pointer_type_infoE</name>
         <value>0x25f1</value>
         <object_component_ref idref="oc-369"/>
      </symbol>
      <symbol id="sm-43f">
         <name>_ZTSN10__cxxabiv117__class_type_infoE</name>
         <value>0x2615</value>
         <object_component_ref idref="oc-33c"/>
      </symbol>
      <symbol id="sm-440">
         <name>_ZTVN10__cxxabiv117__class_type_infoE</name>
         <value>0x271c</value>
         <object_component_ref idref="oc-2ff"/>
      </symbol>
      <symbol id="sm-441">
         <name>_ZNSt9type_infoD1Ev</name>
         <value>0x1731</value>
         <object_component_ref idref="oc-2f3"/>
      </symbol>
      <symbol id="sm-442">
         <name>_ZTIN10__cxxabiv123__fundamental_type_infoE</name>
         <value>0x27cc</value>
         <object_component_ref idref="oc-373"/>
      </symbol>
      <symbol id="sm-443">
         <name>_ZTISt9type_info</name>
         <value>0x2818</value>
         <object_component_ref idref="oc-341"/>
      </symbol>
      <symbol id="sm-444">
         <name>_ZN10__cxxabiv123__fundamental_type_infoD0Ev</name>
         <value>0x1785</value>
         <object_component_ref idref="oc-2f3"/>
      </symbol>
      <symbol id="sm-445">
         <name>_ZTIN10__cxxabiv117__pbase_type_infoE</name>
         <value>0x27a8</value>
         <object_component_ref idref="oc-36e"/>
      </symbol>
      <symbol id="sm-446">
         <name>_ZTSe</name>
         <value>0x269a</value>
         <object_component_ref idref="oc-364"/>
      </symbol>
      <symbol id="sm-447">
         <name>_ZNKSt9type_info4nameEv</name>
         <value>0x173b</value>
         <object_component_ref idref="oc-2f3"/>
      </symbol>
      <symbol id="sm-448">
         <name>_ZTIN10__cxxabiv117__class_type_infoE</name>
         <value>0x279c</value>
         <object_component_ref idref="oc-31f"/>
      </symbol>
      <symbol id="sm-449">
         <name>_ZN10__cxxabiv129__pointer_to_member_type_infoD0Ev</name>
         <value>0x177b</value>
         <object_component_ref idref="oc-2f3"/>
      </symbol>
      <symbol id="sm-44a">
         <name>_ZN10__cxxabiv120__si_class_type_infoD1Ev</name>
         <value>0x1797</value>
         <object_component_ref idref="oc-2f3"/>
      </symbol>
      <symbol id="sm-44b">
         <name>_ZTIN10__cxxabiv120__si_class_type_infoE</name>
         <value>0x27c0</value>
         <object_component_ref idref="oc-2ee"/>
      </symbol>
      <symbol id="sm-44c">
         <name>_ZNSt9type_infoD0Ev</name>
         <value>0x1733</value>
         <object_component_ref idref="oc-2f3"/>
      </symbol>
      <symbol id="sm-44d">
         <name>_ZN10__cxxabiv120__function_type_infoD0Ev</name>
         <value>0x17a3</value>
         <object_component_ref idref="oc-2f3"/>
      </symbol>
      <symbol id="sm-44e">
         <name>_ZN10__cxxabiv117__class_type_infoD0Ev</name>
         <value>0x17c1</value>
         <object_component_ref idref="oc-2f3"/>
      </symbol>
      <symbol id="sm-44f">
         <name>_ZTSN10__cxxabiv117__pbase_type_infoE</name>
         <value>0x2637</value>
         <object_component_ref idref="oc-378"/>
      </symbol>
      <symbol id="sm-450">
         <name>_ZN10__cxxabiv116__enum_type_infoD0Ev</name>
         <value>0x17d5</value>
         <object_component_ref idref="oc-2f3"/>
      </symbol>
      <symbol id="sm-451">
         <name>_ZTIe</name>
         <value>0x2820</value>
         <object_component_ref idref="oc-350"/>
      </symbol>
      <symbol id="sm-452">
         <name>_ZN10__cxxabiv121__vmi_class_type_infoD0Ev</name>
         <value>0x178f</value>
         <object_component_ref idref="oc-2f3"/>
      </symbol>
      <symbol id="sm-453">
         <name>_ZTVN10__cxxabiv120__si_class_type_infoE</name>
         <value>0x273c</value>
         <object_component_ref idref="oc-289"/>
      </symbol>
      <symbol id="sm-454">
         <name>_ZN10__cxxabiv117__pbase_type_infoD0Ev</name>
         <value>0x17b7</value>
         <object_component_ref idref="oc-2f3"/>
      </symbol>
      <symbol id="sm-455">
         <name>_ZN10__cxxabiv117__array_type_infoD0Ev</name>
         <value>0x17cb</value>
         <object_component_ref idref="oc-2f3"/>
      </symbol>
      <symbol id="sm-456">
         <name>_ZSt21__gen_dummy_typeinfosv</name>
         <value>0x1729</value>
         <object_component_ref idref="oc-2f3"/>
      </symbol>
      <symbol id="sm-457">
         <name>_ZN10__cxxabiv129__pointer_to_member_type_infoD1Ev</name>
         <value>0x1779</value>
         <object_component_ref idref="oc-2f3"/>
      </symbol>
      <symbol id="sm-458">
         <name>_ZN10__cxxabiv119__pointer_type_infoD0Ev</name>
         <value>0x17ad</value>
         <object_component_ref idref="oc-2f3"/>
      </symbol>
      <symbol id="sm-459">
         <name>_ZN10__cxxabiv120__si_class_type_infoD0Ev</name>
         <value>0x1799</value>
         <object_component_ref idref="oc-2f3"/>
      </symbol>
      <symbol id="sm-45a">
         <name>_ZTIPKe</name>
         <value>0x269c</value>
         <object_component_ref idref="oc-325"/>
      </symbol>
      <symbol id="sm-45b">
         <name>_ZNKSt9type_infoeqERKS_</name>
         <value>0x1755</value>
         <object_component_ref idref="oc-2f3"/>
      </symbol>
      <symbol id="sm-471">
         <name>_nop</name>
         <value>0x20db</value>
         <object_component_ref idref="oc-229"/>
      </symbol>
      <symbol id="sm-472">
         <name>_lock</name>
         <value>0x20000a78</value>
         <object_component_ref idref="oc-147"/>
      </symbol>
      <symbol id="sm-473">
         <name>_unlock</name>
         <value>0x20000a7c</value>
         <object_component_ref idref="oc-147"/>
      </symbol>
      <symbol id="sm-474">
         <name>_register_lock</name>
         <value>0x20d3</value>
         <object_component_ref idref="oc-229"/>
      </symbol>
      <symbol id="sm-475">
         <name>_register_unlock</name>
         <value>0x20cd</value>
         <object_component_ref idref="oc-229"/>
      </symbol>
      <symbol id="sm-488">
         <name>_args_main</name>
         <value>0x2061</value>
         <object_component_ref idref="oc-46"/>
      </symbol>
      <symbol id="sm-4a4">
         <name>__TI_auto_init</name>
         <value>0x19d1</value>
         <object_component_ref idref="oc-42"/>
      </symbol>
      <symbol id="sm-4bc">
         <name>copy_in</name>
         <value>0x1ea5</value>
         <object_component_ref idref="oc-13a"/>
      </symbol>
      <symbol id="sm-522">
         <name>TimerLoadSet</name>
         <value>0x20f3</value>
         <object_component_ref idref="oc-b1"/>
      </symbol>
      <symbol id="sm-523">
         <name>TimerDisable</name>
         <value>0x20b9</value>
         <object_component_ref idref="oc-8c"/>
      </symbol>
      <symbol id="sm-524">
         <name>TimerIntRegister</name>
         <value>0x1657</value>
         <object_component_ref idref="oc-a2"/>
      </symbol>
      <symbol id="sm-525">
         <name>TimerEnable</name>
         <value>0x2143</value>
         <object_component_ref idref="oc-91"/>
      </symbol>
      <symbol id="sm-526">
         <name>TimerIntDisable</name>
         <value>0x218b</value>
         <object_component_ref idref="oc-a7"/>
      </symbol>
      <symbol id="sm-527">
         <name>TimerValueGet</name>
         <value>0x219f</value>
         <object_component_ref idref="oc-87"/>
      </symbol>
      <symbol id="sm-528">
         <name>TimerLoadGet</name>
         <value>0x2195</value>
         <object_component_ref idref="oc-b6"/>
      </symbol>
      <symbol id="sm-529">
         <name>TimerIntEnable</name>
         <value>0x21a9</value>
         <object_component_ref idref="oc-ac"/>
      </symbol>
      <symbol id="sm-52a">
         <name>TimerConfigure</name>
         <value>0x1bd5</value>
         <object_component_ref idref="oc-9d"/>
      </symbol>
      <symbol id="sm-52b">
         <name>TimerIntClear</name>
         <value>0x21d3</value>
         <object_component_ref idref="oc-bb"/>
      </symbol>
      <symbol id="sm-554">
         <name>SysCtlClockSet</name>
         <value>0x154f</value>
         <object_component_ref idref="oc-21b"/>
      </symbol>
      <symbol id="sm-555">
         <name>SysCtlDelay</name>
         <value>0x21bf</value>
         <object_component_ref idref="oc-220"/>
      </symbol>
      <symbol id="sm-556">
         <name>SysCtlPeripheralEnable</name>
         <value>0x1f2d</value>
         <object_component_ref idref="oc-98"/>
      </symbol>
      <symbol id="sm-557">
         <name>SysCtlPWMClockSet</name>
         <value>0x20a5</value>
         <object_component_ref idref="oc-244"/>
      </symbol>
      <symbol id="sm-59e">
         <name>PWMGenPeriodSet</name>
         <value>0x20e1</value>
         <object_component_ref idref="oc-24e"/>
      </symbol>
      <symbol id="sm-59f">
         <name>PWMGenIntTrigEnable</name>
         <value>0x2181</value>
         <object_component_ref idref="oc-fc"/>
      </symbol>
      <symbol id="sm-5a0">
         <name>PWMPulseWidthSet</name>
         <value>0x1fef</value>
         <object_component_ref idref="oc-26c"/>
      </symbol>
      <symbol id="sm-5a1">
         <name>PWMSyncTimeBase</name>
         <value>0x21cb</value>
         <object_component_ref idref="oc-25d"/>
      </symbol>
      <symbol id="sm-5a2">
         <name>PWMSyncUpdate</name>
         <value>0x21cf</value>
         <object_component_ref idref="oc-258"/>
      </symbol>
      <symbol id="sm-5a3">
         <name>PWMOutputState</name>
         <value>0x208f</value>
         <object_component_ref idref="oc-267"/>
      </symbol>
      <symbol id="sm-5a4">
         <name>PWMGenEnable</name>
         <value>0x215f</value>
         <object_component_ref idref="oc-253"/>
      </symbol>
      <symbol id="sm-5a5">
         <name>PWMGenConfigure</name>
         <value>0x1f61</value>
         <object_component_ref idref="oc-249"/>
      </symbol>
      <symbol id="sm-5a6">
         <name>PWMOutputInvert</name>
         <value>0x2079</value>
         <object_component_ref idref="oc-262"/>
      </symbol>
      <symbol id="sm-5ca">
         <name>IntEnable</name>
         <value>0x1ae3</value>
         <object_component_ref idref="oc-1bb"/>
      </symbol>
      <symbol id="sm-5cb">
         <name>IntRegister</name>
         <value>0x1e0d</value>
         <object_component_ref idref="oc-1b6"/>
      </symbol>
      <symbol id="sm-5cc">
         <name>g_pfnRAMVectors</name>
         <value>0x20000000</value>
         <object_component_ref idref="oc-29e"/>
      </symbol>
      <symbol id="sm-60f">
         <name>GPIOPinTypePWM</name>
         <value>0x200d</value>
         <object_component_ref idref="oc-23f"/>
      </symbol>
      <symbol id="sm-610">
         <name>GPIOPinConfigure</name>
         <value>0x1dbb</value>
         <object_component_ref idref="oc-23a"/>
      </symbol>
      <symbol id="sm-611">
         <name>GPIOPinTypeADC</name>
         <value>0x1fd1</value>
         <object_component_ref idref="oc-f7"/>
      </symbol>
      <symbol id="sm-612">
         <name>GPIOPinTypeGPIOOutput</name>
         <value>0x1faf</value>
         <object_component_ref idref="oc-1e8"/>
      </symbol>
      <symbol id="sm-613">
         <name>GPIOPinWrite</name>
         <value>0x21b9</value>
         <object_component_ref idref="oc-1e3"/>
      </symbol>
      <symbol id="sm-614">
         <name>GPIOPadConfigSet</name>
         <value>0x1351</value>
         <object_component_ref idref="oc-1fe"/>
      </symbol>
      <symbol id="sm-65a">
         <name>ADCSequenceEnable</name>
         <value>0x2135</value>
         <object_component_ref idref="oc-10b"/>
      </symbol>
      <symbol id="sm-65b">
         <name>ADCIntDisable</name>
         <value>0x2127</value>
         <object_component_ref idref="oc-f2"/>
      </symbol>
      <symbol id="sm-65c">
         <name>ADCSequenceConfigure</name>
         <value>0x1d67</value>
         <object_component_ref idref="oc-101"/>
      </symbol>
      <symbol id="sm-65d">
         <name>ADCIntEnable</name>
         <value>0x2117</value>
         <object_component_ref idref="oc-110"/>
      </symbol>
      <symbol id="sm-65e">
         <name>ADCSequenceStepConfigure</name>
         <value>0x1a65</value>
         <object_component_ref idref="oc-eb"/>
      </symbol>
      <symbol id="sm-65f">
         <name>ADCIntClear</name>
         <value>0x2177</value>
         <object_component_ref idref="oc-115"/>
      </symbol>
      <symbol id="sm-660">
         <name>ADCIntRegister</name>
         <value>0x1c43</value>
         <object_component_ref idref="oc-106"/>
      </symbol>
      <symbol id="sm-661">
         <name>ADCSequenceDataGet</name>
         <value>0x1f8d</value>
         <object_component_ref idref="oc-11a"/>
      </symbol>
      <symbol id="sm-662">
         <name>__TI_static_base__</name>
         <value>0x0</value>
      </symbol>
      <symbol id="sm-663">
         <name>__TI_args_main</name>
         <value>0x1</value>
      </symbol>
      <symbol id="sm-664">
         <name>SHT$$INIT_ARRAY$$Limit</name>
         <value>0x0</value>
      </symbol>
      <symbol id="sm-665">
         <name>SHT$$INIT_ARRAY$$Base</name>
         <value>0x0</value>
      </symbol>
      <symbol id="sm-669">
         <name>_ZN10motorClassC2Ev</name>
         <value>0x180b</value>
      </symbol>
      <symbol id="sm-66a">
         <name>_ZN10motorClassD2Ev</name>
         <value>0x17e5</value>
      </symbol>
      <symbol id="sm-66b">
         <name>_ZN15ZCDetectorClassC2Ev</name>
         <value>0x1cb1</value>
      </symbol>
      <symbol id="sm-66c">
         <name>_ZN15ZCDetectorClassD2Ev</name>
         <value>0x1ca7</value>
      </symbol>
      <symbol id="sm-66d">
         <name>_ZN8PWMClassC2Ev</name>
         <value>0x277</value>
      </symbol>
      <symbol id="sm-66e">
         <name>_ZN8PWMClassD2Ev</name>
         <value>0x26d</value>
      </symbol>
      <symbol id="sm-66f">
         <name>_ZN8LEDClassC2Ev</name>
         <value>0x1899</value>
      </symbol>
      <symbol id="sm-670">
         <name>_ZN8LEDClassD2Ev</name>
         <value>0x188f</value>
      </symbol>
      <symbol id="sm-671">
         <name>_ZN15CommutatorClassC2Ev</name>
         <value>0x1117</value>
      </symbol>
      <symbol id="sm-672">
         <name>_ZN15CommutatorClassD2Ev</name>
         <value>0x1105</value>
      </symbol>
      <symbol id="sm-673">
         <name>_ZN26CommutationControllerClassC2Ev</name>
         <value>0xe5b</value>
      </symbol>
      <symbol id="sm-674">
         <name>_ZN26CommutationControllerClassD2Ev</name>
         <value>0xe49</value>
      </symbol>
      <symbol id="sm-675">
         <name>_ZN8ADCClassC2Ev</name>
         <value>0xb87</value>
      </symbol>
      <symbol id="sm-676">
         <name>_ZN8ADCClassD2Ev</name>
         <value>0xb65</value>
      </symbol>
      <symbol id="sm-677">
         <name>_ZNSt9type_infoD2Ev</name>
         <value>0x1731</value>
      </symbol>
      <symbol id="sm-678">
         <name>_ZN10__cxxabiv123__fundamental_type_infoD2Ev</name>
         <value>0x1783</value>
      </symbol>
      <symbol id="sm-679">
         <name>_ZN10__cxxabiv117__array_type_infoD2Ev</name>
         <value>0x17c9</value>
      </symbol>
      <symbol id="sm-67a">
         <name>_ZN10__cxxabiv120__function_type_infoD2Ev</name>
         <value>0x17a1</value>
      </symbol>
      <symbol id="sm-67b">
         <name>_ZN10__cxxabiv116__enum_type_infoD2Ev</name>
         <value>0x17d3</value>
      </symbol>
      <symbol id="sm-67c">
         <name>_ZN10__cxxabiv117__class_type_infoD2Ev</name>
         <value>0x17bf</value>
      </symbol>
      <symbol id="sm-67d">
         <name>_ZN10__cxxabiv120__si_class_type_infoD2Ev</name>
         <value>0x1797</value>
      </symbol>
      <symbol id="sm-67e">
         <name>_ZN10__cxxabiv121__vmi_class_type_infoD2Ev</name>
         <value>0x178d</value>
      </symbol>
      <symbol id="sm-67f">
         <name>_ZN10__cxxabiv117__pbase_type_infoD2Ev</name>
         <value>0x17b5</value>
      </symbol>
      <symbol id="sm-680">
         <name>_ZN10__cxxabiv119__pointer_type_infoD2Ev</name>
         <value>0x17ab</value>
      </symbol>
      <symbol id="sm-681">
         <name>_ZN10__cxxabiv129__pointer_to_member_type_infoD2Ev</name>
         <value>0x1779</value>
      </symbol>
   </symbol_table>
   <title>Link successful</title>
</link_info>
