******************************************************************************
                  TI ARM Linker PC v5.1.5                      
******************************************************************************
>> Linked Thu Jul 17 15:41:36 2014

OUTPUT FILE NAME:   <BLDC.out>
ENTRY POINT SYMBOL: "_c_int00"  address: 00001e69


MEMORY CONFIGURATION

         name            origin    length      used     unused   attr    fill
----------------------  --------  ---------  --------  --------  ----  --------
  FLASH                 00000000   00040000  00002886  0003d77a  R  X
  SRAM                  20000000   00008000  00000aa8  00007558  RW X


SEGMENT ALLOCATION MAP

run origin  load origin   length   init length attrs members
----------  ----------- ---------- ----------- ----- -------
00000000    00000000    00002888   00002888    r-x
  00000000    00000000    0000026c   0000026c    r-- .intvecs
  0000026c    0000026c    00001f76   00001f76    r-x .text
  000021e4    000021e4    00000654   00000654    r-- .const
  00002838    00002838    00000050   00000050    r-- .cinit
20000000    20000000    00000aa8   00000000    rw-
  20000000    20000000    0000026c   00000000    rw- .vtable
  2000026c    2000026c    00000800   00000000    rw- .stack
  20000a6c    20000a6c    00000020   00000000    rw- .data
  20000a8c    20000a8c    00000014   00000000    rw- .bss
  20000aa0    20000aa0    00000008   00000000    rw- .sysmem


SECTION ALLOCATION MAP

 output                                  attributes/
section   page    origin      length       input sections
--------  ----  ----------  ----------   ----------------
.intvecs   0    00000000    0000026c     
                  00000000    0000026c     tm4c123ah6pm_startup_ccs.obj (.intvecs)

.init_array 
*          0    00000000    00000000     UNINITIALIZED

.text      0    0000026c    00001f76     
                  0000026c    00000526     PWM.obj (.text)
                  00000792    00000002     --HOLE-- [fill = 0]
                  00000794    000003cc     rtsv7M4_T_le_v4SPD16_eabi.lib : memory.obj (.text)
                  00000b60    000002e8     ADC.obj (.text)
                  00000e48    000002c4     CommutationController.obj (.text)
                  0000110c    0000024a     Commutator.obj (.text)
                  00001356    000001fe     driverlib.lib : gpio.obj (.text:GPIOPadConfigSet)
                  00001554    00000108                   : sysctl.obj (.text:SysCtlClockSet)
                  0000165c    000000d0                   : timer.obj (.text:TimerIntRegister)
                  0000172c    000000bc     rtsv7M4_T_le_v4SPD16_eabi.lib : typeinfo_.obj (.text)
                  000017e8    000000ac     motor.obj (.text)
                  00001894    000000a0     LED.obj (.text)
                  00001934    0000009c     rtsv7M4_T_le_v4SPD16_eabi.lib : memcpy_t2.obj (.text)
                  000019d0    00000094                                   : auto_init.obj (.text)
                  00001a64    0000007e     driverlib.lib : adc.obj (.text:ADCSequenceStepConfigure)
                  00001ae2    0000007c                   : interrupt.obj (.text:IntEnable)
                  00001b5e    00000076     main.obj (.text)
                  00001bd4    0000006e     driverlib.lib : timer.obj (.text:TimerConfigure)
                  00001c42    0000006e     ZCDetector.obj (.text)
                  00001cb0    00000064     driverlib.lib : adc.obj (.text:ADCIntRegister)
                  00001d14    0000005e     rtsv7M4_T_le_v4SPD16_eabi.lib : copy_decompress_rle.obj (.text)
                  00001d72    00000054     driverlib.lib : adc.obj (.text:ADCSequenceConfigure)
                  00001dc6    00000052                   : gpio.obj (.text:GPIOPinConfigure)
                  00001e18    0000004e                   : interrupt.obj (.text:IntRegister)
                  00001e66    00000002     --HOLE-- [fill = 0]
                  00001e68    00000048     rtsv7M4_T_le_v4SPD16_eabi.lib : boot.obj (.text)
                  00001eb0    00000044                                   : cpy_tbl.obj (.text)
                  00001ef4    00000044                                   : exit.obj (.text)
                  00001f38    00000034     driverlib.lib : sysctl.obj (.text:SysCtlPeripheralEnable)
                  00001f6c    0000002c                   : pwm.obj (.text:PWMGenConfigure)
                  00001f98    00000022                   : adc.obj (.text:ADCSequenceDataGet)
                  00001fba    00000022                   : gpio.obj (.text:GPIOPinTypeGPIOOutput)
                  00001fdc    0000001e                   : gpio.obj (.text:GPIOPinTypeADC)
                  00001ffa    0000001e                   : pwm.obj (.text:PWMPulseWidthSet)
                  00002018    0000001c                   : gpio.obj (.text:GPIOPinTypePWM)
                  00002034    0000001c     ADC.obj (.text:retain)
                  00002050    0000001c     CommutationController.obj (.text:retain)
                  0000206c    00000018     rtsv7M4_T_le_v4SPD16_eabi.lib : args_main.obj (.text)
                  00002084    00000016     driverlib.lib : pwm.obj (.text:PWMOutputInvert)
                  0000209a    00000016                   : pwm.obj (.text:PWMOutputState)
                  000020b0    00000014                   : sysctl.obj (.text:SysCtlPWMClockSet)
                  000020c4    00000014                   : timer.obj (.text:TimerDisable)
                  000020d8    00000014     rtsv7M4_T_le_v4SPD16_eabi.lib : _lock.obj (.text)
                  000020ec    00000012     driverlib.lib : pwm.obj (.text:PWMGenPeriodSet)
                  000020fe    00000012                   : timer.obj (.text:TimerLoadSet)
                  00002110    00000012     rtsv7M4_T_le_v4SPD16_eabi.lib : copy_zero_init.obj (.text:decompress:ZI)
                  00002122    00000010     driverlib.lib : adc.obj (.text:ADCIntEnable)
                  00002132    0000000e                   : adc.obj (.text:ADCIntDisable)
                  00002140    0000000e                   : adc.obj (.text:ADCSequenceEnable)
                  0000214e    0000000e                   : timer.obj (.text:TimerEnable)
                  0000215c    0000000e     rtsv7M4_T_le_v4SPD16_eabi.lib : copy_decompress_none.obj (.text:decompress:none)
                  0000216a    0000000c     driverlib.lib : pwm.obj (.text:PWMGenEnable)
                  00002176    0000000c     tm4c123ah6pm_startup_ccs.obj (.text)
                  00002182    0000000a     driverlib.lib : adc.obj (.text:ADCIntClear)
                  0000218c    0000000a                   : pwm.obj (.text:PWMGenIntTrigEnable)
                  00002196    0000000a                   : timer.obj (.text:TimerIntDisable)
                  000021a0    0000000a                   : timer.obj (.text:TimerLoadGet)
                  000021aa    0000000a                   : timer.obj (.text:TimerValueGet)
                  000021b4    00000008                   : timer.obj (.text:TimerIntEnable)
                  000021bc    00000008     rtsv7M4_T_le_v4SPD16_eabi.lib : delete.obj (.text)
                  000021c4    00000006     driverlib.lib : gpio.obj (.text:GPIOPinWrite)
                  000021ca    00000006                   : sysctl.obj (.text:SysCtlDelay)
                  000021d0    00000006     rtsv7M4_T_le_v4SPD16_eabi.lib : copy_decompress_rle.obj (.text:decompress:rle24)
                  000021d6    00000004     driverlib.lib : pwm.obj (.text:PWMSyncTimeBase)
                  000021da    00000004                   : pwm.obj (.text:PWMSyncUpdate)
                  000021de    00000004                   : timer.obj (.text:TimerIntClear)

.const     0    000021e4    00000654     
                  000021e4    00000218     driverlib.lib : gpio.obj (.const)
                  000023fc    0000010c                   : interrupt.obj (.const)
                  00002508    000000a8                   : timer.obj (.const)
                  000025b0    00000028     rtsv7M4_T_le_v4SPD16_eabi.lib : typeinfo_.obj (.const:.typeinfo:_ZTSN10__cxxabiv123__fundamental_type_infoE)
                  000025d8    00000025                                   : typeinfo_.obj (.const:.typeinfo:_ZTSN10__cxxabiv120__si_class_type_infoE)
                  000025fd    00000024                                   : typeinfo_.obj (.const:.typeinfo:_ZTSN10__cxxabiv119__pointer_type_infoE)
                  00002621    00000022                                   : typeinfo_.obj (.const:.typeinfo:_ZTSN10__cxxabiv117__class_type_infoE)
                  00002643    00000022                                   : typeinfo_.obj (.const:.typeinfo:_ZTSN10__cxxabiv117__pbase_type_infoE)
                  00002665    0000001d     CommutationController.obj (.const:.typeinfo:_ZTS26CommutationControllerClass)
                  00002682    00000012     Commutator.obj (.const:.typeinfo:_ZTS15CommutatorClass)
                  00002694    00000012     ZCDetector.obj (.const:.typeinfo:_ZTS15ZCDetectorClass)
                  000026a6    00000002     rtsv7M4_T_le_v4SPD16_eabi.lib : typeinfo_.obj (.const:.typeinfo:_ZTSe)
                  000026a8    00000010                                   : typeinfo_.obj (.const:.typeinfo:_ZTIPKe)
                  000026b8    00000010     motor.obj (.const:_ZTV10motorClass)
                  000026c8    00000010     Commutator.obj (.const:_ZTV15CommutatorClass)
                  000026d8    00000010     ZCDetector.obj (.const:_ZTV15ZCDetectorClass)
                  000026e8    00000010     CommutationController.obj (.const:_ZTV26CommutationControllerClass)
                  000026f8    00000010     ADC.obj (.const:_ZTV8ADCClass)
                  00002708    00000010     LED.obj (.const:_ZTV8LEDClass)
                  00002718    00000010     PWM.obj (.const:_ZTV8PWMClass)
                  00002728    00000010     rtsv7M4_T_le_v4SPD16_eabi.lib : typeinfo_.obj (.const:_ZTVN10__cxxabiv117__class_type_infoE)
                  00002738    00000010                                   : typeinfo_.obj (.const:_ZTVN10__cxxabiv119__pointer_type_infoE)
                  00002748    00000010                                   : typeinfo_.obj (.const:_ZTVN10__cxxabiv120__si_class_type_infoE)
                  00002758    00000010                                   : typeinfo_.obj (.const:_ZTVN10__cxxabiv123__fundamental_type_infoE)
                  00002768    0000000d     motor.obj (.const:.typeinfo:_ZTS10motorClass)
                  00002775    0000000d     rtsv7M4_T_le_v4SPD16_eabi.lib : typeinfo_.obj (.const:.typeinfo:_ZTSSt9type_info)
                  00002782    00000002     --HOLE-- [fill = 0]
                  00002784    0000000c     Commutator.obj (.const:.typeinfo:_ZTI15CommutatorClass)
                  00002790    0000000c     CommutationController.obj (.const:.typeinfo:_ZTI26CommutationControllerClass)
                  0000279c    0000000c     ADC.obj (.const:.typeinfo:_ZTI8ADCClass)
                  000027a8    0000000c     rtsv7M4_T_le_v4SPD16_eabi.lib : typeinfo_.obj (.const:.typeinfo:_ZTIN10__cxxabiv117__class_type_infoE)
                  000027b4    0000000c                                   : typeinfo_.obj (.const:.typeinfo:_ZTIN10__cxxabiv117__pbase_type_infoE)
                  000027c0    0000000c                                   : typeinfo_.obj (.const:.typeinfo:_ZTIN10__cxxabiv119__pointer_type_infoE)
                  000027cc    0000000c                                   : typeinfo_.obj (.const:.typeinfo:_ZTIN10__cxxabiv120__si_class_type_infoE)
                  000027d8    0000000c                                   : typeinfo_.obj (.const:.typeinfo:_ZTIN10__cxxabiv123__fundamental_type_infoE)
                  000027e4    0000000a     ADC.obj (.const:.typeinfo:_ZTS8ADCClass)
                  000027ee    0000000a     LED.obj (.const:.typeinfo:_ZTS8LEDClass)
                  000027f8    0000000a     PWM.obj (.const:.typeinfo:_ZTS8PWMClass)
                  00002802    00000002     --HOLE-- [fill = 0]
                  00002804    00000008     motor.obj (.const:.typeinfo:_ZTI10motorClass)
                  0000280c    00000008     ZCDetector.obj (.const:.typeinfo:_ZTI15ZCDetectorClass)
                  00002814    00000008     LED.obj (.const:.typeinfo:_ZTI8LEDClass)
                  0000281c    00000008     PWM.obj (.const:.typeinfo:_ZTI8PWMClass)
                  00002824    00000008     rtsv7M4_T_le_v4SPD16_eabi.lib : typeinfo_.obj (.const:.typeinfo:_ZTISt9type_info)
                  0000282c    00000008                                   : typeinfo_.obj (.const:.typeinfo:_ZTIe)
                  00002834    00000004                                   : typeinfo_.obj (.const:.typeinfo:_ZTSPKe)

.cinit     0    00002838    00000050     
                  00002838    0000001b     (.cinit..data.load) [load image, compression = rle]
                  00002853    00000001     --HOLE-- [fill = 0]
                  00002854    0000000c     (__TI_handler_table)
                  00002860    00000008     (.cinit..bss.load) [load image, compression = zero_init]
                  00002868    00000008     (.cinit..vtable.load) [load image, compression = zero_init]
                  00002870    00000018     (__TI_cinit_table)

.vtable    0    20000000    0000026c     UNINITIALIZED
                  20000000    0000026c     driverlib.lib : interrupt.obj (.vtable)

.stack     0    2000026c    00000800     UNINITIALIZED
                  2000026c    00000800     --HOLE--

.data      0    20000a6c    00000020     UNINITIALIZED
                  20000a6c    0000000c     rtsv7M4_T_le_v4SPD16_eabi.lib : memory.obj (.data)
                  20000a78    00000008                                   : _lock.obj (.data)
                  20000a80    00000008                                   : exit.obj (.data)
                  20000a88    00000004                                   : stkdepth_vars.obj (.data)

.bss       0    20000a8c    00000014     UNINITIALIZED
                  20000a8c    00000004     (.common:ADC0)
                  20000a90    00000004     (.common:ADC1)
                  20000a94    00000004     (.common:CommTimer0)
                  20000a98    00000004     (.common:CommTimer1)
                  20000a9c    00000004     (.common:_ZSt16__dummy_typeinfo)

.sysmem    0    20000aa0    00000008     UNINITIALIZED
                  20000aa0    00000008     rtsv7M4_T_le_v4SPD16_eabi.lib : memory.obj (.sysmem)


LINKER GENERATED COPY TABLES

__TI_cinit_table @ 00002870 records: 3, size/record: 8, table size: 24
	.data: load addr=00002838, load size=0000001b bytes, run addr=20000a6c, run size=00000020 bytes, compression=rle
	.bss: load addr=00002860, load size=00000008 bytes, run addr=20000a8c, run size=00000014 bytes, compression=zero_init
	.vtable: load addr=00002868, load size=00000008 bytes, run addr=20000000, run size=0000026c bytes, compression=zero_init


LINKER GENERATED HANDLER TABLE

__TI_handler_table @ 00002854 records: 3, size/record: 4, table size: 12
	index: 0, handler: __TI_zero_init
	index: 1, handler: __TI_decompress_rle24
	index: 2, handler: __TI_decompress_none


GLOBAL SYMBOLS: SORTED ALPHABETICALLY BY Name 

address    name
--------   ----
20000a8c   ADC0
20000a90   ADC1
00002183   ADCIntClear
00002133   ADCIntDisable
00002123   ADCIntEnable
00001cb1   ADCIntRegister
00001d73   ADCSequenceConfigure
00001f99   ADCSequenceDataGet
00002141   ADCSequenceEnable
00001a65   ADCSequenceStepConfigure
00001ef5   C$$EXIT
20000a94   CommTimer0
20000a98   CommTimer1
00001357   GPIOPadConfigSet
00001dc7   GPIOPinConfigure
00001fdd   GPIOPinTypeADC
00001fbb   GPIOPinTypeGPIOOutput
00002019   GPIOPinTypePWM
000021c5   GPIOPinWrite
00001ae3   IntEnable
00001e19   IntRegister
00001f6d   PWMGenConfigure
0000216b   PWMGenEnable
0000218d   PWMGenIntTrigEnable
000020ed   PWMGenPeriodSet
00002085   PWMOutputInvert
0000209b   PWMOutputState
00001ffb   PWMPulseWidthSet
000021d7   PWMSyncTimeBase
000021db   PWMSyncUpdate
00002177   ResetISR
UNDEFED    SHT$$INIT_ARRAY$$Base
UNDEFED    SHT$$INIT_ARRAY$$Limit
00001555   SysCtlClockSet
000021cb   SysCtlDelay
000020b1   SysCtlPWMClockSet
00001f39   SysCtlPeripheralEnable
00001bd5   TimerConfigure
000020c5   TimerDisable
0000214f   TimerEnable
000021df   TimerIntClear
00002197   TimerIntDisable
000021b5   TimerIntEnable
0000165d   TimerIntRegister
000021a1   TimerLoadGet
000020ff   TimerLoadSet
000021ab   TimerValueGet
000017d9   _ZN10__cxxabiv116__enum_type_infoD0Ev
000017d7   _ZN10__cxxabiv116__enum_type_infoD1Ev
000017d7   _ZN10__cxxabiv116__enum_type_infoD2Ev
000017cf   _ZN10__cxxabiv117__array_type_infoD0Ev
000017cd   _ZN10__cxxabiv117__array_type_infoD1Ev
000017cd   _ZN10__cxxabiv117__array_type_infoD2Ev
000017c5   _ZN10__cxxabiv117__class_type_infoD0Ev
000017c3   _ZN10__cxxabiv117__class_type_infoD1Ev
000017c3   _ZN10__cxxabiv117__class_type_infoD2Ev
000017bb   _ZN10__cxxabiv117__pbase_type_infoD0Ev
000017b9   _ZN10__cxxabiv117__pbase_type_infoD1Ev
000017b9   _ZN10__cxxabiv117__pbase_type_infoD2Ev
000017b1   _ZN10__cxxabiv119__pointer_type_infoD0Ev
000017af   _ZN10__cxxabiv119__pointer_type_infoD1Ev
000017af   _ZN10__cxxabiv119__pointer_type_infoD2Ev
000017a7   _ZN10__cxxabiv120__function_type_infoD0Ev
000017a5   _ZN10__cxxabiv120__function_type_infoD1Ev
000017a5   _ZN10__cxxabiv120__function_type_infoD2Ev
0000179d   _ZN10__cxxabiv120__si_class_type_infoD0Ev
0000179b   _ZN10__cxxabiv120__si_class_type_infoD1Ev
0000179b   _ZN10__cxxabiv120__si_class_type_infoD2Ev
00001793   _ZN10__cxxabiv121__vmi_class_type_infoD0Ev
00001791   _ZN10__cxxabiv121__vmi_class_type_infoD1Ev
00001791   _ZN10__cxxabiv121__vmi_class_type_infoD2Ev
00001789   _ZN10__cxxabiv123__fundamental_type_infoD0Ev
00001787   _ZN10__cxxabiv123__fundamental_type_infoD1Ev
00001787   _ZN10__cxxabiv123__fundamental_type_infoD2Ev
0000177f   _ZN10__cxxabiv129__pointer_to_member_type_infoD0Ev
0000177d   _ZN10__cxxabiv129__pointer_to_member_type_infoD1Ev
0000177d   _ZN10__cxxabiv129__pointer_to_member_type_infoD2Ev
00001887   _ZN10motorClass11setPWMWidthEj
00001835   _ZN10motorClass4initEj
0000185b   _ZN10motorClass5startEv
0000188d   _ZN10motorClass8getStateEv
00001891   _ZN10motorClass8setStateE14controlState_t
000017e9   _ZN10motorClassC1Ev
000017e9   _ZN10motorClassC2Ev
00001827   _ZN10motorClassD0Ev
0000180f   _ZN10motorClassD1Ev
0000180f   _ZN10motorClassD2Ev
0000113f   _ZN15CommutatorClass15disableSwitchesEv
0000116f   _ZN15CommutatorClass4initEjP8ADCClass
00001177   _ZN15CommutatorClass9commutateEv
0000110d   _ZN15CommutatorClassC1Ev
0000110d   _ZN15CommutatorClassC2Ev
00001131   _ZN15CommutatorClassD0Ev
0000112d   _ZN15CommutatorClassD1Ev
0000112d   _ZN15CommutatorClassD2Ev
00001c63   _ZN15ZCDetectorClass10ZCDetectedEjj
00001c5f   _ZN15ZCDetectorClass14setZCDirectionE23zeroCrossingDirection_t
00001c43   _ZN15ZCDetectorClassC1Ev
00001c43   _ZN15ZCDetectorClassC2Ev
00001c57   _ZN15ZCDetectorClassD0Ev
00001c55   _ZN15ZCDetectorClassD1Ev
00001c55   _ZN15ZCDetectorClassD2Ev
00002051   _ZN26CommutationControllerClass10ISR0StaticEv
0000205f   _ZN26CommutationControllerClass10ISR1StaticEv
00000f4b   _ZN26CommutationControllerClass12initAsTimer0Ev
00000f6d   _ZN26CommutationControllerClass12initAsTimer1Ev
00000f17   _ZN26CommutationControllerClass15enableInterruptEv
00000f37   _ZN26CommutationControllerClass15getTimeoutValueEv
00000f2b   _ZN26CommutationControllerClass15setTimeoutValueEj
00000f21   _ZN26CommutationControllerClass16disableInterruptEv
00000f91   _ZN26CommutationControllerClass3ISREv
00000e9f   _ZN26CommutationControllerClass4initEjP8ADCClassP10motorClass
00000f03   _ZN26CommutationControllerClass6enableEv
00000f0d   _ZN26CommutationControllerClass7disableEv
00000f41   _ZN26CommutationControllerClass8getValueEv
00000e49   _ZN26CommutationControllerClassC1Ev
00000e49   _ZN26CommutationControllerClassC2Ev
00000e91   _ZN26CommutationControllerClassD0Ev
00000e8d   _ZN26CommutationControllerClassD1Ev
00000e8d   _ZN26CommutationControllerClassD2Ev
00002035   _ZN8ADCClass10ISR0StaticEv
00002043   _ZN8ADCClass10ISR1StaticEv
00000cc7   _ZN8ADCClass10initAsADC0Ev
00000d1d   _ZN8ADCClass10initAsADC1Ev
00000c65   _ZN8ADCClass14getMeasurementEv
00000c6d   _ZN8ADCClass15enableInterruptEv
00000c75   _ZN8ADCClass16disableInterruptEv
00000cb9   _ZN8ADCClass17getZCDetectedFlagEv
00000c69   _ZN8ADCClass18getMeasurementTimeEv
00000cbf   _ZN8ADCClass19clearZCDetectedFlagEv
00000d95   _ZN8ADCClass3ISREv
00000be3   _ZN8ADCClass4initEjP26CommutationControllerClassP10motorClass
00000c7d   _ZN8ADCClass8setPhaseE7phase_t
00000d75   _ZN8ADCClass9IIRFilterEj
00000b61   _ZN8ADCClassC1Ev
00000b61   _ZN8ADCClassC2Ev
00000bd5   _ZN8ADCClassD0Ev
00000bc1   _ZN8ADCClassD1Ev
00000bc1   _ZN8ADCClassD2Ev
00001901   _ZN8LEDClass10initAsLED0Ev
0000191b   _ZN8LEDClass10initAsLED1Ev
000018e5   _ZN8LEDClass3setEv
000018b5   _ZN8LEDClass4initEj
000018db   _ZN8LEDClass5clearEv
000018ef   _ZN8LEDClass6toggleEv
00001895   _ZN8LEDClassC1Ev
00001895   _ZN8LEDClassC2Ev
000018ad   _ZN8LEDClassD0Ev
000018ab   _ZN8LEDClassD1Ev
000018ab   _ZN8LEDClassD2Ev
000005c7   _ZN8PWMClass10initAsPWM0Ev
000006b9   _ZN8PWMClass10initAsPWM1Ev
000002df   _ZN8PWMClass11setPWMWidthEj
00000473   _ZN8PWMClass20setOutputEnableStateEbbbbbb
0000051d   _ZN8PWMClass20setOutputInvertStateEbbbbbb
0000033b   _ZN8PWMClass4initEj
0000026d   _ZN8PWMClassC1Ev
0000026d   _ZN8PWMClassC2Ev
000002d7   _ZN8PWMClassD0Ev
000002d5   _ZN8PWMClassD1Ev
000002d5   _ZN8PWMClassD2Ev
0000173f   _ZNKSt9type_info4nameEv
0000176f   _ZNKSt9type_info6beforeERKS_
00001759   _ZNKSt9type_infoeqERKS_
00001743   _ZNKSt9type_infoneERKS_
00001737   _ZNSt9type_infoD0Ev
00001735   _ZNSt9type_infoD1Ev
00001735   _ZNSt9type_infoD2Ev
20000a9c   _ZSt16__dummy_typeinfo
0000172d   _ZSt21__gen_dummy_typeinfosv
00002804   _ZTI10motorClass
00002784   _ZTI15CommutatorClass
0000280c   _ZTI15ZCDetectorClass
00002790   _ZTI26CommutationControllerClass
0000279c   _ZTI8ADCClass
00002814   _ZTI8LEDClass
0000281c   _ZTI8PWMClass
000027a8   _ZTIN10__cxxabiv117__class_type_infoE
000027b4   _ZTIN10__cxxabiv117__pbase_type_infoE
000027c0   _ZTIN10__cxxabiv119__pointer_type_infoE
000027cc   _ZTIN10__cxxabiv120__si_class_type_infoE
000027d8   _ZTIN10__cxxabiv123__fundamental_type_infoE
000026a8   _ZTIPKe
00002824   _ZTISt9type_info
0000282c   _ZTIe
00002768   _ZTS10motorClass
00002682   _ZTS15CommutatorClass
00002694   _ZTS15ZCDetectorClass
00002665   _ZTS26CommutationControllerClass
000027e4   _ZTS8ADCClass
000027ee   _ZTS8LEDClass
000027f8   _ZTS8PWMClass
00002621   _ZTSN10__cxxabiv117__class_type_infoE
00002643   _ZTSN10__cxxabiv117__pbase_type_infoE
000025fd   _ZTSN10__cxxabiv119__pointer_type_infoE
000025d8   _ZTSN10__cxxabiv120__si_class_type_infoE
000025b0   _ZTSN10__cxxabiv123__fundamental_type_infoE
00002834   _ZTSPKe
00002775   _ZTSSt9type_info
000026a6   _ZTSe
000026b8   _ZTV10motorClass
000026c8   _ZTV15CommutatorClass
000026d8   _ZTV15ZCDetectorClass
000026e8   _ZTV26CommutationControllerClass
000026f8   _ZTV8ADCClass
00002708   _ZTV8LEDClass
00002718   _ZTV8PWMClass
00002728   _ZTVN10__cxxabiv117__class_type_infoE
00002738   _ZTVN10__cxxabiv119__pointer_type_infoE
00002748   _ZTVN10__cxxabiv120__si_class_type_infoE
00002758   _ZTVN10__cxxabiv123__fundamental_type_infoE
000021bd   _ZdlPv
20000a6c   __STACK_END
00000800   __STACK_SIZE
2000046c   __STACK_TOP
00000008   __SYSMEM_SIZE
00002870   __TI_CINIT_Base
00002888   __TI_CINIT_Limit
00002854   __TI_Handler_Table_Base
00002860   __TI_Handler_Table_Limit
00000001   __TI_args_main
000019d1   __TI_auto_init
20000a80   __TI_cleanup_ptr
0000215d   __TI_decompress_none
000021d1   __TI_decompress_rle24
20000a84   __TI_dtors_ptr
00000000   __TI_static_base__
00002111   __TI_zero_init
00001935   __aeabi_memcpy
00001935   __aeabi_memcpy4
00001935   __aeabi_memcpy8
ffffffff   __binit__
ffffffff   __c_args__
2000026c   __stack
0000206d   _args_main
00001e69   _c_int00
20000a78   _lock
000020e7   _nop
000020df   _register_lock
000020d9   _register_unlock
20000aa0   _sys_memory
20000a7c   _unlock
00001ef9   abort
ffffffff   binit
00000b29   calloc
00001eb1   copy_in
00001f01   exit
00000883   free
20000000   g_pfnRAMVectors
00000000   g_pfnVectors
00001b5f   main
20000a88   main_func_sp
00000821   malloc
00000a49   memalign
00001935   memcpy
00000795   minit
00000943   realloc


GLOBAL SYMBOLS: SORTED BY Symbol Address 

address    name
--------   ----
00000000   __TI_static_base__
00000000   g_pfnVectors
00000001   __TI_args_main
00000008   __SYSMEM_SIZE
0000026d   _ZN8PWMClassC1Ev
0000026d   _ZN8PWMClassC2Ev
000002d5   _ZN8PWMClassD1Ev
000002d5   _ZN8PWMClassD2Ev
000002d7   _ZN8PWMClassD0Ev
000002df   _ZN8PWMClass11setPWMWidthEj
0000033b   _ZN8PWMClass4initEj
00000473   _ZN8PWMClass20setOutputEnableStateEbbbbbb
0000051d   _ZN8PWMClass20setOutputInvertStateEbbbbbb
000005c7   _ZN8PWMClass10initAsPWM0Ev
000006b9   _ZN8PWMClass10initAsPWM1Ev
00000795   minit
00000800   __STACK_SIZE
00000821   malloc
00000883   free
00000943   realloc
00000a49   memalign
00000b29   calloc
00000b61   _ZN8ADCClassC1Ev
00000b61   _ZN8ADCClassC2Ev
00000bc1   _ZN8ADCClassD1Ev
00000bc1   _ZN8ADCClassD2Ev
00000bd5   _ZN8ADCClassD0Ev
00000be3   _ZN8ADCClass4initEjP26CommutationControllerClassP10motorClass
00000c65   _ZN8ADCClass14getMeasurementEv
00000c69   _ZN8ADCClass18getMeasurementTimeEv
00000c6d   _ZN8ADCClass15enableInterruptEv
00000c75   _ZN8ADCClass16disableInterruptEv
00000c7d   _ZN8ADCClass8setPhaseE7phase_t
00000cb9   _ZN8ADCClass17getZCDetectedFlagEv
00000cbf   _ZN8ADCClass19clearZCDetectedFlagEv
00000cc7   _ZN8ADCClass10initAsADC0Ev
00000d1d   _ZN8ADCClass10initAsADC1Ev
00000d75   _ZN8ADCClass9IIRFilterEj
00000d95   _ZN8ADCClass3ISREv
00000e49   _ZN26CommutationControllerClassC1Ev
00000e49   _ZN26CommutationControllerClassC2Ev
00000e8d   _ZN26CommutationControllerClassD1Ev
00000e8d   _ZN26CommutationControllerClassD2Ev
00000e91   _ZN26CommutationControllerClassD0Ev
00000e9f   _ZN26CommutationControllerClass4initEjP8ADCClassP10motorClass
00000f03   _ZN26CommutationControllerClass6enableEv
00000f0d   _ZN26CommutationControllerClass7disableEv
00000f17   _ZN26CommutationControllerClass15enableInterruptEv
00000f21   _ZN26CommutationControllerClass16disableInterruptEv
00000f2b   _ZN26CommutationControllerClass15setTimeoutValueEj
00000f37   _ZN26CommutationControllerClass15getTimeoutValueEv
00000f41   _ZN26CommutationControllerClass8getValueEv
00000f4b   _ZN26CommutationControllerClass12initAsTimer0Ev
00000f6d   _ZN26CommutationControllerClass12initAsTimer1Ev
00000f91   _ZN26CommutationControllerClass3ISREv
0000110d   _ZN15CommutatorClassC1Ev
0000110d   _ZN15CommutatorClassC2Ev
0000112d   _ZN15CommutatorClassD1Ev
0000112d   _ZN15CommutatorClassD2Ev
00001131   _ZN15CommutatorClassD0Ev
0000113f   _ZN15CommutatorClass15disableSwitchesEv
0000116f   _ZN15CommutatorClass4initEjP8ADCClass
00001177   _ZN15CommutatorClass9commutateEv
00001357   GPIOPadConfigSet
00001555   SysCtlClockSet
0000165d   TimerIntRegister
0000172d   _ZSt21__gen_dummy_typeinfosv
00001735   _ZNSt9type_infoD1Ev
00001735   _ZNSt9type_infoD2Ev
00001737   _ZNSt9type_infoD0Ev
0000173f   _ZNKSt9type_info4nameEv
00001743   _ZNKSt9type_infoneERKS_
00001759   _ZNKSt9type_infoeqERKS_
0000176f   _ZNKSt9type_info6beforeERKS_
0000177d   _ZN10__cxxabiv129__pointer_to_member_type_infoD1Ev
0000177d   _ZN10__cxxabiv129__pointer_to_member_type_infoD2Ev
0000177f   _ZN10__cxxabiv129__pointer_to_member_type_infoD0Ev
00001787   _ZN10__cxxabiv123__fundamental_type_infoD1Ev
00001787   _ZN10__cxxabiv123__fundamental_type_infoD2Ev
00001789   _ZN10__cxxabiv123__fundamental_type_infoD0Ev
00001791   _ZN10__cxxabiv121__vmi_class_type_infoD1Ev
00001791   _ZN10__cxxabiv121__vmi_class_type_infoD2Ev
00001793   _ZN10__cxxabiv121__vmi_class_type_infoD0Ev
0000179b   _ZN10__cxxabiv120__si_class_type_infoD1Ev
0000179b   _ZN10__cxxabiv120__si_class_type_infoD2Ev
0000179d   _ZN10__cxxabiv120__si_class_type_infoD0Ev
000017a5   _ZN10__cxxabiv120__function_type_infoD1Ev
000017a5   _ZN10__cxxabiv120__function_type_infoD2Ev
000017a7   _ZN10__cxxabiv120__function_type_infoD0Ev
000017af   _ZN10__cxxabiv119__pointer_type_infoD1Ev
000017af   _ZN10__cxxabiv119__pointer_type_infoD2Ev
000017b1   _ZN10__cxxabiv119__pointer_type_infoD0Ev
000017b9   _ZN10__cxxabiv117__pbase_type_infoD1Ev
000017b9   _ZN10__cxxabiv117__pbase_type_infoD2Ev
000017bb   _ZN10__cxxabiv117__pbase_type_infoD0Ev
000017c3   _ZN10__cxxabiv117__class_type_infoD1Ev
000017c3   _ZN10__cxxabiv117__class_type_infoD2Ev
000017c5   _ZN10__cxxabiv117__class_type_infoD0Ev
000017cd   _ZN10__cxxabiv117__array_type_infoD1Ev
000017cd   _ZN10__cxxabiv117__array_type_infoD2Ev
000017cf   _ZN10__cxxabiv117__array_type_infoD0Ev
000017d7   _ZN10__cxxabiv116__enum_type_infoD1Ev
000017d7   _ZN10__cxxabiv116__enum_type_infoD2Ev
000017d9   _ZN10__cxxabiv116__enum_type_infoD0Ev
000017e9   _ZN10motorClassC1Ev
000017e9   _ZN10motorClassC2Ev
0000180f   _ZN10motorClassD1Ev
0000180f   _ZN10motorClassD2Ev
00001827   _ZN10motorClassD0Ev
00001835   _ZN10motorClass4initEj
0000185b   _ZN10motorClass5startEv
00001887   _ZN10motorClass11setPWMWidthEj
0000188d   _ZN10motorClass8getStateEv
00001891   _ZN10motorClass8setStateE14controlState_t
00001895   _ZN8LEDClassC1Ev
00001895   _ZN8LEDClassC2Ev
000018ab   _ZN8LEDClassD1Ev
000018ab   _ZN8LEDClassD2Ev
000018ad   _ZN8LEDClassD0Ev
000018b5   _ZN8LEDClass4initEj
000018db   _ZN8LEDClass5clearEv
000018e5   _ZN8LEDClass3setEv
000018ef   _ZN8LEDClass6toggleEv
00001901   _ZN8LEDClass10initAsLED0Ev
0000191b   _ZN8LEDClass10initAsLED1Ev
00001935   __aeabi_memcpy
00001935   __aeabi_memcpy4
00001935   __aeabi_memcpy8
00001935   memcpy
000019d1   __TI_auto_init
00001a65   ADCSequenceStepConfigure
00001ae3   IntEnable
00001b5f   main
00001bd5   TimerConfigure
00001c43   _ZN15ZCDetectorClassC1Ev
00001c43   _ZN15ZCDetectorClassC2Ev
00001c55   _ZN15ZCDetectorClassD1Ev
00001c55   _ZN15ZCDetectorClassD2Ev
00001c57   _ZN15ZCDetectorClassD0Ev
00001c5f   _ZN15ZCDetectorClass14setZCDirectionE23zeroCrossingDirection_t
00001c63   _ZN15ZCDetectorClass10ZCDetectedEjj
00001cb1   ADCIntRegister
00001d73   ADCSequenceConfigure
00001dc7   GPIOPinConfigure
00001e19   IntRegister
00001e69   _c_int00
00001eb1   copy_in
00001ef5   C$$EXIT
00001ef9   abort
00001f01   exit
00001f39   SysCtlPeripheralEnable
00001f6d   PWMGenConfigure
00001f99   ADCSequenceDataGet
00001fbb   GPIOPinTypeGPIOOutput
00001fdd   GPIOPinTypeADC
00001ffb   PWMPulseWidthSet
00002019   GPIOPinTypePWM
00002035   _ZN8ADCClass10ISR0StaticEv
00002043   _ZN8ADCClass10ISR1StaticEv
00002051   _ZN26CommutationControllerClass10ISR0StaticEv
0000205f   _ZN26CommutationControllerClass10ISR1StaticEv
0000206d   _args_main
00002085   PWMOutputInvert
0000209b   PWMOutputState
000020b1   SysCtlPWMClockSet
000020c5   TimerDisable
000020d9   _register_unlock
000020df   _register_lock
000020e7   _nop
000020ed   PWMGenPeriodSet
000020ff   TimerLoadSet
00002111   __TI_zero_init
00002123   ADCIntEnable
00002133   ADCIntDisable
00002141   ADCSequenceEnable
0000214f   TimerEnable
0000215d   __TI_decompress_none
0000216b   PWMGenEnable
00002177   ResetISR
00002183   ADCIntClear
0000218d   PWMGenIntTrigEnable
00002197   TimerIntDisable
000021a1   TimerLoadGet
000021ab   TimerValueGet
000021b5   TimerIntEnable
000021bd   _ZdlPv
000021c5   GPIOPinWrite
000021cb   SysCtlDelay
000021d1   __TI_decompress_rle24
000021d7   PWMSyncTimeBase
000021db   PWMSyncUpdate
000021df   TimerIntClear
000025b0   _ZTSN10__cxxabiv123__fundamental_type_infoE
000025d8   _ZTSN10__cxxabiv120__si_class_type_infoE
000025fd   _ZTSN10__cxxabiv119__pointer_type_infoE
00002621   _ZTSN10__cxxabiv117__class_type_infoE
00002643   _ZTSN10__cxxabiv117__pbase_type_infoE
00002665   _ZTS26CommutationControllerClass
00002682   _ZTS15CommutatorClass
00002694   _ZTS15ZCDetectorClass
000026a6   _ZTSe
000026a8   _ZTIPKe
000026b8   _ZTV10motorClass
000026c8   _ZTV15CommutatorClass
000026d8   _ZTV15ZCDetectorClass
000026e8   _ZTV26CommutationControllerClass
000026f8   _ZTV8ADCClass
00002708   _ZTV8LEDClass
00002718   _ZTV8PWMClass
00002728   _ZTVN10__cxxabiv117__class_type_infoE
00002738   _ZTVN10__cxxabiv119__pointer_type_infoE
00002748   _ZTVN10__cxxabiv120__si_class_type_infoE
00002758   _ZTVN10__cxxabiv123__fundamental_type_infoE
00002768   _ZTS10motorClass
00002775   _ZTSSt9type_info
00002784   _ZTI15CommutatorClass
00002790   _ZTI26CommutationControllerClass
0000279c   _ZTI8ADCClass
000027a8   _ZTIN10__cxxabiv117__class_type_infoE
000027b4   _ZTIN10__cxxabiv117__pbase_type_infoE
000027c0   _ZTIN10__cxxabiv119__pointer_type_infoE
000027cc   _ZTIN10__cxxabiv120__si_class_type_infoE
000027d8   _ZTIN10__cxxabiv123__fundamental_type_infoE
000027e4   _ZTS8ADCClass
000027ee   _ZTS8LEDClass
000027f8   _ZTS8PWMClass
00002804   _ZTI10motorClass
0000280c   _ZTI15ZCDetectorClass
00002814   _ZTI8LEDClass
0000281c   _ZTI8PWMClass
00002824   _ZTISt9type_info
0000282c   _ZTIe
00002834   _ZTSPKe
00002854   __TI_Handler_Table_Base
00002860   __TI_Handler_Table_Limit
00002870   __TI_CINIT_Base
00002888   __TI_CINIT_Limit
20000000   g_pfnRAMVectors
2000026c   __stack
2000046c   __STACK_TOP
20000a6c   __STACK_END
20000a78   _lock
20000a7c   _unlock
20000a80   __TI_cleanup_ptr
20000a84   __TI_dtors_ptr
20000a88   main_func_sp
20000a8c   ADC0
20000a90   ADC1
20000a94   CommTimer0
20000a98   CommTimer1
20000a9c   _ZSt16__dummy_typeinfo
20000aa0   _sys_memory
ffffffff   __binit__
ffffffff   __c_args__
ffffffff   binit
UNDEFED    SHT$$INIT_ARRAY$$Base
UNDEFED    SHT$$INIT_ARRAY$$Limit

[257 symbols]
